D/SurfaceFlinger(  116): <98213.72>  ----- [01;31m[Kxzl[m[K SF_BEFORE_SWAP_FB (SurfaceFlinger::composeSurfaces compose done, prepare to swap fb) ------
W/GLSurfaceView(  846): <98213.96>  --- [01;31m[Kxzl[m[K --- APP_AFTER_SWAP_FRAME (AFTER GLSurfaceView swap frame)
W/GLSurfaceView(  846): <98214.17>  --- [01;31m[Kxzl[m[K --- APP_BEFORE_DRAW_FRAME (BEFORE GLSurfaceView DrawFrame)
W/APP     (  846): [01;31m[Kxzl[m[K: ===> entering onDrawFrame: <98214> 
W/APP     (  846): [01;31m[Kxzl[m[K: ===> done onDrawFrame: <98214> 
W/GLSurfaceView(  846): <98214.60>  --- [01;31m[Kxzl[m[K --- APP_AFTER_DRAW_FRAME (AFTER GLSurfaceView DrawFrame)
W/GLSurfaceView(  846): <98214.72>  --- [01;31m[Kxzl[m[K --- APP_BEFORE_SWAP_FRAME (BEFORE GLSurfaceView swap frame)
D/SurfaceTextureClient(  846): <98214.99> [01;31m[Kxzl[m[K SurfaceTextureClient::queueBuffer
D/SurfaceFlinger(  116): <98215.06>  --- [01;31m[Kxzl[m[K SF_QUEUE_FRAME (Layer::onFrameQueued)
W/APP     (  846): [01;31m[Kxzl[m[K: ===> ev hits user code: <98219>  {98218} since event: 1 ms
D/InputDispatcher(  201): <98219.27> ########### [01;31m[Kxzl[m[K finishDispatchCycle: 1.07ms since event, 0.37ms since dispatch
W/APP     (  846): [01;31m[Kxzl[m[K: ===> ev hits user code: <98228>  {98227} since event: 1 ms
D/InputDispatcher(  201): <98228.79> ########### [01;31m[Kxzl[m[K finishDispatchCycle: 0.89ms since event, 0.31ms since dispatch
D/SurfaceFlinger(  116): <98230.55>  ----- [01;31m[Kxzl[m[K SF_AFTER_SWAP_FB (SurfaceFlinger::composeSurfaces() swap fb done)  ------
D/SurfaceFlinger(  116): <98230.68>  ----- [01;31m[Kxzl[m[K SF_BEFORE_SWAP_FB (SurfaceFlinger::composeSurfaces compose done, prepare to swap fb) ------
W/GLSurfaceView(  846): <98230.93>  --- [01;31m[Kxzl[m[K --- APP_AFTER_SWAP_FRAME (AFTER GLSurfaceView swap frame)
W/GLSurfaceView(  846): <98231.14>  --- [01;31m[Kxzl[m[K --- APP_BEFORE_DRAW_FRAME (BEFORE GLSurfaceView DrawFrame)
W/APP     (  846): [01;31m[Kxzl[m[K: ===> entering onDrawFrame: <98231> 
W/APP     (  846): [01;31m[Kxzl[m[K: ===> done onDrawFrame: <98231> 
W/GLSurfaceView(  846): <98231.51>  --- [01;31m[Kxzl[m[K --- APP_AFTER_DRAW_FRAME (AFTER GLSurfaceView DrawFrame)
W/GLSurfaceView(  846): <98231.66>  --- [01;31m[Kxzl[m[K --- APP_BEFORE_SWAP_FRAME (BEFORE GLSurfaceView swap frame)
D/SurfaceTextureClient(  846): <98231.99> [01;31m[Kxzl[m[K SurfaceTextureClient::queueBuffer
D/SurfaceFlinger(  116): <98232.05>  --- [01;31m[Kxzl[m[K SF_QUEUE_FRAME (Layer::onFrameQueued)
W/APP     (  846): [01;31m[Kxzl[m[K: ===> ev hits user code: <98238>  {98238} since event: 0 ms
D/InputDispatcher(  201): <98239.13> ########### [01;31m[Kxzl[m[K finishDispatchCycle: 1.07ms since event, 0.43ms since dispatch
D/SurfaceFlinger(  116): <98247.62>  ----- [01;31m[Kxzl[m[K SF_AFTER_SWAP_FB (SurfaceFlinger::composeSurfaces() swap fb done)  ------
D/SurfaceFlinger(  116): <98247.77>  ----- [01;31m[Kxzl[m[K SF_BEFORE_SWAP_FB (SurfaceFlinger::composeSurfaces compose done, prepare to swap fb) ------
W/GLSurfaceView(  846): <98248.02>  --- [01;31m[Kxzl[m[K --- APP_AFTER_SWAP_FRAME (AFTER GLSurfaceView swap frame)
W/GLSurfaceView(  846): <98248.35>  --- [01;31m[Kxzl[m[K --- APP_BEFORE_DRAW_FRAME (BEFORE GLSurfaceView DrawFrame)
W/APP     (  846): [01;31m[Kxzl[m[K: ===> entering onDrawFrame: <98248> 
W/APP     (  846): [01;31m[Kxzl[m[K: ===> done onDrawFrame: <98248> 
W/GLSurfaceView(  846): <98248.81>  --- [01;31m[Kxzl[m[K --- APP_AFTER_DRAW_FRAME (AFTER GLSurfaceView DrawFrame)
W/GLSurfaceView(  846): <98248.99>  --- [01;31m[Kxzl[m[K --- APP_BEFORE_SWAP_FRAME (BEFORE GLSurfaceView swap frame)
W/APP     (  846): [01;31m[Kxzl[m[K: ===> ev hits user code: <98249>  {98247} since event: 2 ms
D/InputDispatcher(  201): <98249.66> ########### [01;31m[Kxzl[m[K finishDispatchCycle: 2.01ms since event, 1.22ms since dispatch
D/SurfaceTextureClient(  846): <98249.75> [01;31m[Kxzl[m[K SurfaceTextureClient::queueBuffer
D/SurfaceFlinger(  116): <98249.85>  --- [01;31m[Kxzl[m[K SF_QUEUE_FRAME (Layer::onFrameQueued)
W/APP     (  846): [01;31m[Kxzl[m[K: ===> ev hits user code: <98258>  {98257} since event: 1 ms
D/InputDispatcher(  201): <98258.45> ########### [01;31m[Kxzl[m[K finishDispatchCycle: 1.07ms since event, 0.40ms since dispatch
D/SurfaceFlinger(  116): <98265.23>  ----- [01;31m[Kxzl[m[K SF_AFTER_SWAP_FB (SurfaceFlinger::composeSurfaces() swap fb done)  ------
D/SurfaceFlinger(  116): <98265.38>  ----- [01;31m[Kxzl[m[K SF_BEFORE_SWAP_FB (SurfaceFlinger::composeSurfaces compose done, prepare to swap fb) ------
W/GLSurfaceView(  846): <98265.66>  --- [01;31m[Kxzl[m[K --- APP_AFTER_SWAP_FRAME (AFTER GLSurfaceView swap frame)
W/GLSurfaceView(  846): <98267.55>  --- [01;31m[Kxzl[m[K --- APP_BEFORE_DRAW_FRAME (BEFORE GLSurfaceView DrawFrame)
W/APP     (  846): [01;31m[Kxzl[m[K: ===> entering onDrawFrame: <98267> 
W/APP     (  846): [01;31m[Kxzl[m[K: ===> done onDrawFrame: <98267> 
W/GLSurfaceView(  846): <98267.94>  --- [01;31m[Kxzl[m[K --- APP_AFTER_DRAW_FRAME (AFTER GLSurfaceView DrawFrame)
W/GLSurfaceView(  846): <98268.13>  --- [01;31m[Kxzl[m[K --- APP_BEFORE_SWAP_FRAME (BEFORE GLSurfaceView swap frame)
W/APP     (  846): [01;31m[Kxzl[m[K: ===> ev hits user code: <98268>  {98267} since event: 1 ms
D/InputDispatcher(  201): <98268.68> ########### [01;31m[Kxzl[m[K finishDispatchCycle: 1.43ms since event, 0.64ms since dispatch
D/SurfaceTextureClient(  846): <98268.77> [01;31m[Kxzl[m[K SurfaceTextureClient::queueBuffer
D/SurfaceFlinger(  116): <98268.83>  --- [01;31m[Kxzl[m[K SF_QUEUE_FRAME (Layer::onFrameQueued)
W/APP     (  846): [01;31m[Kxzl[m[K: ===> ev hits user code: <98277>  {98276} since event: 1 ms
D/InputDispatcher(  201): <98277.92> ########### [01;31m[Kxzl[m[K finishDispatchCycle: 1.01ms since event, 0.34ms since dispatch
D/SurfaceFlinger(  116): <98281.43>  ----- [01;31m[Kxzl[m[K SF_AFTER_SWAP_FB (SurfaceFlinger::composeSurfaces() swap fb done)  ------
D/SurfaceFlinger(  116): <98281.55>  ----- [01;31m[Kxzl[m[K SF_BEFORE_SWAP_FB (SurfaceFlinger::composeSurfaces compose done, prepare to swap fb) ------
W/GLSurfaceView(  846): <98281.77>  --- [01;31m[Kxzl[m[K --- APP_AFTER_SWAP_FRAME (AFTER GLSurfaceView swap frame)
W/GLSurfaceView(  846): <98281.95>  --- [01;31m[Kxzl[m[K --- APP_BEFORE_DRAW_FRAME (BEFORE GLSurfaceView DrawFrame)
W/APP     (  846): [01;31m[Kxzl[m[K: ===> entering onDrawFrame: <98282> 
W/APP     (  846): [01;31m[Kxzl[m[K: ===> done onDrawFrame: <98282> 
W/GLSurfaceView(  846): <98282.35>  --- [01;31m[Kxzl[m[K --- APP_AFTER_DRAW_FRAME (AFTER GLSurfaceView DrawFrame)
W/GLSurfaceView(  846): <98282.47>  --- [01;31m[Kxzl[m[K --- APP_BEFORE_SWAP_FRAME (BEFORE GLSurfaceView swap frame)
D/SurfaceTextureClient(  846): <98282.74> [01;31m[Kxzl[m[K SurfaceTextureClient::queueBuffer
D/SurfaceFlinger(  116): <98282.80>  --- [01;31m[Kxzl[m[K SF_QUEUE_FRAME (Layer::onFrameQueued)
W/APP     (  846): [01;31m[Kxzl[m[K: ===> ev hits user code: <98287>  {98286} since event: 1 ms
D/InputDispatcher(  201): <98287.57> ########### [01;31m[Kxzl[m[K finishDispatchCycle: 0.92ms since event, 0.34ms since dispatch
W/APP     (  846): [01;31m[Kxzl[m[K: ===> ev hits user code: <98297>  {98296} since event: 1 ms
D/InputDispatcher(  201): <98297.66> ########### [01;31m[Kxzl[m[K finishDispatchCycle: 1.16ms since event, 0.46ms since dispatch
D/SurfaceFlinger(  116): <98298.38>  ----- [01;31m[Kxzl[m[K SF_AFTER_SWAP_FB (SurfaceFlinger::composeSurfaces() swap fb done)  ------
D/SurfaceFlinger(  116): <98298.52>  ----- [01;31m[Kxzl[m[K SF_BEFORE_SWAP_FB (SurfaceFlinger::composeSurfaces compose done, prepare to swap fb) ------
W/GLSurfaceView(  846): <98298.80>  --- [01;31m[Kxzl[m[K --- APP_AFTER_SWAP_FRAME (AFTER GLSurfaceView swap frame)
W/GLSurfaceView(  846): <98299.01>  --- [01;31m[Kxzl[m[K --- APP_BEFORE_DRAW_FRAME (BEFORE GLSurfaceView DrawFrame)
W/APP     (  846): [01;31m[Kxzl[m[K: ===> entering onDrawFrame: <98299> 
W/APP     (  846): [01;31m[Kxzl[m[K: ===> done onDrawFrame: <98299> 
W/GLSurfaceView(  846): <98299.50>  --- [01;31m[Kxzl[m[K --- APP_AFTER_DRAW_FRAME (AFTER GLSurfaceView DrawFrame)
W/GLSurfaceView(  846): <98299.68>  --- [01;31m[Kxzl[m[K --- APP_BEFORE_SWAP_FRAME (BEFORE GLSurfaceView swap frame)
D/SurfaceTextureClient(  846): <98300.02> [01;31m[Kxzl[m[K SurfaceTextureClient::queueBuffer
D/SurfaceFlinger(  116): <98300.11>  --- [01;31m[Kxzl[m[K SF_QUEUE_FRAME (Layer::onFrameQueued)
W/APP     (  846): [01;31m[Kxzl[m[K: ===> ev hits user code: <98307>  {98306} since event: 1 ms
D/InputDispatcher(  201): <98307.28> ########### [01;31m[Kxzl[m[K finishDispatchCycle: 0.98ms since event, 0.34ms since dispatch
D/SurfaceFlinger(  116): <98315.88>  ----- [01;31m[Kxzl[m[K SF_AFTER_SWAP_FB (SurfaceFlinger::composeSurfaces() swap fb done)  ------
D/SurfaceFlinger(  116): <98316.01>  ----- [01;31m[Kxzl[m[K SF_BEFORE_SWAP_FB (SurfaceFlinger::composeSurfaces compose done, prepare to swap fb) ------
W/GLSurfaceView(  846): <98316.22>  --- [01;31m[Kxzl[m[K --- APP_AFTER_SWAP_FRAME (AFTER GLSurfaceView swap frame)
W/GLSurfaceView(  846): <98316.44>  --- [01;31m[Kxzl[m[K --- APP_BEFORE_DRAW_FRAME (BEFORE GLSurfaceView DrawFrame)
W/APP     (  846): [01;31m[Kxzl[m[K: ===> entering onDrawFrame: <98316> 
W/APP     (  846): [01;31m[Kxzl[m[K: ===> done onDrawFrame: <98316> 
W/GLSurfaceView(  846): <98316.86>  --- [01;31m[Kxzl[m[K --- APP_AFTER_DRAW_FRAME (AFTER GLSurfaceView DrawFrame)
W/GLSurfaceView(  846): <98317.02>  --- [01;31m[Kxzl[m[K --- APP_BEFORE_SWAP_FRAME (BEFORE GLSurfaceView swap frame)
W/APP     (  846): [01;31m[Kxzl[m[K: ===> ev hits user code: <98317>  {98315} since event: 2 ms
D/InputDispatcher(  201): <98318.02> ########### [01;31m[Kxzl[m[K finishDispatchCycle: 2.11ms since event, 1.40ms since dispatch
D/SurfaceTextureClient(  846): <98318.05> [01;31m[Kxzl[m[K SurfaceTextureClient::queueBuffer
D/SurfaceFlinger(  116): <98318.15>  --- [01;31m[Kxzl[m[K SF_QUEUE_FRAME (Layer::onFrameQueued)
W/APP     (  846): [01;31m[Kxzl[m[K: ===> ev hits user code: <98326>  {98325} since event: 1 ms
D/InputDispatcher(  201): <98326.66> ########### [01;31m[Kxzl[m[K finishDispatchCycle: 0.95ms since event, 0.31ms since dispatch
D/SurfaceFlinger(  116): <98333.44>  ----- [01;31m[Kxzl[m[K SF_AFTER_SWAP_FB (SurfaceFlinger::composeSurfaces() swap fb done)  ------
D/SurfaceFlinger(  116): <98333.55>  ----- [01;31m[Kxzl[m[K SF_BEFORE_SWAP_FB (SurfaceFlinger::composeSurfaces compose done, prepare to swap fb) ------
W/GLSurfaceView(  846): <98333.77>  --- [01;31m[Kxzl[m[K --- APP_AFTER_SWAP_FRAME (AFTER GLSurfaceView swap frame)
W/GLSurfaceView(  846): <98334.01>  --- [01;31m[Kxzl[m[K --- APP_BEFORE_DRAW_FRAME (BEFORE GLSurfaceView DrawFrame)
W/APP     (  846): [01;31m[Kxzl[m[K: ===> entering onDrawFrame: <98334> 
W/APP     (  846): [01;31m[Kxzl[m[K: ===> done onDrawFrame: <98334> 
W/GLSurfaceView(  846): <98334.41>  --- [01;31m[Kxzl[m[K --- APP_AFTER_DRAW_FRAME (AFTER GLSurfaceView DrawFrame)
W/GLSurfaceView(  846): <98334.53>  --- [01;31m[Kxzl[m[K --- APP_BEFORE_SWAP_FRAME (BEFORE GLSurfaceView swap frame)
D/SurfaceTextureClient(  846): <98334.87> [01;31m[Kxzl[m[K SurfaceTextureClient::queueBuffer
D/SurfaceFlinger(  116): <98334.93>  --- [01;31m[Kxzl[m[K SF_QUEUE_FRAME (Layer::onFrameQueued)
W/APP     (  846): [01;31m[Kxzl[m[K: ===> ev hits user code: <98336>  {98335} since event: 1 ms
D/InputDispatcher(  201): <98336.55> ########### [01;31m[Kxzl[m[K finishDispatchCycle: 1.13ms since event, 0.34ms since dispatch
W/APP     (  846): [01;31m[Kxzl[m[K: ===> ev hits user code: <98346>  {98345} since event: 1 ms
D/InputDispatcher(  201): <98346.10> ########### [01;31m[Kxzl[m[K finishDispatchCycle: 0.85ms since event, 0.31ms since dispatch
D/SurfaceFlinger(  116): <98349.24>  ----- [01;31m[Kxzl[m[K SF_AFTER_SWAP_FB (SurfaceFlinger::composeSurfaces() swap fb done)  ------
D/SurfaceFlinger(  116): <98349.37>  ----- [01;31m[Kxzl[m[K SF_BEFORE_SWAP_FB (SurfaceFlinger::composeSurfaces compose done, prepare to swap fb) ------
W/GLSurfaceView(  846): <98349.58>  --- [01;31m[Kxzl[m[K --- APP_AFTER_SWAP_FRAME (AFTER GLSurfaceView swap frame)
W/GLSurfaceView(  846): <98349.88>  --- [01;31m[Kxzl[m[K --- APP_BEFORE_DRAW_FRAME (BEFORE GLSurfaceView DrawFrame)
W/APP     (  846): [01;31m[Kxzl[m[K: ===> entering onDrawFrame: <98350> 
W/APP     (  846): [01;31m[Kxzl[m[K: ===> done onDrawFrame: <98350> 
W/GLSurfaceView(  846): <98350.28>  --- [01;31m[Kxzl[m[K --- APP_AFTER_DRAW_FRAME (AFTER GLSurfaceView DrawFrame)
W/GLSurfaceView(  846): <98350.43>  --- [01;31m[Kxzl[m[K --- APP_BEFORE_SWAP_FRAME (BEFORE GLSurfaceView swap frame)
D/SurfaceTextureClient(  846): <98350.98> [01;31m[Kxzl[m[K SurfaceTextureClient::queueBuffer
D/SurfaceFlinger(  116): <98351.05>  --- [01;31m[Kxzl[m[K SF_QUEUE_FRAME (Layer::onFrameQueued)
W/APP     (  846): [01;31m[Kxzl[m[K: ===> ev hits user code: <98355>  {98354} since event: 1 ms
D/InputDispatcher(  201): <98356.02> ########### [01;31m[Kxzl[m[K finishDispatchCycle: 1.07ms since event, 0.46ms since dispatch
W/APP     (  846): [01;31m[Kxzl[m[K: ===> ev hits user code: <98365>  {98364} since event: 1 ms
D/InputDispatcher(  201): <98365.84> ########### [01;31m[Kxzl[m[K finishDispatchCycle: 1.22ms since event, 0.52ms since dispatch
D/SurfaceFlinger(  116): <98366.21>  ----- [01;31m[Kxzl[m[K SF_AFTER_SWAP_FB (SurfaceFlinger::composeSurfaces() swap fb done)  ------
D/SurfaceFlinger(  116): <98366.37>  ----- [01;31m[Kxzl[m[K SF_BEFORE_SWAP_FB (SurfaceFlinger::composeSurfaces compose done, prepare to swap fb) ------
W/GLSurfaceView(  846): <98366.61>  --- [01;31m[Kxzl[m[K --- APP_AFTER_SWAP_FRAME (AFTER GLSurfaceView swap frame)
W/GLSurfaceView(  846): <98366.97>  --- [01;31m[Kxzl[m[K --- APP_BEFORE_DRAW_FRAME (BEFORE GLSurfaceView DrawFrame)
W/APP     (  846): [01;31m[Kxzl[m[K: ===> entering onDrawFrame: <98367> 
W/APP     (  846): [01;31m[Kxzl[m[K: ===> done onDrawFrame: <98367> 
W/GLSurfaceView(  846): <98367.86>  --- [01;31m[Kxzl[m[K --- APP_AFTER_DRAW_FRAME (AFTER GLSurfaceView DrawFrame)
W/GLSurfaceView(  846): <98368.07>  --- [01;31m[Kxzl[m[K --- APP_BEFORE_SWAP_FRAME (BEFORE GLSurfaceView swap frame)
D/SurfaceTextureClient(  846): <98369.29> [01;31m[Kxzl[m[K SurfaceTextureClient::queueBuffer
D/SurfaceFlinger(  116): <98369.36>  --- [01;31m[Kxzl[m[K SF_QUEUE_FRAME (Layer::onFrameQueued)
W/APP     (  846): [01;31m[Kxzl[m[K: ===> ev hits user code: <98375>  {98374} since event: 1 ms
D/InputDispatcher(  201): <98375.46> ########### [01;31m[Kxzl[m[K finishDispatchCycle: 1.07ms since event, 0.40ms since dispatch
D/SurfaceFlinger(  116): <98384.22>  ----- [01;31m[Kxzl[m[K SF_AFTER_SWAP_FB (SurfaceFlinger::composeSurfaces() swap fb done)  ------
D/SurfaceFlinger(  116): <98384.38>  ----- [01;31m[Kxzl[m[K SF_BEFORE_SWAP_FB (SurfaceFlinger::composeSurfaces compose done, prepare to swap fb) ------
W/GLSurfaceView(  846): <98384.61>  --- [01;31m[Kxzl[m[K --- APP_AFTER_SWAP_FRAME (AFTER GLSurfaceView swap frame)
W/GLSurfaceView(  846): <98385.01>  --- [01;31m[Kxzl[m[K --- APP_BEFORE_DRAW_FRAME (BEFORE GLSurfaceView DrawFrame)
W/APP     (  846): [01;31m[Kxzl[m[K: ===> entering onDrawFrame: <98385> 
W/APP     (  846): [01;31m[Kxzl[m[K: ===> done onDrawFrame: <98385> 
W/GLSurfaceView(  846): <98385.47>  --- [01;31m[Kxzl[m[K --- APP_AFTER_DRAW_FRAME (AFTER GLSurfaceView DrawFrame)
W/GLSurfaceView(  846): <98385.62>  --- [01;31m[Kxzl[m[K --- APP_BEFORE_SWAP_FRAME (BEFORE GLSurfaceView swap frame)
W/APP     (  846): [01;31m[Kxzl[m[K: ===> ev hits user code: <98386>  {98384} since event: 2 ms
D/InputDispatcher(  201): <98386.69> ########### [01;31m[Kxzl[m[K finishDispatchCycle: 2.41ms since event, 1.59ms since dispatch
D/SurfaceTextureClient(  846): <98387.15> [01;31m[Kxzl[m[K SurfaceTextureClient::queueBuffer
D/SurfaceFlinger(  116): <98387.24>  --- [01;31m[Kxzl[m[K SF_QUEUE_FRAME (Layer::onFrameQueued)
W/APP     (  846): [01;31m[Kxzl[m[K: ===> ev hits user code: <98395>  {98394} since event: 1 ms
D/InputDispatcher(  201): <98395.38> ########### [01;31m[Kxzl[m[K finishDispatchCycle: 1.25ms since event, 0.55ms since dispatch
D/SurfaceFlinger(  116): <98400.12>  ----- [01;31m[Kxzl[m[K SF_AFTER_SWAP_FB (SurfaceFlinger::composeSurfaces() swap fb done)  ------
D/SurfaceFlinger(  116): <98400.27>  ----- [01;31m[Kxzl[m[K SF_BEFORE_SWAP_FB (SurfaceFlinger::composeSurfaces compose done, prepare to swap fb) ------
W/GLSurfaceView(  846): <98400.51>  --- [01;31m[Kxzl[m[K --- APP_AFTER_SWAP_FRAME (AFTER GLSurfaceView swap frame)
W/GLSurfaceView(  846): <98400.82>  --- [01;31m[Kxzl[m[K --- APP_BEFORE_DRAW_FRAME (BEFORE GLSurfaceView DrawFrame)
W/APP     (  846): [01;31m[Kxzl[m[K: ===> entering onDrawFrame: <98401> 
W/APP     (  846): [01;31m[Kxzl[m[K: ===> done onDrawFrame: <98401> 
W/GLSurfaceView(  846): <98401.34>  --- [01;31m[Kxzl[m[K --- APP_AFTER_DRAW_FRAME (AFTER GLSurfaceView DrawFrame)
W/GLSurfaceView(  846): <98401.52>  --- [01;31m[Kxzl[m[K --- APP_BEFORE_SWAP_FRAME (BEFORE GLSurfaceView swap frame)
D/SurfaceTextureClient(  846): <98401.88> [01;31m[Kxzl[m[K SurfaceTextureClient::queueBuffer
D/SurfaceFlinger(  116): <98401.95>  --- [01;31m[Kxzl[m[K SF_QUEUE_FRAME (Layer::onFrameQueued)
W/APP     (  846): [01;31m[Kxzl[m[K: ===> ev hits user code: <98404>  {98403} since event: 1 ms
D/InputDispatcher(  201): <98404.79> ########### [01;31m[Kxzl[m[K finishDispatchCycle: 1.04ms since event, 0.37ms since dispatch
W/APP     (  846): [01;31m[Kxzl[m[K: ===> ev hits user code: <98414>  {98413} since event: 1 ms
D/InputDispatcher(  201): <98414.43> ########### [01;31m[Kxzl[m[K finishDispatchCycle: 1.01ms since event, 0.34ms since dispatch
D/SurfaceFlinger(  116): <98417.05>  ----- [01;31m[Kxzl[m[K SF_AFTER_SWAP_FB (SurfaceFlinger::composeSurfaces() swap fb done)  ------
D/SurfaceFlinger(  116): <98417.20>  ----- [01;31m[Kxzl[m[K SF_BEFORE_SWAP_FB (SurfaceFlinger::composeSurfaces compose done, prepare to swap fb) ------
W/GLSurfaceView(  846): <98417.45>  --- [01;31m[Kxzl[m[K --- APP_AFTER_SWAP_FRAME (AFTER GLSurfaceView swap frame)
W/GLSurfaceView(  846): <98417.69>  --- [01;31m[Kxzl[m[K --- APP_BEFORE_DRAW_FRAME (BEFORE GLSurfaceView DrawFrame)
W/APP     (  846): [01;31m[Kxzl[m[K: ===> entering onDrawFrame: <98417> 
W/APP     (  846): [01;31m[Kxzl[m[K: ===> done onDrawFrame: <98417> 
W/GLSurfaceView(  846): <98418.15>  --- [01;31m[Kxzl[m[K --- APP_AFTER_DRAW_FRAME (AFTER GLSurfaceView DrawFrame)
W/GLSurfaceView(  846): <98418.33>  --- [01;31m[Kxzl[m[K --- APP_BEFORE_SWAP_FRAME (BEFORE GLSurfaceView swap frame)
D/SurfaceTextureClient(  846): <98418.67> [01;31m[Kxzl[m[K SurfaceTextureClient::queueBuffer
D/SurfaceFlinger(  116): <98418.73>  --- [01;31m[Kxzl[m[K SF_QUEUE_FRAME (Layer::onFrameQueued)
W/APP     (  846): [01;31m[Kxzl[m[K: ===> ev hits user code: <98424>  {98423} since event: 1 ms
D/InputDispatcher(  201): <98424.26> ########### [01;31m[Kxzl[m[K finishDispatchCycle: 1.07ms since event, 0.40ms since dispatch
W/APP     (  846): [01;31m[Kxzl[m[K: ===> ev hits user code: <98434>  {98433} since event: 1 ms
D/InputDispatcher(  201): <98434.17> ########### [01;31m[Kxzl[m[K finishDispatchCycle: 1.04ms since event, 0.34ms since dispatch
D/SurfaceFlinger(  116): <98434.20>  ----- [01;31m[Kxzl[m[K SF_AFTER_SWAP_FB (SurfaceFlinger::composeSurfaces() swap fb done)  ------
D/SurfaceFlinger(  116): <98434.36>  ----- [01;31m[Kxzl[m[K SF_BEFORE_SWAP_FB (SurfaceFlinger::composeSurfaces compose done, prepare to swap fb) ------
W/GLSurfaceView(  846): <98434.60>  --- [01;31m[Kxzl[m[K --- APP_AFTER_SWAP_FRAME (AFTER GLSurfaceView swap frame)
W/GLSurfaceView(  846): <98434.91>  --- [01;31m[Kxzl[m[K --- APP_BEFORE_DRAW_FRAME (BEFORE GLSurfaceView DrawFrame)
W/APP     (  846): [01;31m[Kxzl[m[K: ===> entering onDrawFrame: <98435> 
W/APP     (  846): [01;31m[Kxzl[m[K: ===> done onDrawFrame: <98435> 
W/GLSurfaceView(  846): <98435.36>  --- [01;31m[Kxzl[m[K --- APP_AFTER_DRAW_FRAME (AFTER GLSurfaceView DrawFrame)
W/GLSurfaceView(  846): <98435.55>  --- [01;31m[Kxzl[m[K --- APP_BEFORE_SWAP_FRAME (BEFORE GLSurfaceView swap frame)
D/SurfaceTextureClient(  846): <98435.85> [01;31m[Kxzl[m[K SurfaceTextureClient::queueBuffer
D/SurfaceFlinger(  116): <98435.94>  --- [01;31m[Kxzl[m[K SF_QUEUE_FRAME (Layer::onFrameQueued)
W/APP     (  846): [01;31m[Kxzl[m[K: ===> ev hits user code: <98443>  {98442} since event: 1 ms
D/InputDispatcher(  201): <98443.94> ########### [01;31m[Kxzl[m[K finishDispatchCycle: 1.07ms since event, 0.43ms since dispatch
D/SurfaceFlinger(  116): <98450.95>  ----- [01;31m[Kxzl[m[K SF_AFTER_SWAP_FB (SurfaceFlinger::composeSurfaces() swap fb done)  ------
D/SurfaceFlinger(  116): <98451.11>  ----- [01;31m[Kxzl[m[K SF_BEFORE_SWAP_FB (SurfaceFlinger::composeSurfaces compose done, prepare to swap fb) ------
W/GLSurfaceView(  846): <98451.35>  --- [01;31m[Kxzl[m[K --- APP_AFTER_SWAP_FRAME (AFTER GLSurfaceView swap frame)
W/GLSurfaceView(  846): <98451.60>  --- [01;31m[Kxzl[m[K --- APP_BEFORE_DRAW_FRAME (BEFORE GLSurfaceView DrawFrame)
W/APP     (  846): [01;31m[Kxzl[m[K: ===> entering onDrawFrame: <98451> 
W/APP     (  846): [01;31m[Kxzl[m[K: ===> done onDrawFrame: <98451> 
W/GLSurfaceView(  846): <98452.09>  --- [01;31m[Kxzl[m[K --- APP_AFTER_DRAW_FRAME (AFTER GLSurfaceView DrawFrame)
W/GLSurfaceView(  846): <98452.24>  --- [01;31m[Kxzl[m[K --- APP_BEFORE_SWAP_FRAME (BEFORE GLSurfaceView swap frame)
D/SurfaceTextureClient(  846): <98452.58> [01;31m[Kxzl[m[K SurfaceTextureClient::queueBuffer
D/SurfaceFlinger(  116): <98452.67>  --- [01;31m[Kxzl[m[K SF_QUEUE_FRAME (Layer::onFrameQueued)
W/APP     (  846): [01;31m[Kxzl[m[K: ===> ev hits user code: <98453>  {98452} since event: 1 ms
D/InputDispatcher(  201): <98453.64> ########### [01;31m[Kxzl[m[K finishDispatchCycle: 1.10ms since event, 0.40ms since dispatch
W/APP     (  846): [01;31m[Kxzl[m[K: ===> ev hits user code: <98463>  {98462} since event: 1 ms
D/InputDispatcher(  201): <98463.32> ########### [01;31m[Kxzl[m[K finishDispatchCycle: 1.01ms since event, 0.34ms since dispatch
D/SurfaceFlinger(  116): <98467.93>  ----- [01;31m[Kxzl[m[K SF_AFTER_SWAP_FB (SurfaceFlinger::composeSurfaces() swap fb done)  ------
D/SurfaceFlinger(  116): <98468.08>  ----- [01;31m[Kxzl[m[K SF_BEFORE_SWAP_FB (SurfaceFlinger::composeSurfaces compose done, prepare to swap fb) ------
W/GLSurfaceView(  846): <98468.32>  --- [01;31m[Kxzl[m[K --- APP_AFTER_SWAP_FRAME (AFTER GLSurfaceView swap frame)
W/GLSurfaceView(  846): <98468.57>  --- [01;31m[Kxzl[m[K --- APP_BEFORE_DRAW_FRAME (BEFORE GLSurfaceView DrawFrame)
W/APP     (  846): [01;31m[Kxzl[m[K: ===> entering onDrawFrame: <98468> 
W/APP     (  846): [01;31m[Kxzl[m[K: ===> done onDrawFrame: <98468> 
W/GLSurfaceView(  846): <98470.31>  --- [01;31m[Kxzl[m[K --- APP_AFTER_DRAW_FRAME (AFTER GLSurfaceView DrawFrame)
W/GLSurfaceView(  846): <98470.46>  --- [01;31m[Kxzl[m[K --- APP_BEFORE_SWAP_FRAME (BEFORE GLSurfaceView swap frame)
D/SurfaceTextureClient(  846): <98470.73> [01;31m[Kxzl[m[K SurfaceTextureClient::queueBuffer
D/SurfaceFlinger(  116): <98470.80>  --- [01;31m[Kxzl[m[K SF_QUEUE_FRAME (Layer::onFrameQueued)
W/APP     (  846): [01;31m[Kxzl[m[K: ===> ev hits user code: <98472>  {98472} since event: 0 ms
D/InputDispatcher(  201): <98473.05> ########### [01;31m[Kxzl[m[K finishDispatchCycle: 1.01ms since event, 0.34ms since dispatch
W/APP     (  846): [01;31m[Kxzl[m[K: ===> ev hits user code: <98482>  {98481} since event: 1 ms
D/InputDispatcher(  201): <98482.70> ########### [01;31m[Kxzl[m[K finishDispatchCycle: 0.92ms since event, 0.27ms since dispatch
D/SurfaceFlinger(  116): <98484.90>  ----- [01;31m[Kxzl[m[K SF_AFTER_SWAP_FB (SurfaceFlinger::composeSurfaces() swap fb done)  ------
D/SurfaceFlinger(  116): <98485.02>  ----- [01;31m[Kxzl[m[K SF_BEFORE_SWAP_FB (SurfaceFlinger::composeSurfaces compose done, prepare to swap fb) ------
W/GLSurfaceView(  846): <98485.23>  --- [01;31m[Kxzl[m[K --- APP_AFTER_SWAP_FRAME (AFTER GLSurfaceView swap frame)
W/GLSurfaceView(  846): <98485.44>  --- [01;31m[Kxzl[m[K --- APP_BEFORE_DRAW_FRAME (BEFORE GLSurfaceView DrawFrame)
W/APP     (  846): [01;31m[Kxzl[m[K: ===> entering onDrawFrame: <98485> 
W/APP     (  846): [01;31m[Kxzl[m[K: ===> done onDrawFrame: <98485> 
W/GLSurfaceView(  846): <98485.84>  --- [01;31m[Kxzl[m[K --- APP_AFTER_DRAW_FRAME (AFTER GLSurfaceView DrawFrame)
W/GLSurfaceView(  846): <98485.99>  --- [01;31m[Kxzl[m[K --- APP_BEFORE_SWAP_FRAME (BEFORE GLSurfaceView swap frame)
D/SurfaceTextureClient(  846): <98486.27> [01;31m[Kxzl[m[K SurfaceTextureClient::queueBuffer
D/SurfaceFlinger(  116): <98486.33>  --- [01;31m[Kxzl[m[K SF_QUEUE_FRAME (Layer::onFrameQueued)
W/APP     (  846): [01;31m[Kxzl[m[K: ===> ev hits user code: <98492>  {98491} since event: 1 ms
D/InputDispatcher(  201): <98492.68> ########### [01;31m[Kxzl[m[K finishDispatchCycle: 1.07ms since event, 0.37ms since dispatch
D/SurfaceFlinger(  116): <98501.83>  ----- [01;31m[Kxzl[m[K SF_AFTER_SWAP_FB (SurfaceFlinger::composeSurfaces() swap fb done)  ------
D/SurfaceFlinger(  116): <98501.95>  ----- [01;31m[Kxzl[m[K SF_BEFORE_SWAP_FB (SurfaceFlinger::composeSurfaces compose done, prepare to swap fb) ------
W/GLSurfaceView(  846): <98502.17>  --- [01;31m[Kxzl[m[K --- APP_AFTER_SWAP_FRAME (AFTER GLSurfaceView swap frame)
W/GLSurfaceView(  846): <98502.41>  --- [01;31m[Kxzl[m[K --- APP_BEFORE_DRAW_FRAME (BEFORE GLSurfaceView DrawFrame)
W/APP     (  846): [01;31m[Kxzl[m[K: ===> entering onDrawFrame: <98502> 
W/APP     (  846): [01;31m[Kxzl[m[K: ===> done onDrawFrame: <98502> 
W/GLSurfaceView(  846): <98502.78>  --- [01;31m[Kxzl[m[K --- APP_AFTER_DRAW_FRAME (AFTER GLSurfaceView DrawFrame)
W/GLSurfaceView(  846): <98502.90>  --- [01;31m[Kxzl[m[K --- APP_BEFORE_SWAP_FRAME (BEFORE GLSurfaceView swap frame)
W/APP     (  846): [01;31m[Kxzl[m[K: ===> ev hits user code: <98503>  {98501} since event: 2 ms
D/InputDispatcher(  201): <98503.41> ########### [01;31m[Kxzl[m[K finishDispatchCycle: 2.04ms since event, 1.25ms since dispatch
D/SurfaceTextureClient(  846): <98503.51> [01;31m[Kxzl[m[K SurfaceTextureClient::queueBuffer
D/SurfaceFlinger(  116): <98503.57>  --- [01;31m[Kxzl[m[K SF_QUEUE_FRAME (Layer::onFrameQueued)
W/APP     (  846): [01;31m[Kxzl[m[K: ===> ev hits user code: <98512>  {98511} since event: 1 ms
D/InputDispatcher(  201): <98512.24> ########### [01;31m[Kxzl[m[K finishDispatchCycle: 1.07ms since event, 0.40ms since dispatch
D/SurfaceFlinger(  116): <98518.91>  ----- [01;31m[Kxzl[m[K SF_AFTER_SWAP_FB (SurfaceFlinger::composeSurfaces() swap fb done)  ------
D/SurfaceFlinger(  116): <98519.07>  ----- [01;31m[Kxzl[m[K SF_BEFORE_SWAP_FB (SurfaceFlinger::composeSurfaces compose done, prepare to swap fb) ------
W/GLSurfaceView(  846): <98519.32>  --- [01;31m[Kxzl[m[K --- APP_AFTER_SWAP_FRAME (AFTER GLSurfaceView swap frame)
W/GLSurfaceView(  846): <98519.71>  --- [01;31m[Kxzl[m[K --- APP_BEFORE_DRAW_FRAME (BEFORE GLSurfaceView DrawFrame)
W/APP     (  846): [01;31m[Kxzl[m[K: ===> entering onDrawFrame: <98519> 
W/APP     (  846): [01;31m[Kxzl[m[K: ===> done onDrawFrame: <98519> 
W/GLSurfaceView(  846): <98520.20>  --- [01;31m[Kxzl[m[K --- APP_AFTER_DRAW_FRAME (AFTER GLSurfaceView DrawFrame)
W/GLSurfaceView(  846): <98520.39>  --- [01;31m[Kxzl[m[K --- APP_BEFORE_SWAP_FRAME (BEFORE GLSurfaceView swap frame)
D/SurfaceTextureClient(  846): <98521.48> [01;31m[Kxzl[m[K SurfaceTextureClient::queueBuffer
D/SurfaceFlinger(  116): <98521.58>  --- [01;31m[Kxzl[m[K SF_QUEUE_FRAME (Layer::onFrameQueued)
W/APP     (  846): [01;31m[Kxzl[m[K: ===> ev hits user code: <98521>  {98520} since event: 1 ms
D/InputDispatcher(  201): <98522.09> ########### [01;31m[Kxzl[m[K finishDispatchCycle: 1.13ms since event, 0.46ms since dispatch
W/APP     (  846): [01;31m[Kxzl[m[K: ===> ev hits user code: <98531>  {98530} since event: 1 ms
D/InputDispatcher(  201): <98531.80> ########### [01;31m[Kxzl[m[K finishDispatchCycle: 1.07ms since event, 0.37ms since dispatch
D/SurfaceFlinger(  116): <98535.77>  ----- [01;31m[Kxzl[m[K SF_AFTER_SWAP_FB (SurfaceFlinger::composeSurfaces() swap fb done)  ------
D/SurfaceFlinger(  116): <98535.89>  ----- [01;31m[Kxzl[m[K SF_BEFORE_SWAP_FB (SurfaceFlinger::composeSurfaces compose done, prepare to swap fb) ------
W/GLSurfaceView(  846): <98536.13>  --- [01;31m[Kxzl[m[K --- APP_AFTER_SWAP_FRAME (AFTER GLSurfaceView swap frame)
W/GLSurfaceView(  846): <98536.41>  --- [01;31m[Kxzl[m[K --- APP_BEFORE_DRAW_FRAME (BEFORE GLSurfaceView DrawFrame)
W/APP     (  846): [01;31m[Kxzl[m[K: ===> entering onDrawFrame: <98536> 
W/APP     (  846): [01;31m[Kxzl[m[K: ===> done onDrawFrame: <98536> 
W/GLSurfaceView(  846): <98536.87>  --- [01;31m[Kxzl[m[K --- APP_AFTER_DRAW_FRAME (AFTER GLSurfaceView DrawFrame)
W/GLSurfaceView(  846): <98537.11>  --- [01;31m[Kxzl[m[K --- APP_BEFORE_SWAP_FRAME (BEFORE GLSurfaceView swap frame)
D/SurfaceTextureClient(  846): <98538.88> [01;31m[Kxzl[m[K SurfaceTextureClient::queueBuffer
D/SurfaceFlinger(  116): <98538.97>  --- [01;31m[Kxzl[m[K SF_QUEUE_FRAME (Layer::onFrameQueued)
W/APP     (  846): [01;31m[Kxzl[m[K: ===> ev hits user code: <98541>  {98540} since event: 1 ms
D/InputDispatcher(  201): <98541.75> ########### [01;31m[Kxzl[m[K finishDispatchCycle: 1.16ms since event, 0.40ms since dispatch
W/APP     (  846): [01;31m[Kxzl[m[K: ===> ev hits user code: <98551>  {98550} since event: 1 ms
D/InputDispatcher(  201): <98551.45> ########### [01;31m[Kxzl[m[K finishDispatchCycle: 1.13ms since event, 0.52ms since dispatch
D/SurfaceFlinger(  116): <98552.82>  ----- [01;31m[Kxzl[m[K SF_AFTER_SWAP_FB (SurfaceFlinger::composeSurfaces() swap fb done)  ------
D/SurfaceFlinger(  116): <98552.98>  ----- [01;31m[Kxzl[m[K SF_BEFORE_SWAP_FB (SurfaceFlinger::composeSurfaces compose done, prepare to swap fb) ------
W/GLSurfaceView(  846): <98553.22>  --- [01;31m[Kxzl[m[K --- APP_AFTER_SWAP_FRAME (AFTER GLSurfaceView swap frame)
W/GLSurfaceView(  846): <98553.65>  --- [01;31m[Kxzl[m[K --- APP_BEFORE_DRAW_FRAME (BEFORE GLSurfaceView DrawFrame)
W/APP     (  846): [01;31m[Kxzl[m[K: ===> entering onDrawFrame: <98553> 
W/APP     (  846): [01;31m[Kxzl[m[K: ===> done onDrawFrame: <98553> 
W/GLSurfaceView(  846): <98554.17>  --- [01;31m[Kxzl[m[K --- APP_AFTER_DRAW_FRAME (AFTER GLSurfaceView DrawFrame)
W/GLSurfaceView(  846): <98554.38>  --- [01;31m[Kxzl[m[K --- APP_BEFORE_SWAP_FRAME (BEFORE GLSurfaceView swap frame)
D/SurfaceTextureClient(  846): <98555.42> [01;31m[Kxzl[m[K SurfaceTextureClient::queueBuffer
D/SurfaceFlinger(  116): <98555.48>  --- [01;31m[Kxzl[m[K SF_QUEUE_FRAME (Layer::onFrameQueued)
W/APP     (  846): [01;31m[Kxzl[m[K: ===> ev hits user code: <98561>  {98560} since event: 1 ms
D/InputDispatcher(  201): <98561.19> ########### [01;31m[Kxzl[m[K finishDispatchCycle: 1.10ms since event, 0.40ms since dispatch
D/SurfaceFlinger(  116): <98569.80>  ----- [01;31m[Kxzl[m[K SF_AFTER_SWAP_FB (SurfaceFlinger::composeSurfaces() swap fb done)  ------
D/SurfaceFlinger(  116): <98569.91>  ----- [01;31m[Kxzl[m[K SF_BEFORE_SWAP_FB (SurfaceFlinger::composeSurfaces compose done, prepare to swap fb) ------
W/GLSurfaceView(  846): <98570.16>  --- [01;31m[Kxzl[m[K --- APP_AFTER_SWAP_FRAME (AFTER GLSurfaceView swap frame)
W/GLSurfaceView(  846): <98570.43>  --- [01;31m[Kxzl[m[K --- APP_BEFORE_DRAW_FRAME (BEFORE GLSurfaceView DrawFrame)
W/APP     (  846): [01;31m[Kxzl[m[K: ===> entering onDrawFrame: <98570> 
W/APP     (  846): [01;31m[Kxzl[m[K: ===> done onDrawFrame: <98570> 
W/GLSurfaceView(  846): <98570.86>  --- [01;31m[Kxzl[m[K --- APP_AFTER_DRAW_FRAME (AFTER GLSurfaceView DrawFrame)
W/GLSurfaceView(  846): <98571.01>  --- [01;31m[Kxzl[m[K --- APP_BEFORE_SWAP_FRAME (BEFORE GLSurfaceView swap frame)
W/APP     (  846): [01;31m[Kxzl[m[K: ===> ev hits user code: <98571>  {98569} since event: 2 ms
D/InputDispatcher(  201): <98571.53> ########### [01;31m[Kxzl[m[K finishDispatchCycle: 1.83ms since event, 1.19ms since dispatch
D/SurfaceTextureClient(  846): <98571.62> [01;31m[Kxzl[m[K SurfaceTextureClient::queueBuffer
D/SurfaceFlinger(  116): <98571.71>  --- [01;31m[Kxzl[m[K SF_QUEUE_FRAME (Layer::onFrameQueued)
W/APP     (  846): [01;31m[Kxzl[m[K: ===> ev hits user code: <98580>  {98579} since event: 1 ms
D/InputDispatcher(  201): <98580.47> ########### [01;31m[Kxzl[m[K finishDispatchCycle: 0.98ms since event, 0.34ms since dispatch
D/SurfaceFlinger(  116): <98587.44>  ----- [01;31m[Kxzl[m[K SF_AFTER_SWAP_FB (SurfaceFlinger::composeSurfaces() swap fb done)  ------
D/SurfaceFlinger(  116): <98587.55>  ----- [01;31m[Kxzl[m[K SF_BEFORE_SWAP_FB (SurfaceFlinger::composeSurfaces compose done, prepare to swap fb) ------
W/GLSurfaceView(  846): <98587.80>  --- [01;31m[Kxzl[m[K --- APP_AFTER_SWAP_FRAME (AFTER GLSurfaceView swap frame)
W/GLSurfaceView(  846): <98588.01>  --- [01;31m[Kxzl[m[K --- APP_BEFORE_DRAW_FRAME (BEFORE GLSurfaceView DrawFrame)
W/APP     (  846): [01;31m[Kxzl[m[K: ===> entering onDrawFrame: <98588> 
W/APP     (  846): [01;31m[Kxzl[m[K: ===> done onDrawFrame: <98588> 
W/GLSurfaceView(  846): <98588.47>  --- [01;31m[Kxzl[m[K --- APP_AFTER_DRAW_FRAME (AFTER GLSurfaceView DrawFrame)
W/GLSurfaceView(  846): <98588.62>  --- [01;31m[Kxzl[m[K --- APP_BEFORE_SWAP_FRAME (BEFORE GLSurfaceView swap frame)
D/SurfaceTextureClient(  846): <98588.90> [01;31m[Kxzl[m[K SurfaceTextureClient::queueBuffer
D/SurfaceFlinger(  116): <98588.96>  --- [01;31m[Kxzl[m[K SF_QUEUE_FRAME (Layer::onFrameQueued)
W/APP     (  846): [01;31m[Kxzl[m[K: ===> ev hits user code: <98590>  {98589} since event: 1 ms
D/InputDispatcher(  201): <98590.34> ########### [01;31m[Kxzl[m[K finishDispatchCycle: 1.01ms since event, 0.34ms since dispatch
W/APP     (  846): [01;31m[Kxzl[m[K: ===> ev hits user code: <98600>  {98599} since event: 1 ms
D/InputDispatcher(  201): <98600.16> ########### [01;31m[Kxzl[m[K finishDispatchCycle: 1.16ms since event, 0.46ms since dispatch
D/SurfaceFlinger(  116): <98603.70>  ----- [01;31m[Kxzl[m[K SF_AFTER_SWAP_FB (SurfaceFlinger::composeSurfaces() swap fb done)  ------
D/SurfaceFlinger(  116): <98603.88>  ----- [01;31m[Kxzl[m[K SF_BEFORE_SWAP_FB (SurfaceFlinger::composeSurfaces compose done, prepare to swap fb) ------
W/GLSurfaceView(  846): <98604.16>  --- [01;31m[Kxzl[m[K --- APP_AFTER_SWAP_FRAME (AFTER GLSurfaceView swap frame)
W/GLSurfaceView(  846): <98604.43>  --- [01;31m[Kxzl[m[K --- APP_BEFORE_DRAW_FRAME (BEFORE GLSurfaceView DrawFrame)
W/APP     (  846): [01;31m[Kxzl[m[K: ===> entering onDrawFrame: <98604> 
W/APP     (  846): [01;31m[Kxzl[m[K: ===> done onDrawFrame: <98604> 
W/GLSurfaceView(  846): <98604.92>  --- [01;31m[Kxzl[m[K --- APP_AFTER_DRAW_FRAME (AFTER GLSurfaceView DrawFrame)
W/GLSurfaceView(  846): <98605.04>  --- [01;31m[Kxzl[m[K --- APP_BEFORE_SWAP_FRAME (BEFORE GLSurfaceView swap frame)
D/SurfaceTextureClient(  846): <98605.56> [01;31m[Kxzl[m[K SurfaceTextureClient::queueBuffer
D/SurfaceFlinger(  116): <98605.62>  --- [01;31m[Kxzl[m[K SF_QUEUE_FRAME (Layer::onFrameQueued)
W/APP     (  846): [01;31m[Kxzl[m[K: ===> ev hits user code: <98610>  {98608} since event: 2 ms
D/InputDispatcher(  201): <98610.62> ########### [01;31m[Kxzl[m[K finishDispatchCycle: 1.74ms since event, 0.98ms since dispatch
D/SurfaceFlinger(  116): <98620.55>  ----- [01;31m[Kxzl[m[K SF_AFTER_SWAP_FB (SurfaceFlinger::composeSurfaces() swap fb done)  ------
D/SurfaceFlinger(  116): <98620.70>  ----- [01;31m[Kxzl[m[K SF_BEFORE_SWAP_FB (SurfaceFlinger::composeSurfaces compose done, prepare to swap fb) ------
W/APP     (  846): [01;31m[Kxzl[m[K: ===> ev hits user code: <98619>  {98618} since event: 1 ms
D/InputDispatcher(  201): <98623.69> ########### [01;31m[Kxzl[m[K finishDispatchCycle: 5.13ms since event, 4.39ms since dispatch
W/GLSurfaceView(  846): <98623.72>  --- [01;31m[Kxzl[m[K --- APP_AFTER_SWAP_FRAME (AFTER GLSurfaceView swap frame)
W/GLSurfaceView(  846): <98623.99>  --- [01;31m[Kxzl[m[K --- APP_BEFORE_DRAW_FRAME (BEFORE GLSurfaceView DrawFrame)
W/APP     (  846): [01;31m[Kxzl[m[K: ===> entering onDrawFrame: <98624> 
W/APP     (  846): [01;31m[Kxzl[m[K: ===> done onDrawFrame: <98624> 
W/GLSurfaceView(  846): <98624.42>  --- [01;31m[Kxzl[m[K --- APP_AFTER_DRAW_FRAME (AFTER GLSurfaceView DrawFrame)
W/GLSurfaceView(  846): <98624.57>  --- [01;31m[Kxzl[m[K --- APP_BEFORE_SWAP_FRAME (BEFORE GLSurfaceView swap frame)
D/SurfaceTextureClient(  846): <98625.30> [01;31m[Kxzl[m[K SurfaceTextureClient::queueBuffer
D/SurfaceFlinger(  116): <98625.37>  --- [01;31m[Kxzl[m[K SF_QUEUE_FRAME (Layer::onFrameQueued)
W/APP     (  846): [01;31m[Kxzl[m[K: ===> ev hits user code: <98629>  {98628} since event: 1 ms
D/InputDispatcher(  201): <98629.67> ########### [01;31m[Kxzl[m[K finishDispatchCycle: 1.28ms since event, 0.61ms since dispatch
D/SurfaceFlinger(  116): <98638.15>  ----- [01;31m[Kxzl[m[K SF_AFTER_SWAP_FB (SurfaceFlinger::composeSurfaces() swap fb done)  ------
D/SurfaceFlinger(  116): <98638.30>  ----- [01;31m[Kxzl[m[K SF_BEFORE_SWAP_FB (SurfaceFlinger::composeSurfaces compose done, prepare to swap fb) ------
W/GLSurfaceView(  846): <98638.49>  --- [01;31m[Kxzl[m[K --- APP_AFTER_SWAP_FRAME (AFTER GLSurfaceView swap frame)
W/GLSurfaceView(  846): <98638.76>  --- [01;31m[Kxzl[m[K --- APP_BEFORE_DRAW_FRAME (BEFORE GLSurfaceView DrawFrame)
W/APP     (  846): [01;31m[Kxzl[m[K: ===> entering onDrawFrame: <98638> 
W/APP     (  846): [01;31m[Kxzl[m[K: ===> done onDrawFrame: <98638> 
W/GLSurfaceView(  846): <98639.19>  --- [01;31m[Kxzl[m[K --- APP_AFTER_DRAW_FRAME (AFTER GLSurfaceView DrawFrame)
W/GLSurfaceView(  846): <98639.37>  --- [01;31m[Kxzl[m[K --- APP_BEFORE_SWAP_FRAME (BEFORE GLSurfaceView swap frame)
D/SurfaceTextureClient(  846): <98640.41> [01;31m[Kxzl[m[K SurfaceTextureClient::queueBuffer
W/APP     (  846): [01;31m[Kxzl[m[K: ===> ev hits user code: <98640>  {98638} since event: 2 ms
D/InputDispatcher(  201): <98640.50> ########### [01;31m[Kxzl[m[K finishDispatchCycle: 2.35ms since event, 0.61ms since dispatch
D/SurfaceFlinger(  116): <98640.68>  --- [01;31m[Kxzl[m[K SF_QUEUE_FRAME (Layer::onFrameQueued)
W/APP     (  846): [01;31m[Kxzl[m[K: ===> ev hits user code: <98648>  {98647} since event: 1 ms
D/InputDispatcher(  201): <98649.20> ########### [01;31m[Kxzl[m[K finishDispatchCycle: 1.34ms since event, 0.52ms since dispatch
D/SurfaceFlinger(  116): <98655.64>  ----- [01;31m[Kxzl[m[K SF_AFTER_SWAP_FB (SurfaceFlinger::composeSurfaces() swap fb done)  ------
D/SurfaceFlinger(  116): <98655.77>  ----- [01;31m[Kxzl[m[K SF_BEFORE_SWAP_FB (SurfaceFlinger::composeSurfaces compose done, prepare to swap fb) ------
W/GLSurfaceView(  846): <98656.01>  --- [01;31m[Kxzl[m[K --- APP_AFTER_SWAP_FRAME (AFTER GLSurfaceView swap frame)
W/GLSurfaceView(  846): <98656.22>  --- [01;31m[Kxzl[m[K --- APP_BEFORE_DRAW_FRAME (BEFORE GLSurfaceView DrawFrame)
W/APP     (  846): [01;31m[Kxzl[m[K: ===> entering onDrawFrame: <98656> 
W/APP     (  846): [01;31m[Kxzl[m[K: ===> done onDrawFrame: <98656> 
W/GLSurfaceView(  846): <98656.65>  --- [01;31m[Kxzl[m[K --- APP_AFTER_DRAW_FRAME (AFTER GLSurfaceView DrawFrame)
W/GLSurfaceView(  846): <98656.80>  --- [01;31m[Kxzl[m[K --- APP_BEFORE_SWAP_FRAME (BEFORE GLSurfaceView swap frame)
D/SurfaceTextureClient(  846): <98657.45> [01;31m[Kxzl[m[K SurfaceTextureClient::queueBuffer
D/SurfaceFlinger(  116): <98657.71>  --- [01;31m[Kxzl[m[K SF_QUEUE_FRAME (Layer::onFrameQueued)
W/APP     (  846): [01;31m[Kxzl[m[K: ===> ev hits user code: <98658>  {98657} since event: 1 ms
D/InputDispatcher(  201): <98659.09> ########### [01;31m[Kxzl[m[K finishDispatchCycle: 1.44ms since event, 0.55ms since dispatch
W/APP     (  846): [01;31m[Kxzl[m[K: ===> ev hits user code: <98668>  {98667} since event: 1 ms
D/InputDispatcher(  201): <98668.77> ########### [01;31m[Kxzl[m[K finishDispatchCycle: 1.28ms since event, 0.61ms since dispatch
D/SurfaceFlinger(  116): <98671.38>  ----- [01;31m[Kxzl[m[K SF_AFTER_SWAP_FB (SurfaceFlinger::composeSurfaces() swap fb done)  ------
D/SurfaceFlinger(  116): <98671.54>  ----- [01;31m[Kxzl[m[K SF_BEFORE_SWAP_FB (SurfaceFlinger::composeSurfaces compose done, prepare to swap fb) ------
W/GLSurfaceView(  846): <98671.97>  --- [01;31m[Kxzl[m[K --- APP_AFTER_SWAP_FRAME (AFTER GLSurfaceView swap frame)
W/GLSurfaceView(  846): <98672.21>  --- [01;31m[Kxzl[m[K --- APP_BEFORE_DRAW_FRAME (BEFORE GLSurfaceView DrawFrame)
W/APP     (  846): [01;31m[Kxzl[m[K: ===> entering onDrawFrame: <98672> 
W/APP     (  846): [01;31m[Kxzl[m[K: ===> done onDrawFrame: <98672> 
W/GLSurfaceView(  846): <98672.70>  --- [01;31m[Kxzl[m[K --- APP_AFTER_DRAW_FRAME (AFTER GLSurfaceView DrawFrame)
W/GLSurfaceView(  846): <98672.85>  --- [01;31m[Kxzl[m[K --- APP_BEFORE_SWAP_FRAME (BEFORE GLSurfaceView swap frame)
D/SurfaceTextureClient(  846): <98673.52> [01;31m[Kxzl[m[K SurfaceTextureClient::queueBuffer
D/SurfaceFlinger(  116): <98673.67>  --- [01;31m[Kxzl[m[K SF_QUEUE_FRAME (Layer::onFrameQueued)
W/APP     (  846): [01;31m[Kxzl[m[K: ===> ev hits user code: <98678>  {98677} since event: 1 ms
D/InputDispatcher(  201): <98678.62> ########### [01;31m[Kxzl[m[K finishDispatchCycle: 1.22ms since event, 0.52ms since dispatch
W/APP     (  846): [01;31m[Kxzl[m[K: ===> ev hits user code: <98688>  {98686} since event: 2 ms
D/InputDispatcher(  201): <98688.27> ########### [01;31m[Kxzl[m[K finishDispatchCycle: 1.28ms since event, 0.52ms since dispatch
D/SurfaceFlinger(  116): <98688.35>  ----- [01;31m[Kxzl[m[K SF_AFTER_SWAP_FB (SurfaceFlinger::composeSurfaces() swap fb done)  ------
D/SurfaceFlinger(  116): <98688.48>  ----- [01;31m[Kxzl[m[K SF_BEFORE_SWAP_FB (SurfaceFlinger::composeSurfaces compose done, prepare to swap fb) ------
W/GLSurfaceView(  846): <98688.75>  --- [01;31m[Kxzl[m[K --- APP_AFTER_SWAP_FRAME (AFTER GLSurfaceView swap frame)
W/GLSurfaceView(  846): <98689.12>  --- [01;31m[Kxzl[m[K --- APP_BEFORE_DRAW_FRAME (BEFORE GLSurfaceView DrawFrame)
W/APP     (  846): [01;31m[Kxzl[m[K: ===> entering onDrawFrame: <98689> 
W/APP     (  846): [01;31m[Kxzl[m[K: ===> done onDrawFrame: <98689> 
W/GLSurfaceView(  846): <98689.61>  --- [01;31m[Kxzl[m[K --- APP_AFTER_DRAW_FRAME (AFTER GLSurfaceView DrawFrame)
W/GLSurfaceView(  846): <98689.91>  --- [01;31m[Kxzl[m[K --- APP_BEFORE_SWAP_FRAME (BEFORE GLSurfaceView swap frame)
D/SurfaceTextureClient(  846): <98691.34> [01;31m[Kxzl[m[K SurfaceTextureClient::queueBuffer
D/SurfaceFlinger(  116): <98691.44>  --- [01;31m[Kxzl[m[K SF_QUEUE_FRAME (Layer::onFrameQueued)
W/APP     (  846): [01;31m[Kxzl[m[K: ===> ev hits user code: <98697>  {98696} since event: 1 ms
D/InputDispatcher(  201): <98698.09> ########### [01;31m[Kxzl[m[K finishDispatchCycle: 1.25ms since event, 0.55ms since dispatch
D/SurfaceFlinger(  116): <98706.42>  ----- [01;31m[Kxzl[m[K SF_AFTER_SWAP_FB (SurfaceFlinger::composeSurfaces() swap fb done)  ------
D/SurfaceFlinger(  116): <98706.55>  ----- [01;31m[Kxzl[m[K SF_BEFORE_SWAP_FB (SurfaceFlinger::composeSurfaces compose done, prepare to swap fb) ------
W/GLSurfaceView(  846): <98706.79>  --- [01;31m[Kxzl[m[K --- APP_AFTER_SWAP_FRAME (AFTER GLSurfaceView swap frame)
W/GLSurfaceView(  846): <98707.06>  --- [01;31m[Kxzl[m[K --- APP_BEFORE_DRAW_FRAME (BEFORE GLSurfaceView DrawFrame)
W/APP     (  846): [01;31m[Kxzl[m[K: ===> entering onDrawFrame: <98707> 
W/APP     (  846): [01;31m[Kxzl[m[K: ===> done onDrawFrame: <98707> 
W/GLSurfaceView(  846): <98707.46>  --- [01;31m[Kxzl[m[K --- APP_AFTER_DRAW_FRAME (AFTER GLSurfaceView DrawFrame)
W/APP     (  846): [01;31m[Kxzl[m[K: ===> ev hits user code: <98708>  {98706} since event: 2 ms
D/InputDispatcher(  201): <98708.44> ########### [01;31m[Kxzl[m[K finishDispatchCycle: 2.02ms since event, 0.52ms since dispatch
W/GLSurfaceView(  846): <98707.64>  --- [01;31m[Kxzl[m[K --- APP_BEFORE_SWAP_FRAME (BEFORE GLSurfaceView swap frame)
D/SurfaceTextureClient(  846): <98709.62> [01;31m[Kxzl[m[K SurfaceTextureClient::queueBuffer
D/SurfaceFlinger(  116): <98709.72>  --- [01;31m[Kxzl[m[K SF_QUEUE_FRAME (Layer::onFrameQueued)
W/APP     (  846): [01;31m[Kxzl[m[K: ===> ev hits user code: <98717>  {98716} since event: 1 ms
D/InputDispatcher(  201): <98717.16> ########### [01;31m[Kxzl[m[K finishDispatchCycle: 1.04ms since event, 0.43ms since dispatch
D/SurfaceFlinger(  116): <98722.26>  ----- [01;31m[Kxzl[m[K SF_AFTER_SWAP_FB (SurfaceFlinger::composeSurfaces() swap fb done)  ------
D/SurfaceFlinger(  116): <98722.38>  ----- [01;31m[Kxzl[m[K SF_BEFORE_SWAP_FB (SurfaceFlinger::composeSurfaces compose done, prepare to swap fb) ------
W/GLSurfaceView(  846): <98722.50>  --- [01;31m[Kxzl[m[K --- APP_AFTER_SWAP_FRAME (AFTER GLSurfaceView swap frame)
W/APP     (  846): [01;31m[Kxzl[m[K: ===> ev hits user code: <98726>  {98725} since event: 1 ms
D/InputDispatcher(  201): <98727.11> ########### [01;31m[Kxzl[m[K finishDispatchCycle: 1.19ms since event, 0.40ms since dispatch
W/GLSurfaceView(  846): <98726.38>  --- [01;31m[Kxzl[m[K --- APP_BEFORE_DRAW_FRAME (BEFORE GLSurfaceView DrawFrame)
W/APP     (  846): [01;31m[Kxzl[m[K: ===> entering onDrawFrame: <98728> 
W/APP     (  846): [01;31m[Kxzl[m[K: ===> done onDrawFrame: <98728> 
W/GLSurfaceView(  846): <98728.64>  --- [01;31m[Kxzl[m[K --- APP_AFTER_DRAW_FRAME (AFTER GLSurfaceView DrawFrame)
W/GLSurfaceView(  846): <98729.64>  --- [01;31m[Kxzl[m[K --- APP_BEFORE_SWAP_FRAME (BEFORE GLSurfaceView swap frame)
D/SurfaceTextureClient(  846): <98730.10> [01;31m[Kxzl[m[K SurfaceTextureClient::queueBuffer
D/SurfaceFlinger(  116): <98730.20>  --- [01;31m[Kxzl[m[K SF_QUEUE_FRAME (Layer::onFrameQueued)
W/APP     (  846): [01;31m[Kxzl[m[K: ===> ev hits user code: <98736>  {98735} since event: 1 ms
D/InputDispatcher(  201): <98736.91> ########### [01;31m[Kxzl[m[K finishDispatchCycle: 1.13ms since event, 0.43ms since dispatch
D/SurfaceFlinger(  116): <98739.20>  ----- [01;31m[Kxzl[m[K SF_AFTER_SWAP_FB (SurfaceFlinger::composeSurfaces() swap fb done)  ------
D/SurfaceFlinger(  116): <98739.34>  ----- [01;31m[Kxzl[m[K SF_BEFORE_SWAP_FB (SurfaceFlinger::composeSurfaces compose done, prepare to swap fb) ------
W/GLSurfaceView(  846): <98739.50>  --- [01;31m[Kxzl[m[K --- APP_AFTER_SWAP_FRAME (AFTER GLSurfaceView swap frame)
W/GLSurfaceView(  846): <98739.93>  --- [01;31m[Kxzl[m[K --- APP_BEFORE_DRAW_FRAME (BEFORE GLSurfaceView DrawFrame)
W/APP     (  846): [01;31m[Kxzl[m[K: ===> entering onDrawFrame: <98740> 
W/APP     (  846): [01;31m[Kxzl[m[K: ===> done onDrawFrame: <98740> 
W/GLSurfaceView(  846): <98740.51>  --- [01;31m[Kxzl[m[K --- APP_AFTER_DRAW_FRAME (AFTER GLSurfaceView DrawFrame)
W/GLSurfaceView(  846): <98740.69>  --- [01;31m[Kxzl[m[K --- APP_BEFORE_SWAP_FRAME (BEFORE GLSurfaceView swap frame)
D/SurfaceTextureClient(  846): <98741.12> [01;31m[Kxzl[m[K SurfaceTextureClient::queueBuffer
D/SurfaceFlinger(  116): <98741.20>  --- [01;31m[Kxzl[m[K SF_QUEUE_FRAME (Layer::onFrameQueued)
W/APP     (  846): [01;31m[Kxzl[m[K: ===> ev hits user code: <98746>  {98745} since event: 1 ms
D/InputDispatcher(  201): <98746.76> ########### [01;31m[Kxzl[m[K finishDispatchCycle: 1.22ms since event, 0.52ms since dispatch
D/SurfaceFlinger(  116): <98756.44>  ----- [01;31m[Kxzl[m[K SF_AFTER_SWAP_FB (SurfaceFlinger::composeSurfaces() swap fb done)  ------
D/SurfaceFlinger(  116): <98756.59>  ----- [01;31m[Kxzl[m[K SF_BEFORE_SWAP_FB (SurfaceFlinger::composeSurfaces compose done, prepare to swap fb) ------
W/APP     (  846): [01;31m[Kxzl[m[K: ===> ev hits user code: <98756>  {98755} since event: 1 ms
D/InputDispatcher(  201): <98756.71> ########### [01;31m[Kxzl[m[K finishDispatchCycle: 1.22ms since event, 0.61ms since dispatch
W/GLSurfaceView(  846): <98756.96>  --- [01;31m[Kxzl[m[K --- APP_AFTER_SWAP_FRAME (AFTER GLSurfaceView swap frame)
W/GLSurfaceView(  846): <98757.35>  --- [01;31m[Kxzl[m[K --- APP_BEFORE_DRAW_FRAME (BEFORE GLSurfaceView DrawFrame)
W/APP     (  846): [01;31m[Kxzl[m[K: ===> entering onDrawFrame: <98757> 
W/APP     (  846): [01;31m[Kxzl[m[K: ===> done onDrawFrame: <98757> 
W/GLSurfaceView(  846): <98758.18>  --- [01;31m[Kxzl[m[K --- APP_AFTER_DRAW_FRAME (AFTER GLSurfaceView DrawFrame)
