W/GLSurfaceView(  846): <97113.89>  --- [01;31m[Kxzl[m[K --- APP_BEFORE_DRAW_FRAME (BEFORE GLSurfaceView DrawFrame)
W/APP     (  846): [01;31m[Kxzl[m[K: ===> entering onDrawFrame: <97114> 
W/APP     (  846): [01;31m[Kxzl[m[K: ===> done onDrawFrame: <97114> 
W/GLSurfaceView(  846): <97114.32>  --- [01;31m[Kxzl[m[K --- APP_AFTER_DRAW_FRAME (AFTER GLSurfaceView DrawFrame)
W/GLSurfaceView(  846): <97114.47>  --- [01;31m[Kxzl[m[K --- APP_BEFORE_SWAP_FRAME (BEFORE GLSurfaceView swap frame)
D/InputDispatcher(  201): <97114.56> ########### [01;31m[Kxzl[m[K finishDispatchCycle: 9.92ms since event, 9.31ms since dispatch
D/SurfaceFlinger(  116): <97114.77>  ----- [01;31m[Kxzl[m[K SF_BEFORE_SWAP_FB (SurfaceFlinger::composeSurfaces compose done, prepare to swap fb) ------
W/APP     (  846): [01;31m[Kxzl[m[K: ===> ev hits user code: <97116>  {97114} since event: 2 ms
D/InputDispatcher(  201): <97116.37> ########### [01;31m[Kxzl[m[K finishDispatchCycle: 1.86ms since event, 1.13ms since dispatch
D/SurfaceTextureClient(  846): <97116.55> [01;31m[Kxzl[m[K SurfaceTextureClient::queueBuffer
D/SurfaceFlinger(  116): <97116.63>  --- [01;31m[Kxzl[m[K SF_QUEUE_FRAME (Layer::onFrameQueued)
W/APP     (  846): [01;31m[Kxzl[m[K: ===> ev hits user code: <97125>  {97124} since event: 1 ms
D/InputDispatcher(  201): <97125.55> ########### [01;31m[Kxzl[m[K finishDispatchCycle: 1.19ms since event, 0.58ms since dispatch
D/SurfaceFlinger(  116): <97128.62>  ----- [01;31m[Kxzl[m[K SF_AFTER_SWAP_FB (SurfaceFlinger::composeSurfaces() swap fb done)  ------
D/SurfaceFlinger(  116): <97128.81>  ----- [01;31m[Kxzl[m[K SF_BEFORE_SWAP_FB (SurfaceFlinger::composeSurfaces compose done, prepare to swap fb) ------
W/GLSurfaceView(  846): <97128.88>  --- [01;31m[Kxzl[m[K --- APP_AFTER_SWAP_FRAME (AFTER GLSurfaceView swap frame)
W/GLSurfaceView(  846): <97129.24>  --- [01;31m[Kxzl[m[K --- APP_BEFORE_DRAW_FRAME (BEFORE GLSurfaceView DrawFrame)
W/APP     (  846): [01;31m[Kxzl[m[K: ===> entering onDrawFrame: <97129> 
W/APP     (  846): [01;31m[Kxzl[m[K: ===> done onDrawFrame: <97129> 
W/GLSurfaceView(  846): <97129.70>  --- [01;31m[Kxzl[m[K --- APP_AFTER_DRAW_FRAME (AFTER GLSurfaceView DrawFrame)
W/GLSurfaceView(  846): <97129.85>  --- [01;31m[Kxzl[m[K --- APP_BEFORE_SWAP_FRAME (BEFORE GLSurfaceView swap frame)
D/SurfaceTextureClient(  846): <97130.59> [01;31m[Kxzl[m[K SurfaceTextureClient::queueBuffer
D/SurfaceFlinger(  116): <97130.68>  --- [01;31m[Kxzl[m[K SF_QUEUE_FRAME (Layer::onFrameQueued)
W/APP     (  846): [01;31m[Kxzl[m[K: ===> ev hits user code: <97135>  {97134} since event: 1 ms
D/InputDispatcher(  201): <97135.52> ########### [01;31m[Kxzl[m[K finishDispatchCycle: 1.31ms since event, 0.61ms since dispatch
W/APP     (  846): [01;31m[Kxzl[m[K: ===> ev hits user code: <97145>  {97144} since event: 1 ms
D/InputDispatcher(  201): <97145.20> ########### [01;31m[Kxzl[m[K finishDispatchCycle: 1.13ms since event, 0.49ms since dispatch
D/SurfaceFlinger(  116): <97145.45>  ----- [01;31m[Kxzl[m[K SF_AFTER_SWAP_FB (SurfaceFlinger::composeSurfaces() swap fb done)  ------
D/SurfaceFlinger(  116): <97145.60>  ----- [01;31m[Kxzl[m[K SF_BEFORE_SWAP_FB (SurfaceFlinger::composeSurfaces compose done, prepare to swap fb) ------
W/GLSurfaceView(  846): <97145.69>  --- [01;31m[Kxzl[m[K --- APP_AFTER_SWAP_FRAME (AFTER GLSurfaceView swap frame)
W/GLSurfaceView(  846): <97145.94>  --- [01;31m[Kxzl[m[K --- APP_BEFORE_DRAW_FRAME (BEFORE GLSurfaceView DrawFrame)
W/APP     (  846): [01;31m[Kxzl[m[K: ===> entering onDrawFrame: <97146> 
W/APP     (  846): [01;31m[Kxzl[m[K: ===> done onDrawFrame: <97146> 
W/GLSurfaceView(  846): <97146.42>  --- [01;31m[Kxzl[m[K --- APP_AFTER_DRAW_FRAME (AFTER GLSurfaceView DrawFrame)
W/GLSurfaceView(  846): <97146.64>  --- [01;31m[Kxzl[m[K --- APP_BEFORE_SWAP_FRAME (BEFORE GLSurfaceView swap frame)
D/SurfaceTextureClient(  846): <97147.00> [01;31m[Kxzl[m[K SurfaceTextureClient::queueBuffer
D/SurfaceFlinger(  116): <97147.09>  --- [01;31m[Kxzl[m[K SF_QUEUE_FRAME (Layer::onFrameQueued)
W/APP     (  846): [01;31m[Kxzl[m[K: ===> ev hits user code: <97155>  {97153} since event: 2 ms
D/InputDispatcher(  201): <97155.49> ########### [01;31m[Kxzl[m[K finishDispatchCycle: 1.53ms since event, 0.52ms since dispatch
D/SurfaceFlinger(  116): <97163.72>  ----- [01;31m[Kxzl[m[K SF_AFTER_SWAP_FB (SurfaceFlinger::composeSurfaces() swap fb done)  ------
D/SurfaceFlinger(  116): <97163.88>  ----- [01;31m[Kxzl[m[K SF_BEFORE_SWAP_FB (SurfaceFlinger::composeSurfaces compose done, prepare to swap fb) ------
W/GLSurfaceView(  846): <97163.91>  --- [01;31m[Kxzl[m[K --- APP_AFTER_SWAP_FRAME (AFTER GLSurfaceView swap frame)
W/GLSurfaceView(  846): <97164.22>  --- [01;31m[Kxzl[m[K --- APP_BEFORE_DRAW_FRAME (BEFORE GLSurfaceView DrawFrame)
W/APP     (  846): [01;31m[Kxzl[m[K: ===> entering onDrawFrame: <97164> 
W/APP     (  846): [01;31m[Kxzl[m[K: ===> done onDrawFrame: <97164> 
W/GLSurfaceView(  846): <97164.70>  --- [01;31m[Kxzl[m[K --- APP_AFTER_DRAW_FRAME (AFTER GLSurfaceView DrawFrame)
W/GLSurfaceView(  846): <97165.04>  --- [01;31m[Kxzl[m[K --- APP_BEFORE_SWAP_FRAME (BEFORE GLSurfaceView swap frame)
W/APP     (  846): [01;31m[Kxzl[m[K: ===> ev hits user code: <97165>  {97163} since event: 2 ms
D/InputDispatcher(  201): <97165.71> ########### [01;31m[Kxzl[m[K finishDispatchCycle: 2.05ms since event, 0.76ms since dispatch
D/SurfaceTextureClient(  846): <97166.41> [01;31m[Kxzl[m[K SurfaceTextureClient::queueBuffer
D/SurfaceFlinger(  116): <97166.50>  --- [01;31m[Kxzl[m[K SF_QUEUE_FRAME (Layer::onFrameQueued)
W/APP     (  846): [01;31m[Kxzl[m[K: ===> ev hits user code: <97174>  {97173} since event: 1 ms
D/InputDispatcher(  201): <97174.84> ########### [01;31m[Kxzl[m[K finishDispatchCycle: 1.25ms since event, 0.52ms since dispatch
D/SurfaceFlinger(  116): <97179.35>  ----- [01;31m[Kxzl[m[K SF_AFTER_SWAP_FB (SurfaceFlinger::composeSurfaces() swap fb done)  ------
D/SurfaceFlinger(  116): <97179.50>  ----- [01;31m[Kxzl[m[K SF_BEFORE_SWAP_FB (SurfaceFlinger::composeSurfaces compose done, prepare to swap fb) ------
W/GLSurfaceView(  846): <97179.60>  --- [01;31m[Kxzl[m[K --- APP_AFTER_SWAP_FRAME (AFTER GLSurfaceView swap frame)
W/GLSurfaceView(  846): <97179.87>  --- [01;31m[Kxzl[m[K --- APP_BEFORE_DRAW_FRAME (BEFORE GLSurfaceView DrawFrame)
W/APP     (  846): [01;31m[Kxzl[m[K: ===> entering onDrawFrame: <97180> 
W/APP     (  846): [01;31m[Kxzl[m[K: ===> done onDrawFrame: <97180> 
W/GLSurfaceView(  846): <97181.58>  --- [01;31m[Kxzl[m[K --- APP_AFTER_DRAW_FRAME (AFTER GLSurfaceView DrawFrame)
W/GLSurfaceView(  846): <97182.13>  --- [01;31m[Kxzl[m[K --- APP_BEFORE_SWAP_FRAME (BEFORE GLSurfaceView swap frame)
D/SurfaceTextureClient(  846): <97183.28> [01;31m[Kxzl[m[K SurfaceTextureClient::queueBuffer
D/SurfaceFlinger(  116): <97183.50>  --- [01;31m[Kxzl[m[K SF_QUEUE_FRAME (Layer::onFrameQueued)
W/APP     (  846): [01;31m[Kxzl[m[K: ===> ev hits user code: <97184>  {97183} since event: 1 ms
D/InputDispatcher(  201): <97184.41> ########### [01;31m[Kxzl[m[K finishDispatchCycle: 1.31ms since event, 0.55ms since dispatch
W/APP     (  846): [01;31m[Kxzl[m[K: ===> ev hits user code: <97194>  {97193} since event: 1 ms
D/InputDispatcher(  201): <97194.18> ########### [01;31m[Kxzl[m[K finishDispatchCycle: 1.07ms since event, 0.49ms since dispatch
D/SurfaceFlinger(  116): <97196.29>  ----- [01;31m[Kxzl[m[K SF_AFTER_SWAP_FB (SurfaceFlinger::composeSurfaces() swap fb done)  ------
D/SurfaceFlinger(  116): <97196.48>  ----- [01;31m[Kxzl[m[K SF_BEFORE_SWAP_FB (SurfaceFlinger::composeSurfaces compose done, prepare to swap fb) ------
W/GLSurfaceView(  846): <97196.50>  --- [01;31m[Kxzl[m[K --- APP_AFTER_SWAP_FRAME (AFTER GLSurfaceView swap frame)
W/GLSurfaceView(  846): <97196.75>  --- [01;31m[Kxzl[m[K --- APP_BEFORE_DRAW_FRAME (BEFORE GLSurfaceView DrawFrame)
W/APP     (  846): [01;31m[Kxzl[m[K: ===> entering onDrawFrame: <97196> 
W/APP     (  846): [01;31m[Kxzl[m[K: ===> done onDrawFrame: <97196> 
W/GLSurfaceView(  846): <97197.14>  --- [01;31m[Kxzl[m[K --- APP_AFTER_DRAW_FRAME (AFTER GLSurfaceView DrawFrame)
W/GLSurfaceView(  846): <97197.30>  --- [01;31m[Kxzl[m[K --- APP_BEFORE_SWAP_FRAME (BEFORE GLSurfaceView swap frame)
D/SurfaceTextureClient(  846): <97197.91> [01;31m[Kxzl[m[K SurfaceTextureClient::queueBuffer
D/SurfaceFlinger(  116): <97198.00>  --- [01;31m[Kxzl[m[K SF_QUEUE_FRAME (Layer::onFrameQueued)
W/APP     (  846): [01;31m[Kxzl[m[K: ===> ev hits user code: <97203>  {97202} since event: 1 ms
D/InputDispatcher(  201): <97203.95> ########### [01;31m[Kxzl[m[K finishDispatchCycle: 1.13ms since event, 0.52ms since dispatch
W/APP     (  846): [01;31m[Kxzl[m[K: ===> ev hits user code: <97213>  {97212} since event: 1 ms
D/SurfaceFlinger(  116): <97213.50>  ----- [01;31m[Kxzl[m[K SF_AFTER_SWAP_FB (SurfaceFlinger::composeSurfaces() swap fb done)  ------
D/SurfaceFlinger(  116): <97213.62>  ----- [01;31m[Kxzl[m[K SF_BEFORE_SWAP_FB (SurfaceFlinger::composeSurfaces compose done, prepare to swap fb) ------
W/GLSurfaceView(  846): <97213.65>  --- [01;31m[Kxzl[m[K --- APP_AFTER_SWAP_FRAME (AFTER GLSurfaceView swap frame)
D/InputDispatcher(  201): <97213.90> ########### [01;31m[Kxzl[m[K finishDispatchCycle: 1.40ms since event, 0.82ms since dispatch
W/GLSurfaceView(  846): <97213.87>  --- [01;31m[Kxzl[m[K --- APP_BEFORE_DRAW_FRAME (BEFORE GLSurfaceView DrawFrame)
W/APP     (  846): [01;31m[Kxzl[m[K: ===> entering onDrawFrame: <97213> 
W/APP     (  846): [01;31m[Kxzl[m[K: ===> done onDrawFrame: <97213> 
W/GLSurfaceView(  846): <97214.23>  --- [01;31m[Kxzl[m[K --- APP_AFTER_DRAW_FRAME (AFTER GLSurfaceView DrawFrame)
W/GLSurfaceView(  846): <97214.39>  --- [01;31m[Kxzl[m[K --- APP_BEFORE_SWAP_FRAME (BEFORE GLSurfaceView swap frame)
D/SurfaceTextureClient(  846): <97215.09> [01;31m[Kxzl[m[K SurfaceTextureClient::queueBuffer
D/SurfaceFlinger(  116): <97215.24>  --- [01;31m[Kxzl[m[K SF_QUEUE_FRAME (Layer::onFrameQueued)
W/APP     (  846): [01;31m[Kxzl[m[K: ===> ev hits user code: <97223>  {97222} since event: 1 ms
D/InputDispatcher(  201): <97223.57> ########### [01;31m[Kxzl[m[K finishDispatchCycle: 1.16ms since event, 0.49ms since dispatch
D/SurfaceFlinger(  116): <97230.38>  ----- [01;31m[Kxzl[m[K SF_AFTER_SWAP_FB (SurfaceFlinger::composeSurfaces() swap fb done)  ------
D/SurfaceFlinger(  116): <97230.77>  ----- [01;31m[Kxzl[m[K SF_BEFORE_SWAP_FB (SurfaceFlinger::composeSurfaces compose done, prepare to swap fb) ------
W/GLSurfaceView(  846): <97230.83>  --- [01;31m[Kxzl[m[K --- APP_AFTER_SWAP_FRAME (AFTER GLSurfaceView swap frame)
W/GLSurfaceView(  846): <97231.20>  --- [01;31m[Kxzl[m[K --- APP_BEFORE_DRAW_FRAME (BEFORE GLSurfaceView DrawFrame)
W/APP     (  846): [01;31m[Kxzl[m[K: ===> entering onDrawFrame: <97231> 
W/APP     (  846): [01;31m[Kxzl[m[K: ===> done onDrawFrame: <97231> 
W/GLSurfaceView(  846): <97231.63>  --- [01;31m[Kxzl[m[K --- APP_AFTER_DRAW_FRAME (AFTER GLSurfaceView DrawFrame)
W/GLSurfaceView(  846): <97231.81>  --- [01;31m[Kxzl[m[K --- APP_BEFORE_SWAP_FRAME (BEFORE GLSurfaceView swap frame)
D/SurfaceTextureClient(  846): <97232.15> [01;31m[Kxzl[m[K SurfaceTextureClient::queueBuffer
D/SurfaceFlinger(  116): <97232.24>  --- [01;31m[Kxzl[m[K SF_QUEUE_FRAME (Layer::onFrameQueued)
W/APP     (  846): [01;31m[Kxzl[m[K: ===> ev hits user code: <97233>  {97232} since event: 1 ms
D/InputDispatcher(  201): <97233.82> ########### [01;31m[Kxzl[m[K finishDispatchCycle: 1.50ms since event, 0.64ms since dispatch
W/APP     (  846): [01;31m[Kxzl[m[K: ===> ev hits user code: <97242>  {97241} since event: 1 ms
D/InputDispatcher(  201): <97242.98> ########### [01;31m[Kxzl[m[K finishDispatchCycle: 1.13ms since event, 0.46ms since dispatch
D/SurfaceFlinger(  116): <97247.16>  ----- [01;31m[Kxzl[m[K SF_AFTER_SWAP_FB (SurfaceFlinger::composeSurfaces() swap fb done)  ------
D/SurfaceFlinger(  116): <97247.28>  ----- [01;31m[Kxzl[m[K SF_BEFORE_SWAP_FB (SurfaceFlinger::composeSurfaces compose done, prepare to swap fb) ------
W/GLSurfaceView(  846): <97247.34>  --- [01;31m[Kxzl[m[K --- APP_AFTER_SWAP_FRAME (AFTER GLSurfaceView swap frame)
W/GLSurfaceView(  846): <97247.56>  --- [01;31m[Kxzl[m[K --- APP_BEFORE_DRAW_FRAME (BEFORE GLSurfaceView DrawFrame)
W/APP     (  846): [01;31m[Kxzl[m[K: ===> entering onDrawFrame: <97247> 
W/APP     (  846): [01;31m[Kxzl[m[K: ===> done onDrawFrame: <97247> 
W/GLSurfaceView(  846): <97248.02>  --- [01;31m[Kxzl[m[K --- APP_AFTER_DRAW_FRAME (AFTER GLSurfaceView DrawFrame)
W/GLSurfaceView(  846): <97248.20>  --- [01;31m[Kxzl[m[K --- APP_BEFORE_SWAP_FRAME (BEFORE GLSurfaceView swap frame)
D/SurfaceTextureClient(  846): <97248.53> [01;31m[Kxzl[m[K SurfaceTextureClient::queueBuffer
D/SurfaceFlinger(  116): <97248.62>  --- [01;31m[Kxzl[m[K SF_QUEUE_FRAME (Layer::onFrameQueued)
W/APP     (  846): [01;31m[Kxzl[m[K: ===> ev hits user code: <97252>  {97251} since event: 1 ms
D/InputDispatcher(  201): <97252.71> ########### [01;31m[Kxzl[m[K finishDispatchCycle: 1.10ms since event, 0.46ms since dispatch
W/APP     (  846): [01;31m[Kxzl[m[K: ===> ev hits user code: <97262>  {97261} since event: 1 ms
D/InputDispatcher(  201): <97262.20> ########### [01;31m[Kxzl[m[K finishDispatchCycle: 0.98ms since event, 0.37ms since dispatch
D/SurfaceFlinger(  116): <97264.13>  ----- [01;31m[Kxzl[m[K SF_AFTER_SWAP_FB (SurfaceFlinger::composeSurfaces() swap fb done)  ------
D/SurfaceFlinger(  116): <97264.26>  ----- [01;31m[Kxzl[m[K SF_BEFORE_SWAP_FB (SurfaceFlinger::composeSurfaces compose done, prepare to swap fb) ------
W/GLSurfaceView(  846): <97264.31>  --- [01;31m[Kxzl[m[K --- APP_AFTER_SWAP_FRAME (AFTER GLSurfaceView swap frame)
W/GLSurfaceView(  846): <97264.50>  --- [01;31m[Kxzl[m[K --- APP_BEFORE_DRAW_FRAME (BEFORE GLSurfaceView DrawFrame)
W/APP     (  846): [01;31m[Kxzl[m[K: ===> entering onDrawFrame: <97264> 
W/APP     (  846): [01;31m[Kxzl[m[K: ===> done onDrawFrame: <97264> 
W/GLSurfaceView(  846): <97264.89>  --- [01;31m[Kxzl[m[K --- APP_AFTER_DRAW_FRAME (AFTER GLSurfaceView DrawFrame)
W/GLSurfaceView(  846): <97265.01>  --- [01;31m[Kxzl[m[K --- APP_BEFORE_SWAP_FRAME (BEFORE GLSurfaceView swap frame)
D/SurfaceTextureClient(  846): <97265.38> [01;31m[Kxzl[m[K SurfaceTextureClient::queueBuffer
D/SurfaceFlinger(  116): <97265.45>  --- [01;31m[Kxzl[m[K SF_QUEUE_FRAME (Layer::onFrameQueued)
W/APP     (  846): [01;31m[Kxzl[m[K: ===> ev hits user code: <97272>  {97271} since event: 1 ms
D/InputDispatcher(  201): <97272.27> ########### [01;31m[Kxzl[m[K finishDispatchCycle: 1.04ms since event, 0.43ms since dispatch
D/SurfaceFlinger(  116): <97281.06>  ----- [01;31m[Kxzl[m[K SF_AFTER_SWAP_FB (SurfaceFlinger::composeSurfaces() swap fb done)  ------
D/SurfaceFlinger(  116): <97281.19>  ----- [01;31m[Kxzl[m[K SF_BEFORE_SWAP_FB (SurfaceFlinger::composeSurfaces compose done, prepare to swap fb) ------
W/GLSurfaceView(  846): <97281.37>  --- [01;31m[Kxzl[m[K --- APP_AFTER_SWAP_FRAME (AFTER GLSurfaceView swap frame)
W/GLSurfaceView(  846): <97281.56>  --- [01;31m[Kxzl[m[K --- APP_BEFORE_DRAW_FRAME (BEFORE GLSurfaceView DrawFrame)
W/APP     (  846): [01;31m[Kxzl[m[K: ===> entering onDrawFrame: <97281> 
W/APP     (  846): [01;31m[Kxzl[m[K: ===> ev hits user code: <97281>  {97280} since event: 1 ms
W/APP     (  846): [01;31m[Kxzl[m[K: ===> done onDrawFrame: <97281> 
D/InputDispatcher(  201): <97282.02> ########### [01;31m[Kxzl[m[K finishDispatchCycle: 1.22ms since event, 0.40ms since dispatch
W/GLSurfaceView(  846): <97281.95>  --- [01;31m[Kxzl[m[K --- APP_AFTER_DRAW_FRAME (AFTER GLSurfaceView DrawFrame)
W/GLSurfaceView(  846): <97282.10>  --- [01;31m[Kxzl[m[K --- APP_BEFORE_SWAP_FRAME (BEFORE GLSurfaceView swap frame)
D/SurfaceTextureClient(  846): <97282.48> [01;31m[Kxzl[m[K SurfaceTextureClient::queueBuffer
D/SurfaceFlinger(  116): <97282.56>  --- [01;31m[Kxzl[m[K SF_QUEUE_FRAME (Layer::onFrameQueued)
W/APP     (  846): [01;31m[Kxzl[m[K: ===> ev hits user code: <97291>  {97290} since event: 1 ms
D/InputDispatcher(  201): <97292.05> ########### [01;31m[Kxzl[m[K finishDispatchCycle: 1.31ms since event, 0.58ms since dispatch
D/SurfaceFlinger(  116): <97298.52>  ----- [01;31m[Kxzl[m[K SF_AFTER_SWAP_FB (SurfaceFlinger::composeSurfaces() swap fb done)  ------
D/SurfaceFlinger(  116): <97298.80>  ----- [01;31m[Kxzl[m[K SF_BEFORE_SWAP_FB (SurfaceFlinger::composeSurfaces compose done, prepare to swap fb) ------
W/GLSurfaceView(  846): <97298.77>  --- [01;31m[Kxzl[m[K --- APP_AFTER_SWAP_FRAME (AFTER GLSurfaceView swap frame)
W/GLSurfaceView(  846): <97299.04>  --- [01;31m[Kxzl[m[K --- APP_BEFORE_DRAW_FRAME (BEFORE GLSurfaceView DrawFrame)
W/APP     (  846): [01;31m[Kxzl[m[K: ===> entering onDrawFrame: <97299> 
W/APP     (  846): [01;31m[Kxzl[m[K: ===> done onDrawFrame: <97299> 
W/GLSurfaceView(  846): <97299.47>  --- [01;31m[Kxzl[m[K --- APP_AFTER_DRAW_FRAME (AFTER GLSurfaceView DrawFrame)
W/GLSurfaceView(  846): <97299.65>  --- [01;31m[Kxzl[m[K --- APP_BEFORE_SWAP_FRAME (BEFORE GLSurfaceView swap frame)
D/SurfaceTextureClient(  846): <97299.98> [01;31m[Kxzl[m[K SurfaceTextureClient::queueBuffer
D/SurfaceFlinger(  116): <97300.08>  --- [01;31m[Kxzl[m[K SF_QUEUE_FRAME (Layer::onFrameQueued)
W/APP     (  846): [01;31m[Kxzl[m[K: ===> ev hits user code: <97301>  {97300} since event: 1 ms
D/InputDispatcher(  201): <97301.79> ########### [01;31m[Kxzl[m[K finishDispatchCycle: 1.28ms since event, 0.55ms since dispatch
W/APP     (  846): [01;31m[Kxzl[m[K: ===> ev hits user code: <97311>  {97310} since event: 1 ms
D/InputDispatcher(  201): <97311.40> ########### [01;31m[Kxzl[m[K finishDispatchCycle: 1.19ms since event, 0.49ms since dispatch
D/SurfaceFlinger(  116): <97315.01>  ----- [01;31m[Kxzl[m[K SF_AFTER_SWAP_FB (SurfaceFlinger::composeSurfaces() swap fb done)  ------
D/SurfaceFlinger(  116): <97315.15>  ----- [01;31m[Kxzl[m[K SF_BEFORE_SWAP_FB (SurfaceFlinger::composeSurfaces compose done, prepare to swap fb) ------
W/GLSurfaceView(  846): <97315.22>  --- [01;31m[Kxzl[m[K --- APP_AFTER_SWAP_FRAME (AFTER GLSurfaceView swap frame)
W/GLSurfaceView(  846): <97315.49>  --- [01;31m[Kxzl[m[K --- APP_BEFORE_DRAW_FRAME (BEFORE GLSurfaceView DrawFrame)
W/APP     (  846): [01;31m[Kxzl[m[K: ===> entering onDrawFrame: <97315> 
W/APP     (  846): [01;31m[Kxzl[m[K: ===> done onDrawFrame: <97315> 
W/GLSurfaceView(  846): <97315.92>  --- [01;31m[Kxzl[m[K --- APP_AFTER_DRAW_FRAME (AFTER GLSurfaceView DrawFrame)
W/GLSurfaceView(  846): <97316.10>  --- [01;31m[Kxzl[m[K --- APP_BEFORE_SWAP_FRAME (BEFORE GLSurfaceView swap frame)
D/SurfaceTextureClient(  846): <97316.98> [01;31m[Kxzl[m[K SurfaceTextureClient::queueBuffer
D/SurfaceFlinger(  116): <97317.08>  --- [01;31m[Kxzl[m[K SF_QUEUE_FRAME (Layer::onFrameQueued)
W/APP     (  846): [01;31m[Kxzl[m[K: ===> ev hits user code: <97324>  {97319} since event: 5 ms
D/InputDispatcher(  201): <97324.22> ########### [01;31m[Kxzl[m[K finishDispatchCycle: 4.27ms since event, 0.64ms since dispatch
W/APP     (  846): [01;31m[Kxzl[m[K: ===> ev hits user code: <97330>  {97329} since event: 1 ms
D/InputDispatcher(  201): <97331.14> ########### [01;31m[Kxzl[m[K finishDispatchCycle: 1.22ms since event, 0.49ms since dispatch
D/SurfaceFlinger(  116): <97331.97>  ----- [01;31m[Kxzl[m[K SF_AFTER_SWAP_FB (SurfaceFlinger::composeSurfaces() swap fb done)  ------
D/SurfaceFlinger(  116): <97332.12>  ----- [01;31m[Kxzl[m[K SF_BEFORE_SWAP_FB (SurfaceFlinger::composeSurfaces compose done, prepare to swap fb) ------
W/GLSurfaceView(  846): <97332.18>  --- [01;31m[Kxzl[m[K --- APP_AFTER_SWAP_FRAME (AFTER GLSurfaceView swap frame)
W/GLSurfaceView(  846): <97332.46>  --- [01;31m[Kxzl[m[K --- APP_BEFORE_DRAW_FRAME (BEFORE GLSurfaceView DrawFrame)
W/APP     (  846): [01;31m[Kxzl[m[K: ===> entering onDrawFrame: <97332> 
W/APP     (  846): [01;31m[Kxzl[m[K: ===> done onDrawFrame: <97332> 
W/GLSurfaceView(  846): <97332.89>  --- [01;31m[Kxzl[m[K --- APP_AFTER_DRAW_FRAME (AFTER GLSurfaceView DrawFrame)
W/GLSurfaceView(  846): <97333.04>  --- [01;31m[Kxzl[m[K --- APP_BEFORE_SWAP_FRAME (BEFORE GLSurfaceView swap frame)
D/SurfaceTextureClient(  846): <97333.56> [01;31m[Kxzl[m[K SurfaceTextureClient::queueBuffer
D/SurfaceFlinger(  116): <97333.65>  --- [01;31m[Kxzl[m[K SF_QUEUE_FRAME (Layer::onFrameQueued)
W/APP     (  846): [01;31m[Kxzl[m[K: ===> ev hits user code: <97340>  {97339} since event: 1 ms
D/InputDispatcher(  201): <97340.60> ########### [01;31m[Kxzl[m[K finishDispatchCycle: 1.19ms since event, 0.46ms since dispatch
D/SurfaceFlinger(  116): <97349.15>  ----- [01;31m[Kxzl[m[K SF_AFTER_SWAP_FB (SurfaceFlinger::composeSurfaces() swap fb done)  ------
D/SurfaceFlinger(  116): <97349.27>  ----- [01;31m[Kxzl[m[K SF_BEFORE_SWAP_FB (SurfaceFlinger::composeSurfaces compose done, prepare to swap fb) ------
W/GLSurfaceView(  846): <97349.33>  --- [01;31m[Kxzl[m[K --- APP_AFTER_SWAP_FRAME (AFTER GLSurfaceView swap frame)
W/GLSurfaceView(  846): <97349.58>  --- [01;31m[Kxzl[m[K --- APP_BEFORE_DRAW_FRAME (BEFORE GLSurfaceView DrawFrame)
W/APP     (  846): [01;31m[Kxzl[m[K: ===> entering onDrawFrame: <97349> 
W/APP     (  846): [01;31m[Kxzl[m[K: ===> done onDrawFrame: <97349> 
W/GLSurfaceView(  846): <97350.01>  --- [01;31m[Kxzl[m[K --- APP_AFTER_DRAW_FRAME (AFTER GLSurfaceView DrawFrame)
W/APP     (  846): [01;31m[Kxzl[m[K: ===> ev hits user code: <97350>  {97349} since event: 1 ms
W/GLSurfaceView(  846): <97350.16>  --- [01;31m[Kxzl[m[K --- APP_BEFORE_SWAP_FRAME (BEFORE GLSurfaceView swap frame)
D/InputDispatcher(  201): <97350.52> ########### [01;31m[Kxzl[m[K finishDispatchCycle: 1.43ms since event, 0.49ms since dispatch
D/SurfaceTextureClient(  846): <97350.95> [01;31m[Kxzl[m[K SurfaceTextureClient::queueBuffer
D/SurfaceFlinger(  116): <97351.04>  --- [01;31m[Kxzl[m[K SF_QUEUE_FRAME (Layer::onFrameQueued)
W/APP     (  846): [01;31m[Kxzl[m[K: ===> ev hits user code: <97359>  {97358} since event: 1 ms
D/InputDispatcher(  201): <97359.83> ########### [01;31m[Kxzl[m[K finishDispatchCycle: 1.19ms since event, 0.55ms since dispatch
D/SurfaceFlinger(  116): <97366.67>  ----- [01;31m[Kxzl[m[K SF_AFTER_SWAP_FB (SurfaceFlinger::composeSurfaces() swap fb done)  ------
D/SurfaceFlinger(  116): <97367.01>  ----- [01;31m[Kxzl[m[K SF_BEFORE_SWAP_FB (SurfaceFlinger::composeSurfaces compose done, prepare to swap fb) ------
W/GLSurfaceView(  846): <97368.84>  --- [01;31m[Kxzl[m[K --- APP_AFTER_SWAP_FRAME (AFTER GLSurfaceView swap frame)
W/GLSurfaceView(  846): <97369.11>  --- [01;31m[Kxzl[m[K --- APP_BEFORE_DRAW_FRAME (BEFORE GLSurfaceView DrawFrame)
W/APP     (  846): [01;31m[Kxzl[m[K: ===> entering onDrawFrame: <97369> 
W/APP     (  846): [01;31m[Kxzl[m[K: ===> done onDrawFrame: <97369> 
W/GLSurfaceView(  846): <97369.60>  --- [01;31m[Kxzl[m[K --- APP_AFTER_DRAW_FRAME (AFTER GLSurfaceView DrawFrame)
W/GLSurfaceView(  846): <97369.78>  --- [01;31m[Kxzl[m[K --- APP_BEFORE_SWAP_FRAME (BEFORE GLSurfaceView swap frame)
W/APP     (  846): [01;31m[Kxzl[m[K: ===> ev hits user code: <97370>  {97368} since event: 2 ms
D/InputDispatcher(  201): <97370.85> ########### [01;31m[Kxzl[m[K finishDispatchCycle: 2.20ms since event, 0.46ms since dispatch
D/SurfaceTextureClient(  846): <97371.06> [01;31m[Kxzl[m[K SurfaceTextureClient::queueBuffer
D/SurfaceFlinger(  116): <97371.15>  --- [01;31m[Kxzl[m[K SF_QUEUE_FRAME (Layer::onFrameQueued)
W/APP     (  846): [01;31m[Kxzl[m[K: ===> ev hits user code: <97379>  {97378} since event: 1 ms
D/InputDispatcher(  201): <97379.30> ########### [01;31m[Kxzl[m[K finishDispatchCycle: 1.13ms since event, 0.40ms since dispatch
D/SurfaceFlinger(  116): <97382.81>  ----- [01;31m[Kxzl[m[K SF_AFTER_SWAP_FB (SurfaceFlinger::composeSurfaces() swap fb done)  ------
D/SurfaceFlinger(  116): <97382.97>  ----- [01;31m[Kxzl[m[K SF_BEFORE_SWAP_FB (SurfaceFlinger::composeSurfaces compose done, prepare to swap fb) ------
W/GLSurfaceView(  846): <97383.18>  --- [01;31m[Kxzl[m[K --- APP_AFTER_SWAP_FRAME (AFTER GLSurfaceView swap frame)
W/GLSurfaceView(  846): <97383.39>  --- [01;31m[Kxzl[m[K --- APP_BEFORE_DRAW_FRAME (BEFORE GLSurfaceView DrawFrame)
W/APP     (  846): [01;31m[Kxzl[m[K: ===> entering onDrawFrame: <97383> 
W/APP     (  846): [01;31m[Kxzl[m[K: ===> done onDrawFrame: <97383> 
W/GLSurfaceView(  846): <97383.79>  --- [01;31m[Kxzl[m[K --- APP_AFTER_DRAW_FRAME (AFTER GLSurfaceView DrawFrame)
W/GLSurfaceView(  846): <97383.94>  --- [01;31m[Kxzl[m[K --- APP_BEFORE_SWAP_FRAME (BEFORE GLSurfaceView swap frame)
D/SurfaceTextureClient(  846): <97384.30> [01;31m[Kxzl[m[K SurfaceTextureClient::queueBuffer
D/SurfaceFlinger(  116): <97384.37>  --- [01;31m[Kxzl[m[K SF_QUEUE_FRAME (Layer::onFrameQueued)
W/APP     (  846): [01;31m[Kxzl[m[K: ===> ev hits user code: <97388>  {97387} since event: 1 ms
D/InputDispatcher(  201): <97388.91> ########### [01;31m[Kxzl[m[K finishDispatchCycle: 1.04ms since event, 0.43ms since dispatch
W/APP     (  846): [01;31m[Kxzl[m[K: ===> ev hits user code: <97398>  {97397} since event: 1 ms
D/InputDispatcher(  201): <97398.53> ########### [01;31m[Kxzl[m[K finishDispatchCycle: 1.01ms since event, 0.40ms since dispatch
D/SurfaceFlinger(  116): <97399.75>  ----- [01;31m[Kxzl[m[K SF_AFTER_SWAP_FB (SurfaceFlinger::composeSurfaces() swap fb done)  ------
D/SurfaceFlinger(  116): <97399.91>  ----- [01;31m[Kxzl[m[K SF_BEFORE_SWAP_FB (SurfaceFlinger::composeSurfaces compose done, prepare to swap fb) ------
W/GLSurfaceView(  846): <97400.15>  --- [01;31m[Kxzl[m[K --- APP_AFTER_SWAP_FRAME (AFTER GLSurfaceView swap frame)
W/GLSurfaceView(  846): <97400.36>  --- [01;31m[Kxzl[m[K --- APP_BEFORE_DRAW_FRAME (BEFORE GLSurfaceView DrawFrame)
W/APP     (  846): [01;31m[Kxzl[m[K: ===> entering onDrawFrame: <97400> 
W/APP     (  846): [01;31m[Kxzl[m[K: ===> done onDrawFrame: <97400> 
W/GLSurfaceView(  846): <97400.79>  --- [01;31m[Kxzl[m[K --- APP_AFTER_DRAW_FRAME (AFTER GLSurfaceView DrawFrame)
W/GLSurfaceView(  846): <97400.94>  --- [01;31m[Kxzl[m[K --- APP_BEFORE_SWAP_FRAME (BEFORE GLSurfaceView swap frame)
D/SurfaceTextureClient(  846): <97401.27> [01;31m[Kxzl[m[K SurfaceTextureClient::queueBuffer
D/SurfaceFlinger(  116): <97401.34>  --- [01;31m[Kxzl[m[K SF_QUEUE_FRAME (Layer::onFrameQueued)
W/APP     (  846): [01;31m[Kxzl[m[K: ===> ev hits user code: <97408>  {97407} since event: 1 ms
D/InputDispatcher(  201): <97408.66> ########### [01;31m[Kxzl[m[K finishDispatchCycle: 1.19ms since event, 0.49ms since dispatch
D/SurfaceFlinger(  116): <97417.27>  ----- [01;31m[Kxzl[m[K SF_AFTER_SWAP_FB (SurfaceFlinger::composeSurfaces() swap fb done)  ------
D/SurfaceFlinger(  116): <97417.45>  ----- [01;31m[Kxzl[m[K SF_BEFORE_SWAP_FB (SurfaceFlinger::composeSurfaces compose done, prepare to swap fb) ------
W/GLSurfaceView(  846): <97417.51>  --- [01;31m[Kxzl[m[K --- APP_AFTER_SWAP_FRAME (AFTER GLSurfaceView swap frame)
W/GLSurfaceView(  846): <97417.79>  --- [01;31m[Kxzl[m[K --- APP_BEFORE_DRAW_FRAME (BEFORE GLSurfaceView DrawFrame)
W/APP     (  846): [01;31m[Kxzl[m[K: ===> entering onDrawFrame: <97417> 
W/APP     (  846): [01;31m[Kxzl[m[K: ===> done onDrawFrame: <97417> 
W/GLSurfaceView(  846): <97418.27>  --- [01;31m[Kxzl[m[K --- APP_AFTER_DRAW_FRAME (AFTER GLSurfaceView DrawFrame)
W/GLSurfaceView(  846): <97418.46>  --- [01;31m[Kxzl[m[K --- APP_BEFORE_SWAP_FRAME (BEFORE GLSurfaceView swap frame)
W/APP     (  846): [01;31m[Kxzl[m[K: ===> ev hits user code: <97418>  {97417} since event: 1 ms
D/InputDispatcher(  201): <97418.89> ########### [01;31m[Kxzl[m[K finishDispatchCycle: 1.65ms since event, 0.61ms since dispatch
D/SurfaceTextureClient(  846): <97419.74> [01;31m[Kxzl[m[K SurfaceTextureClient::queueBuffer
D/SurfaceFlinger(  116): <97419.83>  --- [01;31m[Kxzl[m[K SF_QUEUE_FRAME (Layer::onFrameQueued)
W/APP     (  846): [01;31m[Kxzl[m[K: ===> ev hits user code: <97428>  {97427} since event: 1 ms
D/InputDispatcher(  201): <97428.23> ########### [01;31m[Kxzl[m[K finishDispatchCycle: 1.16ms since event, 0.52ms since dispatch
D/SurfaceFlinger(  116): <97434.97>  ----- [01;31m[Kxzl[m[K SF_AFTER_SWAP_FB (SurfaceFlinger::composeSurfaces() swap fb done)  ------
D/SurfaceFlinger(  116): <97435.39>  ----- [01;31m[Kxzl[m[K SF_BEFORE_SWAP_FB (SurfaceFlinger::composeSurfaces compose done, prepare to swap fb) ------
W/GLSurfaceView(  846): <97435.42>  --- [01;31m[Kxzl[m[K --- APP_AFTER_SWAP_FRAME (AFTER GLSurfaceView swap frame)
W/GLSurfaceView(  846): <97435.67>  --- [01;31m[Kxzl[m[K --- APP_BEFORE_DRAW_FRAME (BEFORE GLSurfaceView DrawFrame)
W/APP     (  846): [01;31m[Kxzl[m[K: ===> entering onDrawFrame: <97435> 
W/APP     (  846): [01;31m[Kxzl[m[K: ===> done onDrawFrame: <97435> 
W/GLSurfaceView(  846): <97437.19>  --- [01;31m[Kxzl[m[K --- APP_AFTER_DRAW_FRAME (AFTER GLSurfaceView DrawFrame)
W/GLSurfaceView(  846): <97437.38>  --- [01;31m[Kxzl[m[K --- APP_BEFORE_SWAP_FRAME (BEFORE GLSurfaceView swap frame)
W/APP     (  846): [01;31m[Kxzl[m[K: ===> ev hits user code: <97438>  {97436} since event: 2 ms
D/InputDispatcher(  201): <97438.41> ########### [01;31m[Kxzl[m[K finishDispatchCycle: 1.43ms since event, 0.49ms since dispatch
D/SurfaceTextureClient(  846): <97438.66> [01;31m[Kxzl[m[K SurfaceTextureClient::queueBuffer
D/SurfaceFlinger(  116): <97438.79>  --- [01;31m[Kxzl[m[K SF_QUEUE_FRAME (Layer::onFrameQueued)
W/APP     (  846): [01;31m[Kxzl[m[K: ===> ev hits user code: <97447>  {97446} since event: 1 ms
D/InputDispatcher(  201): <97447.91> ########### [01;31m[Kxzl[m[K finishDispatchCycle: 1.22ms since event, 0.49ms since dispatch
D/SurfaceFlinger(  116): <97450.59>  ----- [01;31m[Kxzl[m[K SF_AFTER_SWAP_FB (SurfaceFlinger::composeSurfaces() swap fb done)  ------
D/SurfaceFlinger(  116): <97450.74>  ----- [01;31m[Kxzl[m[K SF_BEFORE_SWAP_FB (SurfaceFlinger::composeSurfaces compose done, prepare to swap fb) ------
W/GLSurfaceView(  846): <97450.96>  --- [01;31m[Kxzl[m[K --- APP_AFTER_SWAP_FRAME (AFTER GLSurfaceView swap frame)
W/GLSurfaceView(  846): <97451.17>  --- [01;31m[Kxzl[m[K --- APP_BEFORE_DRAW_FRAME (BEFORE GLSurfaceView DrawFrame)
W/APP     (  846): [01;31m[Kxzl[m[K: ===> entering onDrawFrame: <97451> 
W/APP     (  846): [01;31m[Kxzl[m[K: ===> done onDrawFrame: <97451> 
W/GLSurfaceView(  846): <97451.63>  --- [01;31m[Kxzl[m[K --- APP_AFTER_DRAW_FRAME (AFTER GLSurfaceView DrawFrame)
W/GLSurfaceView(  846): <97451.78>  --- [01;31m[Kxzl[m[K --- APP_BEFORE_SWAP_FRAME (BEFORE GLSurfaceView swap frame)
D/SurfaceTextureClient(  846): <97452.12> [01;31m[Kxzl[m[K SurfaceTextureClient::queueBuffer
D/SurfaceFlinger(  116): <97452.21>  --- [01;31m[Kxzl[m[K SF_QUEUE_FRAME (Layer::onFrameQueued)
W/APP     (  846): [01;31m[Kxzl[m[K: ===> ev hits user code: <97457>  {97456} since event: 1 ms
D/InputDispatcher(  201): <97457.66> ########### [01;31m[Kxzl[m[K finishDispatchCycle: 1.04ms since event, 0.43ms since dispatch
W/APP     (  846): [01;31m[Kxzl[m[K: ===> ev hits user code: <97467>  {97466} since event: 1 ms
D/InputDispatcher(  201): <97467.20> ########### [01;31m[Kxzl[m[K finishDispatchCycle: 1.04ms since event, 0.40ms since dispatch
D/SurfaceFlinger(  116): <97467.55>  ----- [01;31m[Kxzl[m[K SF_AFTER_SWAP_FB (SurfaceFlinger::composeSurfaces() swap fb done)  ------
D/SurfaceFlinger(  116): <97467.68>  ----- [01;31m[Kxzl[m[K SF_BEFORE_SWAP_FB (SurfaceFlinger::composeSurfaces compose done, prepare to swap fb) ------
W/GLSurfaceView(  846): <97467.90>  --- [01;31m[Kxzl[m[K --- APP_AFTER_SWAP_FRAME (AFTER GLSurfaceView swap frame)
W/GLSurfaceView(  846): <97468.08>  --- [01;31m[Kxzl[m[K --- APP_BEFORE_DRAW_FRAME (BEFORE GLSurfaceView DrawFrame)
W/APP     (  846): [01;31m[Kxzl[m[K: ===> entering onDrawFrame: <97468> 
W/APP     (  846): [01;31m[Kxzl[m[K: ===> done onDrawFrame: <97468> 
W/GLSurfaceView(  846): <97468.44>  --- [01;31m[Kxzl[m[K --- APP_AFTER_DRAW_FRAME (AFTER GLSurfaceView DrawFrame)
W/GLSurfaceView(  846): <97468.60>  --- [01;31m[Kxzl[m[K --- APP_BEFORE_SWAP_FRAME (BEFORE GLSurfaceView swap frame)
D/SurfaceTextureClient(  846): <97468.88> [01;31m[Kxzl[m[K SurfaceTextureClient::queueBuffer
D/SurfaceFlinger(  116): <97468.93>  --- [01;31m[Kxzl[m[K SF_QUEUE_FRAME (Layer::onFrameQueued)
W/APP     (  846): [01;31m[Kxzl[m[K: ===> ev hits user code: <97476>  {97475} since event: 1 ms
D/InputDispatcher(  201): <97477.02> ########### [01;31m[Kxzl[m[K finishDispatchCycle: 1.13ms since event, 0.52ms since dispatch
D/SurfaceFlinger(  116): <97485.88>  ----- [01;31m[Kxzl[m[K SF_AFTER_SWAP_FB (SurfaceFlinger::composeSurfaces() swap fb done)  ------
D/SurfaceFlinger(  116): <97486.09>  ----- [01;31m[Kxzl[m[K SF_BEFORE_SWAP_FB (SurfaceFlinger::composeSurfaces compose done, prepare to swap fb) ------
W/GLSurfaceView(  846): <97486.45>  --- [01;31m[Kxzl[m[K --- APP_AFTER_SWAP_FRAME (AFTER GLSurfaceView swap frame)
W/GLSurfaceView(  846): <97486.76>  --- [01;31m[Kxzl[m[K --- APP_BEFORE_DRAW_FRAME (BEFORE GLSurfaceView DrawFrame)
W/APP     (  846): [01;31m[Kxzl[m[K: ===> entering onDrawFrame: <97486> 
W/APP     (  846): [01;31m[Kxzl[m[K: ===> done onDrawFrame: <97486> 
W/GLSurfaceView(  846): <97487.37>  --- [01;31m[Kxzl[m[K --- APP_AFTER_DRAW_FRAME (AFTER GLSurfaceView DrawFrame)
W/APP     (  846): [01;31m[Kxzl[m[K: ===> ev hits user code: <97487>  {97485} since event: 2 ms
W/GLSurfaceView(  846): <97487.61>  --- [01;31m[Kxzl[m[K --- APP_BEFORE_SWAP_FRAME (BEFORE GLSurfaceView swap frame)
D/InputDispatcher(  201): <97487.91> ########### [01;31m[Kxzl[m[K finishDispatchCycle: 2.05ms since event, 0.55ms since dispatch
D/SurfaceTextureClient(  846): <97488.46> [01;31m[Kxzl[m[K SurfaceTextureClient::queueBuffer
D/SurfaceFlinger(  116): <97488.59>  --- [01;31m[Kxzl[m[K SF_QUEUE_FRAME (Layer::onFrameQueued)
W/APP     (  846): [01;31m[Kxzl[m[K: ===> ev hits user code: <97497>  {97495} since event: 2 ms
D/InputDispatcher(  201): <97497.20> ########### [01;31m[Kxzl[m[K finishDispatchCycle: 1.31ms since event, 0.55ms since dispatch
D/SurfaceFlinger(  116): <97501.46>  ----- [01;31m[Kxzl[m[K SF_AFTER_SWAP_FB (SurfaceFlinger::composeSurfaces() swap fb done)  ------
D/SurfaceFlinger(  116): <97501.62>  ----- [01;31m[Kxzl[m[K SF_BEFORE_SWAP_FB (SurfaceFlinger::composeSurfaces compose done, prepare to swap fb) ------
W/GLSurfaceView(  846): <97501.83>  --- [01;31m[Kxzl[m[K --- APP_AFTER_SWAP_FRAME (AFTER GLSurfaceView swap frame)
W/GLSurfaceView(  846): <97502.04>  --- [01;31m[Kxzl[m[K --- APP_BEFORE_DRAW_FRAME (BEFORE GLSurfaceView DrawFrame)
W/APP     (  846): [01;31m[Kxzl[m[K: ===> entering onDrawFrame: <97502> 
W/APP     (  846): [01;31m[Kxzl[m[K: ===> done onDrawFrame: <97502> 
W/GLSurfaceView(  846): <97502.44>  --- [01;31m[Kxzl[m[K --- APP_AFTER_DRAW_FRAME (AFTER GLSurfaceView DrawFrame)
W/GLSurfaceView(  846): <97502.59>  --- [01;31m[Kxzl[m[K --- APP_BEFORE_SWAP_FRAME (BEFORE GLSurfaceView swap frame)
D/SurfaceTextureClient(  846): <97503.02> [01;31m[Kxzl[m[K SurfaceTextureClient::queueBuffer
D/SurfaceFlinger(  116): <97503.45>  --- [01;31m[Kxzl[m[K SF_QUEUE_FRAME (Layer::onFrameQueued)
W/APP     (  846): [01;31m[Kxzl[m[K: ===> ev hits user code: <97506>  {97505} since event: 1 ms
D/InputDispatcher(  201): <97506.47> ########### [01;31m[Kxzl[m[K finishDispatchCycle: 1.10ms since event, 0.43ms since dispatch
W/APP     (  846): [01;31m[Kxzl[m[K: ===> ev hits user code: <97516>  {97515} since event: 1 ms
D/InputDispatcher(  201): <97516.32> ########### [01;31m[Kxzl[m[K finishDispatchCycle: 1.16ms since event, 0.49ms since dispatch
D/SurfaceFlinger(  116): <97518.44>  ----- [01;31m[Kxzl[m[K SF_AFTER_SWAP_FB (SurfaceFlinger::composeSurfaces() swap fb done)  ------
D/SurfaceFlinger(  116): <97518.55>  ----- [01;31m[Kxzl[m[K SF_BEFORE_SWAP_FB (SurfaceFlinger::composeSurfaces compose done, prepare to swap fb) ------
W/GLSurfaceView(  846): <97518.77>  --- [01;31m[Kxzl[m[K --- APP_AFTER_SWAP_FRAME (AFTER GLSurfaceView swap frame)
W/GLSurfaceView(  846): <97518.98>  --- [01;31m[Kxzl[m[K --- APP_BEFORE_DRAW_FRAME (BEFORE GLSurfaceView DrawFrame)
W/APP     (  846): [01;31m[Kxzl[m[K: ===> entering onDrawFrame: <97519> 
W/APP     (  846): [01;31m[Kxzl[m[K: ===> done onDrawFrame: <97519> 
W/GLSurfaceView(  846): <97519.38>  --- [01;31m[Kxzl[m[K --- APP_AFTER_DRAW_FRAME (AFTER GLSurfaceView DrawFrame)
W/GLSurfaceView(  846): <97519.53>  --- [01;31m[Kxzl[m[K --- APP_BEFORE_SWAP_FRAME (BEFORE GLSurfaceView swap frame)
D/SurfaceTextureClient(  846): <97520.99> [01;31m[Kxzl[m[K SurfaceTextureClient::queueBuffer
D/SurfaceFlinger(  116): <97521.05>  --- [01;31m[Kxzl[m[K SF_QUEUE_FRAME (Layer::onFrameQueued)
W/APP     (  846): [01;31m[Kxzl[m[K: ===> ev hits user code: <97526>  {97525} since event: 1 ms
D/InputDispatcher(  201): <97526.24> ########### [01;31m[Kxzl[m[K finishDispatchCycle: 1.04ms since event, 0.43ms since dispatch
D/SurfaceFlinger(  116): <97535.40>  ----- [01;31m[Kxzl[m[K SF_AFTER_SWAP_FB (SurfaceFlinger::composeSurfaces() swap fb done)  ------
D/SurfaceFlinger(  116): <97535.49>  ----- [01;31m[Kxzl[m[K SF_BEFORE_SWAP_FB (SurfaceFlinger::composeSurfaces compose done, prepare to swap fb) ------
W/APP     (  846): [01;31m[Kxzl[m[K: ===> ev hits user code: <97535>  {97534} since event: 1 ms
W/GLSurfaceView(  846): <97535.74>  --- [01;31m[Kxzl[m[K --- APP_AFTER_SWAP_FRAME (AFTER GLSurfaceView swap frame)
D/InputDispatcher(  201): <97536.04> ########### [01;31m[Kxzl[m[K finishDispatchCycle: 1.19ms since event, 0.58ms since dispatch
W/GLSurfaceView(  846): <97535.95>  --- [01;31m[Kxzl[m[K --- APP_BEFORE_DRAW_FRAME (BEFORE GLSurfaceView DrawFrame)
W/APP     (  846): [01;31m[Kxzl[m[K: ===> entering onDrawFrame: <97536> 
W/APP     (  846): [01;31m[Kxzl[m[K: ===> done onDrawFrame: <97536> 
W/GLSurfaceView(  846): <97536.38>  --- [01;31m[Kxzl[m[K --- APP_AFTER_DRAW_FRAME (AFTER GLSurfaceView DrawFrame)
W/GLSurfaceView(  846): <97536.50>  --- [01;31m[Kxzl[m[K --- APP_BEFORE_SWAP_FRAME (BEFORE GLSurfaceView swap frame)
D/SurfaceTextureClient(  846): <97536.99> [01;31m[Kxzl[m[K SurfaceTextureClient::queueBuffer
D/SurfaceFlinger(  116): <97537.05>  --- [01;31m[Kxzl[m[K SF_QUEUE_FRAME (Layer::onFrameQueued)
W/APP     (  846): [01;31m[Kxzl[m[K: ===> ev hits user code: <97545>  {97544} since event: 1 ms
D/InputDispatcher(  201): <97545.56> ########### [01;31m[Kxzl[m[K finishDispatchCycle: 1.07ms since event, 0.46ms since dispatch
D/SurfaceFlinger(  116): <97552.34>  ----- [01;31m[Kxzl[m[K SF_AFTER_SWAP_FB (SurfaceFlinger::composeSurfaces() swap fb done)  ------
D/SurfaceFlinger(  116): <97552.49>  ----- [01;31m[Kxzl[m[K SF_BEFORE_SWAP_FB (SurfaceFlinger::composeSurfaces compose done, prepare to swap fb) ------
W/GLSurfaceView(  846): <97552.70>  --- [01;31m[Kxzl[m[K --- APP_AFTER_SWAP_FRAME (AFTER GLSurfaceView swap frame)
W/GLSurfaceView(  846): <97552.95>  --- [01;31m[Kxzl[m[K --- APP_BEFORE_DRAW_FRAME (BEFORE GLSurfaceView DrawFrame)
W/APP     (  846): [01;31m[Kxzl[m[K: ===> entering onDrawFrame: <97553> 
W/APP     (  846): [01;31m[Kxzl[m[K: ===> done onDrawFrame: <97553> 
W/GLSurfaceView(  846): <97553.34>  --- [01;31m[Kxzl[m[K --- APP_AFTER_DRAW_FRAME (AFTER GLSurfaceView DrawFrame)
W/GLSurfaceView(  846): <97553.50>  --- [01;31m[Kxzl[m[K --- APP_BEFORE_SWAP_FRAME (BEFORE GLSurfaceView swap frame)
D/SurfaceTextureClient(  846): <97554.02> [01;31m[Kxzl[m[K SurfaceTextureClient::queueBuffer
D/SurfaceFlinger(  116): <97554.32>  --- [01;31m[Kxzl[m[K SF_QUEUE_FRAME (Layer::onFrameQueued)
W/APP     (  846): [01;31m[Kxzl[m[K: ===> ev hits user code: <97555>  {97554} since event: 1 ms
D/InputDispatcher(  201): <97555.57> ########### [01;31m[Kxzl[m[K finishDispatchCycle: 1.31ms since event, 0.46ms since dispatch
W/APP     (  846): [01;31m[Kxzl[m[K: ===> ev hits user code: <97565>  {97563} since event: 2 ms
D/InputDispatcher(  201): <97565.62> ########### [01;31m[Kxzl[m[K finishDispatchCycle: 1.65ms since event, 0.52ms since dispatch
D/SurfaceFlinger(  116): <97569.30>  ----- [01;31m[Kxzl[m[K SF_AFTER_SWAP_FB (SurfaceFlinger::composeSurfaces() swap fb done)  ------
D/SurfaceFlinger(  116): <97569.45>  ----- [01;31m[Kxzl[m[K SF_BEFORE_SWAP_FB (SurfaceFlinger::composeSurfaces compose done, prepare to swap fb) ------
W/GLSurfaceView(  846): <97569.70>  --- [01;31m[Kxzl[m[K --- APP_AFTER_SWAP_FRAME (AFTER GLSurfaceView swap frame)
W/GLSurfaceView(  846): <97570.01>  --- [01;31m[Kxzl[m[K --- APP_BEFORE_DRAW_FRAME (BEFORE GLSurfaceView DrawFrame)
W/APP     (  846): [01;31m[Kxzl[m[K: ===> entering onDrawFrame: <97570> 
W/APP     (  846): [01;31m[Kxzl[m[K: ===> done onDrawFrame: <97570> 
W/GLSurfaceView(  846): <97570.47>  --- [01;31m[Kxzl[m[K --- APP_AFTER_DRAW_FRAME (AFTER GLSurfaceView DrawFrame)
W/GLSurfaceView(  846): <97570.65>  --- [01;31m[Kxzl[m[K --- APP_BEFORE_SWAP_FRAME (BEFORE GLSurfaceView swap frame)
D/SurfaceTextureClient(  846): <97571.13> [01;31m[Kxzl[m[K SurfaceTextureClient::queueBuffer
D/SurfaceFlinger(  116): <97572.23>  --- [01;31m[Kxzl[m[K SF_QUEUE_FRAME (Layer::onFrameQueued)
W/APP     (  846): [01;31m[Kxzl[m[K: ===> ev hits user code: <97575>  {97573} since event: 2 ms
D/InputDispatcher(  201): <97575.23> ########### [01;31m[Kxzl[m[K finishDispatchCycle: 1.34ms since event, 0.61ms since dispatch
W/APP     (  846): [01;31m[Kxzl[m[K: ===> ev hits user code: <97584>  {97583} since event: 1 ms
D/InputDispatcher(  201): <97584.65> ########### [01;31m[Kxzl[m[K finishDispatchCycle: 1.19ms since event, 0.58ms since dispatch
D/SurfaceFlinger(  116): <97586.27>  ----- [01;31m[Kxzl[m[K SF_AFTER_SWAP_FB (SurfaceFlinger::composeSurfaces() swap fb done)  ------
D/SurfaceFlinger(  116): <97586.40>  ----- [01;31m[Kxzl[m[K SF_BEFORE_SWAP_FB (SurfaceFlinger::composeSurfaces compose done, prepare to swap fb) ------
W/GLSurfaceView(  846): <97586.61>  --- [01;31m[Kxzl[m[K --- APP_AFTER_SWAP_FRAME (AFTER GLSurfaceView swap frame)
W/GLSurfaceView(  846): <97586.85>  --- [01;31m[Kxzl[m[K --- APP_BEFORE_DRAW_FRAME (BEFORE GLSurfaceView DrawFrame)
W/APP     (  846): [01;31m[Kxzl[m[K: ===> entering onDrawFrame: <97586> 
W/APP     (  846): [01;31m[Kxzl[m[K: ===> done onDrawFrame: <97586> 
W/GLSurfaceView(  846): <97587.25>  --- [01;31m[Kxzl[m[K --- APP_AFTER_DRAW_FRAME (AFTER GLSurfaceView DrawFrame)
W/GLSurfaceView(  846): <97587.49>  --- [01;31m[Kxzl[m[K --- APP_BEFORE_SWAP_FRAME (BEFORE GLSurfaceView swap frame)
D/SurfaceTextureClient(  846): <97587.77> [01;31m[Kxzl[m[K SurfaceTextureClient::queueBuffer
D/SurfaceFlinger(  116): <97587.83>  --- [01;31m[Kxzl[m[K SF_QUEUE_FRAME (Layer::onFrameQueued)
W/APP     (  846): [01;31m[Kxzl[m[K: ===> ev hits user code: <97594>  {97593} since event: 1 ms
D/InputDispatcher(  201): <97594.73> ########### [01;31m[Kxzl[m[K finishDispatchCycle: 1.50ms since event, 0.82ms since dispatch
D/SurfaceFlinger(  116): <97603.20>  ----- [01;31m[Kxzl[m[K SF_AFTER_SWAP_FB (SurfaceFlinger::composeSurfaces() swap fb done)  ------
D/SurfaceFlinger(  116): <97603.33>  ----- [01;31m[Kxzl[m[K SF_BEFORE_SWAP_FB (SurfaceFlinger::composeSurfaces compose done, prepare to swap fb) ------
W/GLSurfaceView(  846): <97603.58>  --- [01;31m[Kxzl[m[K --- APP_AFTER_SWAP_FRAME (AFTER GLSurfaceView swap frame)
W/GLSurfaceView(  846): <97603.82>  --- [01;31m[Kxzl[m[K --- APP_BEFORE_DRAW_FRAME (BEFORE GLSurfaceView DrawFrame)
W/APP     (  846): [01;31m[Kxzl[m[K: ===> ev hits user code: <97603>  {97603} since event: 0 ms
W/APP     (  846): [01;31m[Kxzl[m[K: ===> entering onDrawFrame: <97603> 
D/InputDispatcher(  201): <97604.03> ########### [01;31m[Kxzl[m[K finishDispatchCycle: 0.98ms since event, 0.37ms since dispatch
W/APP     (  846): [01;31m[Kxzl[m[K: ===> done onDrawFrame: <97603> 
W/GLSurfaceView(  846): <97604.25>  --- [01;31m[Kxzl[m[K --- APP_AFTER_DRAW_FRAME (AFTER GLSurfaceView DrawFrame)
W/GLSurfaceView(  846): <97604.37>  --- [01;31m[Kxzl[m[K --- APP_BEFORE_SWAP_FRAME (BEFORE GLSurfaceView swap frame)
D/SurfaceTextureClient(  846): <97604.64> [01;31m[Kxzl[m[K SurfaceTextureClient::queueBuffer
D/SurfaceFlinger(  116): <97604.74>  --- [01;31m[Kxzl[m[K SF_QUEUE_FRAME (Layer::onFrameQueued)
W/APP     (  846): [01;31m[Kxzl[m[K: ===> ev hits user code: <97614>  {97613} since event: 1 ms
D/InputDispatcher(  201): <97614.41> ########### [01;31m[Kxzl[m[K finishDispatchCycle: 1.28ms since event, 0.58ms since dispatch
D/SurfaceFlinger(  116): <97620.64>  ----- [01;31m[Kxzl[m[K SF_AFTER_SWAP_FB (SurfaceFlinger::composeSurfaces() swap fb done)  ------
D/SurfaceFlinger(  116): <97620.76>  ----- [01;31m[Kxzl[m[K SF_BEFORE_SWAP_FB (SurfaceFlinger::composeSurfaces compose done, prepare to swap fb) ------
W/GLSurfaceView(  846): <97621.03>  --- [01;31m[Kxzl[m[K --- APP_AFTER_SWAP_FRAME (AFTER GLSurfaceView swap frame)
W/GLSurfaceView(  846): <97621.31>  --- [01;31m[Kxzl[m[K --- APP_BEFORE_DRAW_FRAME (BEFORE GLSurfaceView DrawFrame)
W/APP     (  846): [01;31m[Kxzl[m[K: ===> entering onDrawFrame: <97621> 
W/APP     (  846): [01;31m[Kxzl[m[K: ===> done onDrawFrame: <97621> 
W/GLSurfaceView(  846): <97621.73>  --- [01;31m[Kxzl[m[K --- APP_AFTER_DRAW_FRAME (AFTER GLSurfaceView DrawFrame)
W/GLSurfaceView(  846): <97621.92>  --- [01;31m[Kxzl[m[K --- APP_BEFORE_SWAP_FRAME (BEFORE GLSurfaceView swap frame)
D/SurfaceTextureClient(  846): <97622.50> [01;31m[Kxzl[m[K SurfaceTextureClient::queueBuffer
D/SurfaceFlinger(  116): <97622.55>  --- [01;31m[Kxzl[m[K SF_QUEUE_FRAME (Layer::onFrameQueued)
W/APP     (  846): [01;31m[Kxzl[m[K: ===> ev hits user code: <97624>  {97622} since event: 2 ms
D/InputDispatcher(  201): <97624.23> ########### [01;31m[Kxzl[m[K finishDispatchCycle: 1.56ms since event, 0.70ms since dispatch
W/APP     (  846): [01;31m[Kxzl[m[K: ===> ev hits user code: <97633>  {97632} since event: 1 ms
D/InputDispatcher(  201): <97633.54> ########### [01;31m[Kxzl[m[K finishDispatchCycle: 1.13ms since event, 0.46ms since dispatch
D/SurfaceFlinger(  116): <97637.12>  ----- [01;31m[Kxzl[m[K SF_AFTER_SWAP_FB (SurfaceFlinger::composeSurfaces() swap fb done)  ------
D/SurfaceFlinger(  116): <97637.23>  ----- [01;31m[Kxzl[m[K SF_BEFORE_SWAP_FB (SurfaceFlinger::composeSurfaces compose done, prepare to swap fb) ------
W/GLSurfaceView(  846): <97637.48>  --- [01;31m[Kxzl[m[K --- APP_AFTER_SWAP_FRAME (AFTER GLSurfaceView swap frame)
W/GLSurfaceView(  846): <97637.70>  --- [01;31m[Kxzl[m[K --- APP_BEFORE_DRAW_FRAME (BEFORE GLSurfaceView DrawFrame)
W/APP     (  846): [01;31m[Kxzl[m[K: ===> entering onDrawFrame: <97637> 
W/APP     (  846): [01;31m[Kxzl[m[K: ===> done onDrawFrame: <97637> 
W/GLSurfaceView(  846): <97638.09>  --- [01;31m[Kxzl[m[K --- APP_AFTER_DRAW_FRAME (AFTER GLSurfaceView DrawFrame)
W/GLSurfaceView(  846): <97638.21>  --- [01;31m[Kxzl[m[K --- APP_BEFORE_SWAP_FRAME (BEFORE GLSurfaceView swap frame)
D/SurfaceTextureClient(  846): <97638.49> [01;31m[Kxzl[m[K SurfaceTextureClient::queueBuffer
D/SurfaceFlinger(  116): <97638.55>  --- [01;31m[Kxzl[m[K SF_QUEUE_FRAME (Layer::onFrameQueued)
W/APP     (  846): [01;31m[Kxzl[m[K: ===> ev hits user code: <97643>  {97642} since event: 1 ms
D/InputDispatcher(  201): <97643.49> ########### [01;31m[Kxzl[m[K finishDispatchCycle: 1.19ms since event, 0.52ms since dispatch
W/APP     (  846): [01;31m[Kxzl[m[K: ===> ev hits user code: <97652>  {97651} since event: 1 ms
D/InputDispatcher(  201): <97652.84> ########### [01;31m[Kxzl[m[K finishDispatchCycle: 0.92ms since event, 0.37ms since dispatch
D/SurfaceFlinger(  116): <97654.05>  ----- [01;31m[Kxzl[m[K SF_AFTER_SWAP_FB (SurfaceFlinger::composeSurfaces() swap fb done)  ------
D/SurfaceFlinger(  116): <97654.20>  ----- [01;31m[Kxzl[m[K SF_BEFORE_SWAP_FB (SurfaceFlinger::composeSurfaces compose done, prepare to swap fb) ------
W/GLSurfaceView(  846): <97654.42>  --- [01;31m[Kxzl[m[K --- APP_AFTER_SWAP_FRAME (AFTER GLSurfaceView swap frame)
W/GLSurfaceView(  846): <97654.60>  --- [01;31m[Kxzl[m[K --- APP_BEFORE_DRAW_FRAME (BEFORE GLSurfaceView DrawFrame)
W/APP     (  846): [01;31m[Kxzl[m[K: ===> entering onDrawFrame: <97654> 
W/APP     (  846): [01;31m[Kxzl[m[K: ===> done onDrawFrame: <97654> 
W/GLSurfaceView(  846): <97654.97>  --- [01;31m[Kxzl[m[K --- APP_AFTER_DRAW_FRAME (AFTER GLSurfaceView DrawFrame)
