D/SurfaceFlinger(  117): <84669.62>  ----- [01;31m[Kxzl[m[K SF_AFTER_SWAP_FB (SurfaceFlinger::composeSurfaces() swap fb done)  ------
D/SurfaceFlinger(  117): <84669.77>  ----- [01;31m[Kxzl[m[K SF_BEFORE_SWAP_FB (SurfaceFlinger::composeSurfaces compose done, prepare to swap fb) ------
W/GLSurfaceView(  786): <84669.80>  --- [01;31m[Kxzl[m[K --- APP_AFTER_SWAP_FRAME (AFTER GLSurfaceView swap frame)
W/GLSurfaceView(  786): <84670.07>  --- [01;31m[Kxzl[m[K --- APP_BEFORE_DRAW_FRAME (BEFORE GLSurfaceView DrawFrame)
W/APP     (  786): [01;31m[Kxzl[m[K: ===> entering onDrawFrame: <84670> 
W/APP     (  786): [01;31m[Kxzl[m[K: ===> done onDrawFrame: <84670> 
W/GLSurfaceView(  786): <84670.47>  --- [01;31m[Kxzl[m[K --- APP_AFTER_DRAW_FRAME (AFTER GLSurfaceView DrawFrame)
W/GLSurfaceView(  786): <84670.59>  --- [01;31m[Kxzl[m[K --- APP_BEFORE_SWAP_FRAME (BEFORE GLSurfaceView swap frame)
D/SurfaceTextureClient(  786): <84670.87> [01;31m[Kxzl[m[K SurfaceTextureClient::queueBuffer
D/SurfaceFlinger(  117): <84670.93>  --- [01;31m[Kxzl[m[K SF_QUEUE_FRAME (Layer::onFrameQueued)
W/INPUT   (  786): [01;31m[Kxzl[m[K: ====<84678> INPUT_GEN_EVENT: (faked - input hub generates the event)
W/APP     (  786): [01;31m[Kxzl[m[K: ===> APP_SEE_EVENT: ev hits user code: <84678>  {84678} since event: 0 ms
D/InputDispatcher(  194): <84679.17> ########### [01;31m[Kxzl[m[K finishDispatchCycle: 1.10ms since event, 0.49ms since dispatch
D/SurfaceFlinger(  117): <84687.90>  ----- [01;31m[Kxzl[m[K SF_AFTER_SWAP_FB (SurfaceFlinger::composeSurfaces() swap fb done)  ------
D/SurfaceFlinger(  117): <84688.02>  ----- [01;31m[Kxzl[m[K SF_BEFORE_SWAP_FB (SurfaceFlinger::composeSurfaces compose done, prepare to swap fb) ------
W/GLSurfaceView(  786): <84688.17>  --- [01;31m[Kxzl[m[K --- APP_AFTER_SWAP_FRAME (AFTER GLSurfaceView swap frame)
W/GLSurfaceView(  786): <84688.42>  --- [01;31m[Kxzl[m[K --- APP_BEFORE_DRAW_FRAME (BEFORE GLSurfaceView DrawFrame)
W/APP     (  786): [01;31m[Kxzl[m[K: ===> entering onDrawFrame: <84688> 
W/APP     (  786): [01;31m[Kxzl[m[K: ===> done onDrawFrame: <84688> 
W/GLSurfaceView(  786): <84688.78>  --- [01;31m[Kxzl[m[K --- APP_AFTER_DRAW_FRAME (AFTER GLSurfaceView DrawFrame)
W/GLSurfaceView(  786): <84688.93>  --- [01;31m[Kxzl[m[K --- APP_BEFORE_SWAP_FRAME (BEFORE GLSurfaceView swap frame)
D/SurfaceTextureClient(  786): <84689.66> [01;31m[Kxzl[m[K SurfaceTextureClient::queueBuffer
D/SurfaceFlinger(  117): <84689.76>  --- [01;31m[Kxzl[m[K SF_QUEUE_FRAME (Layer::onFrameQueued)
W/INPUT   (  786): [01;31m[Kxzl[m[K: ====<84687> INPUT_GEN_EVENT: (faked - input hub generates the event)
W/APP     (  786): [01;31m[Kxzl[m[K: ===> APP_SEE_EVENT: ev hits user code: <84689>  {84687} since event: 2 ms
D/InputDispatcher(  194): <84690.03> ########### [01;31m[Kxzl[m[K finishDispatchCycle: 2.17ms since event, 0.43ms since dispatch
W/INPUT   (  786): [01;31m[Kxzl[m[K: ====<84697> INPUT_GEN_EVENT: (faked - input hub generates the event)
W/APP     (  786): [01;31m[Kxzl[m[K: ===> APP_SEE_EVENT: ev hits user code: <84698>  {84697} since event: 1 ms
D/InputDispatcher(  194): <84698.52> ########### [01;31m[Kxzl[m[K finishDispatchCycle: 1.04ms since event, 0.46ms since dispatch
D/SurfaceFlinger(  117): <84703.46>  ----- [01;31m[Kxzl[m[K SF_AFTER_SWAP_FB (SurfaceFlinger::composeSurfaces() swap fb done)  ------
D/SurfaceFlinger(  117): <84703.61>  ----- [01;31m[Kxzl[m[K SF_BEFORE_SWAP_FB (SurfaceFlinger::composeSurfaces compose done, prepare to swap fb) ------
W/GLSurfaceView(  786): <84703.67>  --- [01;31m[Kxzl[m[K --- APP_AFTER_SWAP_FRAME (AFTER GLSurfaceView swap frame)
W/GLSurfaceView(  786): <84703.86>  --- [01;31m[Kxzl[m[K --- APP_BEFORE_DRAW_FRAME (BEFORE GLSurfaceView DrawFrame)
W/APP     (  786): [01;31m[Kxzl[m[K: ===> entering onDrawFrame: <84704> 
W/APP     (  786): [01;31m[Kxzl[m[K: ===> done onDrawFrame: <84704> 
W/GLSurfaceView(  786): <84704.25>  --- [01;31m[Kxzl[m[K --- APP_AFTER_DRAW_FRAME (AFTER GLSurfaceView DrawFrame)
W/GLSurfaceView(  786): <84704.38>  --- [01;31m[Kxzl[m[K --- APP_BEFORE_SWAP_FRAME (BEFORE GLSurfaceView swap frame)
D/SurfaceTextureClient(  786): <84704.65> [01;31m[Kxzl[m[K SurfaceTextureClient::queueBuffer
D/SurfaceFlinger(  117): <84704.71>  --- [01;31m[Kxzl[m[K SF_QUEUE_FRAME (Layer::onFrameQueued)
W/INPUT   (  786): [01;31m[Kxzl[m[K: ====<84707> INPUT_GEN_EVENT: (faked - input hub generates the event)
W/APP     (  786): [01;31m[Kxzl[m[K: ===> APP_SEE_EVENT: ev hits user code: <84708>  {84707} since event: 1 ms
D/InputDispatcher(  194): <84708.29> ########### [01;31m[Kxzl[m[K finishDispatchCycle: 1.19ms since event, 0.61ms since dispatch
W/INPUT   (  786): [01;31m[Kxzl[m[K: ====<84716> INPUT_GEN_EVENT: (faked - input hub generates the event)
W/APP     (  786): [01;31m[Kxzl[m[K: ===> APP_SEE_EVENT: ev hits user code: <84717>  {84716} since event: 1 ms
D/InputDispatcher(  194): <84717.80> ########### [01;31m[Kxzl[m[K finishDispatchCycle: 1.04ms since event, 0.46ms since dispatch
D/SurfaceFlinger(  117): <84720.43>  ----- [01;31m[Kxzl[m[K SF_AFTER_SWAP_FB (SurfaceFlinger::composeSurfaces() swap fb done)  ------
D/SurfaceFlinger(  117): <84720.58>  ----- [01;31m[Kxzl[m[K SF_BEFORE_SWAP_FB (SurfaceFlinger::composeSurfaces compose done, prepare to swap fb) ------
W/GLSurfaceView(  786): <84720.61>  --- [01;31m[Kxzl[m[K --- APP_AFTER_SWAP_FRAME (AFTER GLSurfaceView swap frame)
W/GLSurfaceView(  786): <84720.83>  --- [01;31m[Kxzl[m[K --- APP_BEFORE_DRAW_FRAME (BEFORE GLSurfaceView DrawFrame)
W/APP     (  786): [01;31m[Kxzl[m[K: ===> entering onDrawFrame: <84721> 
W/APP     (  786): [01;31m[Kxzl[m[K: ===> done onDrawFrame: <84721> 
W/GLSurfaceView(  786): <84721.28>  --- [01;31m[Kxzl[m[K --- APP_AFTER_DRAW_FRAME (AFTER GLSurfaceView DrawFrame)
W/GLSurfaceView(  786): <84721.44>  --- [01;31m[Kxzl[m[K --- APP_BEFORE_SWAP_FRAME (BEFORE GLSurfaceView swap frame)
D/SurfaceTextureClient(  786): <84721.98> [01;31m[Kxzl[m[K SurfaceTextureClient::queueBuffer
D/SurfaceFlinger(  117): <84722.05>  --- [01;31m[Kxzl[m[K SF_QUEUE_FRAME (Layer::onFrameQueued)
W/INPUT   (  786): [01;31m[Kxzl[m[K: ====<84726> INPUT_GEN_EVENT: (faked - input hub generates the event)
W/APP     (  786): [01;31m[Kxzl[m[K: ===> APP_SEE_EVENT: ev hits user code: <84727>  {84726} since event: 1 ms
D/InputDispatcher(  194): <84727.54> ########### [01;31m[Kxzl[m[K finishDispatchCycle: 1.01ms since event, 0.40ms since dispatch
W/INPUT   (  786): [01;31m[Kxzl[m[K: ====<84736> INPUT_GEN_EVENT: (faked - input hub generates the event)
W/APP     (  786): [01;31m[Kxzl[m[K: ===> APP_SEE_EVENT: ev hits user code: <84737>  {84736} since event: 1 ms
D/InputDispatcher(  194): <84737.30> ########### [01;31m[Kxzl[m[K finishDispatchCycle: 0.95ms since event, 0.40ms since dispatch
D/SurfaceFlinger(  117): <84737.40>  ----- [01;31m[Kxzl[m[K SF_AFTER_SWAP_FB (SurfaceFlinger::composeSurfaces() swap fb done)  ------
D/SurfaceFlinger(  117): <84737.52>  ----- [01;31m[Kxzl[m[K SF_BEFORE_SWAP_FB (SurfaceFlinger::composeSurfaces compose done, prepare to swap fb) ------
W/GLSurfaceView(  786): <84737.61>  --- [01;31m[Kxzl[m[K --- APP_AFTER_SWAP_FRAME (AFTER GLSurfaceView swap frame)
W/GLSurfaceView(  786): <84737.82>  --- [01;31m[Kxzl[m[K --- APP_BEFORE_DRAW_FRAME (BEFORE GLSurfaceView DrawFrame)
W/APP     (  786): [01;31m[Kxzl[m[K: ===> entering onDrawFrame: <84737> 
W/APP     (  786): [01;31m[Kxzl[m[K: ===> done onDrawFrame: <84737> 
W/GLSurfaceView(  786): <84738.22>  --- [01;31m[Kxzl[m[K --- APP_AFTER_DRAW_FRAME (AFTER GLSurfaceView DrawFrame)
W/GLSurfaceView(  786): <84738.34>  --- [01;31m[Kxzl[m[K --- APP_BEFORE_SWAP_FRAME (BEFORE GLSurfaceView swap frame)
D/SurfaceTextureClient(  786): <84738.65> [01;31m[Kxzl[m[K SurfaceTextureClient::queueBuffer
D/SurfaceFlinger(  117): <84738.71>  --- [01;31m[Kxzl[m[K SF_QUEUE_FRAME (Layer::onFrameQueued)
W/INPUT   (  786): [01;31m[Kxzl[m[K: ====<84746> INPUT_GEN_EVENT: (faked - input hub generates the event)
W/APP     (  786): [01;31m[Kxzl[m[K: ===> APP_SEE_EVENT: ev hits user code: <84747>  {84746} since event: 1 ms
D/InputDispatcher(  194): <84747.26> ########### [01;31m[Kxzl[m[K finishDispatchCycle: 1.04ms since event, 0.43ms since dispatch
D/SurfaceFlinger(  117): <84754.36>  ----- [01;31m[Kxzl[m[K SF_AFTER_SWAP_FB (SurfaceFlinger::composeSurfaces() swap fb done)  ------
D/SurfaceFlinger(  117): <84754.58>  ----- [01;31m[Kxzl[m[K SF_BEFORE_SWAP_FB (SurfaceFlinger::composeSurfaces compose done, prepare to swap fb) ------
W/GLSurfaceView(  786): <84754.61>  --- [01;31m[Kxzl[m[K --- APP_AFTER_SWAP_FRAME (AFTER GLSurfaceView swap frame)
W/GLSurfaceView(  786): <84754.85>  --- [01;31m[Kxzl[m[K --- APP_BEFORE_DRAW_FRAME (BEFORE GLSurfaceView DrawFrame)
W/APP     (  786): [01;31m[Kxzl[m[K: ===> entering onDrawFrame: <84754> 
W/APP     (  786): [01;31m[Kxzl[m[K: ===> done onDrawFrame: <84754> 
W/GLSurfaceView(  786): <84755.22>  --- [01;31m[Kxzl[m[K --- APP_AFTER_DRAW_FRAME (AFTER GLSurfaceView DrawFrame)
W/GLSurfaceView(  786): <84755.34>  --- [01;31m[Kxzl[m[K --- APP_BEFORE_SWAP_FRAME (BEFORE GLSurfaceView swap frame)
D/SurfaceTextureClient(  786): <84755.73> [01;31m[Kxzl[m[K SurfaceTextureClient::queueBuffer
D/SurfaceFlinger(  117): <84755.80>  --- [01;31m[Kxzl[m[K SF_QUEUE_FRAME (Layer::onFrameQueued)
W/INPUT   (  786): [01;31m[Kxzl[m[K: ====<84756> INPUT_GEN_EVENT: (faked - input hub generates the event)
W/APP     (  786): [01;31m[Kxzl[m[K: ===> APP_SEE_EVENT: ev hits user code: <84756>  {84756} since event: 0 ms
D/InputDispatcher(  194): <84757.02> ########### [01;31m[Kxzl[m[K finishDispatchCycle: 0.98ms since event, 0.43ms since dispatch
W/INPUT   (  786): [01;31m[Kxzl[m[K: ====<84765> INPUT_GEN_EVENT: (faked - input hub generates the event)
W/APP     (  786): [01;31m[Kxzl[m[K: ===> APP_SEE_EVENT: ev hits user code: <84766>  {84765} since event: 1 ms
D/InputDispatcher(  194): <84766.63> ########### [01;31m[Kxzl[m[K finishDispatchCycle: 1.04ms since event, 0.46ms since dispatch
D/SurfaceFlinger(  117): <84771.30>  ----- [01;31m[Kxzl[m[K SF_AFTER_SWAP_FB (SurfaceFlinger::composeSurfaces() swap fb done)  ------
D/SurfaceFlinger(  117): <84771.42>  ----- [01;31m[Kxzl[m[K SF_BEFORE_SWAP_FB (SurfaceFlinger::composeSurfaces compose done, prepare to swap fb) ------
W/GLSurfaceView(  786): <84771.51>  --- [01;31m[Kxzl[m[K --- APP_AFTER_SWAP_FRAME (AFTER GLSurfaceView swap frame)
W/GLSurfaceView(  786): <84771.70>  --- [01;31m[Kxzl[m[K --- APP_BEFORE_DRAW_FRAME (BEFORE GLSurfaceView DrawFrame)
W/APP     (  786): [01;31m[Kxzl[m[K: ===> entering onDrawFrame: <84771> 
W/APP     (  786): [01;31m[Kxzl[m[K: ===> done onDrawFrame: <84771> 
W/GLSurfaceView(  786): <84778.72>  --- [01;31m[Kxzl[m[K --- APP_AFTER_DRAW_FRAME (AFTER GLSurfaceView DrawFrame)
W/GLSurfaceView(  786): <84778.99>  --- [01;31m[Kxzl[m[K --- APP_BEFORE_SWAP_FRAME (BEFORE GLSurfaceView swap frame)
W/INPUT   (  786): [01;31m[Kxzl[m[K: ====<84775> INPUT_GEN_EVENT: (faked - input hub generates the event)
W/APP     (  786): [01;31m[Kxzl[m[K: ===> APP_SEE_EVENT: ev hits user code: <84778>  {84775} since event: 3 ms
D/SurfaceTextureClient(  786): <84779.79> [01;31m[Kxzl[m[K SurfaceTextureClient::queueBuffer
D/InputDispatcher(  194): <84779.82> ########### [01;31m[Kxzl[m[K finishDispatchCycle: 4.39ms since event, 3.75ms since dispatch
D/SurfaceFlinger(  117): <84779.88>  --- [01;31m[Kxzl[m[K SF_QUEUE_FRAME (Layer::onFrameQueued)
W/INPUT   (  786): [01;31m[Kxzl[m[K: ====<84785> INPUT_GEN_EVENT: (faked - input hub generates the event)
W/APP     (  786): [01;31m[Kxzl[m[K: ===> APP_SEE_EVENT: ev hits user code: <84786>  {84785} since event: 1 ms
D/InputDispatcher(  194): <84786.44> ########### [01;31m[Kxzl[m[K finishDispatchCycle: 1.19ms since event, 0.55ms since dispatch
D/SurfaceFlinger(  117): <84788.27>  ----- [01;31m[Kxzl[m[K SF_AFTER_SWAP_FB (SurfaceFlinger::composeSurfaces() swap fb done)  ------
D/SurfaceFlinger(  117): <84788.45>  ----- [01;31m[Kxzl[m[K SF_BEFORE_SWAP_FB (SurfaceFlinger::composeSurfaces compose done, prepare to swap fb) ------
W/GLSurfaceView(  786): <84788.73>  --- [01;31m[Kxzl[m[K --- APP_AFTER_SWAP_FRAME (AFTER GLSurfaceView swap frame)
W/GLSurfaceView(  786): <84789.00>  --- [01;31m[Kxzl[m[K --- APP_BEFORE_DRAW_FRAME (BEFORE GLSurfaceView DrawFrame)
W/APP     (  786): [01;31m[Kxzl[m[K: ===> entering onDrawFrame: <84789> 
W/APP     (  786): [01;31m[Kxzl[m[K: ===> done onDrawFrame: <84789> 
W/GLSurfaceView(  786): <84789.55>  --- [01;31m[Kxzl[m[K --- APP_AFTER_DRAW_FRAME (AFTER GLSurfaceView DrawFrame)
W/GLSurfaceView(  786): <84789.70>  --- [01;31m[Kxzl[m[K --- APP_BEFORE_SWAP_FRAME (BEFORE GLSurfaceView swap frame)
D/SurfaceTextureClient(  786): <84790.04> [01;31m[Kxzl[m[K SurfaceTextureClient::queueBuffer
D/SurfaceFlinger(  117): <84790.13>  --- [01;31m[Kxzl[m[K SF_QUEUE_FRAME (Layer::onFrameQueued)
W/INPUT   (  786): [01;31m[Kxzl[m[K: ====<84795> INPUT_GEN_EVENT: (faked - input hub generates the event)
W/APP     (  786): [01;31m[Kxzl[m[K: ===> APP_SEE_EVENT: ev hits user code: <84796>  {84795} since event: 1 ms
D/InputDispatcher(  194): <84796.20> ########### [01;31m[Kxzl[m[K finishDispatchCycle: 1.10ms since event, 0.46ms since dispatch
D/SurfaceFlinger(  117): <84805.24>  ----- [01;31m[Kxzl[m[K SF_AFTER_SWAP_FB (SurfaceFlinger::composeSurfaces() swap fb done)  ------
D/SurfaceFlinger(  117): <84805.42>  ----- [01;31m[Kxzl[m[K SF_BEFORE_SWAP_FB (SurfaceFlinger::composeSurfaces compose done, prepare to swap fb) ------
W/INPUT   (  786): [01;31m[Kxzl[m[K: ====<84804> INPUT_GEN_EVENT: (faked - input hub generates the event)
W/GLSurfaceView(  786): <84806.73>  --- [01;31m[Kxzl[m[K --- APP_AFTER_SWAP_FRAME (AFTER GLSurfaceView swap frame)
W/APP     (  786): [01;31m[Kxzl[m[K: ===> APP_SEE_EVENT: ev hits user code: <84806>  {84804} since event: 2 ms
D/InputDispatcher(  194): <84807.16> ########### [01;31m[Kxzl[m[K finishDispatchCycle: 2.35ms since event, 1.37ms since dispatch
W/GLSurfaceView(  786): <84807.07>  --- [01;31m[Kxzl[m[K --- APP_BEFORE_DRAW_FRAME (BEFORE GLSurfaceView DrawFrame)
W/APP     (  786): [01;31m[Kxzl[m[K: ===> entering onDrawFrame: <84807> 
W/APP     (  786): [01;31m[Kxzl[m[K: ===> done onDrawFrame: <84807> 
W/GLSurfaceView(  786): <84807.71>  --- [01;31m[Kxzl[m[K --- APP_AFTER_DRAW_FRAME (AFTER GLSurfaceView DrawFrame)
W/GLSurfaceView(  786): <84807.89>  --- [01;31m[Kxzl[m[K --- APP_BEFORE_SWAP_FRAME (BEFORE GLSurfaceView swap frame)
D/SurfaceTextureClient(  786): <84808.84> [01;31m[Kxzl[m[K SurfaceTextureClient::queueBuffer
D/SurfaceFlinger(  117): <84808.93>  --- [01;31m[Kxzl[m[K SF_QUEUE_FRAME (Layer::onFrameQueued)
W/INPUT   (  786): [01;31m[Kxzl[m[K: ====<84814> INPUT_GEN_EVENT: (faked - input hub generates the event)
W/APP     (  786): [01;31m[Kxzl[m[K: ===> APP_SEE_EVENT: ev hits user code: <84815>  {84814} since event: 1 ms
D/InputDispatcher(  194): <84815.95> ########### [01;31m[Kxzl[m[K finishDispatchCycle: 1.40ms since event, 0.70ms since dispatch
D/SurfaceFlinger(  117): <84822.45>  ----- [01;31m[Kxzl[m[K SF_AFTER_SWAP_FB (SurfaceFlinger::composeSurfaces() swap fb done)  ------
D/SurfaceFlinger(  117): <84822.78>  ----- [01;31m[Kxzl[m[K SF_BEFORE_SWAP_FB (SurfaceFlinger::composeSurfaces compose done, prepare to swap fb) ------
W/GLSurfaceView(  786): <84822.85>  --- [01;31m[Kxzl[m[K --- APP_AFTER_SWAP_FRAME (AFTER GLSurfaceView swap frame)
W/GLSurfaceView(  786): <84823.21>  --- [01;31m[Kxzl[m[K --- APP_BEFORE_DRAW_FRAME (BEFORE GLSurfaceView DrawFrame)
W/APP     (  786): [01;31m[Kxzl[m[K: ===> entering onDrawFrame: <84823> 
W/APP     (  786): [01;31m[Kxzl[m[K: ===> done onDrawFrame: <84823> 
W/GLSurfaceView(  786): <84823.73>  --- [01;31m[Kxzl[m[K --- APP_AFTER_DRAW_FRAME (AFTER GLSurfaceView DrawFrame)
W/GLSurfaceView(  786): <84823.91>  --- [01;31m[Kxzl[m[K --- APP_BEFORE_SWAP_FRAME (BEFORE GLSurfaceView swap frame)
D/SurfaceTextureClient(  786): <84824.92> [01;31m[Kxzl[m[K SurfaceTextureClient::queueBuffer
W/INPUT   (  786): [01;31m[Kxzl[m[K: ====<84824> INPUT_GEN_EVENT: (faked - input hub generates the event)
W/APP     (  786): [01;31m[Kxzl[m[K: ===> APP_SEE_EVENT: ev hits user code: <84825>  {84824} since event: 1 ms
D/InputDispatcher(  194): <84825.71> ########### [01;31m[Kxzl[m[K finishDispatchCycle: 1.28ms since event, 0.55ms since dispatch
D/SurfaceFlinger(  117): <84826.69>  --- [01;31m[Kxzl[m[K SF_QUEUE_FRAME (Layer::onFrameQueued)
W/INPUT   (  786): [01;31m[Kxzl[m[K: ====<84834> INPUT_GEN_EVENT: (faked - input hub generates the event)
W/APP     (  786): [01;31m[Kxzl[m[K: ===> APP_SEE_EVENT: ev hits user code: <84835>  {84834} since event: 1 ms
D/InputDispatcher(  194): <84835.36> ########### [01;31m[Kxzl[m[K finishDispatchCycle: 1.25ms since event, 0.58ms since dispatch
D/SurfaceFlinger(  117): <84839.14>  ----- [01;31m[Kxzl[m[K SF_AFTER_SWAP_FB (SurfaceFlinger::composeSurfaces() swap fb done)  ------
D/SurfaceFlinger(  117): <84839.29>  ----- [01;31m[Kxzl[m[K SF_BEFORE_SWAP_FB (SurfaceFlinger::composeSurfaces compose done, prepare to swap fb) ------
W/GLSurfaceView(  786): <84839.42>  --- [01;31m[Kxzl[m[K --- APP_AFTER_SWAP_FRAME (AFTER GLSurfaceView swap frame)
W/GLSurfaceView(  786): <84839.69>  --- [01;31m[Kxzl[m[K --- APP_BEFORE_DRAW_FRAME (BEFORE GLSurfaceView DrawFrame)
W/APP     (  786): [01;31m[Kxzl[m[K: ===> entering onDrawFrame: <84839> 
W/APP     (  786): [01;31m[Kxzl[m[K: ===> done onDrawFrame: <84839> 
W/GLSurfaceView(  786): <84840.15>  --- [01;31m[Kxzl[m[K --- APP_AFTER_DRAW_FRAME (AFTER GLSurfaceView DrawFrame)
W/GLSurfaceView(  786): <84840.39>  --- [01;31m[Kxzl[m[K --- APP_BEFORE_SWAP_FRAME (BEFORE GLSurfaceView swap frame)
D/SurfaceTextureClient(  786): <84841.30> [01;31m[Kxzl[m[K SurfaceTextureClient::queueBuffer
D/SurfaceFlinger(  117): <84841.55>  --- [01;31m[Kxzl[m[K SF_QUEUE_FRAME (Layer::onFrameQueued)
W/INPUT   (  786): [01;31m[Kxzl[m[K: ====<84843> INPUT_GEN_EVENT: (faked - input hub generates the event)
W/APP     (  786): [01;31m[Kxzl[m[K: ===> APP_SEE_EVENT: ev hits user code: <84845>  {84843} since event: 2 ms
D/InputDispatcher(  194): <84845.40> ########### [01;31m[Kxzl[m[K finishDispatchCycle: 1.56ms since event, 0.92ms since dispatch
W/INPUT   (  786): [01;31m[Kxzl[m[K: ====<84853> INPUT_GEN_EVENT: (faked - input hub generates the event)
W/APP     (  786): [01;31m[Kxzl[m[K: ===> APP_SEE_EVENT: ev hits user code: <84854>  {84853} since event: 1 ms
D/InputDispatcher(  194): <84854.89> ########### [01;31m[Kxzl[m[K finishDispatchCycle: 1.31ms since event, 0.70ms since dispatch
D/SurfaceFlinger(  117): <84856.08>  ----- [01;31m[Kxzl[m[K SF_AFTER_SWAP_FB (SurfaceFlinger::composeSurfaces() swap fb done)  ------
D/SurfaceFlinger(  117): <84856.26>  ----- [01;31m[Kxzl[m[K SF_BEFORE_SWAP_FB (SurfaceFlinger::composeSurfaces compose done, prepare to swap fb) ------
W/GLSurfaceView(  786): <84856.29>  --- [01;31m[Kxzl[m[K --- APP_AFTER_SWAP_FRAME (AFTER GLSurfaceView swap frame)
W/GLSurfaceView(  786): <84856.51>  --- [01;31m[Kxzl[m[K --- APP_BEFORE_DRAW_FRAME (BEFORE GLSurfaceView DrawFrame)
W/APP     (  786): [01;31m[Kxzl[m[K: ===> entering onDrawFrame: <84856> 
W/APP     (  786): [01;31m[Kxzl[m[K: ===> done onDrawFrame: <84856> 
W/GLSurfaceView(  786): <84856.99>  --- [01;31m[Kxzl[m[K --- APP_AFTER_DRAW_FRAME (AFTER GLSurfaceView DrawFrame)
W/GLSurfaceView(  786): <84857.18>  --- [01;31m[Kxzl[m[K --- APP_BEFORE_SWAP_FRAME (BEFORE GLSurfaceView swap frame)
D/SurfaceTextureClient(  786): <84857.52> [01;31m[Kxzl[m[K SurfaceTextureClient::queueBuffer
D/SurfaceFlinger(  117): <84857.60>  --- [01;31m[Kxzl[m[K SF_QUEUE_FRAME (Layer::onFrameQueued)
W/INPUT   (  786): [01;31m[Kxzl[m[K: ====<84863> INPUT_GEN_EVENT: (faked - input hub generates the event)
W/APP     (  786): [01;31m[Kxzl[m[K: ===> APP_SEE_EVENT: ev hits user code: <84864>  {84863} since event: 1 ms
D/InputDispatcher(  194): <84864.59> ########### [01;31m[Kxzl[m[K finishDispatchCycle: 1.19ms since event, 0.55ms since dispatch
D/SurfaceFlinger(  117): <84873.29>  ----- [01;31m[Kxzl[m[K SF_AFTER_SWAP_FB (SurfaceFlinger::composeSurfaces() swap fb done)  ------
D/SurfaceFlinger(  117): <84873.63>  ----- [01;31m[Kxzl[m[K SF_BEFORE_SWAP_FB (SurfaceFlinger::composeSurfaces compose done, prepare to swap fb) ------
W/INPUT   (  786): [01;31m[Kxzl[m[K: ====<84873> INPUT_GEN_EVENT: (faked - input hub generates the event)
W/APP     (  786): [01;31m[Kxzl[m[K: ===> APP_SEE_EVENT: ev hits user code: <84874>  {84873} since event: 1 ms
D/InputDispatcher(  194): <84874.51> ########### [01;31m[Kxzl[m[K finishDispatchCycle: 1.25ms since event, 0.55ms since dispatch
W/GLSurfaceView(  786): <84873.50>  --- [01;31m[Kxzl[m[K --- APP_AFTER_SWAP_FRAME (AFTER GLSurfaceView swap frame)
W/GLSurfaceView(  786): <84874.94>  --- [01;31m[Kxzl[m[K --- APP_BEFORE_DRAW_FRAME (BEFORE GLSurfaceView DrawFrame)
W/APP     (  786): [01;31m[Kxzl[m[K: ===> entering onDrawFrame: <84875> 
W/APP     (  786): [01;31m[Kxzl[m[K: ===> done onDrawFrame: <84875> 
W/GLSurfaceView(  786): <84875.37>  --- [01;31m[Kxzl[m[K --- APP_AFTER_DRAW_FRAME (AFTER GLSurfaceView DrawFrame)
W/GLSurfaceView(  786): <84875.52>  --- [01;31m[Kxzl[m[K --- APP_BEFORE_SWAP_FRAME (BEFORE GLSurfaceView swap frame)
D/SurfaceTextureClient(  786): <84876.10> [01;31m[Kxzl[m[K SurfaceTextureClient::queueBuffer
D/SurfaceFlinger(  117): <84876.16>  --- [01;31m[Kxzl[m[K SF_QUEUE_FRAME (Layer::onFrameQueued)
W/INPUT   (  786): [01;31m[Kxzl[m[K: ====<84882> INPUT_GEN_EVENT: (faked - input hub generates the event)
W/APP     (  786): [01;31m[Kxzl[m[K: ===> APP_SEE_EVENT: ev hits user code: <84883>  {84882} since event: 1 ms
D/InputDispatcher(  194): <84884.01> ########### [01;31m[Kxzl[m[K finishDispatchCycle: 1.07ms since event, 0.46ms since dispatch
D/SurfaceFlinger(  117): <84890.75>  ----- [01;31m[Kxzl[m[K SF_AFTER_SWAP_FB (SurfaceFlinger::composeSurfaces() swap fb done)  ------
D/SurfaceFlinger(  117): <84891.11>  ----- [01;31m[Kxzl[m[K SF_BEFORE_SWAP_FB (SurfaceFlinger::composeSurfaces compose done, prepare to swap fb) ------
W/GLSurfaceView(  786): <84891.17>  --- [01;31m[Kxzl[m[K --- APP_AFTER_SWAP_FRAME (AFTER GLSurfaceView swap frame)
W/GLSurfaceView(  786): <84891.36>  --- [01;31m[Kxzl[m[K --- APP_BEFORE_DRAW_FRAME (BEFORE GLSurfaceView DrawFrame)
W/APP     (  786): [01;31m[Kxzl[m[K: ===> entering onDrawFrame: <84891> 
W/APP     (  786): [01;31m[Kxzl[m[K: ===> done onDrawFrame: <84891> 
W/GLSurfaceView(  786): <84891.88>  --- [01;31m[Kxzl[m[K --- APP_AFTER_DRAW_FRAME (AFTER GLSurfaceView DrawFrame)
W/GLSurfaceView(  786): <84892.00>  --- [01;31m[Kxzl[m[K --- APP_BEFORE_SWAP_FRAME (BEFORE GLSurfaceView swap frame)
D/SurfaceTextureClient(  786): <84892.52> [01;31m[Kxzl[m[K SurfaceTextureClient::queueBuffer
D/SurfaceFlinger(  117): <84892.58>  --- [01;31m[Kxzl[m[K SF_QUEUE_FRAME (Layer::onFrameQueued)
W/INPUT   (  786): [01;31m[Kxzl[m[K: ====<84892> INPUT_GEN_EVENT: (faked - input hub generates the event)
W/APP     (  786): [01;31m[Kxzl[m[K: ===> APP_SEE_EVENT: ev hits user code: <84893>  {84892} since event: 1 ms
D/InputDispatcher(  194): <84893.73> ########### [01;31m[Kxzl[m[K finishDispatchCycle: 1.07ms since event, 0.49ms since dispatch
W/INPUT   (  786): [01;31m[Kxzl[m[K: ====<84902> INPUT_GEN_EVENT: (faked - input hub generates the event)
W/APP     (  786): [01;31m[Kxzl[m[K: ===> APP_SEE_EVENT: ev hits user code: <84902>  {84902} since event: 0 ms
D/InputDispatcher(  194): <84903.38> ########### [01;31m[Kxzl[m[K finishDispatchCycle: 1.19ms since event, 0.61ms since dispatch
D/SurfaceFlinger(  117): <84906.92>  ----- [01;31m[Kxzl[m[K SF_AFTER_SWAP_FB (SurfaceFlinger::composeSurfaces() swap fb done)  ------
D/SurfaceFlinger(  117): <84907.07>  ----- [01;31m[Kxzl[m[K SF_BEFORE_SWAP_FB (SurfaceFlinger::composeSurfaces compose done, prepare to swap fb) ------
W/GLSurfaceView(  786): <84907.10>  --- [01;31m[Kxzl[m[K --- APP_AFTER_SWAP_FRAME (AFTER GLSurfaceView swap frame)
W/GLSurfaceView(  786): <84907.35>  --- [01;31m[Kxzl[m[K --- APP_BEFORE_DRAW_FRAME (BEFORE GLSurfaceView DrawFrame)
W/APP     (  786): [01;31m[Kxzl[m[K: ===> entering onDrawFrame: <84907> 
W/APP     (  786): [01;31m[Kxzl[m[K: ===> done onDrawFrame: <84907> 
W/GLSurfaceView(  786): <84907.78>  --- [01;31m[Kxzl[m[K --- APP_AFTER_DRAW_FRAME (AFTER GLSurfaceView DrawFrame)
W/GLSurfaceView(  786): <84907.90>  --- [01;31m[Kxzl[m[K --- APP_BEFORE_SWAP_FRAME (BEFORE GLSurfaceView swap frame)
D/SurfaceTextureClient(  786): <84908.20> [01;31m[Kxzl[m[K SurfaceTextureClient::queueBuffer
D/SurfaceFlinger(  117): <84908.26>  --- [01;31m[Kxzl[m[K SF_QUEUE_FRAME (Layer::onFrameQueued)
W/INPUT   (  786): [01;31m[Kxzl[m[K: ====<84912> INPUT_GEN_EVENT: (faked - input hub generates the event)
W/APP     (  786): [01;31m[Kxzl[m[K: ===> APP_SEE_EVENT: ev hits user code: <84913>  {84912} since event: 1 ms
D/InputDispatcher(  194): <84913.21> ########### [01;31m[Kxzl[m[K finishDispatchCycle: 1.13ms since event, 0.52ms since dispatch
W/INPUT   (  786): [01;31m[Kxzl[m[K: ====<84921> INPUT_GEN_EVENT: (faked - input hub generates the event)
W/APP     (  786): [01;31m[Kxzl[m[K: ===> APP_SEE_EVENT: ev hits user code: <84922>  {84921} since event: 1 ms
D/InputDispatcher(  194): <84922.82> ########### [01;31m[Kxzl[m[K finishDispatchCycle: 1.01ms since event, 0.46ms since dispatch
D/SurfaceFlinger(  117): <84923.89>  ----- [01;31m[Kxzl[m[K SF_AFTER_SWAP_FB (SurfaceFlinger::composeSurfaces() swap fb done)  ------
D/SurfaceFlinger(  117): <84924.04>  ----- [01;31m[Kxzl[m[K SF_BEFORE_SWAP_FB (SurfaceFlinger::composeSurfaces compose done, prepare to swap fb) ------
W/GLSurfaceView(  786): <84924.10>  --- [01;31m[Kxzl[m[K --- APP_AFTER_SWAP_FRAME (AFTER GLSurfaceView swap frame)
W/GLSurfaceView(  786): <84924.29>  --- [01;31m[Kxzl[m[K --- APP_BEFORE_DRAW_FRAME (BEFORE GLSurfaceView DrawFrame)
W/APP     (  786): [01;31m[Kxzl[m[K: ===> entering onDrawFrame: <84924> 
W/APP     (  786): [01;31m[Kxzl[m[K: ===> done onDrawFrame: <84924> 
W/GLSurfaceView(  786): <84924.68>  --- [01;31m[Kxzl[m[K --- APP_AFTER_DRAW_FRAME (AFTER GLSurfaceView DrawFrame)
W/GLSurfaceView(  786): <84924.90>  --- [01;31m[Kxzl[m[K --- APP_BEFORE_SWAP_FRAME (BEFORE GLSurfaceView swap frame)
D/SurfaceTextureClient(  786): <84925.36> [01;31m[Kxzl[m[K SurfaceTextureClient::queueBuffer
D/SurfaceFlinger(  117): <84925.45>  --- [01;31m[Kxzl[m[K SF_QUEUE_FRAME (Layer::onFrameQueued)
W/INPUT   (  786): [01;31m[Kxzl[m[K: ====<84931> INPUT_GEN_EVENT: (faked - input hub generates the event)
W/APP     (  786): [01;31m[Kxzl[m[K: ===> APP_SEE_EVENT: ev hits user code: <84932>  {84931} since event: 1 ms
D/InputDispatcher(  194): <84933.13> ########### [01;31m[Kxzl[m[K finishDispatchCycle: 1.22ms since event, 0.58ms since dispatch
D/SurfaceFlinger(  117): <84941.44>  ----- [01;31m[Kxzl[m[K SF_AFTER_SWAP_FB (SurfaceFlinger::composeSurfaces() swap fb done)  ------
D/SurfaceFlinger(  117): <84941.59>  ----- [01;31m[Kxzl[m[K SF_BEFORE_SWAP_FB (SurfaceFlinger::composeSurfaces compose done, prepare to swap fb) ------
W/GLSurfaceView(  786): <84941.71>  --- [01;31m[Kxzl[m[K --- APP_AFTER_SWAP_FRAME (AFTER GLSurfaceView swap frame)
W/GLSurfaceView(  786): <84941.99>  --- [01;31m[Kxzl[m[K --- APP_BEFORE_DRAW_FRAME (BEFORE GLSurfaceView DrawFrame)
W/APP     (  786): [01;31m[Kxzl[m[K: ===> entering onDrawFrame: <84942> 
W/APP     (  786): [01;31m[Kxzl[m[K: ===> done onDrawFrame: <84942> 
W/GLSurfaceView(  786): <84942.50>  --- [01;31m[Kxzl[m[K --- APP_AFTER_DRAW_FRAME (AFTER GLSurfaceView DrawFrame)
W/GLSurfaceView(  786): <84942.69>  --- [01;31m[Kxzl[m[K --- APP_BEFORE_SWAP_FRAME (BEFORE GLSurfaceView swap frame)
W/INPUT   (  786): [01;31m[Kxzl[m[K: ====<84941> INPUT_GEN_EVENT: (faked - input hub generates the event)
W/APP     (  786): [01;31m[Kxzl[m[K: ===> APP_SEE_EVENT: ev hits user code: <84943>  {84941} since event: 2 ms
D/InputDispatcher(  194): <84944.00> ########### [01;31m[Kxzl[m[K finishDispatchCycle: 2.59ms since event, 0.49ms since dispatch
D/SurfaceTextureClient(  786): <84944.15> [01;31m[Kxzl[m[K SurfaceTextureClient::queueBuffer
D/SurfaceFlinger(  117): <84944.24>  --- [01;31m[Kxzl[m[K SF_QUEUE_FRAME (Layer::onFrameQueued)
W/INPUT   (  786): [01;31m[Kxzl[m[K: ====<84950> INPUT_GEN_EVENT: (faked - input hub generates the event)
W/APP     (  786): [01;31m[Kxzl[m[K: ===> APP_SEE_EVENT: ev hits user code: <84951>  {84950} since event: 1 ms
D/InputDispatcher(  194): <84952.34> ########### [01;31m[Kxzl[m[K finishDispatchCycle: 1.34ms since event, 0.70ms since dispatch
D/SurfaceFlinger(  117): <84958.89>  ----- [01;31m[Kxzl[m[K SF_AFTER_SWAP_FB (SurfaceFlinger::composeSurfaces() swap fb done)  ------
D/SurfaceFlinger(  117): <84959.14>  ----- [01;31m[Kxzl[m[K SF_BEFORE_SWAP_FB (SurfaceFlinger::composeSurfaces compose done, prepare to swap fb) ------
W/GLSurfaceView(  786): <84959.11>  --- [01;31m[Kxzl[m[K --- APP_AFTER_SWAP_FRAME (AFTER GLSurfaceView swap frame)
W/GLSurfaceView(  786): <84959.38>  --- [01;31m[Kxzl[m[K --- APP_BEFORE_DRAW_FRAME (BEFORE GLSurfaceView DrawFrame)
W/APP     (  786): [01;31m[Kxzl[m[K: ===> entering onDrawFrame: <84959> 
W/APP     (  786): [01;31m[Kxzl[m[K: ===> done onDrawFrame: <84959> 
W/GLSurfaceView(  786): <84959.87>  --- [01;31m[Kxzl[m[K --- APP_AFTER_DRAW_FRAME (AFTER GLSurfaceView DrawFrame)
W/GLSurfaceView(  786): <84960.05>  --- [01;31m[Kxzl[m[K --- APP_BEFORE_SWAP_FRAME (BEFORE GLSurfaceView swap frame)
D/SurfaceTextureClient(  786): <84960.54> [01;31m[Kxzl[m[K SurfaceTextureClient::queueBuffer
D/SurfaceFlinger(  117): <84960.63>  --- [01;31m[Kxzl[m[K SF_QUEUE_FRAME (Layer::onFrameQueued)
W/INPUT   (  786): [01;31m[Kxzl[m[K: ====<84960> INPUT_GEN_EVENT: (faked - input hub generates the event)
W/APP     (  786): [01;31m[Kxzl[m[K: ===> APP_SEE_EVENT: ev hits user code: <84962>  {84960} since event: 2 ms
D/InputDispatcher(  194): <84962.16> ########### [01;31m[Kxzl[m[K finishDispatchCycle: 1.28ms since event, 0.52ms since dispatch
W/INPUT   (  786): [01;31m[Kxzl[m[K: ====<84970> INPUT_GEN_EVENT: (faked - input hub generates the event)
W/APP     (  786): [01;31m[Kxzl[m[K: ===> APP_SEE_EVENT: ev hits user code: <84971>  {84970} since event: 1 ms
D/InputDispatcher(  194): <84971.95> ########### [01;31m[Kxzl[m[K finishDispatchCycle: 1.53ms since event, 0.98ms since dispatch
D/SurfaceFlinger(  117): <84974.76>  ----- [01;31m[Kxzl[m[K SF_AFTER_SWAP_FB (SurfaceFlinger::composeSurfaces() swap fb done)  ------
D/SurfaceFlinger(  117): <84974.91>  ----- [01;31m[Kxzl[m[K SF_BEFORE_SWAP_FB (SurfaceFlinger::composeSurfaces compose done, prepare to swap fb) ------
W/GLSurfaceView(  786): <84974.95>  --- [01;31m[Kxzl[m[K --- APP_AFTER_SWAP_FRAME (AFTER GLSurfaceView swap frame)
W/GLSurfaceView(  786): <84975.16>  --- [01;31m[Kxzl[m[K --- APP_BEFORE_DRAW_FRAME (BEFORE GLSurfaceView DrawFrame)
W/APP     (  786): [01;31m[Kxzl[m[K: ===> entering onDrawFrame: <84975> 
W/APP     (  786): [01;31m[Kxzl[m[K: ===> done onDrawFrame: <84975> 
W/GLSurfaceView(  786): <84975.71>  --- [01;31m[Kxzl[m[K --- APP_AFTER_DRAW_FRAME (AFTER GLSurfaceView DrawFrame)
W/GLSurfaceView(  786): <84975.86>  --- [01;31m[Kxzl[m[K --- APP_BEFORE_SWAP_FRAME (BEFORE GLSurfaceView swap frame)
D/SurfaceTextureClient(  786): <84976.13> [01;31m[Kxzl[m[K SurfaceTextureClient::queueBuffer
D/SurfaceFlinger(  117): <84976.20>  --- [01;31m[Kxzl[m[K SF_QUEUE_FRAME (Layer::onFrameQueued)
W/INPUT   (  786): [01;31m[Kxzl[m[K: ====<84980> INPUT_GEN_EVENT: (faked - input hub generates the event)
W/APP     (  786): [01;31m[Kxzl[m[K: ===> APP_SEE_EVENT: ev hits user code: <84981>  {84980} since event: 1 ms
D/InputDispatcher(  194): <84981.45> ########### [01;31m[Kxzl[m[K finishDispatchCycle: 1.10ms since event, 0.52ms since dispatch
W/INPUT   (  786): [01;31m[Kxzl[m[K: ====<84990> INPUT_GEN_EVENT: (faked - input hub generates the event)
W/APP     (  786): [01;31m[Kxzl[m[K: ===> APP_SEE_EVENT: ev hits user code: <84991>  {84990} since event: 1 ms
D/InputDispatcher(  194): <84991.27> ########### [01;31m[Kxzl[m[K finishDispatchCycle: 1.25ms since event, 0.70ms since dispatch
D/SurfaceFlinger(  117): <84991.73>  ----- [01;31m[Kxzl[m[K SF_AFTER_SWAP_FB (SurfaceFlinger::composeSurfaces() swap fb done)  ------
D/SurfaceFlinger(  117): <84991.85>  ----- [01;31m[Kxzl[m[K SF_BEFORE_SWAP_FB (SurfaceFlinger::composeSurfaces compose done, prepare to swap fb) ------
W/GLSurfaceView(  786): <84991.94>  --- [01;31m[Kxzl[m[K --- APP_AFTER_SWAP_FRAME (AFTER GLSurfaceView swap frame)
W/GLSurfaceView(  786): <84992.25>  --- [01;31m[Kxzl[m[K --- APP_BEFORE_DRAW_FRAME (BEFORE GLSurfaceView DrawFrame)
W/APP     (  786): [01;31m[Kxzl[m[K: ===> entering onDrawFrame: <84992> 
W/APP     (  786): [01;31m[Kxzl[m[K: ===> done onDrawFrame: <84992> 
W/GLSurfaceView(  786): <84992.65>  --- [01;31m[Kxzl[m[K --- APP_AFTER_DRAW_FRAME (AFTER GLSurfaceView DrawFrame)
W/GLSurfaceView(  786): <84992.77>  --- [01;31m[Kxzl[m[K --- APP_BEFORE_SWAP_FRAME (BEFORE GLSurfaceView swap frame)
D/SurfaceTextureClient(  786): <84993.16> [01;31m[Kxzl[m[K SurfaceTextureClient::queueBuffer
D/SurfaceFlinger(  117): <84993.22>  --- [01;31m[Kxzl[m[K SF_QUEUE_FRAME (Layer::onFrameQueued)
W/INPUT   (  786): [01;31m[Kxzl[m[K: ====<84999> INPUT_GEN_EVENT: (faked - input hub generates the event)
W/APP     (  786): [01;31m[Kxzl[m[K: ===> APP_SEE_EVENT: ev hits user code: <85000>  {84999} since event: 1 ms
D/InputDispatcher(  194): <85000.67> ########### [01;31m[Kxzl[m[K finishDispatchCycle: 1.01ms since event, 0.43ms since dispatch
D/SurfaceFlinger(  117): <85009.58>  ----- [01;31m[Kxzl[m[K SF_AFTER_SWAP_FB (SurfaceFlinger::composeSurfaces() swap fb done)  ------
D/SurfaceFlinger(  117): <85009.70>  ----- [01;31m[Kxzl[m[K SF_BEFORE_SWAP_FB (SurfaceFlinger::composeSurfaces compose done, prepare to swap fb) ------
W/GLSurfaceView(  786): <85009.77>  --- [01;31m[Kxzl[m[K --- APP_AFTER_SWAP_FRAME (AFTER GLSurfaceView swap frame)
W/GLSurfaceView(  786): <85010.01>  --- [01;31m[Kxzl[m[K --- APP_BEFORE_DRAW_FRAME (BEFORE GLSurfaceView DrawFrame)
W/APP     (  786): [01;31m[Kxzl[m[K: ===> entering onDrawFrame: <85010> 
W/APP     (  786): [01;31m[Kxzl[m[K: ===> done onDrawFrame: <85010> 
W/GLSurfaceView(  786): <85010.41>  --- [01;31m[Kxzl[m[K --- APP_AFTER_DRAW_FRAME (AFTER GLSurfaceView DrawFrame)
W/GLSurfaceView(  786): <85010.56>  --- [01;31m[Kxzl[m[K --- APP_BEFORE_SWAP_FRAME (BEFORE GLSurfaceView swap frame)
D/SurfaceTextureClient(  786): <85011.29> [01;31m[Kxzl[m[K SurfaceTextureClient::queueBuffer
D/SurfaceFlinger(  117): <85011.38>  --- [01;31m[Kxzl[m[K SF_QUEUE_FRAME (Layer::onFrameQueued)
W/INPUT   (  786): [01;31m[Kxzl[m[K: ====<85009> INPUT_GEN_EVENT: (faked - input hub generates the event)
W/APP     (  786): [01;31m[Kxzl[m[K: ===> APP_SEE_EVENT: ev hits user code: <85011>  {85009} since event: 2 ms
D/InputDispatcher(  194): <85011.80> ########### [01;31m[Kxzl[m[K finishDispatchCycle: 2.29ms since event, 0.58ms since dispatch
W/INPUT   (  786): [01;31m[Kxzl[m[K: ====<85019> INPUT_GEN_EVENT: (faked - input hub generates the event)
W/APP     (  786): [01;31m[Kxzl[m[K: ===> APP_SEE_EVENT: ev hits user code: <85020>  {85019} since event: 1 ms
D/InputDispatcher(  194): <85020.45> ########### [01;31m[Kxzl[m[K finishDispatchCycle: 1.16ms since event, 0.55ms since dispatch
D/SurfaceFlinger(  117): <85026.95>  ----- [01;31m[Kxzl[m[K SF_AFTER_SWAP_FB (SurfaceFlinger::composeSurfaces() swap fb done)  ------
D/SurfaceFlinger(  117): <85027.34>  ----- [01;31m[Kxzl[m[K SF_BEFORE_SWAP_FB (SurfaceFlinger::composeSurfaces compose done, prepare to swap fb) ------
W/GLSurfaceView(  786): <85027.37>  --- [01;31m[Kxzl[m[K --- APP_AFTER_SWAP_FRAME (AFTER GLSurfaceView swap frame)
W/GLSurfaceView(  786): <85027.62>  --- [01;31m[Kxzl[m[K --- APP_BEFORE_DRAW_FRAME (BEFORE GLSurfaceView DrawFrame)
W/APP     (  786): [01;31m[Kxzl[m[K: ===> entering onDrawFrame: <85027> 
W/APP     (  786): [01;31m[Kxzl[m[K: ===> done onDrawFrame: <85027> 
W/GLSurfaceView(  786): <85029.11>  --- [01;31m[Kxzl[m[K --- APP_AFTER_DRAW_FRAME (AFTER GLSurfaceView DrawFrame)
W/GLSurfaceView(  786): <85029.94>  --- [01;31m[Kxzl[m[K --- APP_BEFORE_SWAP_FRAME (BEFORE GLSurfaceView swap frame)
W/INPUT   (  786): [01;31m[Kxzl[m[K: ====<85028> INPUT_GEN_EVENT: (faked - input hub generates the event)
W/APP     (  786): [01;31m[Kxzl[m[K: ===> APP_SEE_EVENT: ev hits user code: <85029>  {85028} since event: 1 ms
D/InputDispatcher(  194): <85030.45> ########### [01;31m[Kxzl[m[K finishDispatchCycle: 1.56ms since event, 0.92ms since dispatch
D/SurfaceTextureClient(  786): <85030.61> [01;31m[Kxzl[m[K SurfaceTextureClient::queueBuffer
D/SurfaceFlinger(  117): <85030.70>  --- [01;31m[Kxzl[m[K SF_QUEUE_FRAME (Layer::onFrameQueued)
W/INPUT   (  786): [01;31m[Kxzl[m[K: ====<85038> INPUT_GEN_EVENT: (faked - input hub generates the event)
W/APP     (  786): [01;31m[Kxzl[m[K: ===> APP_SEE_EVENT: ev hits user code: <85039>  {85038} since event: 1 ms
D/InputDispatcher(  194): <85039.67> ########### [01;31m[Kxzl[m[K finishDispatchCycle: 1.16ms since event, 0.49ms since dispatch
D/SurfaceFlinger(  117): <85042.63>  ----- [01;31m[Kxzl[m[K SF_AFTER_SWAP_FB (SurfaceFlinger::composeSurfaces() swap fb done)  ------
D/SurfaceFlinger(  117): <85042.79>  ----- [01;31m[Kxzl[m[K SF_BEFORE_SWAP_FB (SurfaceFlinger::composeSurfaces compose done, prepare to swap fb) ------
W/GLSurfaceView(  786): <85042.82>  --- [01;31m[Kxzl[m[K --- APP_AFTER_SWAP_FRAME (AFTER GLSurfaceView swap frame)
W/GLSurfaceView(  786): <85043.06>  --- [01;31m[Kxzl[m[K --- APP_BEFORE_DRAW_FRAME (BEFORE GLSurfaceView DrawFrame)
W/APP     (  786): [01;31m[Kxzl[m[K: ===> entering onDrawFrame: <85043> 
W/APP     (  786): [01;31m[Kxzl[m[K: ===> done onDrawFrame: <85043> 
W/GLSurfaceView(  786): <85043.52>  --- [01;31m[Kxzl[m[K --- APP_AFTER_DRAW_FRAME (AFTER GLSurfaceView DrawFrame)
W/GLSurfaceView(  786): <85043.70>  --- [01;31m[Kxzl[m[K --- APP_BEFORE_SWAP_FRAME (BEFORE GLSurfaceView swap frame)
D/SurfaceTextureClient(  786): <85044.74> [01;31m[Kxzl[m[K SurfaceTextureClient::queueBuffer
D/SurfaceFlinger(  117): <85044.80>  --- [01;31m[Kxzl[m[K SF_QUEUE_FRAME (Layer::onFrameQueued)
W/INPUT   (  786): [01;31m[Kxzl[m[K: ====<85048> INPUT_GEN_EVENT: (faked - input hub generates the event)
W/APP     (  786): [01;31m[Kxzl[m[K: ===> APP_SEE_EVENT: ev hits user code: <85049>  {85048} since event: 1 ms
D/InputDispatcher(  194): <85049.53> ########### [01;31m[Kxzl[m[K finishDispatchCycle: 1.16ms since event, 0.52ms since dispatch
W/INPUT   (  786): [01;31m[Kxzl[m[K: ====<85057> INPUT_GEN_EVENT: (faked - input hub generates the event)
W/APP     (  786): [01;31m[Kxzl[m[K: ===> APP_SEE_EVENT: ev hits user code: <85058>  {85057} since event: 1 ms
D/InputDispatcher(  194): <85059.14> ########### [01;31m[Kxzl[m[K finishDispatchCycle: 1.16ms since event, 0.52ms since dispatch
D/SurfaceFlinger(  117): <85059.54>  ----- [01;31m[Kxzl[m[K SF_AFTER_SWAP_FB (SurfaceFlinger::composeSurfaces() swap fb done)  ------
D/SurfaceFlinger(  117): <85059.69>  ----- [01;31m[Kxzl[m[K SF_BEFORE_SWAP_FB (SurfaceFlinger::composeSurfaces compose done, prepare to swap fb) ------
W/GLSurfaceView(  786): <85059.72>  --- [01;31m[Kxzl[m[K --- APP_AFTER_SWAP_FRAME (AFTER GLSurfaceView swap frame)
W/GLSurfaceView(  786): <85059.97>  --- [01;31m[Kxzl[m[K --- APP_BEFORE_DRAW_FRAME (BEFORE GLSurfaceView DrawFrame)
W/APP     (  786): [01;31m[Kxzl[m[K: ===> entering onDrawFrame: <85060> 
W/APP     (  786): [01;31m[Kxzl[m[K: ===> done onDrawFrame: <85060> 
W/GLSurfaceView(  786): <85060.46>  --- [01;31m[Kxzl[m[K --- APP_AFTER_DRAW_FRAME (AFTER GLSurfaceView DrawFrame)
W/GLSurfaceView(  786): <85060.64>  --- [01;31m[Kxzl[m[K --- APP_BEFORE_SWAP_FRAME (BEFORE GLSurfaceView swap frame)
D/SurfaceTextureClient(  786): <85061.44> [01;31m[Kxzl[m[K SurfaceTextureClient::queueBuffer
D/SurfaceFlinger(  117): <85061.52>  --- [01;31m[Kxzl[m[K SF_QUEUE_FRAME (Layer::onFrameQueued)
W/INPUT   (  786): [01;31m[Kxzl[m[K: ====<85067> INPUT_GEN_EVENT: (faked - input hub generates the event)
W/APP     (  786): [01;31m[Kxzl[m[K: ===> APP_SEE_EVENT: ev hits user code: <85068>  {85067} since event: 1 ms
D/InputDispatcher(  194): <85069.06> ########### [01;31m[Kxzl[m[K finishDispatchCycle: 1.16ms since event, 0.52ms since dispatch
D/SurfaceFlinger(  117): <85077.70>  ----- [01;31m[Kxzl[m[K SF_AFTER_SWAP_FB (SurfaceFlinger::composeSurfaces() swap fb done)  ------
D/SurfaceFlinger(  117): <85077.85>  ----- [01;31m[Kxzl[m[K SF_BEFORE_SWAP_FB (SurfaceFlinger::composeSurfaces compose done, prepare to swap fb) ------
W/INPUT   (  786): [01;31m[Kxzl[m[K: ====<85077> INPUT_GEN_EVENT: (faked - input hub generates the event)
W/APP     (  786): [01;31m[Kxzl[m[K: ===> APP_SEE_EVENT: ev hits user code: <85079>  {85077} since event: 2 ms
D/InputDispatcher(  194): <85079.22> ########### [01;31m[Kxzl[m[K finishDispatchCycle: 1.56ms since event, 0.49ms since dispatch
W/GLSurfaceView(  786): <85078.03>  --- [01;31m[Kxzl[m[K --- APP_AFTER_SWAP_FRAME (AFTER GLSurfaceView swap frame)
W/GLSurfaceView(  786): <85079.41>  --- [01;31m[Kxzl[m[K --- APP_BEFORE_DRAW_FRAME (BEFORE GLSurfaceView DrawFrame)
W/APP     (  786): [01;31m[Kxzl[m[K: ===> entering onDrawFrame: <85079> 
W/APP     (  786): [01;31m[Kxzl[m[K: ===> done onDrawFrame: <85079> 
W/GLSurfaceView(  786): <85079.77>  --- [01;31m[Kxzl[m[K --- APP_AFTER_DRAW_FRAME (AFTER GLSurfaceView DrawFrame)
W/GLSurfaceView(  786): <85079.96>  --- [01;31m[Kxzl[m[K --- APP_BEFORE_SWAP_FRAME (BEFORE GLSurfaceView swap frame)
D/SurfaceTextureClient(  786): <85080.48> [01;31m[Kxzl[m[K SurfaceTextureClient::queueBuffer
D/SurfaceFlinger(  117): <85080.57>  --- [01;31m[Kxzl[m[K SF_QUEUE_FRAME (Layer::onFrameQueued)
W/INPUT   (  786): [01;31m[Kxzl[m[K: ====<85087> INPUT_GEN_EVENT: (faked - input hub generates the event)
W/APP     (  786): [01;31m[Kxzl[m[K: ===> APP_SEE_EVENT: ev hits user code: <85088>  {85087} since event: 1 ms
D/InputDispatcher(  194): <85088.32> ########### [01;31m[Kxzl[m[K finishDispatchCycle: 1.10ms since event, 0.52ms since dispatch
D/SurfaceFlinger(  117): <85093.44>  ----- [01;31m[Kxzl[m[K SF_AFTER_SWAP_FB (SurfaceFlinger::composeSurfaces() swap fb done)  ------
D/SurfaceFlinger(  117): <85093.57>  ----- [01;31m[Kxzl[m[K SF_BEFORE_SWAP_FB (SurfaceFlinger::composeSurfaces compose done, prepare to swap fb) ------
W/GLSurfaceView(  786): <85093.63>  --- [01;31m[Kxzl[m[K --- APP_AFTER_SWAP_FRAME (AFTER GLSurfaceView swap frame)
W/GLSurfaceView(  786): <85093.84>  --- [01;31m[Kxzl[m[K --- APP_BEFORE_DRAW_FRAME (BEFORE GLSurfaceView DrawFrame)
W/APP     (  786): [01;31m[Kxzl[m[K: ===> entering onDrawFrame: <85093> 
W/APP     (  786): [01;31m[Kxzl[m[K: ===> done onDrawFrame: <85093> 
W/GLSurfaceView(  786): <85094.24>  --- [01;31m[Kxzl[m[K --- APP_AFTER_DRAW_FRAME (AFTER GLSurfaceView DrawFrame)
W/GLSurfaceView(  786): <85094.39>  --- [01;31m[Kxzl[m[K --- APP_BEFORE_SWAP_FRAME (BEFORE GLSurfaceView swap frame)
D/SurfaceTextureClient(  786): <85094.82> [01;31m[Kxzl[m[K SurfaceTextureClient::queueBuffer
D/SurfaceFlinger(  117): <85094.88>  --- [01;31m[Kxzl[m[K SF_QUEUE_FRAME (Layer::onFrameQueued)
W/INPUT   (  786): [01;31m[Kxzl[m[K: ====<85097> INPUT_GEN_EVENT: (faked - input hub generates the event)
W/APP     (  786): [01;31m[Kxzl[m[K: ===> APP_SEE_EVENT: ev hits user code: <85098>  {85097} since event: 1 ms
D/InputDispatcher(  194): <85098.36> ########### [01;31m[Kxzl[m[K finishDispatchCycle: 1.22ms since event, 0.64ms since dispatch
W/INPUT   (  786): [01;31m[Kxzl[m[K: ====<85106> INPUT_GEN_EVENT: (faked - input hub generates the event)
W/APP     (  786): [01;31m[Kxzl[m[K: ===> APP_SEE_EVENT: ev hits user code: <85107>  {85106} since event: 1 ms
D/InputDispatcher(  194): <85108.06> ########### [01;31m[Kxzl[m[K finishDispatchCycle: 1.22ms since event, 0.61ms since dispatch
D/SurfaceFlinger(  117): <85110.41>  ----- [01;31m[Kxzl[m[K SF_AFTER_SWAP_FB (SurfaceFlinger::composeSurfaces() swap fb done)  ------
D/SurfaceFlinger(  117): <85110.56>  ----- [01;31m[Kxzl[m[K SF_BEFORE_SWAP_FB (SurfaceFlinger::composeSurfaces compose done, prepare to swap fb) ------
W/GLSurfaceView(  786): <85110.60>  --- [01;31m[Kxzl[m[K --- APP_AFTER_SWAP_FRAME (AFTER GLSurfaceView swap frame)
W/GLSurfaceView(  786): <85110.87>  --- [01;31m[Kxzl[m[K --- APP_BEFORE_DRAW_FRAME (BEFORE GLSurfaceView DrawFrame)
W/APP     (  786): [01;31m[Kxzl[m[K: ===> entering onDrawFrame: <85111> 
W/APP     (  786): [01;31m[Kxzl[m[K: ===> done onDrawFrame: <85111> 
W/GLSurfaceView(  786): <85111.48>  --- [01;31m[Kxzl[m[K --- APP_AFTER_DRAW_FRAME (AFTER GLSurfaceView DrawFrame)
W/GLSurfaceView(  786): <85111.63>  --- [01;31m[Kxzl[m[K --- APP_BEFORE_SWAP_FRAME (BEFORE GLSurfaceView swap frame)
D/SurfaceTextureClient(  786): <85112.52> [01;31m[Kxzl[m[K SurfaceTextureClient::queueBuffer
D/SurfaceFlinger(  117): <85112.61>  --- [01;31m[Kxzl[m[K SF_QUEUE_FRAME (Layer::onFrameQueued)
W/INPUT   (  786): [01;31m[Kxzl[m[K: ====<85116> INPUT_GEN_EVENT: (faked - input hub generates the event)
W/APP     (  786): [01;31m[Kxzl[m[K: ===> APP_SEE_EVENT: ev hits user code: <85117>  {85116} since event: 1 ms
D/InputDispatcher(  194): <85117.95> ########### [01;31m[Kxzl[m[K finishDispatchCycle: 1.19ms since event, 0.52ms since dispatch
W/INPUT   (  786): [01;31m[Kxzl[m[K: ====<85126> INPUT_GEN_EVENT: (faked - input hub generates the event)
W/APP     (  786): [01;31m[Kxzl[m[K: ===> APP_SEE_EVENT: ev hits user code: <85127>  {85126} since event: 1 ms
D/InputDispatcher(  194): <85127.35> ########### [01;31m[Kxzl[m[K finishDispatchCycle: 1.10ms since event, 0.49ms since dispatch
D/SurfaceFlinger(  117): <85127.35>  ----- [01;31m[Kxzl[m[K SF_AFTER_SWAP_FB (SurfaceFlinger::composeSurfaces() swap fb done)  ------
D/SurfaceFlinger(  117): <85127.50>  ----- [01;31m[Kxzl[m[K SF_BEFORE_SWAP_FB (SurfaceFlinger::composeSurfaces compose done, prepare to swap fb) ------
W/GLSurfaceView(  786): <85127.56>  --- [01;31m[Kxzl[m[K --- APP_AFTER_SWAP_FRAME (AFTER GLSurfaceView swap frame)
W/GLSurfaceView(  786): <85127.81>  --- [01;31m[Kxzl[m[K --- APP_BEFORE_DRAW_FRAME (BEFORE GLSurfaceView DrawFrame)
W/APP     (  786): [01;31m[Kxzl[m[K: ===> entering onDrawFrame: <85127> 
W/APP     (  786): [01;31m[Kxzl[m[K: ===> done onDrawFrame: <85127> 
W/GLSurfaceView(  786): <85128.27>  --- [01;31m[Kxzl[m[K --- APP_AFTER_DRAW_FRAME (AFTER GLSurfaceView DrawFrame)
W/GLSurfaceView(  786): <85128.45>  --- [01;31m[Kxzl[m[K --- APP_BEFORE_SWAP_FRAME (BEFORE GLSurfaceView swap frame)
D/SurfaceTextureClient(  786): <85129.12> [01;31m[Kxzl[m[K SurfaceTextureClient::queueBuffer
D/SurfaceFlinger(  117): <85129.21>  --- [01;31m[Kxzl[m[K SF_QUEUE_FRAME (Layer::onFrameQueued)
W/INPUT   (  786): [01;31m[Kxzl[m[K: ====<85136> INPUT_GEN_EVENT: (faked - input hub generates the event)
W/APP     (  786): [01;31m[Kxzl[m[K: ===> APP_SEE_EVENT: ev hits user code: <85137>  {85136} since event: 1 ms
D/InputDispatcher(  194): <85137.45> ########### [01;31m[Kxzl[m[K finishDispatchCycle: 1.28ms since event, 0.61ms since dispatch
D/SurfaceFlinger(  117): <85144.32>  ----- [01;31m[Kxzl[m[K SF_AFTER_SWAP_FB (SurfaceFlinger::composeSurfaces() swap fb done)  ------
D/SurfaceFlinger(  117): <85146.00>  ----- [01;31m[Kxzl[m[K SF_BEFORE_SWAP_FB (SurfaceFlinger::composeSurfaces compose done, prepare to swap fb) ------
W/GLSurfaceView(  786): <85146.06>  --- [01;31m[Kxzl[m[K --- APP_AFTER_SWAP_FRAME (AFTER GLSurfaceView swap frame)
W/GLSurfaceView(  786): <85146.58>  --- [01;31m[Kxzl[m[K --- APP_BEFORE_DRAW_FRAME (BEFORE GLSurfaceView DrawFrame)
W/APP     (  786): [01;31m[Kxzl[m[K: ===> entering onDrawFrame: <85147> 
W/INPUT   (  786): [01;31m[Kxzl[m[K: ====<85145> INPUT_GEN_EVENT: (faked - input hub generates the event)
W/APP     (  786): [01;31m[Kxzl[m[K: ===> APP_SEE_EVENT: ev hits user code: <85147>  {85145} since event: 2 ms
W/APP     (  786): [01;31m[Kxzl[m[K: ===> done onDrawFrame: <85147> 
D/InputDispatcher(  194): <85147.59> ########### [01;31m[Kxzl[m[K finishDispatchCycle: 1.74ms since event, 0.49ms since dispatch
