W/GLSurfaceView(  846): <97655.21>  --- [01;31m[Kxzl[m[K --- APP_BEFORE_SWAP_FRAME (BEFORE GLSurfaceView swap frame)
D/SurfaceTextureClient(  846): <97655.88> [01;31m[Kxzl[m[K SurfaceTextureClient::queueBuffer
D/SurfaceFlinger(  116): <97655.95>  --- [01;31m[Kxzl[m[K SF_QUEUE_FRAME (Layer::onFrameQueued)
W/APP     (  846): [01;31m[Kxzl[m[K: ===> ev hits user code: <97662>  {97661} since event: 1 ms
D/InputDispatcher(  201): <97662.78> ########### [01;31m[Kxzl[m[K finishDispatchCycle: 1.04ms since event, 0.43ms since dispatch
D/SurfaceFlinger(  116): <97671.32>  ----- [01;31m[Kxzl[m[K SF_AFTER_SWAP_FB (SurfaceFlinger::composeSurfaces() swap fb done)  ------
D/SurfaceFlinger(  116): <97671.45>  ----- [01;31m[Kxzl[m[K SF_BEFORE_SWAP_FB (SurfaceFlinger::composeSurfaces compose done, prepare to swap fb) ------
W/GLSurfaceView(  846): <97671.69>  --- [01;31m[Kxzl[m[K --- APP_AFTER_SWAP_FRAME (AFTER GLSurfaceView swap frame)
W/GLSurfaceView(  846): <97671.94>  --- [01;31m[Kxzl[m[K --- APP_BEFORE_DRAW_FRAME (BEFORE GLSurfaceView DrawFrame)
W/APP     (  846): [01;31m[Kxzl[m[K: ===> entering onDrawFrame: <97672> 
W/APP     (  846): [01;31m[Kxzl[m[K: ===> done onDrawFrame: <97672> 
W/GLSurfaceView(  846): <97672.36>  --- [01;31m[Kxzl[m[K --- APP_AFTER_DRAW_FRAME (AFTER GLSurfaceView DrawFrame)
W/APP     (  846): [01;31m[Kxzl[m[K: ===> ev hits user code: <97672>  {97671} since event: 1 ms
D/InputDispatcher(  201): <97672.66> ########### [01;31m[Kxzl[m[K finishDispatchCycle: 1.28ms since event, 0.46ms since dispatch
W/GLSurfaceView(  846): <97672.52>  --- [01;31m[Kxzl[m[K --- APP_BEFORE_SWAP_FRAME (BEFORE GLSurfaceView swap frame)
D/SurfaceTextureClient(  846): <97673.25> [01;31m[Kxzl[m[K SurfaceTextureClient::queueBuffer
D/SurfaceFlinger(  116): <97673.34>  --- [01;31m[Kxzl[m[K SF_QUEUE_FRAME (Layer::onFrameQueued)
W/APP     (  846): [01;31m[Kxzl[m[K: ===> ev hits user code: <97682>  {97681} since event: 1 ms
D/InputDispatcher(  201): <97682.52> ########### [01;31m[Kxzl[m[K finishDispatchCycle: 1.25ms since event, 0.52ms since dispatch
D/SurfaceFlinger(  116): <97688.99>  ----- [01;31m[Kxzl[m[K SF_AFTER_SWAP_FB (SurfaceFlinger::composeSurfaces() swap fb done)  ------
D/SurfaceFlinger(  116): <97689.15>  ----- [01;31m[Kxzl[m[K SF_BEFORE_SWAP_FB (SurfaceFlinger::composeSurfaces compose done, prepare to swap fb) ------
W/GLSurfaceView(  846): <97689.39>  --- [01;31m[Kxzl[m[K --- APP_AFTER_SWAP_FRAME (AFTER GLSurfaceView swap frame)
W/APP     (  846): [01;31m[Kxzl[m[K: ===> ev hits user code: <97691>  {97691} since event: 0 ms
D/InputDispatcher(  201): <97692.17> ########### [01;31m[Kxzl[m[K finishDispatchCycle: 1.13ms since event, 0.46ms since dispatch
W/GLSurfaceView(  846): <97691.16>  --- [01;31m[Kxzl[m[K --- APP_BEFORE_DRAW_FRAME (BEFORE GLSurfaceView DrawFrame)
W/APP     (  846): [01;31m[Kxzl[m[K: ===> entering onDrawFrame: <97692> 
W/APP     (  846): [01;31m[Kxzl[m[K: ===> done onDrawFrame: <97692> 
W/GLSurfaceView(  846): <97692.84>  --- [01;31m[Kxzl[m[K --- APP_AFTER_DRAW_FRAME (AFTER GLSurfaceView DrawFrame)
W/GLSurfaceView(  846): <97693.08>  --- [01;31m[Kxzl[m[K --- APP_BEFORE_SWAP_FRAME (BEFORE GLSurfaceView swap frame)
D/SurfaceTextureClient(  846): <97693.85> [01;31m[Kxzl[m[K SurfaceTextureClient::queueBuffer
D/SurfaceFlinger(  116): <97693.91>  --- [01;31m[Kxzl[m[K SF_QUEUE_FRAME (Layer::onFrameQueued)
W/APP     (  846): [01;31m[Kxzl[m[K: ===> ev hits user code: <97701>  {97700} since event: 1 ms
D/InputDispatcher(  201): <97701.94> ########### [01;31m[Kxzl[m[K finishDispatchCycle: 1.25ms since event, 0.58ms since dispatch
D/SurfaceFlinger(  116): <97704.96>  ----- [01;31m[Kxzl[m[K SF_AFTER_SWAP_FB (SurfaceFlinger::composeSurfaces() swap fb done)  ------
D/SurfaceFlinger(  116): <97705.08>  ----- [01;31m[Kxzl[m[K SF_BEFORE_SWAP_FB (SurfaceFlinger::composeSurfaces compose done, prepare to swap fb) ------
W/GLSurfaceView(  846): <97705.26>  --- [01;31m[Kxzl[m[K --- APP_AFTER_SWAP_FRAME (AFTER GLSurfaceView swap frame)
W/GLSurfaceView(  846): <97705.47>  --- [01;31m[Kxzl[m[K --- APP_BEFORE_DRAW_FRAME (BEFORE GLSurfaceView DrawFrame)
W/APP     (  846): [01;31m[Kxzl[m[K: ===> entering onDrawFrame: <97705> 
W/APP     (  846): [01;31m[Kxzl[m[K: ===> done onDrawFrame: <97705> 
W/GLSurfaceView(  846): <97705.90>  --- [01;31m[Kxzl[m[K --- APP_AFTER_DRAW_FRAME (AFTER GLSurfaceView DrawFrame)
W/GLSurfaceView(  846): <97706.09>  --- [01;31m[Kxzl[m[K --- APP_BEFORE_SWAP_FRAME (BEFORE GLSurfaceView swap frame)
D/SurfaceTextureClient(  846): <97706.33> [01;31m[Kxzl[m[K SurfaceTextureClient::queueBuffer
D/SurfaceFlinger(  116): <97706.41>  --- [01;31m[Kxzl[m[K SF_QUEUE_FRAME (Layer::onFrameQueued)
W/APP     (  846): [01;31m[Kxzl[m[K: ===> ev hits user code: <97711>  {97710} since event: 1 ms
D/InputDispatcher(  201): <97711.58> ########### [01;31m[Kxzl[m[K finishDispatchCycle: 1.16ms since event, 0.52ms since dispatch
W/APP     (  846): [01;31m[Kxzl[m[K: ===> ev hits user code: <97720>  {97719} since event: 1 ms
D/InputDispatcher(  201): <97720.88> ########### [01;31m[Kxzl[m[K finishDispatchCycle: 0.92ms since event, 0.37ms since dispatch
D/SurfaceFlinger(  116): <97721.89>  ----- [01;31m[Kxzl[m[K SF_AFTER_SWAP_FB (SurfaceFlinger::composeSurfaces() swap fb done)  ------
D/SurfaceFlinger(  116): <97722.02>  ----- [01;31m[Kxzl[m[K SF_BEFORE_SWAP_FB (SurfaceFlinger::composeSurfaces compose done, prepare to swap fb) ------
W/GLSurfaceView(  846): <97722.23>  --- [01;31m[Kxzl[m[K --- APP_AFTER_SWAP_FRAME (AFTER GLSurfaceView swap frame)
W/GLSurfaceView(  846): <97722.44>  --- [01;31m[Kxzl[m[K --- APP_BEFORE_DRAW_FRAME (BEFORE GLSurfaceView DrawFrame)
W/APP     (  846): [01;31m[Kxzl[m[K: ===> entering onDrawFrame: <97722> 
W/APP     (  846): [01;31m[Kxzl[m[K: ===> done onDrawFrame: <97722> 
W/GLSurfaceView(  846): <97722.84>  --- [01;31m[Kxzl[m[K --- APP_AFTER_DRAW_FRAME (AFTER GLSurfaceView DrawFrame)
W/GLSurfaceView(  846): <97723.08>  --- [01;31m[Kxzl[m[K --- APP_BEFORE_SWAP_FRAME (BEFORE GLSurfaceView swap frame)
D/SurfaceTextureClient(  846): <97723.41> [01;31m[Kxzl[m[K SurfaceTextureClient::queueBuffer
D/SurfaceFlinger(  116): <97723.48>  --- [01;31m[Kxzl[m[K SF_QUEUE_FRAME (Layer::onFrameQueued)
W/APP     (  846): [01;31m[Kxzl[m[K: ===> ev hits user code: <97730>  {97729} since event: 1 ms
D/InputDispatcher(  201): <97730.93> ########### [01;31m[Kxzl[m[K finishDispatchCycle: 1.10ms since event, 0.43ms since dispatch
D/SurfaceFlinger(  116): <97739.56>  ----- [01;31m[Kxzl[m[K SF_AFTER_SWAP_FB (SurfaceFlinger::composeSurfaces() swap fb done)  ------
D/SurfaceFlinger(  116): <97739.69>  ----- [01;31m[Kxzl[m[K SF_BEFORE_SWAP_FB (SurfaceFlinger::composeSurfaces compose done, prepare to swap fb) ------
W/GLSurfaceView(  846): <97739.90>  --- [01;31m[Kxzl[m[K --- APP_AFTER_SWAP_FRAME (AFTER GLSurfaceView swap frame)
W/GLSurfaceView(  846): <97740.11>  --- [01;31m[Kxzl[m[K --- APP_BEFORE_DRAW_FRAME (BEFORE GLSurfaceView DrawFrame)
W/APP     (  846): [01;31m[Kxzl[m[K: ===> entering onDrawFrame: <97740> 
W/APP     (  846): [01;31m[Kxzl[m[K: ===> done onDrawFrame: <97740> 
W/APP     (  846): [01;31m[Kxzl[m[K: ===> ev hits user code: <97740>  {97739} since event: 1 ms
W/GLSurfaceView(  846): <97740.54>  --- [01;31m[Kxzl[m[K --- APP_AFTER_DRAW_FRAME (AFTER GLSurfaceView DrawFrame)
D/InputDispatcher(  201): <97740.73> ########### [01;31m[Kxzl[m[K finishDispatchCycle: 1.16ms since event, 0.43ms since dispatch
W/GLSurfaceView(  846): <97740.69>  --- [01;31m[Kxzl[m[K --- APP_BEFORE_SWAP_FRAME (BEFORE GLSurfaceView swap frame)
D/SurfaceTextureClient(  846): <97740.96> [01;31m[Kxzl[m[K SurfaceTextureClient::queueBuffer
D/SurfaceFlinger(  116): <97741.06>  --- [01;31m[Kxzl[m[K SF_QUEUE_FRAME (Layer::onFrameQueued)
W/APP     (  846): [01;31m[Kxzl[m[K: ===> ev hits user code: <97750>  {97749} since event: 1 ms
D/InputDispatcher(  201): <97750.67> ########### [01;31m[Kxzl[m[K finishDispatchCycle: 1.16ms since event, 0.52ms since dispatch
D/SurfaceFlinger(  116): <97757.11>  ----- [01;31m[Kxzl[m[K SF_AFTER_SWAP_FB (SurfaceFlinger::composeSurfaces() swap fb done)  ------
D/SurfaceFlinger(  116): <97757.23>  ----- [01;31m[Kxzl[m[K SF_BEFORE_SWAP_FB (SurfaceFlinger::composeSurfaces compose done, prepare to swap fb) ------
W/GLSurfaceView(  846): <97757.48>  --- [01;31m[Kxzl[m[K --- APP_AFTER_SWAP_FRAME (AFTER GLSurfaceView swap frame)
W/GLSurfaceView(  846): <97757.69>  --- [01;31m[Kxzl[m[K --- APP_BEFORE_DRAW_FRAME (BEFORE GLSurfaceView DrawFrame)
W/APP     (  846): [01;31m[Kxzl[m[K: ===> entering onDrawFrame: <97757> 
W/APP     (  846): [01;31m[Kxzl[m[K: ===> done onDrawFrame: <97757> 
W/GLSurfaceView(  846): <97758.09>  --- [01;31m[Kxzl[m[K --- APP_AFTER_DRAW_FRAME (AFTER GLSurfaceView DrawFrame)
W/GLSurfaceView(  846): <97758.24>  --- [01;31m[Kxzl[m[K --- APP_BEFORE_SWAP_FRAME (BEFORE GLSurfaceView swap frame)
D/SurfaceTextureClient(  846): <97758.55> [01;31m[Kxzl[m[K SurfaceTextureClient::queueBuffer
D/SurfaceFlinger(  116): <97758.61>  --- [01;31m[Kxzl[m[K SF_QUEUE_FRAME (Layer::onFrameQueued)
W/APP     (  846): [01;31m[Kxzl[m[K: ===> ev hits user code: <97760>  {97759} since event: 1 ms
D/InputDispatcher(  201): <97760.31> ########### [01;31m[Kxzl[m[K finishDispatchCycle: 1.16ms since event, 0.43ms since dispatch
W/APP     (  846): [01;31m[Kxzl[m[K: ===> ev hits user code: <97769>  {97768} since event: 1 ms
D/InputDispatcher(  201): <97769.74> ########### [01;31m[Kxzl[m[K finishDispatchCycle: 0.98ms since event, 0.37ms since dispatch
D/SurfaceFlinger(  116): <97772.77>  ----- [01;31m[Kxzl[m[K SF_AFTER_SWAP_FB (SurfaceFlinger::composeSurfaces() swap fb done)  ------
D/SurfaceFlinger(  116): <97772.89>  ----- [01;31m[Kxzl[m[K SF_BEFORE_SWAP_FB (SurfaceFlinger::composeSurfaces compose done, prepare to swap fb) ------
W/GLSurfaceView(  846): <97773.10>  --- [01;31m[Kxzl[m[K --- APP_AFTER_SWAP_FRAME (AFTER GLSurfaceView swap frame)
W/GLSurfaceView(  846): <97773.32>  --- [01;31m[Kxzl[m[K --- APP_BEFORE_DRAW_FRAME (BEFORE GLSurfaceView DrawFrame)
W/APP     (  846): [01;31m[Kxzl[m[K: ===> entering onDrawFrame: <97773> 
W/APP     (  846): [01;31m[Kxzl[m[K: ===> done onDrawFrame: <97773> 
W/GLSurfaceView(  846): <97773.71>  --- [01;31m[Kxzl[m[K --- APP_AFTER_DRAW_FRAME (AFTER GLSurfaceView DrawFrame)
W/GLSurfaceView(  846): <97773.86>  --- [01;31m[Kxzl[m[K --- APP_BEFORE_SWAP_FRAME (BEFORE GLSurfaceView swap frame)
D/SurfaceTextureClient(  846): <97774.14> [01;31m[Kxzl[m[K SurfaceTextureClient::queueBuffer
D/SurfaceFlinger(  116): <97774.20>  --- [01;31m[Kxzl[m[K SF_QUEUE_FRAME (Layer::onFrameQueued)
W/APP     (  846): [01;31m[Kxzl[m[K: ===> ev hits user code: <97779>  {97778} since event: 1 ms
D/InputDispatcher(  201): <97779.70> ########### [01;31m[Kxzl[m[K finishDispatchCycle: 1.01ms since event, 0.40ms since dispatch
W/APP     (  846): [01;31m[Kxzl[m[K: ===> ev hits user code: <97789>  {97788} since event: 1 ms
D/InputDispatcher(  201): <97789.61> ########### [01;31m[Kxzl[m[K finishDispatchCycle: 1.13ms since event, 0.55ms since dispatch
D/SurfaceFlinger(  116): <97789.83>  ----- [01;31m[Kxzl[m[K SF_AFTER_SWAP_FB (SurfaceFlinger::composeSurfaces() swap fb done)  ------
D/SurfaceFlinger(  116): <97789.95>  ----- [01;31m[Kxzl[m[K SF_BEFORE_SWAP_FB (SurfaceFlinger::composeSurfaces compose done, prepare to swap fb) ------
W/GLSurfaceView(  846): <97790.16>  --- [01;31m[Kxzl[m[K --- APP_AFTER_SWAP_FRAME (AFTER GLSurfaceView swap frame)
W/GLSurfaceView(  846): <97790.34>  --- [01;31m[Kxzl[m[K --- APP_BEFORE_DRAW_FRAME (BEFORE GLSurfaceView DrawFrame)
W/APP     (  846): [01;31m[Kxzl[m[K: ===> entering onDrawFrame: <97790> 
W/APP     (  846): [01;31m[Kxzl[m[K: ===> done onDrawFrame: <97790> 
W/GLSurfaceView(  846): <97790.74>  --- [01;31m[Kxzl[m[K --- APP_AFTER_DRAW_FRAME (AFTER GLSurfaceView DrawFrame)
W/GLSurfaceView(  846): <97790.86>  --- [01;31m[Kxzl[m[K --- APP_BEFORE_SWAP_FRAME (BEFORE GLSurfaceView swap frame)
D/SurfaceTextureClient(  846): <97791.14> [01;31m[Kxzl[m[K SurfaceTextureClient::queueBuffer
D/SurfaceFlinger(  116): <97791.23>  --- [01;31m[Kxzl[m[K SF_QUEUE_FRAME (Layer::onFrameQueued)
W/APP     (  846): [01;31m[Kxzl[m[K: ===> ev hits user code: <97799>  {97798} since event: 1 ms
D/InputDispatcher(  201): <97799.44> ########### [01;31m[Kxzl[m[K finishDispatchCycle: 1.10ms since event, 0.46ms since dispatch
D/SurfaceFlinger(  116): <97808.07>  ----- [01;31m[Kxzl[m[K SF_AFTER_SWAP_FB (SurfaceFlinger::composeSurfaces() swap fb done)  ------
D/SurfaceFlinger(  116): <97808.20>  ----- [01;31m[Kxzl[m[K SF_BEFORE_SWAP_FB (SurfaceFlinger::composeSurfaces compose done, prepare to swap fb) ------
W/GLSurfaceView(  846): <97808.41>  --- [01;31m[Kxzl[m[K --- APP_AFTER_SWAP_FRAME (AFTER GLSurfaceView swap frame)
W/GLSurfaceView(  846): <97808.65>  --- [01;31m[Kxzl[m[K --- APP_BEFORE_DRAW_FRAME (BEFORE GLSurfaceView DrawFrame)
W/APP     (  846): [01;31m[Kxzl[m[K: ===> entering onDrawFrame: <97808> 
W/APP     (  846): [01;31m[Kxzl[m[K: ===> done onDrawFrame: <97808> 
W/APP     (  846): [01;31m[Kxzl[m[K: ===> ev hits user code: <97809>  {97808} since event: 1 ms
D/InputDispatcher(  201): <97809.17> ########### [01;31m[Kxzl[m[K finishDispatchCycle: 1.10ms since event, 0.37ms since dispatch
W/GLSurfaceView(  846): <97809.08>  --- [01;31m[Kxzl[m[K --- APP_AFTER_DRAW_FRAME (AFTER GLSurfaceView DrawFrame)
W/GLSurfaceView(  846): <97809.20>  --- [01;31m[Kxzl[m[K --- APP_BEFORE_SWAP_FRAME (BEFORE GLSurfaceView swap frame)
D/SurfaceTextureClient(  846): <97809.51> [01;31m[Kxzl[m[K SurfaceTextureClient::queueBuffer
D/SurfaceFlinger(  116): <97809.57>  --- [01;31m[Kxzl[m[K SF_QUEUE_FRAME (Layer::onFrameQueued)
W/APP     (  846): [01;31m[Kxzl[m[K: ===> ev hits user code: <97818>  {97817} since event: 1 ms
D/InputDispatcher(  201): <97819.09> ########### [01;31m[Kxzl[m[K finishDispatchCycle: 1.31ms since event, 0.55ms since dispatch
D/SurfaceFlinger(  116): <97823.64>  ----- [01;31m[Kxzl[m[K SF_AFTER_SWAP_FB (SurfaceFlinger::composeSurfaces() swap fb done)  ------
D/SurfaceFlinger(  116): <97823.79>  ----- [01;31m[Kxzl[m[K SF_BEFORE_SWAP_FB (SurfaceFlinger::composeSurfaces compose done, prepare to swap fb) ------
W/GLSurfaceView(  846): <97824.04>  --- [01;31m[Kxzl[m[K --- APP_AFTER_SWAP_FRAME (AFTER GLSurfaceView swap frame)
W/GLSurfaceView(  846): <97824.31>  --- [01;31m[Kxzl[m[K --- APP_BEFORE_DRAW_FRAME (BEFORE GLSurfaceView DrawFrame)
W/APP     (  846): [01;31m[Kxzl[m[K: ===> entering onDrawFrame: <97824> 
W/APP     (  846): [01;31m[Kxzl[m[K: ===> done onDrawFrame: <97824> 
W/GLSurfaceView(  846): <97824.74>  --- [01;31m[Kxzl[m[K --- APP_AFTER_DRAW_FRAME (AFTER GLSurfaceView DrawFrame)
W/GLSurfaceView(  846): <97824.92>  --- [01;31m[Kxzl[m[K --- APP_BEFORE_SWAP_FRAME (BEFORE GLSurfaceView swap frame)
D/SurfaceTextureClient(  846): <97825.32> [01;31m[Kxzl[m[K SurfaceTextureClient::queueBuffer
D/SurfaceFlinger(  116): <97825.41>  --- [01;31m[Kxzl[m[K SF_QUEUE_FRAME (Layer::onFrameQueued)
W/APP     (  846): [01;31m[Kxzl[m[K: ===> ev hits user code: <97828>  {97827} since event: 1 ms
D/InputDispatcher(  201): <97828.89> ########### [01;31m[Kxzl[m[K finishDispatchCycle: 1.13ms since event, 0.43ms since dispatch
W/APP     (  846): [01;31m[Kxzl[m[K: ===> ev hits user code: <97838>  {97837} since event: 1 ms
D/InputDispatcher(  201): <97838.50> ########### [01;31m[Kxzl[m[K finishDispatchCycle: 0.92ms since event, 0.34ms since dispatch
D/SurfaceFlinger(  116): <97840.58>  ----- [01;31m[Kxzl[m[K SF_AFTER_SWAP_FB (SurfaceFlinger::composeSurfaces() swap fb done)  ------
D/SurfaceFlinger(  116): <97840.70>  ----- [01;31m[Kxzl[m[K SF_BEFORE_SWAP_FB (SurfaceFlinger::composeSurfaces compose done, prepare to swap fb) ------
W/GLSurfaceView(  846): <97840.94>  --- [01;31m[Kxzl[m[K --- APP_AFTER_SWAP_FRAME (AFTER GLSurfaceView swap frame)
W/GLSurfaceView(  846): <97841.19>  --- [01;31m[Kxzl[m[K --- APP_BEFORE_DRAW_FRAME (BEFORE GLSurfaceView DrawFrame)
W/APP     (  846): [01;31m[Kxzl[m[K: ===> entering onDrawFrame: <97841> 
W/APP     (  846): [01;31m[Kxzl[m[K: ===> done onDrawFrame: <97841> 
W/GLSurfaceView(  846): <97841.58>  --- [01;31m[Kxzl[m[K --- APP_AFTER_DRAW_FRAME (AFTER GLSurfaceView DrawFrame)
W/GLSurfaceView(  846): <97841.71>  --- [01;31m[Kxzl[m[K --- APP_BEFORE_SWAP_FRAME (BEFORE GLSurfaceView swap frame)
D/SurfaceTextureClient(  846): <97842.20> [01;31m[Kxzl[m[K SurfaceTextureClient::queueBuffer
D/SurfaceFlinger(  116): <97842.26>  --- [01;31m[Kxzl[m[K SF_QUEUE_FRAME (Layer::onFrameQueued)
W/APP     (  846): [01;31m[Kxzl[m[K: ===> ev hits user code: <97848>  {97847} since event: 1 ms
D/InputDispatcher(  201): <97848.36> ########### [01;31m[Kxzl[m[K finishDispatchCycle: 1.16ms since event, 0.55ms since dispatch
D/SurfaceFlinger(  116): <97857.55>  ----- [01;31m[Kxzl[m[K SF_AFTER_SWAP_FB (SurfaceFlinger::composeSurfaces() swap fb done)  ------
D/SurfaceFlinger(  116): <97857.63>  ----- [01;31m[Kxzl[m[K SF_BEFORE_SWAP_FB (SurfaceFlinger::composeSurfaces compose done, prepare to swap fb) ------
W/GLSurfaceView(  846): <97857.88>  --- [01;31m[Kxzl[m[K --- APP_AFTER_SWAP_FRAME (AFTER GLSurfaceView swap frame)
W/APP     (  846): [01;31m[Kxzl[m[K: ===> ev hits user code: <97858>  {97856} since event: 2 ms
W/GLSurfaceView(  846): <97858.12>  --- [01;31m[Kxzl[m[K --- APP_BEFORE_DRAW_FRAME (BEFORE GLSurfaceView DrawFrame)
W/APP     (  846): [01;31m[Kxzl[m[K: ===> entering onDrawFrame: <97858> 
D/InputDispatcher(  201): <97858.27> ########### [01;31m[Kxzl[m[K finishDispatchCycle: 1.28ms since event, 0.64ms since dispatch
W/APP     (  846): [01;31m[Kxzl[m[K: ===> done onDrawFrame: <97858> 
W/GLSurfaceView(  846): <97858.52>  --- [01;31m[Kxzl[m[K --- APP_AFTER_DRAW_FRAME (AFTER GLSurfaceView DrawFrame)
W/GLSurfaceView(  846): <97858.67>  --- [01;31m[Kxzl[m[K --- APP_BEFORE_SWAP_FRAME (BEFORE GLSurfaceView swap frame)
D/SurfaceTextureClient(  846): <97859.28> [01;31m[Kxzl[m[K SurfaceTextureClient::queueBuffer
D/SurfaceFlinger(  116): <97859.34>  --- [01;31m[Kxzl[m[K SF_QUEUE_FRAME (Layer::onFrameQueued)
W/APP     (  846): [01;31m[Kxzl[m[K: ===> ev hits user code: <97867>  {97866} since event: 1 ms
D/InputDispatcher(  201): <97868.10> ########### [01;31m[Kxzl[m[K finishDispatchCycle: 1.16ms since event, 0.49ms since dispatch
D/SurfaceFlinger(  116): <97874.63>  ----- [01;31m[Kxzl[m[K SF_AFTER_SWAP_FB (SurfaceFlinger::composeSurfaces() swap fb done)  ------
D/SurfaceFlinger(  116): <97874.79>  ----- [01;31m[Kxzl[m[K SF_BEFORE_SWAP_FB (SurfaceFlinger::composeSurfaces compose done, prepare to swap fb) ------
W/GLSurfaceView(  846): <97875.06>  --- [01;31m[Kxzl[m[K --- APP_AFTER_SWAP_FRAME (AFTER GLSurfaceView swap frame)
W/GLSurfaceView(  846): <97875.31>  --- [01;31m[Kxzl[m[K --- APP_BEFORE_DRAW_FRAME (BEFORE GLSurfaceView DrawFrame)
W/APP     (  846): [01;31m[Kxzl[m[K: ===> entering onDrawFrame: <97875> 
W/APP     (  846): [01;31m[Kxzl[m[K: ===> done onDrawFrame: <97875> 
W/GLSurfaceView(  846): <97875.76>  --- [01;31m[Kxzl[m[K --- APP_AFTER_DRAW_FRAME (AFTER GLSurfaceView DrawFrame)
W/GLSurfaceView(  846): <97875.95>  --- [01;31m[Kxzl[m[K --- APP_BEFORE_SWAP_FRAME (BEFORE GLSurfaceView swap frame)
D/SurfaceTextureClient(  846): <97876.28> [01;31m[Kxzl[m[K SurfaceTextureClient::queueBuffer
D/SurfaceFlinger(  116): <97876.37>  --- [01;31m[Kxzl[m[K SF_QUEUE_FRAME (Layer::onFrameQueued)
W/APP     (  846): [01;31m[Kxzl[m[K: ===> ev hits user code: <97877>  {97876} since event: 1 ms
D/InputDispatcher(  201): <97878.05> ########### [01;31m[Kxzl[m[K finishDispatchCycle: 1.37ms since event, 0.55ms since dispatch
W/APP     (  846): [01;31m[Kxzl[m[K: ===> ev hits user code: <97887>  {97886} since event: 1 ms
D/InputDispatcher(  201): <97887.48> ########### [01;31m[Kxzl[m[K finishDispatchCycle: 1.13ms since event, 0.49ms since dispatch
D/SurfaceFlinger(  116): <97891.45>  ----- [01;31m[Kxzl[m[K SF_AFTER_SWAP_FB (SurfaceFlinger::composeSurfaces() swap fb done)  ------
D/SurfaceFlinger(  116): <97891.57>  ----- [01;31m[Kxzl[m[K SF_BEFORE_SWAP_FB (SurfaceFlinger::composeSurfaces compose done, prepare to swap fb) ------
W/GLSurfaceView(  846): <97891.78>  --- [01;31m[Kxzl[m[K --- APP_AFTER_SWAP_FRAME (AFTER GLSurfaceView swap frame)
W/GLSurfaceView(  846): <97892.03>  --- [01;31m[Kxzl[m[K --- APP_BEFORE_DRAW_FRAME (BEFORE GLSurfaceView DrawFrame)
W/APP     (  846): [01;31m[Kxzl[m[K: ===> entering onDrawFrame: <97892> 
W/APP     (  846): [01;31m[Kxzl[m[K: ===> done onDrawFrame: <97892> 
W/GLSurfaceView(  846): <97892.40>  --- [01;31m[Kxzl[m[K --- APP_AFTER_DRAW_FRAME (AFTER GLSurfaceView DrawFrame)
W/GLSurfaceView(  846): <97892.58>  --- [01;31m[Kxzl[m[K --- APP_BEFORE_SWAP_FRAME (BEFORE GLSurfaceView swap frame)
D/SurfaceTextureClient(  846): <97892.85> [01;31m[Kxzl[m[K SurfaceTextureClient::queueBuffer
D/SurfaceFlinger(  116): <97892.91>  --- [01;31m[Kxzl[m[K SF_QUEUE_FRAME (Layer::onFrameQueued)
W/APP     (  846): [01;31m[Kxzl[m[K: ===> ev hits user code: <97896>  {97896} since event: 0 ms
D/InputDispatcher(  201): <97897.12> ########### [01;31m[Kxzl[m[K finishDispatchCycle: 1.07ms since event, 0.40ms since dispatch
W/APP     (  846): [01;31m[Kxzl[m[K: ===> ev hits user code: <97906>  {97905} since event: 1 ms
D/InputDispatcher(  201): <97906.73> ########### [01;31m[Kxzl[m[K finishDispatchCycle: 1.07ms since event, 0.43ms since dispatch
D/SurfaceFlinger(  116): <97908.41>  ----- [01;31m[Kxzl[m[K SF_AFTER_SWAP_FB (SurfaceFlinger::composeSurfaces() swap fb done)  ------
D/SurfaceFlinger(  116): <97908.54>  ----- [01;31m[Kxzl[m[K SF_BEFORE_SWAP_FB (SurfaceFlinger::composeSurfaces compose done, prepare to swap fb) ------
W/GLSurfaceView(  846): <97908.75>  --- [01;31m[Kxzl[m[K --- APP_AFTER_SWAP_FRAME (AFTER GLSurfaceView swap frame)
W/GLSurfaceView(  846): <97908.97>  --- [01;31m[Kxzl[m[K --- APP_BEFORE_DRAW_FRAME (BEFORE GLSurfaceView DrawFrame)
W/APP     (  846): [01;31m[Kxzl[m[K: ===> entering onDrawFrame: <97909> 
W/APP     (  846): [01;31m[Kxzl[m[K: ===> done onDrawFrame: <97909> 
W/GLSurfaceView(  846): <97909.36>  --- [01;31m[Kxzl[m[K --- APP_AFTER_DRAW_FRAME (AFTER GLSurfaceView DrawFrame)
W/GLSurfaceView(  846): <97909.52>  --- [01;31m[Kxzl[m[K --- APP_BEFORE_SWAP_FRAME (BEFORE GLSurfaceView swap frame)
D/SurfaceTextureClient(  846): <97909.79> [01;31m[Kxzl[m[K SurfaceTextureClient::queueBuffer
D/SurfaceFlinger(  116): <97909.85>  --- [01;31m[Kxzl[m[K SF_QUEUE_FRAME (Layer::onFrameQueued)
W/APP     (  846): [01;31m[Kxzl[m[K: ===> ev hits user code: <97916>  {97915} since event: 1 ms
D/InputDispatcher(  201): <97916.53> ########### [01;31m[Kxzl[m[K finishDispatchCycle: 1.01ms since event, 0.40ms since dispatch
D/SurfaceFlinger(  116): <97925.36>  ----- [01;31m[Kxzl[m[K SF_AFTER_SWAP_FB (SurfaceFlinger::composeSurfaces() swap fb done)  ------
D/SurfaceFlinger(  116): <97925.51>  ----- [01;31m[Kxzl[m[K SF_BEFORE_SWAP_FB (SurfaceFlinger::composeSurfaces compose done, prepare to swap fb) ------
W/GLSurfaceView(  846): <97925.75>  --- [01;31m[Kxzl[m[K --- APP_AFTER_SWAP_FRAME (AFTER GLSurfaceView swap frame)
W/GLSurfaceView(  846): <97925.96>  --- [01;31m[Kxzl[m[K --- APP_BEFORE_DRAW_FRAME (BEFORE GLSurfaceView DrawFrame)
W/APP     (  846): [01;31m[Kxzl[m[K: ===> entering onDrawFrame: <97926> 
W/APP     (  846): [01;31m[Kxzl[m[K: ===> ev hits user code: <97926>  {97925} since event: 1 ms
W/APP     (  846): [01;31m[Kxzl[m[K: ===> done onDrawFrame: <97926> 
D/InputDispatcher(  201): <97926.39> ########### [01;31m[Kxzl[m[K finishDispatchCycle: 1.13ms since event, 0.55ms since dispatch
W/GLSurfaceView(  846): <97926.39>  --- [01;31m[Kxzl[m[K --- APP_AFTER_DRAW_FRAME (AFTER GLSurfaceView DrawFrame)
W/GLSurfaceView(  846): <97926.54>  --- [01;31m[Kxzl[m[K --- APP_BEFORE_SWAP_FRAME (BEFORE GLSurfaceView swap frame)
D/SurfaceTextureClient(  846): <97927.25> [01;31m[Kxzl[m[K SurfaceTextureClient::queueBuffer
D/SurfaceFlinger(  116): <97927.30>  --- [01;31m[Kxzl[m[K SF_QUEUE_FRAME (Layer::onFrameQueued)
W/APP     (  846): [01;31m[Kxzl[m[K: ===> ev hits user code: <97935>  {97934} since event: 1 ms
D/InputDispatcher(  201): <97936.13> ########### [01;31m[Kxzl[m[K finishDispatchCycle: 1.13ms since event, 0.49ms since dispatch
D/SurfaceFlinger(  116): <97942.62>  ----- [01;31m[Kxzl[m[K SF_AFTER_SWAP_FB (SurfaceFlinger::composeSurfaces() swap fb done)  ------
D/SurfaceFlinger(  116): <97942.75>  ----- [01;31m[Kxzl[m[K SF_BEFORE_SWAP_FB (SurfaceFlinger::composeSurfaces compose done, prepare to swap fb) ------
W/GLSurfaceView(  846): <97942.99>  --- [01;31m[Kxzl[m[K --- APP_AFTER_SWAP_FRAME (AFTER GLSurfaceView swap frame)
W/GLSurfaceView(  846): <97943.24>  --- [01;31m[Kxzl[m[K --- APP_BEFORE_DRAW_FRAME (BEFORE GLSurfaceView DrawFrame)
W/APP     (  846): [01;31m[Kxzl[m[K: ===> entering onDrawFrame: <97943> 
W/APP     (  846): [01;31m[Kxzl[m[K: ===> done onDrawFrame: <97943> 
W/GLSurfaceView(  846): <97943.66>  --- [01;31m[Kxzl[m[K --- APP_AFTER_DRAW_FRAME (AFTER GLSurfaceView DrawFrame)
W/GLSurfaceView(  846): <97943.79>  --- [01;31m[Kxzl[m[K --- APP_BEFORE_SWAP_FRAME (BEFORE GLSurfaceView swap frame)
D/SurfaceTextureClient(  846): <97944.09> [01;31m[Kxzl[m[K SurfaceTextureClient::queueBuffer
D/SurfaceFlinger(  116): <97944.18>  --- [01;31m[Kxzl[m[K SF_QUEUE_FRAME (Layer::onFrameQueued)
W/APP     (  846): [01;31m[Kxzl[m[K: ===> ev hits user code: <97945>  {97944} since event: 1 ms
D/InputDispatcher(  201): <97945.86> ########### [01;31m[Kxzl[m[K finishDispatchCycle: 1.25ms since event, 0.46ms since dispatch
W/APP     (  846): [01;31m[Kxzl[m[K: ===> ev hits user code: <97955>  {97954} since event: 1 ms
D/InputDispatcher(  201): <97955.36> ########### [01;31m[Kxzl[m[K finishDispatchCycle: 0.98ms since event, 0.40ms since dispatch
D/SurfaceFlinger(  116): <97959.26>  ----- [01;31m[Kxzl[m[K SF_AFTER_SWAP_FB (SurfaceFlinger::composeSurfaces() swap fb done)  ------
D/SurfaceFlinger(  116): <97959.41>  ----- [01;31m[Kxzl[m[K SF_BEFORE_SWAP_FB (SurfaceFlinger::composeSurfaces compose done, prepare to swap fb) ------
W/GLSurfaceView(  846): <97959.63>  --- [01;31m[Kxzl[m[K --- APP_AFTER_SWAP_FRAME (AFTER GLSurfaceView swap frame)
W/GLSurfaceView(  846): <97959.87>  --- [01;31m[Kxzl[m[K --- APP_BEFORE_DRAW_FRAME (BEFORE GLSurfaceView DrawFrame)
W/APP     (  846): [01;31m[Kxzl[m[K: ===> entering onDrawFrame: <97959> 
W/APP     (  846): [01;31m[Kxzl[m[K: ===> done onDrawFrame: <97959> 
W/GLSurfaceView(  846): <97960.27>  --- [01;31m[Kxzl[m[K --- APP_AFTER_DRAW_FRAME (AFTER GLSurfaceView DrawFrame)
W/GLSurfaceView(  846): <97960.39>  --- [01;31m[Kxzl[m[K --- APP_BEFORE_SWAP_FRAME (BEFORE GLSurfaceView swap frame)
D/SurfaceTextureClient(  846): <97960.66> [01;31m[Kxzl[m[K SurfaceTextureClient::queueBuffer
D/SurfaceFlinger(  116): <97960.76>  --- [01;31m[Kxzl[m[K SF_QUEUE_FRAME (Layer::onFrameQueued)
W/APP     (  846): [01;31m[Kxzl[m[K: ===> ev hits user code: <97965>  {97964} since event: 1 ms
D/InputDispatcher(  201): <97965.67> ########### [01;31m[Kxzl[m[K finishDispatchCycle: 1.40ms since event, 0.73ms since dispatch
W/APP     (  846): [01;31m[Kxzl[m[K: ===> ev hits user code: <97974>  {97974} since event: 0 ms
D/InputDispatcher(  201): <97975.06> ########### [01;31m[Kxzl[m[K finishDispatchCycle: 0.95ms since event, 0.40ms since dispatch
D/SurfaceFlinger(  116): <97976.23>  ----- [01;31m[Kxzl[m[K SF_AFTER_SWAP_FB (SurfaceFlinger::composeSurfaces() swap fb done)  ------
D/SurfaceFlinger(  116): <97976.35>  ----- [01;31m[Kxzl[m[K SF_BEFORE_SWAP_FB (SurfaceFlinger::composeSurfaces compose done, prepare to swap fb) ------
W/GLSurfaceView(  846): <97976.56>  --- [01;31m[Kxzl[m[K --- APP_AFTER_SWAP_FRAME (AFTER GLSurfaceView swap frame)
W/GLSurfaceView(  846): <97976.87>  --- [01;31m[Kxzl[m[K --- APP_BEFORE_DRAW_FRAME (BEFORE GLSurfaceView DrawFrame)
W/APP     (  846): [01;31m[Kxzl[m[K: ===> entering onDrawFrame: <97976> 
W/APP     (  846): [01;31m[Kxzl[m[K: ===> done onDrawFrame: <97976> 
W/GLSurfaceView(  846): <97977.23>  --- [01;31m[Kxzl[m[K --- APP_AFTER_DRAW_FRAME (AFTER GLSurfaceView DrawFrame)
W/GLSurfaceView(  846): <97977.39>  --- [01;31m[Kxzl[m[K --- APP_BEFORE_SWAP_FRAME (BEFORE GLSurfaceView swap frame)
D/SurfaceTextureClient(  846): <97977.88> [01;31m[Kxzl[m[K SurfaceTextureClient::queueBuffer
D/SurfaceFlinger(  116): <97977.93>  --- [01;31m[Kxzl[m[K SF_QUEUE_FRAME (Layer::onFrameQueued)
W/APP     (  846): [01;31m[Kxzl[m[K: ===> ev hits user code: <97985>  {97983} since event: 2 ms
D/InputDispatcher(  201): <97985.29> ########### [01;31m[Kxzl[m[K finishDispatchCycle: 1.50ms since event, 0.82ms since dispatch
D/SurfaceFlinger(  116): <97993.68>  ----- [01;31m[Kxzl[m[K SF_AFTER_SWAP_FB (SurfaceFlinger::composeSurfaces() swap fb done)  ------
D/SurfaceFlinger(  116): <97993.84>  ----- [01;31m[Kxzl[m[K SF_BEFORE_SWAP_FB (SurfaceFlinger::composeSurfaces compose done, prepare to swap fb) ------
W/GLSurfaceView(  846): <97994.11>  --- [01;31m[Kxzl[m[K --- APP_AFTER_SWAP_FRAME (AFTER GLSurfaceView swap frame)
W/GLSurfaceView(  846): <97994.38>  --- [01;31m[Kxzl[m[K --- APP_BEFORE_DRAW_FRAME (BEFORE GLSurfaceView DrawFrame)
W/APP     (  846): [01;31m[Kxzl[m[K: ===> entering onDrawFrame: <97994> 
W/APP     (  846): [01;31m[Kxzl[m[K: ===> done onDrawFrame: <97994> 
W/GLSurfaceView(  846): <97994.90>  --- [01;31m[Kxzl[m[K --- APP_AFTER_DRAW_FRAME (AFTER GLSurfaceView DrawFrame)
W/GLSurfaceView(  846): <97995.09>  --- [01;31m[Kxzl[m[K --- APP_BEFORE_SWAP_FRAME (BEFORE GLSurfaceView swap frame)
W/APP     (  846): [01;31m[Kxzl[m[K: ===> ev hits user code: <97996>  {97993} since event: 3 ms
D/InputDispatcher(  201): <97996.55> ########### [01;31m[Kxzl[m[K finishDispatchCycle: 2.84ms since event, 1.89ms since dispatch
D/SurfaceTextureClient(  846): <97997.04> [01;31m[Kxzl[m[K SurfaceTextureClient::queueBuffer
D/SurfaceFlinger(  116): <97997.16>  --- [01;31m[Kxzl[m[K SF_QUEUE_FRAME (Layer::onFrameQueued)
W/APP     (  846): [01;31m[Kxzl[m[K: ===> ev hits user code: <98004>  {98003} since event: 1 ms
D/InputDispatcher(  201): <98004.57> ########### [01;31m[Kxzl[m[K finishDispatchCycle: 1.16ms since event, 0.52ms since dispatch
D/SurfaceFlinger(  116): <98011.17>  ----- [01;31m[Kxzl[m[K SF_AFTER_SWAP_FB (SurfaceFlinger::composeSurfaces() swap fb done)  ------
D/SurfaceFlinger(  116): <98011.29>  ----- [01;31m[Kxzl[m[K SF_BEFORE_SWAP_FB (SurfaceFlinger::composeSurfaces compose done, prepare to swap fb) ------
W/GLSurfaceView(  846): <98011.54>  --- [01;31m[Kxzl[m[K --- APP_AFTER_SWAP_FRAME (AFTER GLSurfaceView swap frame)
W/GLSurfaceView(  846): <98011.78>  --- [01;31m[Kxzl[m[K --- APP_BEFORE_DRAW_FRAME (BEFORE GLSurfaceView DrawFrame)
W/APP     (  846): [01;31m[Kxzl[m[K: ===> entering onDrawFrame: <98011> 
W/APP     (  846): [01;31m[Kxzl[m[K: ===> done onDrawFrame: <98011> 
W/GLSurfaceView(  846): <98012.15>  --- [01;31m[Kxzl[m[K --- APP_AFTER_DRAW_FRAME (AFTER GLSurfaceView DrawFrame)
W/GLSurfaceView(  846): <98012.30>  --- [01;31m[Kxzl[m[K --- APP_BEFORE_SWAP_FRAME (BEFORE GLSurfaceView swap frame)
D/SurfaceTextureClient(  846): <98012.76> [01;31m[Kxzl[m[K SurfaceTextureClient::queueBuffer
D/SurfaceFlinger(  116): <98012.81>  --- [01;31m[Kxzl[m[K SF_QUEUE_FRAME (Layer::onFrameQueued)
W/APP     (  846): [01;31m[Kxzl[m[K: ===> ev hits user code: <98014>  {98013} since event: 1 ms
D/InputDispatcher(  201): <98014.19> ########### [01;31m[Kxzl[m[K finishDispatchCycle: 1.04ms since event, 0.43ms since dispatch
W/APP     (  846): [01;31m[Kxzl[m[K: ===> ev hits user code: <98023>  {98022} since event: 1 ms
D/InputDispatcher(  201): <98023.77> ########### [01;31m[Kxzl[m[K finishDispatchCycle: 0.89ms since event, 0.31ms since dispatch
D/SurfaceFlinger(  116): <98027.10>  ----- [01;31m[Kxzl[m[K SF_AFTER_SWAP_FB (SurfaceFlinger::composeSurfaces() swap fb done)  ------
D/SurfaceFlinger(  116): <98027.23>  ----- [01;31m[Kxzl[m[K SF_BEFORE_SWAP_FB (SurfaceFlinger::composeSurfaces compose done, prepare to swap fb) ------
W/GLSurfaceView(  846): <98027.44>  --- [01;31m[Kxzl[m[K --- APP_AFTER_SWAP_FRAME (AFTER GLSurfaceView swap frame)
W/GLSurfaceView(  846): <98027.65>  --- [01;31m[Kxzl[m[K --- APP_BEFORE_DRAW_FRAME (BEFORE GLSurfaceView DrawFrame)
W/APP     (  846): [01;31m[Kxzl[m[K: ===> entering onDrawFrame: <98027> 
W/APP     (  846): [01;31m[Kxzl[m[K: ===> done onDrawFrame: <98027> 
W/GLSurfaceView(  846): <98028.05>  --- [01;31m[Kxzl[m[K --- APP_AFTER_DRAW_FRAME (AFTER GLSurfaceView DrawFrame)
W/GLSurfaceView(  846): <98028.20>  --- [01;31m[Kxzl[m[K --- APP_BEFORE_SWAP_FRAME (BEFORE GLSurfaceView swap frame)
D/SurfaceTextureClient(  846): <98029.17> [01;31m[Kxzl[m[K SurfaceTextureClient::queueBuffer
D/SurfaceFlinger(  116): <98029.27>  --- [01;31m[Kxzl[m[K SF_QUEUE_FRAME (Layer::onFrameQueued)
W/APP     (  846): [01;31m[Kxzl[m[K: ===> ev hits user code: <98034>  {98032} since event: 2 ms
D/InputDispatcher(  201): <98034.52> ########### [01;31m[Kxzl[m[K finishDispatchCycle: 1.86ms since event, 0.67ms since dispatch
W/APP     (  846): [01;31m[Kxzl[m[K: ===> ev hits user code: <98043>  {98042} since event: 1 ms
D/InputDispatcher(  201): <98043.34> ########### [01;31m[Kxzl[m[K finishDispatchCycle: 1.07ms since event, 0.46ms since dispatch
D/SurfaceFlinger(  116): <98044.03>  ----- [01;31m[Kxzl[m[K SF_AFTER_SWAP_FB (SurfaceFlinger::composeSurfaces() swap fb done)  ------
D/SurfaceFlinger(  116): <98044.19>  ----- [01;31m[Kxzl[m[K SF_BEFORE_SWAP_FB (SurfaceFlinger::composeSurfaces compose done, prepare to swap fb) ------
W/GLSurfaceView(  846): <98044.46>  --- [01;31m[Kxzl[m[K --- APP_AFTER_SWAP_FRAME (AFTER GLSurfaceView swap frame)
W/GLSurfaceView(  846): <98044.71>  --- [01;31m[Kxzl[m[K --- APP_BEFORE_DRAW_FRAME (BEFORE GLSurfaceView DrawFrame)
W/APP     (  846): [01;31m[Kxzl[m[K: ===> entering onDrawFrame: <98044> 
W/APP     (  846): [01;31m[Kxzl[m[K: ===> done onDrawFrame: <98044> 
W/GLSurfaceView(  846): <98045.17>  --- [01;31m[Kxzl[m[K --- APP_AFTER_DRAW_FRAME (AFTER GLSurfaceView DrawFrame)
W/GLSurfaceView(  846): <98045.32>  --- [01;31m[Kxzl[m[K --- APP_BEFORE_SWAP_FRAME (BEFORE GLSurfaceView swap frame)
D/SurfaceTextureClient(  846): <98045.89> [01;31m[Kxzl[m[K SurfaceTextureClient::queueBuffer
D/SurfaceFlinger(  116): <98045.99>  --- [01;31m[Kxzl[m[K SF_QUEUE_FRAME (Layer::onFrameQueued)
W/APP     (  846): [01;31m[Kxzl[m[K: ===> ev hits user code: <98052>  {98051} since event: 1 ms
D/InputDispatcher(  201): <98052.98> ########### [01;31m[Kxzl[m[K finishDispatchCycle: 1.04ms since event, 0.37ms since dispatch
D/SurfaceFlinger(  116): <98061.62>  ----- [01;31m[Kxzl[m[K SF_AFTER_SWAP_FB (SurfaceFlinger::composeSurfaces() swap fb done)  ------
D/SurfaceFlinger(  116): <98061.73>  ----- [01;31m[Kxzl[m[K SF_BEFORE_SWAP_FB (SurfaceFlinger::composeSurfaces compose done, prepare to swap fb) ------
W/GLSurfaceView(  846): <98061.95>  --- [01;31m[Kxzl[m[K --- APP_AFTER_SWAP_FRAME (AFTER GLSurfaceView swap frame)
W/GLSurfaceView(  846): <98062.19>  --- [01;31m[Kxzl[m[K --- APP_BEFORE_DRAW_FRAME (BEFORE GLSurfaceView DrawFrame)
W/APP     (  846): [01;31m[Kxzl[m[K: ===> entering onDrawFrame: <98062> 
W/APP     (  846): [01;31m[Kxzl[m[K: ===> ev hits user code: <98062>  {98061} since event: 1 ms
D/InputDispatcher(  201): <98062.87> ########### [01;31m[Kxzl[m[K finishDispatchCycle: 1.25ms since event, 0.46ms since dispatch
W/APP     (  846): [01;31m[Kxzl[m[K: ===> done onDrawFrame: <98062> 
W/GLSurfaceView(  846): <98062.96>  --- [01;31m[Kxzl[m[K --- APP_AFTER_DRAW_FRAME (AFTER GLSurfaceView DrawFrame)
W/GLSurfaceView(  846): <98063.11>  --- [01;31m[Kxzl[m[K --- APP_BEFORE_SWAP_FRAME (BEFORE GLSurfaceView swap frame)
D/SurfaceTextureClient(  846): <98063.56> [01;31m[Kxzl[m[K SurfaceTextureClient::queueBuffer
D/SurfaceFlinger(  116): <98063.66>  --- [01;31m[Kxzl[m[K SF_QUEUE_FRAME (Layer::onFrameQueued)
W/APP     (  846): [01;31m[Kxzl[m[K: ===> ev hits user code: <98072>  {98071} since event: 1 ms
D/InputDispatcher(  201): <98072.55> ########### [01;31m[Kxzl[m[K finishDispatchCycle: 0.92ms since event, 0.31ms since dispatch
D/SurfaceFlinger(  116): <98079.38>  ----- [01;31m[Kxzl[m[K SF_AFTER_SWAP_FB (SurfaceFlinger::composeSurfaces() swap fb done)  ------
D/SurfaceFlinger(  116): <98079.50>  ----- [01;31m[Kxzl[m[K SF_BEFORE_SWAP_FB (SurfaceFlinger::composeSurfaces compose done, prepare to swap fb) ------
W/GLSurfaceView(  846): <98079.71>  --- [01;31m[Kxzl[m[K --- APP_AFTER_SWAP_FRAME (AFTER GLSurfaceView swap frame)
W/GLSurfaceView(  846): <98080.05>  --- [01;31m[Kxzl[m[K --- APP_BEFORE_DRAW_FRAME (BEFORE GLSurfaceView DrawFrame)
W/APP     (  846): [01;31m[Kxzl[m[K: ===> entering onDrawFrame: <98080> 
W/APP     (  846): [01;31m[Kxzl[m[K: ===> done onDrawFrame: <98080> 
W/GLSurfaceView(  846): <98080.44>  --- [01;31m[Kxzl[m[K --- APP_AFTER_DRAW_FRAME (AFTER GLSurfaceView DrawFrame)
W/GLSurfaceView(  846): <98080.57>  --- [01;31m[Kxzl[m[K --- APP_BEFORE_SWAP_FRAME (BEFORE GLSurfaceView swap frame)
D/SurfaceTextureClient(  846): <98081.48> [01;31m[Kxzl[m[K SurfaceTextureClient::queueBuffer
D/SurfaceFlinger(  116): <98081.55>  --- [01;31m[Kxzl[m[K SF_QUEUE_FRAME (Layer::onFrameQueued)
W/APP     (  846): [01;31m[Kxzl[m[K: ===> ev hits user code: <98082>  {98081} since event: 1 ms
D/InputDispatcher(  201): <98082.45> ########### [01;31m[Kxzl[m[K finishDispatchCycle: 1.07ms since event, 0.34ms since dispatch
W/APP     (  846): [01;31m[Kxzl[m[K: ===> ev hits user code: <98092>  {98091} since event: 1 ms
D/InputDispatcher(  201): <98092.22> ########### [01;31m[Kxzl[m[K finishDispatchCycle: 1.01ms since event, 0.37ms since dispatch
D/SurfaceFlinger(  116): <98094.91>  ----- [01;31m[Kxzl[m[K SF_AFTER_SWAP_FB (SurfaceFlinger::composeSurfaces() swap fb done)  ------
D/SurfaceFlinger(  116): <98095.03>  ----- [01;31m[Kxzl[m[K SF_BEFORE_SWAP_FB (SurfaceFlinger::composeSurfaces compose done, prepare to swap fb) ------
W/GLSurfaceView(  846): <98095.28>  --- [01;31m[Kxzl[m[K --- APP_AFTER_SWAP_FRAME (AFTER GLSurfaceView swap frame)
W/GLSurfaceView(  846): <98095.61>  --- [01;31m[Kxzl[m[K --- APP_BEFORE_DRAW_FRAME (BEFORE GLSurfaceView DrawFrame)
W/APP     (  846): [01;31m[Kxzl[m[K: ===> entering onDrawFrame: <98095> 
W/APP     (  846): [01;31m[Kxzl[m[K: ===> done onDrawFrame: <98095> 
W/GLSurfaceView(  846): <98096.01>  --- [01;31m[Kxzl[m[K --- APP_AFTER_DRAW_FRAME (AFTER GLSurfaceView DrawFrame)
W/GLSurfaceView(  846): <98096.22>  --- [01;31m[Kxzl[m[K --- APP_BEFORE_SWAP_FRAME (BEFORE GLSurfaceView swap frame)
D/SurfaceTextureClient(  846): <98096.59> [01;31m[Kxzl[m[K SurfaceTextureClient::queueBuffer
D/SurfaceFlinger(  116): <98096.65>  --- [01;31m[Kxzl[m[K SF_QUEUE_FRAME (Layer::onFrameQueued)
W/APP     (  846): [01;31m[Kxzl[m[K: ===> ev hits user code: <98101>  {98100} since event: 1 ms
D/InputDispatcher(  201): <98101.87> ########### [01;31m[Kxzl[m[K finishDispatchCycle: 0.98ms since event, 0.37ms since dispatch
W/APP     (  846): [01;31m[Kxzl[m[K: ===> ev hits user code: <98111>  {98110} since event: 1 ms
D/InputDispatcher(  201): <98111.52> ########### [01;31m[Kxzl[m[K finishDispatchCycle: 0.86ms since event, 0.27ms since dispatch
D/SurfaceFlinger(  116): <98111.85>  ----- [01;31m[Kxzl[m[K SF_AFTER_SWAP_FB (SurfaceFlinger::composeSurfaces() swap fb done)  ------
D/SurfaceFlinger(  116): <98111.97>  ----- [01;31m[Kxzl[m[K SF_BEFORE_SWAP_FB (SurfaceFlinger::composeSurfaces compose done, prepare to swap fb) ------
W/GLSurfaceView(  846): <98112.21>  --- [01;31m[Kxzl[m[K --- APP_AFTER_SWAP_FRAME (AFTER GLSurfaceView swap frame)
W/GLSurfaceView(  846): <98112.52>  --- [01;31m[Kxzl[m[K --- APP_BEFORE_DRAW_FRAME (BEFORE GLSurfaceView DrawFrame)
W/APP     (  846): [01;31m[Kxzl[m[K: ===> entering onDrawFrame: <98112> 
W/APP     (  846): [01;31m[Kxzl[m[K: ===> done onDrawFrame: <98112> 
W/GLSurfaceView(  846): <98112.92>  --- [01;31m[Kxzl[m[K --- APP_AFTER_DRAW_FRAME (AFTER GLSurfaceView DrawFrame)
W/GLSurfaceView(  846): <98113.07>  --- [01;31m[Kxzl[m[K --- APP_BEFORE_SWAP_FRAME (BEFORE GLSurfaceView swap frame)
D/SurfaceTextureClient(  846): <98113.41> [01;31m[Kxzl[m[K SurfaceTextureClient::queueBuffer
D/SurfaceFlinger(  116): <98113.46>  --- [01;31m[Kxzl[m[K SF_QUEUE_FRAME (Layer::onFrameQueued)
W/APP     (  846): [01;31m[Kxzl[m[K: ===> ev hits user code: <98121>  {98120} since event: 1 ms
D/InputDispatcher(  201): <98121.43> ########### [01;31m[Kxzl[m[K finishDispatchCycle: 0.92ms since event, 0.34ms since dispatch
D/SurfaceFlinger(  116): <98128.84>  ----- [01;31m[Kxzl[m[K SF_AFTER_SWAP_FB (SurfaceFlinger::composeSurfaces() swap fb done)  ------
D/SurfaceFlinger(  116): <98128.97>  ----- [01;31m[Kxzl[m[K SF_BEFORE_SWAP_FB (SurfaceFlinger::composeSurfaces compose done, prepare to swap fb) ------
W/GLSurfaceView(  846): <98129.24>  --- [01;31m[Kxzl[m[K --- APP_AFTER_SWAP_FRAME (AFTER GLSurfaceView swap frame)
W/GLSurfaceView(  846): <98129.49>  --- [01;31m[Kxzl[m[K --- APP_BEFORE_DRAW_FRAME (BEFORE GLSurfaceView DrawFrame)
W/APP     (  846): [01;31m[Kxzl[m[K: ===> entering onDrawFrame: <98129> 
W/APP     (  846): [01;31m[Kxzl[m[K: ===> done onDrawFrame: <98129> 
W/GLSurfaceView(  846): <98129.94>  --- [01;31m[Kxzl[m[K --- APP_AFTER_DRAW_FRAME (AFTER GLSurfaceView DrawFrame)
W/GLSurfaceView(  846): <98130.16>  --- [01;31m[Kxzl[m[K --- APP_BEFORE_SWAP_FRAME (BEFORE GLSurfaceView swap frame)
D/SurfaceTextureClient(  846): <98130.55> [01;31m[Kxzl[m[K SurfaceTextureClient::queueBuffer
D/SurfaceFlinger(  116): <98130.65>  --- [01;31m[Kxzl[m[K SF_QUEUE_FRAME (Layer::onFrameQueued)
W/APP     (  846): [01;31m[Kxzl[m[K: ===> ev hits user code: <98131>  {98130} since event: 1 ms
D/InputDispatcher(  201): <98131.41> ########### [01;31m[Kxzl[m[K finishDispatchCycle: 1.07ms since event, 0.46ms since dispatch
W/APP     (  846): [01;31m[Kxzl[m[K: ===> ev hits user code: <98141>  {98140} since event: 1 ms
D/InputDispatcher(  201): <98141.23> ########### [01;31m[Kxzl[m[K finishDispatchCycle: 1.07ms since event, 0.37ms since dispatch
D/SurfaceFlinger(  116): <98145.78>  ----- [01;31m[Kxzl[m[K SF_AFTER_SWAP_FB (SurfaceFlinger::composeSurfaces() swap fb done)  ------
D/SurfaceFlinger(  116): <98145.94>  ----- [01;31m[Kxzl[m[K SF_BEFORE_SWAP_FB (SurfaceFlinger::composeSurfaces compose done, prepare to swap fb) ------
W/GLSurfaceView(  846): <98146.18>  --- [01;31m[Kxzl[m[K --- APP_AFTER_SWAP_FRAME (AFTER GLSurfaceView swap frame)
W/GLSurfaceView(  846): <98146.42>  --- [01;31m[Kxzl[m[K --- APP_BEFORE_DRAW_FRAME (BEFORE GLSurfaceView DrawFrame)
W/APP     (  846): [01;31m[Kxzl[m[K: ===> entering onDrawFrame: <98146> 
W/APP     (  846): [01;31m[Kxzl[m[K: ===> done onDrawFrame: <98146> 
W/GLSurfaceView(  846): <98146.88>  --- [01;31m[Kxzl[m[K --- APP_AFTER_DRAW_FRAME (AFTER GLSurfaceView DrawFrame)
W/GLSurfaceView(  846): <98147.06>  --- [01;31m[Kxzl[m[K --- APP_BEFORE_SWAP_FRAME (BEFORE GLSurfaceView swap frame)
D/SurfaceTextureClient(  846): <98147.40> [01;31m[Kxzl[m[K SurfaceTextureClient::queueBuffer
D/SurfaceFlinger(  116): <98147.46>  --- [01;31m[Kxzl[m[K SF_QUEUE_FRAME (Layer::onFrameQueued)
W/APP     (  846): [01;31m[Kxzl[m[K: ===> ev hits user code: <98150>  {98149} since event: 1 ms
D/InputDispatcher(  201): <98150.82> ########### [01;31m[Kxzl[m[K finishDispatchCycle: 1.01ms since event, 0.37ms since dispatch
W/APP     (  846): [01;31m[Kxzl[m[K: ===> ev hits user code: <98160>  {98159} since event: 1 ms
D/InputDispatcher(  201): <98160.59> ########### [01;31m[Kxzl[m[K finishDispatchCycle: 0.95ms since event, 0.34ms since dispatch
D/SurfaceFlinger(  116): <98162.72>  ----- [01;31m[Kxzl[m[K SF_AFTER_SWAP_FB (SurfaceFlinger::composeSurfaces() swap fb done)  ------
D/SurfaceFlinger(  116): <98162.87>  ----- [01;31m[Kxzl[m[K SF_BEFORE_SWAP_FB (SurfaceFlinger::composeSurfaces compose done, prepare to swap fb) ------
W/GLSurfaceView(  846): <98163.15>  --- [01;31m[Kxzl[m[K --- APP_AFTER_SWAP_FRAME (AFTER GLSurfaceView swap frame)
W/GLSurfaceView(  846): <98163.36>  --- [01;31m[Kxzl[m[K --- APP_BEFORE_DRAW_FRAME (BEFORE GLSurfaceView DrawFrame)
W/APP     (  846): [01;31m[Kxzl[m[K: ===> entering onDrawFrame: <98163> 
W/APP     (  846): [01;31m[Kxzl[m[K: ===> done onDrawFrame: <98163> 
W/GLSurfaceView(  846): <98163.85>  --- [01;31m[Kxzl[m[K --- APP_AFTER_DRAW_FRAME (AFTER GLSurfaceView DrawFrame)
W/GLSurfaceView(  846): <98164.00>  --- [01;31m[Kxzl[m[K --- APP_BEFORE_SWAP_FRAME (BEFORE GLSurfaceView swap frame)
D/SurfaceTextureClient(  846): <98164.73> [01;31m[Kxzl[m[K SurfaceTextureClient::queueBuffer
D/SurfaceFlinger(  116): <98164.80>  --- [01;31m[Kxzl[m[K SF_QUEUE_FRAME (Layer::onFrameQueued)
W/APP     (  846): [01;31m[Kxzl[m[K: ===> ev hits user code: <98170>  {98169} since event: 1 ms
D/InputDispatcher(  201): <98170.56> ########### [01;31m[Kxzl[m[K finishDispatchCycle: 1.07ms since event, 0.43ms since dispatch
D/SurfaceFlinger(  116): <98179.72>  ----- [01;31m[Kxzl[m[K SF_AFTER_SWAP_FB (SurfaceFlinger::composeSurfaces() swap fb done)  ------
D/SurfaceFlinger(  116): <98179.84>  ----- [01;31m[Kxzl[m[K SF_BEFORE_SWAP_FB (SurfaceFlinger::composeSurfaces compose done, prepare to swap fb) ------
W/GLSurfaceView(  846): <98180.08>  --- [01;31m[Kxzl[m[K --- APP_AFTER_SWAP_FRAME (AFTER GLSurfaceView swap frame)
W/GLSurfaceView(  846): <98180.36>  --- [01;31m[Kxzl[m[K --- APP_BEFORE_DRAW_FRAME (BEFORE GLSurfaceView DrawFrame)
W/APP     (  846): [01;31m[Kxzl[m[K: ===> entering onDrawFrame: <98180> 
W/APP     (  846): [01;31m[Kxzl[m[K: ===> done onDrawFrame: <98180> 
W/GLSurfaceView(  846): <98180.85>  --- [01;31m[Kxzl[m[K --- APP_AFTER_DRAW_FRAME (AFTER GLSurfaceView DrawFrame)
W/GLSurfaceView(  846): <98181.03>  --- [01;31m[Kxzl[m[K --- APP_BEFORE_SWAP_FRAME (BEFORE GLSurfaceView swap frame)
W/APP     (  846): [01;31m[Kxzl[m[K: ===> ev hits user code: <98181>  {98179} since event: 2 ms
D/InputDispatcher(  201): <98181.67> ########### [01;31m[Kxzl[m[K finishDispatchCycle: 2.47ms since event, 1.56ms since dispatch
D/SurfaceTextureClient(  846): <98182.01> [01;31m[Kxzl[m[K SurfaceTextureClient::queueBuffer
D/SurfaceFlinger(  116): <98182.09>  --- [01;31m[Kxzl[m[K SF_QUEUE_FRAME (Layer::onFrameQueued)
W/APP     (  846): [01;31m[Kxzl[m[K: ===> ev hits user code: <98189>  {98189} since event: 0 ms
D/InputDispatcher(  201): <98190.00> ########### [01;31m[Kxzl[m[K finishDispatchCycle: 0.98ms since event, 0.34ms since dispatch
D/SurfaceFlinger(  116): <98196.84>  ----- [01;31m[Kxzl[m[K SF_AFTER_SWAP_FB (SurfaceFlinger::composeSurfaces() swap fb done)  ------
D/SurfaceFlinger(  116): <98196.98>  ----- [01;31m[Kxzl[m[K SF_BEFORE_SWAP_FB (SurfaceFlinger::composeSurfaces compose done, prepare to swap fb) ------
W/GLSurfaceView(  846): <98197.20>  --- [01;31m[Kxzl[m[K --- APP_AFTER_SWAP_FRAME (AFTER GLSurfaceView swap frame)
W/GLSurfaceView(  846): <98197.45>  --- [01;31m[Kxzl[m[K --- APP_BEFORE_DRAW_FRAME (BEFORE GLSurfaceView DrawFrame)
W/APP     (  846): [01;31m[Kxzl[m[K: ===> entering onDrawFrame: <98197> 
W/APP     (  846): [01;31m[Kxzl[m[K: ===> done onDrawFrame: <98197> 
W/GLSurfaceView(  846): <98197.88>  --- [01;31m[Kxzl[m[K --- APP_AFTER_DRAW_FRAME (AFTER GLSurfaceView DrawFrame)
W/GLSurfaceView(  846): <98198.09>  --- [01;31m[Kxzl[m[K --- APP_BEFORE_SWAP_FRAME (BEFORE GLSurfaceView swap frame)
D/SurfaceTextureClient(  846): <98199.64> [01;31m[Kxzl[m[K SurfaceTextureClient::queueBuffer
D/SurfaceFlinger(  116): <98199.71>  --- [01;31m[Kxzl[m[K SF_QUEUE_FRAME (Layer::onFrameQueued)
W/APP     (  846): [01;31m[Kxzl[m[K: ===> ev hits user code: <98200>  {98198} since event: 2 ms
D/InputDispatcher(  201): <98200.16> ########### [01;31m[Kxzl[m[K finishDispatchCycle: 1.31ms since event, 0.43ms since dispatch
W/APP     (  846): [01;31m[Kxzl[m[K: ===> ev hits user code: <98209>  {98208} since event: 1 ms
D/InputDispatcher(  201): <98209.38> ########### [01;31m[Kxzl[m[K finishDispatchCycle: 0.95ms since event, 0.37ms since dispatch
D/SurfaceFlinger(  116): <98213.59>  ----- [01;31m[Kxzl[m[K SF_AFTER_SWAP_FB (SurfaceFlinger::composeSurfaces() swap fb done)  ------
