D/SurfaceFlinger(  116): <99315.83>  ----- [01;31m[Kxzl[m[K SF_BEFORE_SWAP_FB (SurfaceFlinger::composeSurfaces compose done, prepare to swap fb) ------
W/GLSurfaceView(  846): <99316.10>  --- [01;31m[Kxzl[m[K --- APP_AFTER_SWAP_FRAME (AFTER GLSurfaceView swap frame)
W/GLSurfaceView(  846): <99316.38>  --- [01;31m[Kxzl[m[K --- APP_BEFORE_DRAW_FRAME (BEFORE GLSurfaceView DrawFrame)
W/APP     (  846): [01;31m[Kxzl[m[K: ===> entering onDrawFrame: <99316> 
W/APP     (  846): [01;31m[Kxzl[m[K: ===> done onDrawFrame: <99316> 
W/GLSurfaceView(  846): <99316.89>  --- [01;31m[Kxzl[m[K --- APP_AFTER_DRAW_FRAME (AFTER GLSurfaceView DrawFrame)
W/GLSurfaceView(  846): <99317.14>  --- [01;31m[Kxzl[m[K --- APP_BEFORE_SWAP_FRAME (BEFORE GLSurfaceView swap frame)
D/SurfaceTextureClient(  846): <99317.48> [01;31m[Kxzl[m[K SurfaceTextureClient::queueBuffer
D/SurfaceFlinger(  116): <99317.56>  --- [01;31m[Kxzl[m[K SF_QUEUE_FRAME (Layer::onFrameQueued)
W/APP     (  846): [01;31m[Kxzl[m[K: ===> ev hits user code: <99322>  {99320} since event: 2 ms
D/InputDispatcher(  201): <99322.30> ########### [01;31m[Kxzl[m[K finishDispatchCycle: 2.05ms since event, 0.49ms since dispatch
W/APP     (  846): [01;31m[Kxzl[m[K: ===> ev hits user code: <99332>  {99331} since event: 1 ms
D/InputDispatcher(  201): <99332.43> ########### [01;31m[Kxzl[m[K finishDispatchCycle: 0.95ms since event, 0.37ms since dispatch
D/SurfaceFlinger(  116): <99332.65>  ----- [01;31m[Kxzl[m[K SF_AFTER_SWAP_FB (SurfaceFlinger::composeSurfaces() swap fb done)  ------
D/SurfaceFlinger(  116): <99332.73>  ----- [01;31m[Kxzl[m[K SF_BEFORE_SWAP_FB (SurfaceFlinger::composeSurfaces compose done, prepare to swap fb) ------
W/GLSurfaceView(  846): <99332.95>  --- [01;31m[Kxzl[m[K --- APP_AFTER_SWAP_FRAME (AFTER GLSurfaceView swap frame)
W/GLSurfaceView(  846): <99333.16>  --- [01;31m[Kxzl[m[K --- APP_BEFORE_DRAW_FRAME (BEFORE GLSurfaceView DrawFrame)
W/APP     (  846): [01;31m[Kxzl[m[K: ===> entering onDrawFrame: <99333> 
W/APP     (  846): [01;31m[Kxzl[m[K: ===> done onDrawFrame: <99333> 
W/GLSurfaceView(  846): <99333.53>  --- [01;31m[Kxzl[m[K --- APP_AFTER_DRAW_FRAME (AFTER GLSurfaceView DrawFrame)
W/GLSurfaceView(  846): <99333.65>  --- [01;31m[Kxzl[m[K --- APP_BEFORE_SWAP_FRAME (BEFORE GLSurfaceView swap frame)
D/SurfaceTextureClient(  846): <99333.92> [01;31m[Kxzl[m[K SurfaceTextureClient::queueBuffer
D/SurfaceFlinger(  116): <99333.98>  --- [01;31m[Kxzl[m[K SF_QUEUE_FRAME (Layer::onFrameQueued)
W/APP     (  846): [01;31m[Kxzl[m[K: ===> ev hits user code: <99342>  {99341} since event: 1 ms
D/InputDispatcher(  201): <99342.13> ########### [01;31m[Kxzl[m[K finishDispatchCycle: 1.01ms since event, 0.40ms since dispatch
D/SurfaceFlinger(  116): <99350.89>  ----- [01;31m[Kxzl[m[K SF_AFTER_SWAP_FB (SurfaceFlinger::composeSurfaces() swap fb done)  ------
D/SurfaceFlinger(  116): <99350.98>  ----- [01;31m[Kxzl[m[K SF_BEFORE_SWAP_FB (SurfaceFlinger::composeSurfaces compose done, prepare to swap fb) ------
W/GLSurfaceView(  846): <99351.20>  --- [01;31m[Kxzl[m[K --- APP_AFTER_SWAP_FRAME (AFTER GLSurfaceView swap frame)
W/GLSurfaceView(  846): <99351.41>  --- [01;31m[Kxzl[m[K --- APP_BEFORE_DRAW_FRAME (BEFORE GLSurfaceView DrawFrame)
W/APP     (  846): [01;31m[Kxzl[m[K: ===> entering onDrawFrame: <99351> 
W/APP     (  846): [01;31m[Kxzl[m[K: ===> ev hits user code: <99351>  {99350} since event: 1 ms
W/APP     (  846): [01;31m[Kxzl[m[K: ===> done onDrawFrame: <99351> 
D/InputDispatcher(  201): <99352.11> ########### [01;31m[Kxzl[m[K finishDispatchCycle: 1.22ms since event, 0.40ms since dispatch
W/GLSurfaceView(  846): <99352.08>  --- [01;31m[Kxzl[m[K --- APP_AFTER_DRAW_FRAME (AFTER GLSurfaceView DrawFrame)
W/GLSurfaceView(  846): <99352.23>  --- [01;31m[Kxzl[m[K --- APP_BEFORE_SWAP_FRAME (BEFORE GLSurfaceView swap frame)
D/SurfaceTextureClient(  846): <99352.53> [01;31m[Kxzl[m[K SurfaceTextureClient::queueBuffer
D/SurfaceFlinger(  116): <99352.60>  --- [01;31m[Kxzl[m[K SF_QUEUE_FRAME (Layer::onFrameQueued)
W/APP     (  846): [01;31m[Kxzl[m[K: ===> ev hits user code: <99361>  {99360} since event: 1 ms
D/InputDispatcher(  201): <99361.88> ########### [01;31m[Kxzl[m[K finishDispatchCycle: 1.13ms since event, 0.49ms since dispatch
D/SurfaceFlinger(  116): <99366.55>  ----- [01;31m[Kxzl[m[K SF_AFTER_SWAP_FB (SurfaceFlinger::composeSurfaces() swap fb done)  ------
D/SurfaceFlinger(  116): <99366.70>  ----- [01;31m[Kxzl[m[K SF_BEFORE_SWAP_FB (SurfaceFlinger::composeSurfaces compose done, prepare to swap fb) ------
W/GLSurfaceView(  846): <99366.94>  --- [01;31m[Kxzl[m[K --- APP_AFTER_SWAP_FRAME (AFTER GLSurfaceView swap frame)
W/GLSurfaceView(  846): <99367.25>  --- [01;31m[Kxzl[m[K --- APP_BEFORE_DRAW_FRAME (BEFORE GLSurfaceView DrawFrame)
W/APP     (  846): [01;31m[Kxzl[m[K: ===> entering onDrawFrame: <99367> 
W/APP     (  846): [01;31m[Kxzl[m[K: ===> done onDrawFrame: <99367> 
W/GLSurfaceView(  846): <99367.86>  --- [01;31m[Kxzl[m[K --- APP_AFTER_DRAW_FRAME (AFTER GLSurfaceView DrawFrame)
W/GLSurfaceView(  846): <99368.01>  --- [01;31m[Kxzl[m[K --- APP_BEFORE_SWAP_FRAME (BEFORE GLSurfaceView swap frame)
D/SurfaceTextureClient(  846): <99368.38> [01;31m[Kxzl[m[K SurfaceTextureClient::queueBuffer
D/SurfaceFlinger(  116): <99368.47>  --- [01;31m[Kxzl[m[K SF_QUEUE_FRAME (Layer::onFrameQueued)
W/APP     (  846): [01;31m[Kxzl[m[K: ===> ev hits user code: <99371>  {99370} since event: 1 ms
D/InputDispatcher(  201): <99371.73> ########### [01;31m[Kxzl[m[K finishDispatchCycle: 1.16ms since event, 0.49ms since dispatch
W/APP     (  846): [01;31m[Kxzl[m[K: ===> ev hits user code: <99381>  {99380} since event: 1 ms
D/InputDispatcher(  201): <99381.31> ########### [01;31m[Kxzl[m[K finishDispatchCycle: 1.07ms since event, 0.46ms since dispatch
D/SurfaceFlinger(  116): <99383.52>  ----- [01;31m[Kxzl[m[K SF_AFTER_SWAP_FB (SurfaceFlinger::composeSurfaces() swap fb done)  ------
D/SurfaceFlinger(  116): <99383.64>  ----- [01;31m[Kxzl[m[K SF_BEFORE_SWAP_FB (SurfaceFlinger::composeSurfaces compose done, prepare to swap fb) ------
W/GLSurfaceView(  846): <99383.88>  --- [01;31m[Kxzl[m[K --- APP_AFTER_SWAP_FRAME (AFTER GLSurfaceView swap frame)
W/GLSurfaceView(  846): <99384.12>  --- [01;31m[Kxzl[m[K --- APP_BEFORE_DRAW_FRAME (BEFORE GLSurfaceView DrawFrame)
W/APP     (  846): [01;31m[Kxzl[m[K: ===> entering onDrawFrame: <99384> 
W/APP     (  846): [01;31m[Kxzl[m[K: ===> done onDrawFrame: <99384> 
W/GLSurfaceView(  846): <99384.58>  --- [01;31m[Kxzl[m[K --- APP_AFTER_DRAW_FRAME (AFTER GLSurfaceView DrawFrame)
W/GLSurfaceView(  846): <99384.77>  --- [01;31m[Kxzl[m[K --- APP_BEFORE_SWAP_FRAME (BEFORE GLSurfaceView swap frame)
D/SurfaceTextureClient(  846): <99385.22> [01;31m[Kxzl[m[K SurfaceTextureClient::queueBuffer
D/SurfaceFlinger(  116): <99385.31>  --- [01;31m[Kxzl[m[K SF_QUEUE_FRAME (Layer::onFrameQueued)
W/APP     (  846): [01;31m[Kxzl[m[K: ===> ev hits user code: <99391>  {99390} since event: 1 ms
D/InputDispatcher(  201): <99391.18> ########### [01;31m[Kxzl[m[K finishDispatchCycle: 1.16ms since event, 0.49ms since dispatch
D/SurfaceFlinger(  116): <99400.45>  ----- [01;31m[Kxzl[m[K SF_AFTER_SWAP_FB (SurfaceFlinger::composeSurfaces() swap fb done)  ------
D/SurfaceFlinger(  116): <99400.57>  ----- [01;31m[Kxzl[m[K SF_BEFORE_SWAP_FB (SurfaceFlinger::composeSurfaces compose done, prepare to swap fb) ------
W/APP     (  846): [01;31m[Kxzl[m[K: ===> ev hits user code: <99400>  {99399} since event: 1 ms
W/GLSurfaceView(  846): <99400.79>  --- [01;31m[Kxzl[m[K --- APP_AFTER_SWAP_FRAME (AFTER GLSurfaceView swap frame)
D/InputDispatcher(  201): <99401.06> ########### [01;31m[Kxzl[m[K finishDispatchCycle: 1.19ms since event, 0.58ms since dispatch
W/GLSurfaceView(  846): <99401.00>  --- [01;31m[Kxzl[m[K --- APP_BEFORE_DRAW_FRAME (BEFORE GLSurfaceView DrawFrame)
W/APP     (  846): [01;31m[Kxzl[m[K: ===> entering onDrawFrame: <99401> 
W/APP     (  846): [01;31m[Kxzl[m[K: ===> done onDrawFrame: <99401> 
W/GLSurfaceView(  846): <99401.79>  --- [01;31m[Kxzl[m[K --- APP_AFTER_DRAW_FRAME (AFTER GLSurfaceView DrawFrame)
W/GLSurfaceView(  846): <99402.16>  --- [01;31m[Kxzl[m[K --- APP_BEFORE_SWAP_FRAME (BEFORE GLSurfaceView swap frame)
D/SurfaceTextureClient(  846): <99402.62> [01;31m[Kxzl[m[K SurfaceTextureClient::queueBuffer
D/SurfaceFlinger(  116): <99402.71>  --- [01;31m[Kxzl[m[K SF_QUEUE_FRAME (Layer::onFrameQueued)
W/APP     (  846): [01;31m[Kxzl[m[K: ===> ev hits user code: <99410>  {99409} since event: 1 ms
D/InputDispatcher(  201): <99410.43> ########### [01;31m[Kxzl[m[K finishDispatchCycle: 1.07ms since event, 0.46ms since dispatch
D/SurfaceFlinger(  116): <99417.41>  ----- [01;31m[Kxzl[m[K SF_AFTER_SWAP_FB (SurfaceFlinger::composeSurfaces() swap fb done)  ------
D/SurfaceFlinger(  116): <99417.54>  ----- [01;31m[Kxzl[m[K SF_BEFORE_SWAP_FB (SurfaceFlinger::composeSurfaces compose done, prepare to swap fb) ------
W/GLSurfaceView(  846): <99417.76>  --- [01;31m[Kxzl[m[K --- APP_AFTER_SWAP_FRAME (AFTER GLSurfaceView swap frame)
W/GLSurfaceView(  846): <99417.97>  --- [01;31m[Kxzl[m[K --- APP_BEFORE_DRAW_FRAME (BEFORE GLSurfaceView DrawFrame)
W/APP     (  846): [01;31m[Kxzl[m[K: ===> entering onDrawFrame: <99418> 
W/APP     (  846): [01;31m[Kxzl[m[K: ===> done onDrawFrame: <99418> 
W/GLSurfaceView(  846): <99418.43>  --- [01;31m[Kxzl[m[K --- APP_AFTER_DRAW_FRAME (AFTER GLSurfaceView DrawFrame)
W/GLSurfaceView(  846): <99418.79>  --- [01;31m[Kxzl[m[K --- APP_BEFORE_SWAP_FRAME (BEFORE GLSurfaceView swap frame)
D/SurfaceTextureClient(  846): <99419.09> [01;31m[Kxzl[m[K SurfaceTextureClient::queueBuffer
D/SurfaceFlinger(  116): <99419.16>  --- [01;31m[Kxzl[m[K SF_QUEUE_FRAME (Layer::onFrameQueued)
W/APP     (  846): [01;31m[Kxzl[m[K: ===> ev hits user code: <99420>  {99419} since event: 1 ms
D/InputDispatcher(  201): <99420.50> ########### [01;31m[Kxzl[m[K finishDispatchCycle: 1.22ms since event, 0.61ms since dispatch
W/APP     (  846): [01;31m[Kxzl[m[K: ===> ev hits user code: <99429>  {99429} since event: 0 ms
D/InputDispatcher(  201): <99430.05> ########### [01;31m[Kxzl[m[K finishDispatchCycle: 1.04ms since event, 0.43ms since dispatch
D/SurfaceFlinger(  116): <99434.39>  ----- [01;31m[Kxzl[m[K SF_AFTER_SWAP_FB (SurfaceFlinger::composeSurfaces() swap fb done)  ------
D/SurfaceFlinger(  116): <99434.52>  ----- [01;31m[Kxzl[m[K SF_BEFORE_SWAP_FB (SurfaceFlinger::composeSurfaces compose done, prepare to swap fb) ------
W/GLSurfaceView(  846): <99434.69>  --- [01;31m[Kxzl[m[K --- APP_AFTER_SWAP_FRAME (AFTER GLSurfaceView swap frame)
W/GLSurfaceView(  846): <99434.91>  --- [01;31m[Kxzl[m[K --- APP_BEFORE_DRAW_FRAME (BEFORE GLSurfaceView DrawFrame)
W/APP     (  846): [01;31m[Kxzl[m[K: ===> entering onDrawFrame: <99435> 
W/APP     (  846): [01;31m[Kxzl[m[K: ===> done onDrawFrame: <99435> 
W/GLSurfaceView(  846): <99435.30>  --- [01;31m[Kxzl[m[K --- APP_AFTER_DRAW_FRAME (AFTER GLSurfaceView DrawFrame)
W/GLSurfaceView(  846): <99435.46>  --- [01;31m[Kxzl[m[K --- APP_BEFORE_SWAP_FRAME (BEFORE GLSurfaceView swap frame)
D/SurfaceTextureClient(  846): <99435.73> [01;31m[Kxzl[m[K SurfaceTextureClient::queueBuffer
D/SurfaceFlinger(  116): <99435.82>  --- [01;31m[Kxzl[m[K SF_QUEUE_FRAME (Layer::onFrameQueued)
W/APP     (  846): [01;31m[Kxzl[m[K: ===> ev hits user code: <99439>  {99438} since event: 1 ms
D/InputDispatcher(  201): <99439.82> ########### [01;31m[Kxzl[m[K finishDispatchCycle: 0.98ms since event, 0.37ms since dispatch
W/APP     (  846): [01;31m[Kxzl[m[K: ===> ev hits user code: <99449>  {99448} since event: 1 ms
D/InputDispatcher(  201): <99449.34> ########### [01;31m[Kxzl[m[K finishDispatchCycle: 0.92ms since event, 0.34ms since dispatch
D/SurfaceFlinger(  116): <99451.32>  ----- [01;31m[Kxzl[m[K SF_AFTER_SWAP_FB (SurfaceFlinger::composeSurfaces() swap fb done)  ------
D/SurfaceFlinger(  116): <99451.45>  ----- [01;31m[Kxzl[m[K SF_BEFORE_SWAP_FB (SurfaceFlinger::composeSurfaces compose done, prepare to swap fb) ------
W/GLSurfaceView(  846): <99451.66>  --- [01;31m[Kxzl[m[K --- APP_AFTER_SWAP_FRAME (AFTER GLSurfaceView swap frame)
W/GLSurfaceView(  846): <99451.84>  --- [01;31m[Kxzl[m[K --- APP_BEFORE_DRAW_FRAME (BEFORE GLSurfaceView DrawFrame)
W/APP     (  846): [01;31m[Kxzl[m[K: ===> entering onDrawFrame: <99451> 
W/APP     (  846): [01;31m[Kxzl[m[K: ===> done onDrawFrame: <99451> 
W/GLSurfaceView(  846): <99452.24>  --- [01;31m[Kxzl[m[K --- APP_AFTER_DRAW_FRAME (AFTER GLSurfaceView DrawFrame)
W/GLSurfaceView(  846): <99452.39>  --- [01;31m[Kxzl[m[K --- APP_BEFORE_SWAP_FRAME (BEFORE GLSurfaceView swap frame)
D/SurfaceTextureClient(  846): <99452.85> [01;31m[Kxzl[m[K SurfaceTextureClient::queueBuffer
D/SurfaceFlinger(  116): <99452.95>  --- [01;31m[Kxzl[m[K SF_QUEUE_FRAME (Layer::onFrameQueued)
W/APP     (  846): [01;31m[Kxzl[m[K: ===> ev hits user code: <99459>  {99458} since event: 1 ms
D/InputDispatcher(  201): <99459.35> ########### [01;31m[Kxzl[m[K finishDispatchCycle: 1.07ms since event, 0.40ms since dispatch
D/SurfaceFlinger(  116): <99468.30>  ----- [01;31m[Kxzl[m[K SF_AFTER_SWAP_FB (SurfaceFlinger::composeSurfaces() swap fb done)  ------
D/SurfaceFlinger(  116): <99468.38>  ----- [01;31m[Kxzl[m[K SF_BEFORE_SWAP_FB (SurfaceFlinger::composeSurfaces compose done, prepare to swap fb) ------
W/GLSurfaceView(  846): <99468.60>  --- [01;31m[Kxzl[m[K --- APP_AFTER_SWAP_FRAME (AFTER GLSurfaceView swap frame)
W/GLSurfaceView(  846): <99468.87>  --- [01;31m[Kxzl[m[K --- APP_BEFORE_DRAW_FRAME (BEFORE GLSurfaceView DrawFrame)
W/APP     (  846): [01;31m[Kxzl[m[K: ===> ev hits user code: <99468>  {99467} since event: 1 ms
W/APP     (  846): [01;31m[Kxzl[m[K: ===> entering onDrawFrame: <99469> 
D/InputDispatcher(  201): <99469.12> ########### [01;31m[Kxzl[m[K finishDispatchCycle: 1.13ms since event, 0.43ms since dispatch
W/APP     (  846): [01;31m[Kxzl[m[K: ===> done onDrawFrame: <99469> 
W/GLSurfaceView(  846): <99469.27>  --- [01;31m[Kxzl[m[K --- APP_AFTER_DRAW_FRAME (AFTER GLSurfaceView DrawFrame)
W/GLSurfaceView(  846): <99469.39>  --- [01;31m[Kxzl[m[K --- APP_BEFORE_SWAP_FRAME (BEFORE GLSurfaceView swap frame)
D/SurfaceTextureClient(  846): <99469.88> [01;31m[Kxzl[m[K SurfaceTextureClient::queueBuffer
D/SurfaceFlinger(  116): <99469.95>  --- [01;31m[Kxzl[m[K SF_QUEUE_FRAME (Layer::onFrameQueued)
W/APP     (  846): [01;31m[Kxzl[m[K: ===> ev hits user code: <99478>  {99477} since event: 1 ms
D/InputDispatcher(  201): <99478.76> ########### [01;31m[Kxzl[m[K finishDispatchCycle: 0.98ms since event, 0.40ms since dispatch
D/SurfaceFlinger(  116): <99485.38>  ----- [01;31m[Kxzl[m[K SF_AFTER_SWAP_FB (SurfaceFlinger::composeSurfaces() swap fb done)  ------
D/SurfaceFlinger(  116): <99485.51>  ----- [01;31m[Kxzl[m[K SF_BEFORE_SWAP_FB (SurfaceFlinger::composeSurfaces compose done, prepare to swap fb) ------
W/GLSurfaceView(  846): <99485.72>  --- [01;31m[Kxzl[m[K --- APP_AFTER_SWAP_FRAME (AFTER GLSurfaceView swap frame)
W/GLSurfaceView(  846): <99485.96>  --- [01;31m[Kxzl[m[K --- APP_BEFORE_DRAW_FRAME (BEFORE GLSurfaceView DrawFrame)
W/APP     (  846): [01;31m[Kxzl[m[K: ===> entering onDrawFrame: <99486> 
W/APP     (  846): [01;31m[Kxzl[m[K: ===> done onDrawFrame: <99486> 
W/GLSurfaceView(  846): <99486.33>  --- [01;31m[Kxzl[m[K --- APP_AFTER_DRAW_FRAME (AFTER GLSurfaceView DrawFrame)
W/GLSurfaceView(  846): <99486.48>  --- [01;31m[Kxzl[m[K --- APP_BEFORE_SWAP_FRAME (BEFORE GLSurfaceView swap frame)
D/SurfaceTextureClient(  846): <99486.75> [01;31m[Kxzl[m[K SurfaceTextureClient::queueBuffer
D/SurfaceFlinger(  116): <99486.82>  --- [01;31m[Kxzl[m[K SF_QUEUE_FRAME (Layer::onFrameQueued)
W/APP     (  846): [01;31m[Kxzl[m[K: ===> ev hits user code: <99488>  {99487} since event: 1 ms
D/InputDispatcher(  201): <99488.50> ########### [01;31m[Kxzl[m[K finishDispatchCycle: 1.10ms since event, 0.40ms since dispatch
W/APP     (  846): [01;31m[Kxzl[m[K: ===> ev hits user code: <99498>  {99497} since event: 1 ms
D/InputDispatcher(  201): <99498.23> ########### [01;31m[Kxzl[m[K finishDispatchCycle: 1.01ms since event, 0.37ms since dispatch
D/SurfaceFlinger(  116): <99502.20>  ----- [01;31m[Kxzl[m[K SF_AFTER_SWAP_FB (SurfaceFlinger::composeSurfaces() swap fb done)  ------
D/SurfaceFlinger(  116): <99502.35>  ----- [01;31m[Kxzl[m[K SF_BEFORE_SWAP_FB (SurfaceFlinger::composeSurfaces compose done, prepare to swap fb) ------
W/GLSurfaceView(  846): <99502.47>  --- [01;31m[Kxzl[m[K --- APP_AFTER_SWAP_FRAME (AFTER GLSurfaceView swap frame)
W/GLSurfaceView(  846): <99502.75>  --- [01;31m[Kxzl[m[K --- APP_BEFORE_DRAW_FRAME (BEFORE GLSurfaceView DrawFrame)
W/APP     (  846): [01;31m[Kxzl[m[K: ===> entering onDrawFrame: <99502> 
W/APP     (  846): [01;31m[Kxzl[m[K: ===> done onDrawFrame: <99502> 
W/GLSurfaceView(  846): <99503.20>  --- [01;31m[Kxzl[m[K --- APP_AFTER_DRAW_FRAME (AFTER GLSurfaceView DrawFrame)
W/GLSurfaceView(  846): <99503.39>  --- [01;31m[Kxzl[m[K --- APP_BEFORE_SWAP_FRAME (BEFORE GLSurfaceView swap frame)
D/SurfaceTextureClient(  846): <99505.52> [01;31m[Kxzl[m[K SurfaceTextureClient::queueBuffer
D/SurfaceFlinger(  116): <99505.64>  --- [01;31m[Kxzl[m[K SF_QUEUE_FRAME (Layer::onFrameQueued)
W/APP     (  846): [01;31m[Kxzl[m[K: ===> ev hits user code: <99508>  {99507} since event: 1 ms
D/InputDispatcher(  201): <99508.63> ########### [01;31m[Kxzl[m[K finishDispatchCycle: 1.40ms since event, 0.61ms since dispatch
W/APP     (  846): [01;31m[Kxzl[m[K: ===> ev hits user code: <99517>  {99516} since event: 1 ms
D/InputDispatcher(  201): <99517.97> ########### [01;31m[Kxzl[m[K finishDispatchCycle: 1.16ms since event, 0.52ms since dispatch
D/SurfaceFlinger(  116): <99519.28>  ----- [01;31m[Kxzl[m[K SF_AFTER_SWAP_FB (SurfaceFlinger::composeSurfaces() swap fb done)  ------
D/SurfaceFlinger(  116): <99519.41>  ----- [01;31m[Kxzl[m[K SF_BEFORE_SWAP_FB (SurfaceFlinger::composeSurfaces compose done, prepare to swap fb) ------
W/GLSurfaceView(  846): <99519.65>  --- [01;31m[Kxzl[m[K --- APP_AFTER_SWAP_FRAME (AFTER GLSurfaceView swap frame)
W/GLSurfaceView(  846): <99519.93>  --- [01;31m[Kxzl[m[K --- APP_BEFORE_DRAW_FRAME (BEFORE GLSurfaceView DrawFrame)
W/APP     (  846): [01;31m[Kxzl[m[K: ===> entering onDrawFrame: <99520> 
W/APP     (  846): [01;31m[Kxzl[m[K: ===> done onDrawFrame: <99520> 
W/GLSurfaceView(  846): <99520.39>  --- [01;31m[Kxzl[m[K --- APP_AFTER_DRAW_FRAME (AFTER GLSurfaceView DrawFrame)
W/GLSurfaceView(  846): <99520.72>  --- [01;31m[Kxzl[m[K --- APP_BEFORE_SWAP_FRAME (BEFORE GLSurfaceView swap frame)
D/SurfaceTextureClient(  846): <99521.06> [01;31m[Kxzl[m[K SurfaceTextureClient::queueBuffer
D/SurfaceFlinger(  116): <99521.15>  --- [01;31m[Kxzl[m[K SF_QUEUE_FRAME (Layer::onFrameQueued)
W/APP     (  846): [01;31m[Kxzl[m[K: ===> ev hits user code: <99527>  {99526} since event: 1 ms
D/InputDispatcher(  201): <99527.95> ########### [01;31m[Kxzl[m[K finishDispatchCycle: 1.28ms since event, 0.64ms since dispatch
D/SurfaceFlinger(  116): <99536.31>  ----- [01;31m[Kxzl[m[K SF_AFTER_SWAP_FB (SurfaceFlinger::composeSurfaces() swap fb done)  ------
D/SurfaceFlinger(  116): <99536.44>  ----- [01;31m[Kxzl[m[K SF_BEFORE_SWAP_FB (SurfaceFlinger::composeSurfaces compose done, prepare to swap fb) ------
W/GLSurfaceView(  846): <99536.65>  --- [01;31m[Kxzl[m[K --- APP_AFTER_SWAP_FRAME (AFTER GLSurfaceView swap frame)
W/APP     (  846): [01;31m[Kxzl[m[K: ===> ev hits user code: <99537>  {99536} since event: 1 ms
D/InputDispatcher(  201): <99537.45> ########### [01;31m[Kxzl[m[K finishDispatchCycle: 1.10ms since event, 0.37ms since dispatch
W/GLSurfaceView(  846): <99536.87>  --- [01;31m[Kxzl[m[K --- APP_BEFORE_DRAW_FRAME (BEFORE GLSurfaceView DrawFrame)
W/APP     (  846): [01;31m[Kxzl[m[K: ===> entering onDrawFrame: <99537> 
W/APP     (  846): [01;31m[Kxzl[m[K: ===> done onDrawFrame: <99537> 
W/GLSurfaceView(  846): <99537.99>  --- [01;31m[Kxzl[m[K --- APP_AFTER_DRAW_FRAME (AFTER GLSurfaceView DrawFrame)
W/GLSurfaceView(  846): <99538.15>  --- [01;31m[Kxzl[m[K --- APP_BEFORE_SWAP_FRAME (BEFORE GLSurfaceView swap frame)
D/SurfaceTextureClient(  846): <99538.45> [01;31m[Kxzl[m[K SurfaceTextureClient::queueBuffer
D/SurfaceFlinger(  116): <99538.54>  --- [01;31m[Kxzl[m[K SF_QUEUE_FRAME (Layer::onFrameQueued)
W/APP     (  846): [01;31m[Kxzl[m[K: ===> ev hits user code: <99547>  {99546} since event: 1 ms
D/InputDispatcher(  201): <99547.21> ########### [01;31m[Kxzl[m[K finishDispatchCycle: 0.95ms since event, 0.37ms since dispatch
D/SurfaceFlinger(  116): <99554.02>  ----- [01;31m[Kxzl[m[K SF_AFTER_SWAP_FB (SurfaceFlinger::composeSurfaces() swap fb done)  ------
D/SurfaceFlinger(  116): <99554.14>  ----- [01;31m[Kxzl[m[K SF_BEFORE_SWAP_FB (SurfaceFlinger::composeSurfaces compose done, prepare to swap fb) ------
W/GLSurfaceView(  846): <99554.35>  --- [01;31m[Kxzl[m[K --- APP_AFTER_SWAP_FRAME (AFTER GLSurfaceView swap frame)
W/GLSurfaceView(  846): <99554.57>  --- [01;31m[Kxzl[m[K --- APP_BEFORE_DRAW_FRAME (BEFORE GLSurfaceView DrawFrame)
W/APP     (  846): [01;31m[Kxzl[m[K: ===> entering onDrawFrame: <99556> 
W/APP     (  846): [01;31m[Kxzl[m[K: ===> done onDrawFrame: <99556> 
W/GLSurfaceView(  846): <99556.43>  --- [01;31m[Kxzl[m[K --- APP_AFTER_DRAW_FRAME (AFTER GLSurfaceView DrawFrame)
W/GLSurfaceView(  846): <99556.64>  --- [01;31m[Kxzl[m[K --- APP_BEFORE_SWAP_FRAME (BEFORE GLSurfaceView swap frame)
D/SurfaceTextureClient(  846): <99557.25> [01;31m[Kxzl[m[K SurfaceTextureClient::queueBuffer
W/APP     (  846): [01;31m[Kxzl[m[K: ===> ev hits user code: <99557>  {99556} since event: 1 ms
D/SurfaceFlinger(  116): <99557.34>  --- [01;31m[Kxzl[m[K SF_QUEUE_FRAME (Layer::onFrameQueued)
D/InputDispatcher(  201): <99557.43> ########### [01;31m[Kxzl[m[K finishDispatchCycle: 1.28ms since event, 0.52ms since dispatch
W/APP     (  846): [01;31m[Kxzl[m[K: ===> ev hits user code: <99566>  {99565} since event: 1 ms
D/InputDispatcher(  201): <99566.71> ########### [01;31m[Kxzl[m[K finishDispatchCycle: 1.01ms since event, 0.40ms since dispatch
D/SurfaceFlinger(  116): <99570.01>  ----- [01;31m[Kxzl[m[K SF_AFTER_SWAP_FB (SurfaceFlinger::composeSurfaces() swap fb done)  ------
D/SurfaceFlinger(  116): <99570.16>  ----- [01;31m[Kxzl[m[K SF_BEFORE_SWAP_FB (SurfaceFlinger::composeSurfaces compose done, prepare to swap fb) ------
W/GLSurfaceView(  846): <99570.40>  --- [01;31m[Kxzl[m[K --- APP_AFTER_SWAP_FRAME (AFTER GLSurfaceView swap frame)
W/GLSurfaceView(  846): <99570.65>  --- [01;31m[Kxzl[m[K --- APP_BEFORE_DRAW_FRAME (BEFORE GLSurfaceView DrawFrame)
W/APP     (  846): [01;31m[Kxzl[m[K: ===> entering onDrawFrame: <99570> 
W/APP     (  846): [01;31m[Kxzl[m[K: ===> done onDrawFrame: <99570> 
W/GLSurfaceView(  846): <99571.08>  --- [01;31m[Kxzl[m[K --- APP_AFTER_DRAW_FRAME (AFTER GLSurfaceView DrawFrame)
W/GLSurfaceView(  846): <99571.26>  --- [01;31m[Kxzl[m[K --- APP_BEFORE_SWAP_FRAME (BEFORE GLSurfaceView swap frame)
D/SurfaceTextureClient(  846): <99571.56> [01;31m[Kxzl[m[K SurfaceTextureClient::queueBuffer
D/SurfaceFlinger(  116): <99571.66>  --- [01;31m[Kxzl[m[K SF_QUEUE_FRAME (Layer::onFrameQueued)
W/APP     (  846): [01;31m[Kxzl[m[K: ===> ev hits user code: <99576>  {99575} since event: 1 ms
D/InputDispatcher(  201): <99576.54> ########### [01;31m[Kxzl[m[K finishDispatchCycle: 0.98ms since event, 0.37ms since dispatch
W/APP     (  846): [01;31m[Kxzl[m[K: ===> ev hits user code: <99586>  {99585} since event: 1 ms
D/InputDispatcher(  201): <99586.64> ########### [01;31m[Kxzl[m[K finishDispatchCycle: 1.28ms since event, 0.61ms since dispatch
D/SurfaceFlinger(  116): <99586.98>  ----- [01;31m[Kxzl[m[K SF_AFTER_SWAP_FB (SurfaceFlinger::composeSurfaces() swap fb done)  ------
D/SurfaceFlinger(  116): <99587.13>  ----- [01;31m[Kxzl[m[K SF_BEFORE_SWAP_FB (SurfaceFlinger::composeSurfaces compose done, prepare to swap fb) ------
W/GLSurfaceView(  846): <99587.43>  --- [01;31m[Kxzl[m[K --- APP_AFTER_SWAP_FRAME (AFTER GLSurfaceView swap frame)
W/GLSurfaceView(  846): <99587.74>  --- [01;31m[Kxzl[m[K --- APP_BEFORE_DRAW_FRAME (BEFORE GLSurfaceView DrawFrame)
W/APP     (  846): [01;31m[Kxzl[m[K: ===> entering onDrawFrame: <99587> 
W/APP     (  846): [01;31m[Kxzl[m[K: ===> done onDrawFrame: <99587> 
W/GLSurfaceView(  846): <99588.29>  --- [01;31m[Kxzl[m[K --- APP_AFTER_DRAW_FRAME (AFTER GLSurfaceView DrawFrame)
W/GLSurfaceView(  846): <99588.53>  --- [01;31m[Kxzl[m[K --- APP_BEFORE_SWAP_FRAME (BEFORE GLSurfaceView swap frame)
D/SurfaceTextureClient(  846): <99589.14> [01;31m[Kxzl[m[K SurfaceTextureClient::queueBuffer
D/SurfaceFlinger(  116): <99589.23>  --- [01;31m[Kxzl[m[K SF_QUEUE_FRAME (Layer::onFrameQueued)
W/APP     (  846): [01;31m[Kxzl[m[K: ===> ev hits user code: <99596>  {99595} since event: 1 ms
D/InputDispatcher(  201): <99596.62> ########### [01;31m[Kxzl[m[K finishDispatchCycle: 1.25ms since event, 0.49ms since dispatch
D/SurfaceFlinger(  116): <99605.07>  ----- [01;31m[Kxzl[m[K SF_AFTER_SWAP_FB (SurfaceFlinger::composeSurfaces() swap fb done)  ------
D/SurfaceFlinger(  116): <99605.23>  ----- [01;31m[Kxzl[m[K SF_BEFORE_SWAP_FB (SurfaceFlinger::composeSurfaces compose done, prepare to swap fb) ------
W/GLSurfaceView(  846): <99605.50>  --- [01;31m[Kxzl[m[K --- APP_AFTER_SWAP_FRAME (AFTER GLSurfaceView swap frame)
W/GLSurfaceView(  846): <99605.93>  --- [01;31m[Kxzl[m[K --- APP_BEFORE_DRAW_FRAME (BEFORE GLSurfaceView DrawFrame)
W/APP     (  846): [01;31m[Kxzl[m[K: ===> entering onDrawFrame: <99606> 
W/APP     (  846): [01;31m[Kxzl[m[K: ===> done onDrawFrame: <99606> 
W/GLSurfaceView(  846): <99606.51>  --- [01;31m[Kxzl[m[K --- APP_AFTER_DRAW_FRAME (AFTER GLSurfaceView DrawFrame)
W/GLSurfaceView(  846): <99606.72>  --- [01;31m[Kxzl[m[K --- APP_BEFORE_SWAP_FRAME (BEFORE GLSurfaceView swap frame)
D/SurfaceTextureClient(  846): <99607.39> [01;31m[Kxzl[m[K SurfaceTextureClient::queueBuffer
D/SurfaceFlinger(  116): <99607.51>  --- [01;31m[Kxzl[m[K SF_QUEUE_FRAME (Layer::onFrameQueued)
W/APP     (  846): [01;31m[Kxzl[m[K: ===> ev hits user code: <99607>  {99605} since event: 2 ms
D/InputDispatcher(  201): <99607.76> ########### [01;31m[Kxzl[m[K finishDispatchCycle: 2.66ms since event, 0.55ms since dispatch
W/APP     (  846): [01;31m[Kxzl[m[K: ===> ev hits user code: <99615>  {99614} since event: 1 ms
D/InputDispatcher(  201): <99616.05> ########### [01;31m[Kxzl[m[K finishDispatchCycle: 1.34ms since event, 0.67ms since dispatch
D/SurfaceFlinger(  116): <99620.88>  ----- [01;31m[Kxzl[m[K SF_AFTER_SWAP_FB (SurfaceFlinger::composeSurfaces() swap fb done)  ------
D/SurfaceFlinger(  116): <99621.04>  ----- [01;31m[Kxzl[m[K SF_BEFORE_SWAP_FB (SurfaceFlinger::composeSurfaces compose done, prepare to swap fb) ------
W/GLSurfaceView(  846): <99621.25>  --- [01;31m[Kxzl[m[K --- APP_AFTER_SWAP_FRAME (AFTER GLSurfaceView swap frame)
W/GLSurfaceView(  846): <99621.58>  --- [01;31m[Kxzl[m[K --- APP_BEFORE_DRAW_FRAME (BEFORE GLSurfaceView DrawFrame)
W/APP     (  846): [01;31m[Kxzl[m[K: ===> entering onDrawFrame: <99621> 
W/APP     (  846): [01;31m[Kxzl[m[K: ===> done onDrawFrame: <99621> 
W/GLSurfaceView(  846): <99622.04>  --- [01;31m[Kxzl[m[K --- APP_AFTER_DRAW_FRAME (AFTER GLSurfaceView DrawFrame)
W/GLSurfaceView(  846): <99622.22>  --- [01;31m[Kxzl[m[K --- APP_BEFORE_SWAP_FRAME (BEFORE GLSurfaceView swap frame)
D/SurfaceTextureClient(  846): <99622.77> [01;31m[Kxzl[m[K SurfaceTextureClient::queueBuffer
D/SurfaceFlinger(  116): <99622.86>  --- [01;31m[Kxzl[m[K SF_QUEUE_FRAME (Layer::onFrameQueued)
W/APP     (  846): [01;31m[Kxzl[m[K: ===> ev hits user code: <99625>  {99624} since event: 1 ms
D/InputDispatcher(  201): <99625.70> ########### [01;31m[Kxzl[m[K finishDispatchCycle: 1.25ms since event, 0.40ms since dispatch
W/APP     (  846): [01;31m[Kxzl[m[K: ===> ev hits user code: <99634>  {99634} since event: 0 ms
D/InputDispatcher(  201): <99635.07> ########### [01;31m[Kxzl[m[K finishDispatchCycle: 0.92ms since event, 0.31ms since dispatch
D/SurfaceFlinger(  116): <99637.84>  ----- [01;31m[Kxzl[m[K SF_AFTER_SWAP_FB (SurfaceFlinger::composeSurfaces() swap fb done)  ------
D/SurfaceFlinger(  116): <99637.97>  ----- [01;31m[Kxzl[m[K SF_BEFORE_SWAP_FB (SurfaceFlinger::composeSurfaces compose done, prepare to swap fb) ------
W/GLSurfaceView(  846): <99638.21>  --- [01;31m[Kxzl[m[K --- APP_AFTER_SWAP_FRAME (AFTER GLSurfaceView swap frame)
W/GLSurfaceView(  846): <99638.46>  --- [01;31m[Kxzl[m[K --- APP_BEFORE_DRAW_FRAME (BEFORE GLSurfaceView DrawFrame)
W/APP     (  846): [01;31m[Kxzl[m[K: ===> entering onDrawFrame: <99638> 
W/APP     (  846): [01;31m[Kxzl[m[K: ===> done onDrawFrame: <99638> 
W/GLSurfaceView(  846): <99638.92>  --- [01;31m[Kxzl[m[K --- APP_AFTER_DRAW_FRAME (AFTER GLSurfaceView DrawFrame)
W/GLSurfaceView(  846): <99639.10>  --- [01;31m[Kxzl[m[K --- APP_BEFORE_SWAP_FRAME (BEFORE GLSurfaceView swap frame)
D/SurfaceTextureClient(  846): <99639.40> [01;31m[Kxzl[m[K SurfaceTextureClient::queueBuffer
D/SurfaceFlinger(  116): <99639.49>  --- [01;31m[Kxzl[m[K SF_QUEUE_FRAME (Layer::onFrameQueued)
W/APP     (  846): [01;31m[Kxzl[m[K: ===> ev hits user code: <99644>  {99643} since event: 1 ms
D/InputDispatcher(  201): <99644.92> ########### [01;31m[Kxzl[m[K finishDispatchCycle: 0.98ms since event, 0.34ms since dispatch
W/APP     (  846): [01;31m[Kxzl[m[K: ===> ev hits user code: <99654>  {99653} since event: 1 ms
D/InputDispatcher(  201): <99654.60> ########### [01;31m[Kxzl[m[K finishDispatchCycle: 0.95ms since event, 0.37ms since dispatch
D/SurfaceFlinger(  116): <99654.94>  ----- [01;31m[Kxzl[m[K SF_AFTER_SWAP_FB (SurfaceFlinger::composeSurfaces() swap fb done)  ------
D/SurfaceFlinger(  116): <99655.05>  ----- [01;31m[Kxzl[m[K SF_BEFORE_SWAP_FB (SurfaceFlinger::composeSurfaces compose done, prepare to swap fb) ------
W/GLSurfaceView(  846): <99655.27>  --- [01;31m[Kxzl[m[K --- APP_AFTER_SWAP_FRAME (AFTER GLSurfaceView swap frame)
W/GLSurfaceView(  846): <99655.52>  --- [01;31m[Kxzl[m[K --- APP_BEFORE_DRAW_FRAME (BEFORE GLSurfaceView DrawFrame)
W/APP     (  846): [01;31m[Kxzl[m[K: ===> entering onDrawFrame: <99655> 
W/APP     (  846): [01;31m[Kxzl[m[K: ===> done onDrawFrame: <99655> 
W/GLSurfaceView(  846): <99655.94>  --- [01;31m[Kxzl[m[K --- APP_AFTER_DRAW_FRAME (AFTER GLSurfaceView DrawFrame)
W/GLSurfaceView(  846): <99656.10>  --- [01;31m[Kxzl[m[K --- APP_BEFORE_SWAP_FRAME (BEFORE GLSurfaceView swap frame)
D/SurfaceTextureClient(  846): <99656.98> [01;31m[Kxzl[m[K SurfaceTextureClient::queueBuffer
D/SurfaceFlinger(  116): <99657.10>  --- [01;31m[Kxzl[m[K SF_QUEUE_FRAME (Layer::onFrameQueued)
W/APP     (  846): [01;31m[Kxzl[m[K: ===> ev hits user code: <99664>  {99663} since event: 1 ms
D/InputDispatcher(  201): <99664.67> ########### [01;31m[Kxzl[m[K finishDispatchCycle: 1.25ms since event, 0.49ms since dispatch
D/SurfaceFlinger(  116): <99671.75>  ----- [01;31m[Kxzl[m[K SF_AFTER_SWAP_FB (SurfaceFlinger::composeSurfaces() swap fb done)  ------
D/SurfaceFlinger(  116): <99671.97>  ----- [01;31m[Kxzl[m[K SF_BEFORE_SWAP_FB (SurfaceFlinger::composeSurfaces compose done, prepare to swap fb) ------
W/GLSurfaceView(  846): <99672.24>  --- [01;31m[Kxzl[m[K --- APP_AFTER_SWAP_FRAME (AFTER GLSurfaceView swap frame)
W/GLSurfaceView(  846): <99672.52>  --- [01;31m[Kxzl[m[K --- APP_BEFORE_DRAW_FRAME (BEFORE GLSurfaceView DrawFrame)
W/APP     (  846): [01;31m[Kxzl[m[K: ===> entering onDrawFrame: <99672> 
W/APP     (  846): [01;31m[Kxzl[m[K: ===> done onDrawFrame: <99672> 
W/GLSurfaceView(  846): <99673.07>  --- [01;31m[Kxzl[m[K --- APP_AFTER_DRAW_FRAME (AFTER GLSurfaceView DrawFrame)
W/GLSurfaceView(  846): <99673.80>  --- [01;31m[Kxzl[m[K --- APP_BEFORE_SWAP_FRAME (BEFORE GLSurfaceView swap frame)
W/APP     (  846): [01;31m[Kxzl[m[K: ===> ev hits user code: <99674>  {99673} since event: 1 ms
D/InputDispatcher(  201): <99674.92> ########### [01;31m[Kxzl[m[K finishDispatchCycle: 1.59ms since event, 0.40ms since dispatch
D/SurfaceTextureClient(  846): <99675.05> [01;31m[Kxzl[m[K SurfaceTextureClient::queueBuffer
D/SurfaceFlinger(  116): <99675.14>  --- [01;31m[Kxzl[m[K SF_QUEUE_FRAME (Layer::onFrameQueued)
W/APP     (  846): [01;31m[Kxzl[m[K: ===> ev hits user code: <99683>  {99683} since event: 0 ms
D/InputDispatcher(  201): <99684.08> ########### [01;31m[Kxzl[m[K finishDispatchCycle: 1.01ms since event, 0.37ms since dispatch
D/SurfaceFlinger(  116): <99688.70>  ----- [01;31m[Kxzl[m[K SF_AFTER_SWAP_FB (SurfaceFlinger::composeSurfaces() swap fb done)  ------
D/SurfaceFlinger(  116): <99688.84>  ----- [01;31m[Kxzl[m[K SF_BEFORE_SWAP_FB (SurfaceFlinger::composeSurfaces compose done, prepare to swap fb) ------
W/GLSurfaceView(  846): <99689.06>  --- [01;31m[Kxzl[m[K --- APP_AFTER_SWAP_FRAME (AFTER GLSurfaceView swap frame)
W/GLSurfaceView(  846): <99690.92>  --- [01;31m[Kxzl[m[K --- APP_BEFORE_DRAW_FRAME (BEFORE GLSurfaceView DrawFrame)
W/APP     (  846): [01;31m[Kxzl[m[K: ===> entering onDrawFrame: <99692> 
W/APP     (  846): [01;31m[Kxzl[m[K: ===> ev hits user code: <99693>  {99692} since event: 1 ms
D/InputDispatcher(  201): <99693.66> ########### [01;31m[Kxzl[m[K finishDispatchCycle: 0.95ms since event, 0.34ms since dispatch
W/APP     (  846): [01;31m[Kxzl[m[K: ===> done onDrawFrame: <99692> 
W/GLSurfaceView(  846): <99693.94>  --- [01;31m[Kxzl[m[K --- APP_AFTER_DRAW_FRAME (AFTER GLSurfaceView DrawFrame)
W/GLSurfaceView(  846): <99694.12>  --- [01;31m[Kxzl[m[K --- APP_BEFORE_SWAP_FRAME (BEFORE GLSurfaceView swap frame)
D/SurfaceTextureClient(  846): <99694.80> [01;31m[Kxzl[m[K SurfaceTextureClient::queueBuffer
D/SurfaceFlinger(  116): <99694.88>  --- [01;31m[Kxzl[m[K SF_QUEUE_FRAME (Layer::onFrameQueued)
W/APP     (  846): [01;31m[Kxzl[m[K: ===> ev hits user code: <99703>  {99702} since event: 1 ms
D/InputDispatcher(  201): <99703.37> ########### [01;31m[Kxzl[m[K finishDispatchCycle: 1.01ms since event, 0.40ms since dispatch
D/SurfaceFlinger(  116): <99705.66>  ----- [01;31m[Kxzl[m[K SF_AFTER_SWAP_FB (SurfaceFlinger::composeSurfaces() swap fb done)  ------
D/SurfaceFlinger(  116): <99705.80>  ----- [01;31m[Kxzl[m[K SF_BEFORE_SWAP_FB (SurfaceFlinger::composeSurfaces compose done, prepare to swap fb) ------
W/GLSurfaceView(  846): <99706.09>  --- [01;31m[Kxzl[m[K --- APP_AFTER_SWAP_FRAME (AFTER GLSurfaceView swap frame)
W/GLSurfaceView(  846): <99706.36>  --- [01;31m[Kxzl[m[K --- APP_BEFORE_DRAW_FRAME (BEFORE GLSurfaceView DrawFrame)
W/APP     (  846): [01;31m[Kxzl[m[K: ===> entering onDrawFrame: <99706> 
W/APP     (  846): [01;31m[Kxzl[m[K: ===> done onDrawFrame: <99706> 
W/GLSurfaceView(  846): <99707.18>  --- [01;31m[Kxzl[m[K --- APP_AFTER_DRAW_FRAME (AFTER GLSurfaceView DrawFrame)
W/GLSurfaceView(  846): <99707.61>  --- [01;31m[Kxzl[m[K --- APP_BEFORE_SWAP_FRAME (BEFORE GLSurfaceView swap frame)
D/SurfaceTextureClient(  846): <99708.47> [01;31m[Kxzl[m[K SurfaceTextureClient::queueBuffer
D/SurfaceFlinger(  116): <99708.59>  --- [01;31m[Kxzl[m[K SF_QUEUE_FRAME (Layer::onFrameQueued)
W/APP     (  846): [01;31m[Kxzl[m[K: ===> ev hits user code: <99713>  {99712} since event: 1 ms
D/InputDispatcher(  201): <99713.38> ########### [01;31m[Kxzl[m[K finishDispatchCycle: 1.01ms since event, 0.40ms since dispatch
D/SurfaceFlinger(  116): <99722.72>  ----- [01;31m[Kxzl[m[K SF_AFTER_SWAP_FB (SurfaceFlinger::composeSurfaces() swap fb done)  ------
D/SurfaceFlinger(  116): <99722.87>  ----- [01;31m[Kxzl[m[K SF_BEFORE_SWAP_FB (SurfaceFlinger::composeSurfaces compose done, prepare to swap fb) ------
W/APP     (  846): [01;31m[Kxzl[m[K: ===> ev hits user code: <99723>  {99722} since event: 1 ms
D/InputDispatcher(  201): <99723.48> ########### [01;31m[Kxzl[m[K finishDispatchCycle: 1.34ms since event, 0.37ms since dispatch
W/GLSurfaceView(  846): <99722.90>  --- [01;31m[Kxzl[m[K --- APP_AFTER_SWAP_FRAME (AFTER GLSurfaceView swap frame)
W/GLSurfaceView(  846): <99723.82>  --- [01;31m[Kxzl[m[K --- APP_BEFORE_DRAW_FRAME (BEFORE GLSurfaceView DrawFrame)
W/APP     (  846): [01;31m[Kxzl[m[K: ===> entering onDrawFrame: <99723> 
W/APP     (  846): [01;31m[Kxzl[m[K: ===> done onDrawFrame: <99723> 
W/GLSurfaceView(  846): <99724.33>  --- [01;31m[Kxzl[m[K --- APP_AFTER_DRAW_FRAME (AFTER GLSurfaceView DrawFrame)
W/GLSurfaceView(  846): <99724.52>  --- [01;31m[Kxzl[m[K --- APP_BEFORE_SWAP_FRAME (BEFORE GLSurfaceView swap frame)
D/SurfaceTextureClient(  846): <99725.16> [01;31m[Kxzl[m[K SurfaceTextureClient::queueBuffer
D/SurfaceFlinger(  116): <99725.25>  --- [01;31m[Kxzl[m[K SF_QUEUE_FRAME (Layer::onFrameQueued)
W/APP     (  846): [01;31m[Kxzl[m[K: ===> ev hits user code: <99732>  {99731} since event: 1 ms
D/InputDispatcher(  201): <99732.67> ########### [01;31m[Kxzl[m[K finishDispatchCycle: 0.95ms since event, 0.34ms since dispatch
D/SurfaceFlinger(  116): <99739.56>  ----- [01;31m[Kxzl[m[K SF_AFTER_SWAP_FB (SurfaceFlinger::composeSurfaces() swap fb done)  ------
D/SurfaceFlinger(  116): <99739.71>  ----- [01;31m[Kxzl[m[K SF_BEFORE_SWAP_FB (SurfaceFlinger::composeSurfaces compose done, prepare to swap fb) ------
W/GLSurfaceView(  846): <99739.96>  --- [01;31m[Kxzl[m[K --- APP_AFTER_SWAP_FRAME (AFTER GLSurfaceView swap frame)
W/APP     (  846): [01;31m[Kxzl[m[K: ===> ev hits user code: <99742>  {99741} since event: 1 ms
D/InputDispatcher(  201): <99742.80> ########### [01;31m[Kxzl[m[K finishDispatchCycle: 1.31ms since event, 0.64ms since dispatch
W/GLSurfaceView(  846): <99742.80>  --- [01;31m[Kxzl[m[K --- APP_BEFORE_DRAW_FRAME (BEFORE GLSurfaceView DrawFrame)
W/APP     (  846): [01;31m[Kxzl[m[K: ===> entering onDrawFrame: <99743> 
W/APP     (  846): [01;31m[Kxzl[m[K: ===> done onDrawFrame: <99743> 
W/GLSurfaceView(  846): <99743.59>  --- [01;31m[Kxzl[m[K --- APP_AFTER_DRAW_FRAME (AFTER GLSurfaceView DrawFrame)
W/GLSurfaceView(  846): <99743.80>  --- [01;31m[Kxzl[m[K --- APP_BEFORE_SWAP_FRAME (BEFORE GLSurfaceView swap frame)
D/SurfaceTextureClient(  846): <99744.72> [01;31m[Kxzl[m[K SurfaceTextureClient::queueBuffer
D/SurfaceFlinger(  116): <99745.30>  --- [01;31m[Kxzl[m[K SF_QUEUE_FRAME (Layer::onFrameQueued)
W/APP     (  846): [01;31m[Kxzl[m[K: ===> ev hits user code: <99752>  {99751} since event: 1 ms
D/InputDispatcher(  201): <99752.59> ########### [01;31m[Kxzl[m[K finishDispatchCycle: 1.19ms since event, 0.46ms since dispatch
D/SurfaceFlinger(  116): <99756.53>  ----- [01;31m[Kxzl[m[K SF_AFTER_SWAP_FB (SurfaceFlinger::composeSurfaces() swap fb done)  ------
D/SurfaceFlinger(  116): <99756.71>  ----- [01;31m[Kxzl[m[K SF_BEFORE_SWAP_FB (SurfaceFlinger::composeSurfaces compose done, prepare to swap fb) ------
W/GLSurfaceView(  846): <99757.32>  --- [01;31m[Kxzl[m[K --- APP_AFTER_SWAP_FRAME (AFTER GLSurfaceView swap frame)
W/GLSurfaceView(  846): <99761.14>  --- [01;31m[Kxzl[m[K --- APP_BEFORE_DRAW_FRAME (BEFORE GLSurfaceView DrawFrame)
W/APP     (  846): [01;31m[Kxzl[m[K: ===> entering onDrawFrame: <99761> 
W/APP     (  846): [01;31m[Kxzl[m[K: ===> ev hits user code: <99761>  {99761} since event: 0 ms
D/InputDispatcher(  201): <99761.99> ########### [01;31m[Kxzl[m[K finishDispatchCycle: 0.98ms since event, 0.34ms since dispatch
W/APP     (  846): [01;31m[Kxzl[m[K: ===> done onDrawFrame: <99761> 
W/GLSurfaceView(  846): <99762.27>  --- [01;31m[Kxzl[m[K --- APP_AFTER_DRAW_FRAME (AFTER GLSurfaceView DrawFrame)
W/GLSurfaceView(  846): <99762.51>  --- [01;31m[Kxzl[m[K --- APP_BEFORE_SWAP_FRAME (BEFORE GLSurfaceView swap frame)
D/SurfaceTextureClient(  846): <99763.06> [01;31m[Kxzl[m[K SurfaceTextureClient::queueBuffer
D/SurfaceFlinger(  116): <99763.12>  --- [01;31m[Kxzl[m[K SF_QUEUE_FRAME (Layer::onFrameQueued)
W/APP     (  846): [01;31m[Kxzl[m[K: ===> ev hits user code: <99771>  {99770} since event: 1 ms
D/InputDispatcher(  201): <99771.67> ########### [01;31m[Kxzl[m[K finishDispatchCycle: 0.95ms since event, 0.34ms since dispatch
D/SurfaceFlinger(  116): <99773.50>  ----- [01;31m[Kxzl[m[K SF_AFTER_SWAP_FB (SurfaceFlinger::composeSurfaces() swap fb done)  ------
D/SurfaceFlinger(  116): <99773.66>  ----- [01;31m[Kxzl[m[K SF_BEFORE_SWAP_FB (SurfaceFlinger::composeSurfaces compose done, prepare to swap fb) ------
W/GLSurfaceView(  846): <99773.90>  --- [01;31m[Kxzl[m[K --- APP_AFTER_SWAP_FRAME (AFTER GLSurfaceView swap frame)
W/GLSurfaceView(  846): <99774.20>  --- [01;31m[Kxzl[m[K --- APP_BEFORE_DRAW_FRAME (BEFORE GLSurfaceView DrawFrame)
W/APP     (  846): [01;31m[Kxzl[m[K: ===> entering onDrawFrame: <99774> 
W/APP     (  846): [01;31m[Kxzl[m[K: ===> done onDrawFrame: <99774> 
W/GLSurfaceView(  846): <99774.66>  --- [01;31m[Kxzl[m[K --- APP_AFTER_DRAW_FRAME (AFTER GLSurfaceView DrawFrame)
W/GLSurfaceView(  846): <99774.84>  --- [01;31m[Kxzl[m[K --- APP_BEFORE_SWAP_FRAME (BEFORE GLSurfaceView swap frame)
D/SurfaceTextureClient(  846): <99775.14> [01;31m[Kxzl[m[K SurfaceTextureClient::queueBuffer
D/SurfaceFlinger(  116): <99775.23>  --- [01;31m[Kxzl[m[K SF_QUEUE_FRAME (Layer::onFrameQueued)
W/APP     (  846): [01;31m[Kxzl[m[K: ===> ev hits user code: <99781>  {99780} since event: 1 ms
D/InputDispatcher(  201): <99781.49> ########### [01;31m[Kxzl[m[K finishDispatchCycle: 1.01ms since event, 0.40ms since dispatch
D/SurfaceFlinger(  116): <99790.44>  ----- [01;31m[Kxzl[m[K SF_AFTER_SWAP_FB (SurfaceFlinger::composeSurfaces() swap fb done)  ------
D/SurfaceFlinger(  116): <99790.62>  ----- [01;31m[Kxzl[m[K SF_BEFORE_SWAP_FB (SurfaceFlinger::composeSurfaces compose done, prepare to swap fb) ------
W/GLSurfaceView(  846): <99790.83>  --- [01;31m[Kxzl[m[K --- APP_AFTER_SWAP_FRAME (AFTER GLSurfaceView swap frame)
W/APP     (  846): [01;31m[Kxzl[m[K: ===> ev hits user code: <99791>  {99790} since event: 1 ms
D/InputDispatcher(  201): <99791.88> ########### [01;31m[Kxzl[m[K finishDispatchCycle: 1.40ms since event, 0.55ms since dispatch
W/GLSurfaceView(  846): <99791.93>  --- [01;31m[Kxzl[m[K --- APP_BEFORE_DRAW_FRAME (BEFORE GLSurfaceView DrawFrame)
W/APP     (  846): [01;31m[Kxzl[m[K: ===> entering onDrawFrame: <99792> 
W/APP     (  846): [01;31m[Kxzl[m[K: ===> done onDrawFrame: <99792> 
W/GLSurfaceView(  846): <99792.51>  --- [01;31m[Kxzl[m[K --- APP_AFTER_DRAW_FRAME (AFTER GLSurfaceView DrawFrame)
W/GLSurfaceView(  846): <99792.69>  --- [01;31m[Kxzl[m[K --- APP_BEFORE_SWAP_FRAME (BEFORE GLSurfaceView swap frame)
D/SurfaceTextureClient(  846): <99793.36> [01;31m[Kxzl[m[K SurfaceTextureClient::queueBuffer
D/SurfaceFlinger(  116): <99793.45>  --- [01;31m[Kxzl[m[K SF_QUEUE_FRAME (Layer::onFrameQueued)
W/APP     (  846): [01;31m[Kxzl[m[K: ===> ev hits user code: <99801>  {99800} since event: 1 ms
D/InputDispatcher(  201): <99801.23> ########### [01;31m[Kxzl[m[K finishDispatchCycle: 1.19ms since event, 0.46ms since dispatch
D/SurfaceFlinger(  116): <99807.70>  ----- [01;31m[Kxzl[m[K SF_AFTER_SWAP_FB (SurfaceFlinger::composeSurfaces() swap fb done)  ------
D/SurfaceFlinger(  116): <99807.90>  ----- [01;31m[Kxzl[m[K SF_BEFORE_SWAP_FB (SurfaceFlinger::composeSurfaces compose done, prepare to swap fb) ------
W/APP     (  846): [01;31m[Kxzl[m[K: ===> ev hits user code: <99811>  {99809} since event: 2 ms
D/InputDispatcher(  201): <99811.52> ########### [01;31m[Kxzl[m[K finishDispatchCycle: 1.65ms since event, 0.49ms since dispatch
W/GLSurfaceView(  846): <99810.94>  --- [01;31m[Kxzl[m[K --- APP_AFTER_SWAP_FRAME (AFTER GLSurfaceView swap frame)
W/GLSurfaceView(  846): <99812.93>  --- [01;31m[Kxzl[m[K --- APP_BEFORE_DRAW_FRAME (BEFORE GLSurfaceView DrawFrame)
W/APP     (  846): [01;31m[Kxzl[m[K: ===> entering onDrawFrame: <99813> 
W/APP     (  846): [01;31m[Kxzl[m[K: ===> done onDrawFrame: <99813> 
W/GLSurfaceView(  846): <99813.96>  --- [01;31m[Kxzl[m[K --- APP_AFTER_DRAW_FRAME (AFTER GLSurfaceView DrawFrame)
W/GLSurfaceView(  846): <99814.42>  --- [01;31m[Kxzl[m[K --- APP_BEFORE_SWAP_FRAME (BEFORE GLSurfaceView swap frame)
D/SurfaceTextureClient(  846): <99818.91> [01;31m[Kxzl[m[K SurfaceTextureClient::queueBuffer
D/SurfaceFlinger(  116): <99819.19>  --- [01;31m[Kxzl[m[K SF_QUEUE_FRAME (Layer::onFrameQueued)
W/APP     (  846): [01;31m[Kxzl[m[K: ===> ev hits user code: <99819>  {99818} since event: 1 ms
D/InputDispatcher(  201): <99819.73> ########### [01;31m[Kxzl[m[K finishDispatchCycle: 1.16ms since event, 0.52ms since dispatch
D/SurfaceFlinger(  116): <99824.34>  ----- [01;31m[Kxzl[m[K SF_AFTER_SWAP_FB (SurfaceFlinger::composeSurfaces() swap fb done)  ------
D/SurfaceFlinger(  116): <99824.49>  ----- [01;31m[Kxzl[m[K SF_BEFORE_SWAP_FB (SurfaceFlinger::composeSurfaces compose done, prepare to swap fb) ------
W/GLSurfaceView(  846): <99824.58>  --- [01;31m[Kxzl[m[K --- APP_AFTER_SWAP_FRAME (AFTER GLSurfaceView swap frame)
D/SurfaceFlinger(  116): <99841.28>  ----- [01;31m[Kxzl[m[K SF_AFTER_SWAP_FB (SurfaceFlinger::composeSurfaces() swap fb done)  ------
I/SurfaceFlinger(  116): ------- [01;31m[Kxzl[m[K SurfaceFlinger::repaintEverything()
D/SurfaceFlinger(  116): <100076.84>  ----- [01;31m[Kxzl[m[K SF_BEFORE_SWAP_FB (SurfaceFlinger::composeSurfaces compose done, prepare to swap fb) ------
D/SurfaceFlinger(  116): <100084.69>  ----- [01;31m[Kxzl[m[K SF_AFTER_SWAP_FB (SurfaceFlinger::composeSurfaces() swap fb done)  ------
W/ViewRootImpl(  286): <100929.41>  [01;31m[Kxzl[m[K --------- begin performTraversals -------
D/SurfaceTextureClient(  286): <100932.83> [01;31m[Kxzl[m[K SurfaceTextureClient::queueBuffer
D/SurfaceFlinger(  116): <100932.92>  --- [01;31m[Kxzl[m[K SF_QUEUE_FRAME (Layer::onFrameQueued)
D/SurfaceFlinger(  116): <100933.32>  ----- [01;31m[Kxzl[m[K SF_BEFORE_SWAP_FB (SurfaceFlinger::composeSurfaces compose done, prepare to swap fb) ------
W/HardwareRenderer(  286): <100933.41>  --- [01;31m[Kxzl[m[K HardwareRender.java --- done eglSwapBuffers, exiting draw()
W/ViewRootImpl(  286): <100933.78>  ---- [01;31m[Kxzl[m[K ---- exiting performTraversals()
D/SurfaceFlinger(  116): <100940.91>  ----- [01;31m[Kxzl[m[K SF_AFTER_SWAP_FB (SurfaceFlinger::composeSurfaces() swap fb done)  ------
I/SurfaceFlinger(  116): ------- [01;31m[Kxzl[m[K SurfaceFlinger::repaintEverything()
D/SurfaceFlinger(  116): <101193.20>  ----- [01;31m[Kxzl[m[K SF_BEFORE_SWAP_FB (SurfaceFlinger::composeSurfaces compose done, prepare to swap fb) ------
D/SurfaceFlinger(  116): <101201.11>  ----- [01;31m[Kxzl[m[K SF_AFTER_SWAP_FB (SurfaceFlinger::composeSurfaces() swap fb done)  ------
W/ViewRootImpl(  286): <101932.53>  [01;31m[Kxzl[m[K --------- begin performTraversals -------
D/SurfaceTextureClient(  286): <101940.04> [01;31m[Kxzl[m[K SurfaceTextureClient::queueBuffer
D/SurfaceFlinger(  116): <101940.46>  --- [01;31m[Kxzl[m[K SF_QUEUE_FRAME (Layer::onFrameQueued)
D/SurfaceFlinger(  116): <101940.80>  ----- [01;31m[Kxzl[m[K SF_BEFORE_SWAP_FB (SurfaceFlinger::composeSurfaces compose done, prepare to swap fb) ------
W/HardwareRenderer(  286): <101941.74>  --- [01;31m[Kxzl[m[K HardwareRender.java --- done eglSwapBuffers, exiting draw()
W/ViewRootImpl(  286): <101943.70>  ---- [01;31m[Kxzl[m[K ---- exiting performTraversals()
D/SurfaceFlinger(  116): <101946.77>  ----- [01;31m[Kxzl[m[K SF_AFTER_SWAP_FB (SurfaceFlinger::composeSurfaces() swap fb done)  ------
I/SurfaceFlinger(  116): ------- [01;31m[Kxzl[m[K SurfaceFlinger::repaintEverything()
D/SurfaceFlinger(  116): <102198.98>  ----- [01;31m[Kxzl[m[K SF_BEFORE_SWAP_FB (SurfaceFlinger::composeSurfaces compose done, prepare to swap fb) ------
D/SurfaceFlinger(  116): <102206.81>  ----- [01;31m[Kxzl[m[K SF_AFTER_SWAP_FB (SurfaceFlinger::composeSurfaces() swap fb done)  ------
