D/InputDispatcher(  194): <85634.31> ########### [01;31m[Kxzl[m[K finishDispatchCycle: 1.31ms since event, 0.49ms since dispatch
D/SurfaceFlinger(  117): <85636.02>  ----- [01;31m[Kxzl[m[K SF_AFTER_SWAP_FB (SurfaceFlinger::composeSurfaces() swap fb done)  ------
D/SurfaceFlinger(  117): <85636.17>  ----- [01;31m[Kxzl[m[K SF_BEFORE_SWAP_FB (SurfaceFlinger::composeSurfaces compose done, prepare to swap fb) ------
W/GLSurfaceView(  786): <85636.26>  --- [01;31m[Kxzl[m[K --- APP_AFTER_SWAP_FRAME (AFTER GLSurfaceView swap frame)
W/GLSurfaceView(  786): <85636.51>  --- [01;31m[Kxzl[m[K --- APP_BEFORE_DRAW_FRAME (BEFORE GLSurfaceView DrawFrame)
W/APP     (  786): [01;31m[Kxzl[m[K: ===> entering onDrawFrame: <85636> 
W/APP     (  786): [01;31m[Kxzl[m[K: ===> done onDrawFrame: <85636> 
W/GLSurfaceView(  786): <85636.99>  --- [01;31m[Kxzl[m[K --- APP_AFTER_DRAW_FRAME (AFTER GLSurfaceView DrawFrame)
W/GLSurfaceView(  786): <85637.18>  --- [01;31m[Kxzl[m[K --- APP_BEFORE_SWAP_FRAME (BEFORE GLSurfaceView swap frame)
D/SurfaceTextureClient(  786): <85637.91> [01;31m[Kxzl[m[K SurfaceTextureClient::queueBuffer
D/SurfaceFlinger(  117): <85638.00>  --- [01;31m[Kxzl[m[K SF_QUEUE_FRAME (Layer::onFrameQueued)
W/INPUT   (  786): [01;31m[Kxzl[m[K: ====<85642> INPUT_GEN_EVENT: (faked - input hub generates the event)
W/APP     (  786): [01;31m[Kxzl[m[K: ===> APP_SEE_EVENT: ev hits user code: <85643>  {85642} since event: 1 ms
D/InputDispatcher(  194): <85643.83> ########### [01;31m[Kxzl[m[K finishDispatchCycle: 1.04ms since event, 0.43ms since dispatch
D/SurfaceFlinger(  117): <85652.95>  ----- [01;31m[Kxzl[m[K SF_AFTER_SWAP_FB (SurfaceFlinger::composeSurfaces() swap fb done)  ------
D/SurfaceFlinger(  117): <85653.11>  ----- [01;31m[Kxzl[m[K SF_BEFORE_SWAP_FB (SurfaceFlinger::composeSurfaces compose done, prepare to swap fb) ------
W/INPUT   (  786): [01;31m[Kxzl[m[K: ====<85652> INPUT_GEN_EVENT: (faked - input hub generates the event)
W/APP     (  786): [01;31m[Kxzl[m[K: ===> APP_SEE_EVENT: ev hits user code: <85653>  {85652} since event: 1 ms
W/GLSurfaceView(  786): <85653.41>  --- [01;31m[Kxzl[m[K --- APP_AFTER_SWAP_FRAME (AFTER GLSurfaceView swap frame)
W/GLSurfaceView(  786): <85653.72>  --- [01;31m[Kxzl[m[K --- APP_BEFORE_DRAW_FRAME (BEFORE GLSurfaceView DrawFrame)
W/APP     (  786): [01;31m[Kxzl[m[K: ===> entering onDrawFrame: <85653> 
W/APP     (  786): [01;31m[Kxzl[m[K: ===> done onDrawFrame: <85653> 
W/GLSurfaceView(  786): <85654.24>  --- [01;31m[Kxzl[m[K --- APP_AFTER_DRAW_FRAME (AFTER GLSurfaceView DrawFrame)
W/GLSurfaceView(  786): <85654.45>  --- [01;31m[Kxzl[m[K --- APP_BEFORE_SWAP_FRAME (BEFORE GLSurfaceView swap frame)
D/InputDispatcher(  194): <85655.70> ########### [01;31m[Kxzl[m[K finishDispatchCycle: 3.39ms since event, 2.81ms since dispatch
D/SurfaceTextureClient(  786): <85655.82> [01;31m[Kxzl[m[K SurfaceTextureClient::queueBuffer
D/SurfaceFlinger(  117): <85655.91>  --- [01;31m[Kxzl[m[K SF_QUEUE_FRAME (Layer::onFrameQueued)
W/INPUT   (  786): [01;31m[Kxzl[m[K: ====<85662> INPUT_GEN_EVENT: (faked - input hub generates the event)
W/APP     (  786): [01;31m[Kxzl[m[K: ===> APP_SEE_EVENT: ev hits user code: <85662>  {85662} since event: 0 ms
D/InputDispatcher(  194): <85663.18> ########### [01;31m[Kxzl[m[K finishDispatchCycle: 1.01ms since event, 0.46ms since dispatch
D/SurfaceFlinger(  117): <85670.14>  ----- [01;31m[Kxzl[m[K SF_AFTER_SWAP_FB (SurfaceFlinger::composeSurfaces() swap fb done)  ------
D/SurfaceFlinger(  117): <85670.50>  ----- [01;31m[Kxzl[m[K SF_BEFORE_SWAP_FB (SurfaceFlinger::composeSurfaces compose done, prepare to swap fb) ------
W/GLSurfaceView(  786): <85670.53>  --- [01;31m[Kxzl[m[K --- APP_AFTER_SWAP_FRAME (AFTER GLSurfaceView swap frame)
W/GLSurfaceView(  786): <85670.87>  --- [01;31m[Kxzl[m[K --- APP_BEFORE_DRAW_FRAME (BEFORE GLSurfaceView DrawFrame)
W/APP     (  786): [01;31m[Kxzl[m[K: ===> entering onDrawFrame: <85671> 
W/APP     (  786): [01;31m[Kxzl[m[K: ===> done onDrawFrame: <85671> 
W/GLSurfaceView(  786): <85671.26>  --- [01;31m[Kxzl[m[K --- APP_AFTER_DRAW_FRAME (AFTER GLSurfaceView DrawFrame)
W/GLSurfaceView(  786): <85671.39>  --- [01;31m[Kxzl[m[K --- APP_BEFORE_SWAP_FRAME (BEFORE GLSurfaceView swap frame)
D/SurfaceTextureClient(  786): <85672.58> [01;31m[Kxzl[m[K SurfaceTextureClient::queueBuffer
D/SurfaceFlinger(  117): <85672.70>  --- [01;31m[Kxzl[m[K SF_QUEUE_FRAME (Layer::onFrameQueued)
W/INPUT   (  786): [01;31m[Kxzl[m[K: ====<85672> INPUT_GEN_EVENT: (faked - input hub generates the event)
W/APP     (  786): [01;31m[Kxzl[m[K: ===> APP_SEE_EVENT: ev hits user code: <85673>  {85672} since event: 1 ms
D/InputDispatcher(  194): <85673.77> ########### [01;31m[Kxzl[m[K finishDispatchCycle: 1.50ms since event, 0.64ms since dispatch
W/INPUT   (  786): [01;31m[Kxzl[m[K: ====<85682> INPUT_GEN_EVENT: (faked - input hub generates the event)
W/APP     (  786): [01;31m[Kxzl[m[K: ===> APP_SEE_EVENT: ev hits user code: <85683>  {85682} since event: 1 ms
D/InputDispatcher(  194): <85683.34> ########### [01;31m[Kxzl[m[K finishDispatchCycle: 1.28ms since event, 0.61ms since dispatch
D/SurfaceFlinger(  117): <85686.92>  ----- [01;31m[Kxzl[m[K SF_AFTER_SWAP_FB (SurfaceFlinger::composeSurfaces() swap fb done)  ------
D/SurfaceFlinger(  117): <85687.10>  ----- [01;31m[Kxzl[m[K SF_BEFORE_SWAP_FB (SurfaceFlinger::composeSurfaces compose done, prepare to swap fb) ------
W/GLSurfaceView(  786): <85687.13>  --- [01;31m[Kxzl[m[K --- APP_AFTER_SWAP_FRAME (AFTER GLSurfaceView swap frame)
W/GLSurfaceView(  786): <85687.47>  --- [01;31m[Kxzl[m[K --- APP_BEFORE_DRAW_FRAME (BEFORE GLSurfaceView DrawFrame)
W/APP     (  786): [01;31m[Kxzl[m[K: ===> entering onDrawFrame: <85688> 
W/APP     (  786): [01;31m[Kxzl[m[K: ===> done onDrawFrame: <85688> 
W/GLSurfaceView(  786): <85688.57>  --- [01;31m[Kxzl[m[K --- APP_AFTER_DRAW_FRAME (AFTER GLSurfaceView DrawFrame)
W/GLSurfaceView(  786): <85688.72>  --- [01;31m[Kxzl[m[K --- APP_BEFORE_SWAP_FRAME (BEFORE GLSurfaceView swap frame)
D/SurfaceTextureClient(  786): <85689.05> [01;31m[Kxzl[m[K SurfaceTextureClient::queueBuffer
D/SurfaceFlinger(  117): <85689.15>  --- [01;31m[Kxzl[m[K SF_QUEUE_FRAME (Layer::onFrameQueued)
W/INPUT   (  786): [01;31m[Kxzl[m[K: ====<85691> INPUT_GEN_EVENT: (faked - input hub generates the event)
W/APP     (  786): [01;31m[Kxzl[m[K: ===> APP_SEE_EVENT: ev hits user code: <85692>  {85691} since event: 1 ms
D/InputDispatcher(  194): <85692.81> ########### [01;31m[Kxzl[m[K finishDispatchCycle: 1.16ms since event, 0.49ms since dispatch
W/INPUT   (  786): [01;31m[Kxzl[m[K: ====<85701> INPUT_GEN_EVENT: (faked - input hub generates the event)
W/APP     (  786): [01;31m[Kxzl[m[K: ===> APP_SEE_EVENT: ev hits user code: <85702>  {85701} since event: 1 ms
D/InputDispatcher(  194): <85702.48> ########### [01;31m[Kxzl[m[K finishDispatchCycle: 1.31ms since event, 0.67ms since dispatch
D/SurfaceFlinger(  117): <85703.86>  ----- [01;31m[Kxzl[m[K SF_AFTER_SWAP_FB (SurfaceFlinger::composeSurfaces() swap fb done)  ------
D/SurfaceFlinger(  117): <85704.04>  ----- [01;31m[Kxzl[m[K SF_BEFORE_SWAP_FB (SurfaceFlinger::composeSurfaces compose done, prepare to swap fb) ------
W/GLSurfaceView(  786): <85704.10>  --- [01;31m[Kxzl[m[K --- APP_AFTER_SWAP_FRAME (AFTER GLSurfaceView swap frame)
W/GLSurfaceView(  786): <85704.47>  --- [01;31m[Kxzl[m[K --- APP_BEFORE_DRAW_FRAME (BEFORE GLSurfaceView DrawFrame)
W/APP     (  786): [01;31m[Kxzl[m[K: ===> entering onDrawFrame: <85704> 
W/APP     (  786): [01;31m[Kxzl[m[K: ===> done onDrawFrame: <85704> 
W/GLSurfaceView(  786): <85704.93>  --- [01;31m[Kxzl[m[K --- APP_AFTER_DRAW_FRAME (AFTER GLSurfaceView DrawFrame)
W/GLSurfaceView(  786): <85705.17>  --- [01;31m[Kxzl[m[K --- APP_BEFORE_SWAP_FRAME (BEFORE GLSurfaceView swap frame)
D/SurfaceTextureClient(  786): <85705.72> [01;31m[Kxzl[m[K SurfaceTextureClient::queueBuffer
D/SurfaceFlinger(  117): <85705.78>  --- [01;31m[Kxzl[m[K SF_QUEUE_FRAME (Layer::onFrameQueued)
W/INPUT   (  786): [01;31m[Kxzl[m[K: ====<85710> INPUT_GEN_EVENT: (faked - input hub generates the event)
W/APP     (  786): [01;31m[Kxzl[m[K: ===> APP_SEE_EVENT: ev hits user code: <85711>  {85710} since event: 1 ms
D/InputDispatcher(  194): <85712.09> ########### [01;31m[Kxzl[m[K finishDispatchCycle: 1.16ms since event, 0.49ms since dispatch
D/SurfaceFlinger(  117): <85721.34>  ----- [01;31m[Kxzl[m[K SF_AFTER_SWAP_FB (SurfaceFlinger::composeSurfaces() swap fb done)  ------
D/SurfaceFlinger(  117): <85721.50>  ----- [01;31m[Kxzl[m[K SF_BEFORE_SWAP_FB (SurfaceFlinger::composeSurfaces compose done, prepare to swap fb) ------
W/GLSurfaceView(  786): <85721.53>  --- [01;31m[Kxzl[m[K --- APP_AFTER_SWAP_FRAME (AFTER GLSurfaceView swap frame)
W/GLSurfaceView(  786): <85721.80>  --- [01;31m[Kxzl[m[K --- APP_BEFORE_DRAW_FRAME (BEFORE GLSurfaceView DrawFrame)
W/APP     (  786): [01;31m[Kxzl[m[K: ===> entering onDrawFrame: <85721> 
W/INPUT   (  786): [01;31m[Kxzl[m[K: ====<85721> INPUT_GEN_EVENT: (faked - input hub generates the event)
W/APP     (  786): [01;31m[Kxzl[m[K: ===> APP_SEE_EVENT: ev hits user code: <85722>  {85721} since event: 1 ms
D/InputDispatcher(  194): <85722.69> ########### [01;31m[Kxzl[m[K finishDispatchCycle: 1.37ms since event, 0.58ms since dispatch
W/APP     (  786): [01;31m[Kxzl[m[K: ===> done onDrawFrame: <85721> 
W/GLSurfaceView(  786): <85722.96>  --- [01;31m[Kxzl[m[K --- APP_AFTER_DRAW_FRAME (AFTER GLSurfaceView DrawFrame)
W/GLSurfaceView(  786): <85723.11>  --- [01;31m[Kxzl[m[K --- APP_BEFORE_SWAP_FRAME (BEFORE GLSurfaceView swap frame)
D/SurfaceTextureClient(  786): <85723.39> [01;31m[Kxzl[m[K SurfaceTextureClient::queueBuffer
D/SurfaceFlinger(  117): <85723.45>  --- [01;31m[Kxzl[m[K SF_QUEUE_FRAME (Layer::onFrameQueued)
W/INPUT   (  786): [01;31m[Kxzl[m[K: ====<85730> INPUT_GEN_EVENT: (faked - input hub generates the event)
W/APP     (  786): [01;31m[Kxzl[m[K: ===> APP_SEE_EVENT: ev hits user code: <85731>  {85730} since event: 1 ms
D/InputDispatcher(  194): <85731.48> ########### [01;31m[Kxzl[m[K finishDispatchCycle: 1.04ms since event, 0.43ms since dispatch
D/SurfaceFlinger(  117): <85738.28>  ----- [01;31m[Kxzl[m[K SF_AFTER_SWAP_FB (SurfaceFlinger::composeSurfaces() swap fb done)  ------
D/SurfaceFlinger(  117): <85738.43>  ----- [01;31m[Kxzl[m[K SF_BEFORE_SWAP_FB (SurfaceFlinger::composeSurfaces compose done, prepare to swap fb) ------
W/GLSurfaceView(  786): <85738.46>  --- [01;31m[Kxzl[m[K --- APP_AFTER_SWAP_FRAME (AFTER GLSurfaceView swap frame)
W/GLSurfaceView(  786): <85738.71>  --- [01;31m[Kxzl[m[K --- APP_BEFORE_DRAW_FRAME (BEFORE GLSurfaceView DrawFrame)
W/APP     (  786): [01;31m[Kxzl[m[K: ===> entering onDrawFrame: <85738> 
W/APP     (  786): [01;31m[Kxzl[m[K: ===> done onDrawFrame: <85738> 
W/GLSurfaceView(  786): <85739.07>  --- [01;31m[Kxzl[m[K --- APP_AFTER_DRAW_FRAME (AFTER GLSurfaceView DrawFrame)
W/GLSurfaceView(  786): <85739.23>  --- [01;31m[Kxzl[m[K --- APP_BEFORE_SWAP_FRAME (BEFORE GLSurfaceView swap frame)
D/SurfaceTextureClient(  786): <85739.69> [01;31m[Kxzl[m[K SurfaceTextureClient::queueBuffer
D/SurfaceFlinger(  117): <85739.78>  --- [01;31m[Kxzl[m[K SF_QUEUE_FRAME (Layer::onFrameQueued)
W/INPUT   (  786): [01;31m[Kxzl[m[K: ====<85740> INPUT_GEN_EVENT: (faked - input hub generates the event)
W/APP     (  786): [01;31m[Kxzl[m[K: ===> APP_SEE_EVENT: ev hits user code: <85741>  {85740} since event: 1 ms
D/InputDispatcher(  194): <85741.33> ########### [01;31m[Kxzl[m[K finishDispatchCycle: 1.13ms since event, 0.49ms since dispatch
W/INPUT   (  786): [01;31m[Kxzl[m[K: ====<85749> INPUT_GEN_EVENT: (faked - input hub generates the event)
W/APP     (  786): [01;31m[Kxzl[m[K: ===> APP_SEE_EVENT: ev hits user code: <85750>  {85749} since event: 1 ms
D/InputDispatcher(  194): <85750.76> ########### [01;31m[Kxzl[m[K finishDispatchCycle: 1.07ms since event, 0.43ms since dispatch
D/SurfaceFlinger(  117): <85754.70>  ----- [01;31m[Kxzl[m[K SF_AFTER_SWAP_FB (SurfaceFlinger::composeSurfaces() swap fb done)  ------
D/SurfaceFlinger(  117): <85754.85>  ----- [01;31m[Kxzl[m[K SF_BEFORE_SWAP_FB (SurfaceFlinger::composeSurfaces compose done, prepare to swap fb) ------
W/GLSurfaceView(  786): <85754.94>  --- [01;31m[Kxzl[m[K --- APP_AFTER_SWAP_FRAME (AFTER GLSurfaceView swap frame)
W/GLSurfaceView(  786): <85755.22>  --- [01;31m[Kxzl[m[K --- APP_BEFORE_DRAW_FRAME (BEFORE GLSurfaceView DrawFrame)
W/APP     (  786): [01;31m[Kxzl[m[K: ===> entering onDrawFrame: <85755> 
W/APP     (  786): [01;31m[Kxzl[m[K: ===> done onDrawFrame: <85755> 
W/GLSurfaceView(  786): <85755.65>  --- [01;31m[Kxzl[m[K --- APP_AFTER_DRAW_FRAME (AFTER GLSurfaceView DrawFrame)
W/GLSurfaceView(  786): <85755.83>  --- [01;31m[Kxzl[m[K --- APP_BEFORE_SWAP_FRAME (BEFORE GLSurfaceView swap frame)
D/SurfaceTextureClient(  786): <85756.20> [01;31m[Kxzl[m[K SurfaceTextureClient::queueBuffer
D/SurfaceFlinger(  117): <85756.29>  --- [01;31m[Kxzl[m[K SF_QUEUE_FRAME (Layer::onFrameQueued)
W/INPUT   (  786): [01;31m[Kxzl[m[K: ====<85759> INPUT_GEN_EVENT: (faked - input hub generates the event)
W/APP     (  786): [01;31m[Kxzl[m[K: ===> APP_SEE_EVENT: ev hits user code: <85760>  {85759} since event: 1 ms
D/InputDispatcher(  194): <85760.77> ########### [01;31m[Kxzl[m[K finishDispatchCycle: 1.10ms since event, 0.46ms since dispatch
W/INPUT   (  786): [01;31m[Kxzl[m[K: ====<85769> INPUT_GEN_EVENT: (faked - input hub generates the event)
W/APP     (  786): [01;31m[Kxzl[m[K: ===> APP_SEE_EVENT: ev hits user code: <85770>  {85769} since event: 1 ms
D/InputDispatcher(  194): <85770.23> ########### [01;31m[Kxzl[m[K finishDispatchCycle: 1.01ms since event, 0.43ms since dispatch
D/SurfaceFlinger(  117): <85771.67>  ----- [01;31m[Kxzl[m[K SF_AFTER_SWAP_FB (SurfaceFlinger::composeSurfaces() swap fb done)  ------
D/SurfaceFlinger(  117): <85771.82>  ----- [01;31m[Kxzl[m[K SF_BEFORE_SWAP_FB (SurfaceFlinger::composeSurfaces compose done, prepare to swap fb) ------
W/GLSurfaceView(  786): <85771.88>  --- [01;31m[Kxzl[m[K --- APP_AFTER_SWAP_FRAME (AFTER GLSurfaceView swap frame)
W/GLSurfaceView(  786): <85772.13>  --- [01;31m[Kxzl[m[K --- APP_BEFORE_DRAW_FRAME (BEFORE GLSurfaceView DrawFrame)
W/APP     (  786): [01;31m[Kxzl[m[K: ===> entering onDrawFrame: <85772> 
W/APP     (  786): [01;31m[Kxzl[m[K: ===> done onDrawFrame: <85772> 
W/GLSurfaceView(  786): <85772.55>  --- [01;31m[Kxzl[m[K --- APP_AFTER_DRAW_FRAME (AFTER GLSurfaceView DrawFrame)
W/GLSurfaceView(  786): <85772.67>  --- [01;31m[Kxzl[m[K --- APP_BEFORE_SWAP_FRAME (BEFORE GLSurfaceView swap frame)
D/SurfaceTextureClient(  786): <85773.31> [01;31m[Kxzl[m[K SurfaceTextureClient::queueBuffer
D/SurfaceFlinger(  117): <85773.38>  --- [01;31m[Kxzl[m[K SF_QUEUE_FRAME (Layer::onFrameQueued)
W/INPUT   (  786): [01;31m[Kxzl[m[K: ====<85778> INPUT_GEN_EVENT: (faked - input hub generates the event)
W/APP     (  786): [01;31m[Kxzl[m[K: ===> APP_SEE_EVENT: ev hits user code: <85779>  {85778} since event: 1 ms
D/InputDispatcher(  194): <85780.06> ########### [01;31m[Kxzl[m[K finishDispatchCycle: 1.07ms since event, 0.43ms since dispatch
D/SurfaceFlinger(  117): <85788.88>  ----- [01;31m[Kxzl[m[K SF_AFTER_SWAP_FB (SurfaceFlinger::composeSurfaces() swap fb done)  ------
D/SurfaceFlinger(  117): <85789.00>  ----- [01;31m[Kxzl[m[K SF_BEFORE_SWAP_FB (SurfaceFlinger::composeSurfaces compose done, prepare to swap fb) ------
W/GLSurfaceView(  786): <85789.06>  --- [01;31m[Kxzl[m[K --- APP_AFTER_SWAP_FRAME (AFTER GLSurfaceView swap frame)
W/GLSurfaceView(  786): <85789.37>  --- [01;31m[Kxzl[m[K --- APP_BEFORE_DRAW_FRAME (BEFORE GLSurfaceView DrawFrame)
W/APP     (  786): [01;31m[Kxzl[m[K: ===> entering onDrawFrame: <85789> 
W/APP     (  786): [01;31m[Kxzl[m[K: ===> done onDrawFrame: <85789> 
W/GLSurfaceView(  786): <85789.86>  --- [01;31m[Kxzl[m[K --- APP_AFTER_DRAW_FRAME (AFTER GLSurfaceView DrawFrame)
W/GLSurfaceView(  786): <85790.04>  --- [01;31m[Kxzl[m[K --- APP_BEFORE_SWAP_FRAME (BEFORE GLSurfaceView swap frame)
D/SurfaceTextureClient(  786): <85790.62> [01;31m[Kxzl[m[K SurfaceTextureClient::queueBuffer
D/SurfaceFlinger(  117): <85790.71>  --- [01;31m[Kxzl[m[K SF_QUEUE_FRAME (Layer::onFrameQueued)
W/INPUT   (  786): [01;31m[Kxzl[m[K: ====<85788> INPUT_GEN_EVENT: (faked - input hub generates the event)
W/APP     (  786): [01;31m[Kxzl[m[K: ===> APP_SEE_EVENT: ev hits user code: <85791>  {85788} since event: 3 ms
D/InputDispatcher(  194): <85791.56> ########### [01;31m[Kxzl[m[K finishDispatchCycle: 2.72ms since event, 0.49ms since dispatch
W/INPUT   (  786): [01;31m[Kxzl[m[K: ====<85798> INPUT_GEN_EVENT: (faked - input hub generates the event)
W/APP     (  786): [01;31m[Kxzl[m[K: ===> APP_SEE_EVENT: ev hits user code: <85799>  {85798} since event: 1 ms
D/InputDispatcher(  194): <85799.80> ########### [01;31m[Kxzl[m[K finishDispatchCycle: 1.25ms since event, 0.64ms since dispatch
D/SurfaceFlinger(  117): <85806.43>  ----- [01;31m[Kxzl[m[K SF_AFTER_SWAP_FB (SurfaceFlinger::composeSurfaces() swap fb done)  ------
D/SurfaceFlinger(  117): <85806.82>  ----- [01;31m[Kxzl[m[K SF_BEFORE_SWAP_FB (SurfaceFlinger::composeSurfaces compose done, prepare to swap fb) ------
W/GLSurfaceView(  786): <85806.88>  --- [01;31m[Kxzl[m[K --- APP_AFTER_SWAP_FRAME (AFTER GLSurfaceView swap frame)
W/GLSurfaceView(  786): <85807.13>  --- [01;31m[Kxzl[m[K --- APP_BEFORE_DRAW_FRAME (BEFORE GLSurfaceView DrawFrame)
W/APP     (  786): [01;31m[Kxzl[m[K: ===> entering onDrawFrame: <85807> 
W/APP     (  786): [01;31m[Kxzl[m[K: ===> done onDrawFrame: <85807> 
W/GLSurfaceView(  786): <85807.59>  --- [01;31m[Kxzl[m[K --- APP_AFTER_DRAW_FRAME (AFTER GLSurfaceView DrawFrame)
W/GLSurfaceView(  786): <85807.77>  --- [01;31m[Kxzl[m[K --- APP_BEFORE_SWAP_FRAME (BEFORE GLSurfaceView swap frame)
D/SurfaceTextureClient(  786): <85808.77> [01;31m[Kxzl[m[K SurfaceTextureClient::queueBuffer
D/SurfaceFlinger(  117): <85808.84>  --- [01;31m[Kxzl[m[K SF_QUEUE_FRAME (Layer::onFrameQueued)
W/INPUT   (  786): [01;31m[Kxzl[m[K: ====<85808> INPUT_GEN_EVENT: (faked - input hub generates the event)
W/APP     (  786): [01;31m[Kxzl[m[K: ===> APP_SEE_EVENT: ev hits user code: <85809>  {85808} since event: 1 ms
D/InputDispatcher(  194): <85809.63> ########### [01;31m[Kxzl[m[K finishDispatchCycle: 1.25ms since event, 0.58ms since dispatch
W/INPUT   (  786): [01;31m[Kxzl[m[K: ====<85818> INPUT_GEN_EVENT: (faked - input hub generates the event)
W/APP     (  786): [01;31m[Kxzl[m[K: ===> APP_SEE_EVENT: ev hits user code: <85818>  {85818} since event: 0 ms
D/InputDispatcher(  194): <85819.12> ########### [01;31m[Kxzl[m[K finishDispatchCycle: 1.10ms since event, 0.49ms since dispatch
D/SurfaceFlinger(  117): <85822.51>  ----- [01;31m[Kxzl[m[K SF_AFTER_SWAP_FB (SurfaceFlinger::composeSurfaces() swap fb done)  ------
D/SurfaceFlinger(  117): <85822.66>  ----- [01;31m[Kxzl[m[K SF_BEFORE_SWAP_FB (SurfaceFlinger::composeSurfaces compose done, prepare to swap fb) ------
W/GLSurfaceView(  786): <85822.69>  --- [01;31m[Kxzl[m[K --- APP_AFTER_SWAP_FRAME (AFTER GLSurfaceView swap frame)
W/GLSurfaceView(  786): <85823.18>  --- [01;31m[Kxzl[m[K --- APP_BEFORE_DRAW_FRAME (BEFORE GLSurfaceView DrawFrame)
W/APP     (  786): [01;31m[Kxzl[m[K: ===> entering onDrawFrame: <85823> 
W/APP     (  786): [01;31m[Kxzl[m[K: ===> done onDrawFrame: <85823> 
W/GLSurfaceView(  786): <85823.91>  --- [01;31m[Kxzl[m[K --- APP_AFTER_DRAW_FRAME (AFTER GLSurfaceView DrawFrame)
W/GLSurfaceView(  786): <85824.13>  --- [01;31m[Kxzl[m[K --- APP_BEFORE_SWAP_FRAME (BEFORE GLSurfaceView swap frame)
D/SurfaceTextureClient(  786): <85825.13> [01;31m[Kxzl[m[K SurfaceTextureClient::queueBuffer
D/SurfaceFlinger(  117): <85825.20>  --- [01;31m[Kxzl[m[K SF_QUEUE_FRAME (Layer::onFrameQueued)
W/INPUT   (  786): [01;31m[Kxzl[m[K: ====<85827> INPUT_GEN_EVENT: (faked - input hub generates the event)
W/APP     (  786): [01;31m[Kxzl[m[K: ===> APP_SEE_EVENT: ev hits user code: <85828>  {85827} since event: 1 ms
D/InputDispatcher(  194): <85829.13> ########### [01;31m[Kxzl[m[K finishDispatchCycle: 1.25ms since event, 0.52ms since dispatch
W/INPUT   (  786): [01;31m[Kxzl[m[K: ====<85837> INPUT_GEN_EVENT: (faked - input hub generates the event)
W/APP     (  786): [01;31m[Kxzl[m[K: ===> APP_SEE_EVENT: ev hits user code: <85838>  {85837} since event: 1 ms
D/InputDispatcher(  194): <85838.69> ########### [01;31m[Kxzl[m[K finishDispatchCycle: 1.13ms since event, 0.49ms since dispatch
D/SurfaceFlinger(  117): <85839.51>  ----- [01;31m[Kxzl[m[K SF_AFTER_SWAP_FB (SurfaceFlinger::composeSurfaces() swap fb done)  ------
D/SurfaceFlinger(  117): <85839.66>  ----- [01;31m[Kxzl[m[K SF_BEFORE_SWAP_FB (SurfaceFlinger::composeSurfaces compose done, prepare to swap fb) ------
W/GLSurfaceView(  786): <85839.72>  --- [01;31m[Kxzl[m[K --- APP_AFTER_SWAP_FRAME (AFTER GLSurfaceView swap frame)
W/GLSurfaceView(  786): <85840.09>  --- [01;31m[Kxzl[m[K --- APP_BEFORE_DRAW_FRAME (BEFORE GLSurfaceView DrawFrame)
W/APP     (  786): [01;31m[Kxzl[m[K: ===> entering onDrawFrame: <85840> 
W/APP     (  786): [01;31m[Kxzl[m[K: ===> done onDrawFrame: <85840> 
W/GLSurfaceView(  786): <85840.73>  --- [01;31m[Kxzl[m[K --- APP_AFTER_DRAW_FRAME (AFTER GLSurfaceView DrawFrame)
W/GLSurfaceView(  786): <85840.91>  --- [01;31m[Kxzl[m[K --- APP_BEFORE_SWAP_FRAME (BEFORE GLSurfaceView swap frame)
D/SurfaceTextureClient(  786): <85841.52> [01;31m[Kxzl[m[K SurfaceTextureClient::queueBuffer
D/SurfaceFlinger(  117): <85841.61>  --- [01;31m[Kxzl[m[K SF_QUEUE_FRAME (Layer::onFrameQueued)
W/INPUT   (  786): [01;31m[Kxzl[m[K: ====<85847> INPUT_GEN_EVENT: (faked - input hub generates the event)
W/APP     (  786): [01;31m[Kxzl[m[K: ===> APP_SEE_EVENT: ev hits user code: <85848>  {85847} since event: 1 ms
D/InputDispatcher(  194): <85848.54> ########### [01;31m[Kxzl[m[K finishDispatchCycle: 1.22ms since event, 0.58ms since dispatch
D/SurfaceFlinger(  117): <85857.15>  ----- [01;31m[Kxzl[m[K SF_AFTER_SWAP_FB (SurfaceFlinger::composeSurfaces() swap fb done)  ------
D/SurfaceFlinger(  117): <85857.30>  ----- [01;31m[Kxzl[m[K SF_BEFORE_SWAP_FB (SurfaceFlinger::composeSurfaces compose done, prepare to swap fb) ------
W/GLSurfaceView(  786): <85857.33>  --- [01;31m[Kxzl[m[K --- APP_AFTER_SWAP_FRAME (AFTER GLSurfaceView swap frame)
W/GLSurfaceView(  786): <85857.67>  --- [01;31m[Kxzl[m[K --- APP_BEFORE_DRAW_FRAME (BEFORE GLSurfaceView DrawFrame)
W/APP     (  786): [01;31m[Kxzl[m[K: ===> entering onDrawFrame: <85857> 
W/INPUT   (  786): [01;31m[Kxzl[m[K: ====<85857> INPUT_GEN_EVENT: (faked - input hub generates the event)
W/APP     (  786): [01;31m[Kxzl[m[K: ===> APP_SEE_EVENT: ev hits user code: <85858>  {85857} since event: 1 ms
D/InputDispatcher(  194): <85858.59> ########### [01;31m[Kxzl[m[K finishDispatchCycle: 1.50ms since event, 0.52ms since dispatch
W/APP     (  786): [01;31m[Kxzl[m[K: ===> done onDrawFrame: <85857> 
W/GLSurfaceView(  786): <85859.01>  --- [01;31m[Kxzl[m[K --- APP_AFTER_DRAW_FRAME (AFTER GLSurfaceView DrawFrame)
W/GLSurfaceView(  786): <85859.19>  --- [01;31m[Kxzl[m[K --- APP_BEFORE_SWAP_FRAME (BEFORE GLSurfaceView swap frame)
D/SurfaceTextureClient(  786): <85859.93> [01;31m[Kxzl[m[K SurfaceTextureClient::queueBuffer
D/SurfaceFlinger(  117): <85859.99>  --- [01;31m[Kxzl[m[K SF_QUEUE_FRAME (Layer::onFrameQueued)
W/INPUT   (  786): [01;31m[Kxzl[m[K: ====<85866> INPUT_GEN_EVENT: (faked - input hub generates the event)
W/APP     (  786): [01;31m[Kxzl[m[K: ===> APP_SEE_EVENT: ev hits user code: <85867>  {85866} since event: 1 ms
D/InputDispatcher(  194): <85867.98> ########### [01;31m[Kxzl[m[K finishDispatchCycle: 1.01ms since event, 0.37ms since dispatch
D/SurfaceFlinger(  117): <85874.69>  ----- [01;31m[Kxzl[m[K SF_AFTER_SWAP_FB (SurfaceFlinger::composeSurfaces() swap fb done)  ------
D/SurfaceFlinger(  117): <85875.09>  ----- [01;31m[Kxzl[m[K SF_BEFORE_SWAP_FB (SurfaceFlinger::composeSurfaces compose done, prepare to swap fb) ------
W/GLSurfaceView(  786): <85875.09>  --- [01;31m[Kxzl[m[K --- APP_AFTER_SWAP_FRAME (AFTER GLSurfaceView swap frame)
W/GLSurfaceView(  786): <85875.34>  --- [01;31m[Kxzl[m[K --- APP_BEFORE_DRAW_FRAME (BEFORE GLSurfaceView DrawFrame)
W/APP     (  786): [01;31m[Kxzl[m[K: ===> entering onDrawFrame: <85875> 
W/APP     (  786): [01;31m[Kxzl[m[K: ===> done onDrawFrame: <85875> 
W/GLSurfaceView(  786): <85876.80>  --- [01;31m[Kxzl[m[K --- APP_AFTER_DRAW_FRAME (AFTER GLSurfaceView DrawFrame)
W/GLSurfaceView(  786): <85876.95>  --- [01;31m[Kxzl[m[K --- APP_BEFORE_SWAP_FRAME (BEFORE GLSurfaceView swap frame)
D/SurfaceTextureClient(  786): <85877.41> [01;31m[Kxzl[m[K SurfaceTextureClient::queueBuffer
D/SurfaceFlinger(  117): <85877.50>  --- [01;31m[Kxzl[m[K SF_QUEUE_FRAME (Layer::onFrameQueued)
W/INPUT   (  786): [01;31m[Kxzl[m[K: ====<85876> INPUT_GEN_EVENT: (faked - input hub generates the event)
W/APP     (  786): [01;31m[Kxzl[m[K: ===> APP_SEE_EVENT: ev hits user code: <85877>  {85876} since event: 1 ms
D/InputDispatcher(  194): <85877.77> ########### [01;31m[Kxzl[m[K finishDispatchCycle: 1.19ms since event, 0.58ms since dispatch
W/INPUT   (  786): [01;31m[Kxzl[m[K: ====<85886> INPUT_GEN_EVENT: (faked - input hub generates the event)
W/APP     (  786): [01;31m[Kxzl[m[K: ===> APP_SEE_EVENT: ev hits user code: <85887>  {85886} since event: 1 ms
D/InputDispatcher(  194): <85887.27> ########### [01;31m[Kxzl[m[K finishDispatchCycle: 0.95ms since event, 0.40ms since dispatch
D/SurfaceFlinger(  117): <85890.35>  ----- [01;31m[Kxzl[m[K SF_AFTER_SWAP_FB (SurfaceFlinger::composeSurfaces() swap fb done)  ------
D/SurfaceFlinger(  117): <85890.47>  ----- [01;31m[Kxzl[m[K SF_BEFORE_SWAP_FB (SurfaceFlinger::composeSurfaces compose done, prepare to swap fb) ------
W/GLSurfaceView(  786): <85890.50>  --- [01;31m[Kxzl[m[K --- APP_AFTER_SWAP_FRAME (AFTER GLSurfaceView swap frame)
W/GLSurfaceView(  786): <85890.78>  --- [01;31m[Kxzl[m[K --- APP_BEFORE_DRAW_FRAME (BEFORE GLSurfaceView DrawFrame)
W/APP     (  786): [01;31m[Kxzl[m[K: ===> entering onDrawFrame: <85890> 
W/APP     (  786): [01;31m[Kxzl[m[K: ===> done onDrawFrame: <85890> 
W/GLSurfaceView(  786): <85891.30>  --- [01;31m[Kxzl[m[K --- APP_AFTER_DRAW_FRAME (AFTER GLSurfaceView DrawFrame)
W/GLSurfaceView(  786): <85891.45>  --- [01;31m[Kxzl[m[K --- APP_BEFORE_SWAP_FRAME (BEFORE GLSurfaceView swap frame)
D/SurfaceTextureClient(  786): <85892.00> [01;31m[Kxzl[m[K SurfaceTextureClient::queueBuffer
D/SurfaceFlinger(  117): <85892.06>  --- [01;31m[Kxzl[m[K SF_QUEUE_FRAME (Layer::onFrameQueued)
W/INPUT   (  786): [01;31m[Kxzl[m[K: ====<85895> INPUT_GEN_EVENT: (faked - input hub generates the event)
W/APP     (  786): [01;31m[Kxzl[m[K: ===> APP_SEE_EVENT: ev hits user code: <85896>  {85895} since event: 1 ms
D/InputDispatcher(  194): <85896.97> ########### [01;31m[Kxzl[m[K finishDispatchCycle: 1.01ms since event, 0.43ms since dispatch
W/INPUT   (  786): [01;31m[Kxzl[m[K: ====<85905> INPUT_GEN_EVENT: (faked - input hub generates the event)
W/APP     (  786): [01;31m[Kxzl[m[K: ===> APP_SEE_EVENT: ev hits user code: <85906>  {85905} since event: 1 ms
D/InputDispatcher(  194): <85906.73> ########### [01;31m[Kxzl[m[K finishDispatchCycle: 0.92ms since event, 0.34ms since dispatch
D/SurfaceFlinger(  117): <85907.29>  ----- [01;31m[Kxzl[m[K SF_AFTER_SWAP_FB (SurfaceFlinger::composeSurfaces() swap fb done)  ------
D/SurfaceFlinger(  117): <85907.47>  ----- [01;31m[Kxzl[m[K SF_BEFORE_SWAP_FB (SurfaceFlinger::composeSurfaces compose done, prepare to swap fb) ------
W/GLSurfaceView(  786): <85907.50>  --- [01;31m[Kxzl[m[K --- APP_AFTER_SWAP_FRAME (AFTER GLSurfaceView swap frame)
W/GLSurfaceView(  786): <85907.75>  --- [01;31m[Kxzl[m[K --- APP_BEFORE_DRAW_FRAME (BEFORE GLSurfaceView DrawFrame)
W/APP     (  786): [01;31m[Kxzl[m[K: ===> entering onDrawFrame: <85907> 
W/APP     (  786): [01;31m[Kxzl[m[K: ===> done onDrawFrame: <85907> 
W/GLSurfaceView(  786): <85908.14>  --- [01;31m[Kxzl[m[K --- APP_AFTER_DRAW_FRAME (AFTER GLSurfaceView DrawFrame)
W/GLSurfaceView(  786): <85908.29>  --- [01;31m[Kxzl[m[K --- APP_BEFORE_SWAP_FRAME (BEFORE GLSurfaceView swap frame)
D/SurfaceTextureClient(  786): <85908.91> [01;31m[Kxzl[m[K SurfaceTextureClient::queueBuffer
D/SurfaceFlinger(  117): <85909.00>  --- [01;31m[Kxzl[m[K SF_QUEUE_FRAME (Layer::onFrameQueued)
W/INPUT   (  786): [01;31m[Kxzl[m[K: ====<85915> INPUT_GEN_EVENT: (faked - input hub generates the event)
W/APP     (  786): [01;31m[Kxzl[m[K: ===> APP_SEE_EVENT: ev hits user code: <85916>  {85915} since event: 1 ms
D/InputDispatcher(  194): <85916.62> ########### [01;31m[Kxzl[m[K finishDispatchCycle: 0.98ms since event, 0.40ms since dispatch
D/SurfaceFlinger(  117): <85925.38>  ----- [01;31m[Kxzl[m[K SF_AFTER_SWAP_FB (SurfaceFlinger::composeSurfaces() swap fb done)  ------
D/SurfaceFlinger(  117): <85925.54>  ----- [01;31m[Kxzl[m[K SF_BEFORE_SWAP_FB (SurfaceFlinger::composeSurfaces compose done, prepare to swap fb) ------
W/GLSurfaceView(  786): <85925.63>  --- [01;31m[Kxzl[m[K --- APP_AFTER_SWAP_FRAME (AFTER GLSurfaceView swap frame)
W/GLSurfaceView(  786): <85925.84>  --- [01;31m[Kxzl[m[K --- APP_BEFORE_DRAW_FRAME (BEFORE GLSurfaceView DrawFrame)
W/APP     (  786): [01;31m[Kxzl[m[K: ===> entering onDrawFrame: <85925> 
W/APP     (  786): [01;31m[Kxzl[m[K: ===> done onDrawFrame: <85925> 
W/GLSurfaceView(  786): <85926.24>  --- [01;31m[Kxzl[m[K --- APP_AFTER_DRAW_FRAME (AFTER GLSurfaceView DrawFrame)
W/GLSurfaceView(  786): <85926.36>  --- [01;31m[Kxzl[m[K --- APP_BEFORE_SWAP_FRAME (BEFORE GLSurfaceView swap frame)
D/SurfaceTextureClient(  786): <85927.40> [01;31m[Kxzl[m[K SurfaceTextureClient::queueBuffer
D/SurfaceFlinger(  117): <85927.46>  --- [01;31m[Kxzl[m[K SF_QUEUE_FRAME (Layer::onFrameQueued)
W/INPUT   (  786): [01;31m[Kxzl[m[K: ====<85925> INPUT_GEN_EVENT: (faked - input hub generates the event)
W/APP     (  786): [01;31m[Kxzl[m[K: ===> APP_SEE_EVENT: ev hits user code: <85927>  {85925} since event: 2 ms
D/InputDispatcher(  194): <85927.70> ########### [01;31m[Kxzl[m[K finishDispatchCycle: 2.35ms since event, 0.40ms since dispatch
W/INPUT   (  786): [01;31m[Kxzl[m[K: ====<85935> INPUT_GEN_EVENT: (faked - input hub generates the event)
W/APP     (  786): [01;31m[Kxzl[m[K: ===> APP_SEE_EVENT: ev hits user code: <85935>  {85935} since event: 0 ms
D/InputDispatcher(  194): <85936.04> ########### [01;31m[Kxzl[m[K finishDispatchCycle: 0.95ms since event, 0.37ms since dispatch
D/SurfaceFlinger(  117): <85941.19>  ----- [01;31m[Kxzl[m[K SF_AFTER_SWAP_FB (SurfaceFlinger::composeSurfaces() swap fb done)  ------
D/SurfaceFlinger(  117): <85942.84>  ----- [01;31m[Kxzl[m[K SF_BEFORE_SWAP_FB (SurfaceFlinger::composeSurfaces compose done, prepare to swap fb) ------
W/GLSurfaceView(  786): <85942.87>  --- [01;31m[Kxzl[m[K --- APP_AFTER_SWAP_FRAME (AFTER GLSurfaceView swap frame)
W/GLSurfaceView(  786): <85943.12>  --- [01;31m[Kxzl[m[K --- APP_BEFORE_DRAW_FRAME (BEFORE GLSurfaceView DrawFrame)
W/APP     (  786): [01;31m[Kxzl[m[K: ===> entering onDrawFrame: <85943> 
W/APP     (  786): [01;31m[Kxzl[m[K: ===> done onDrawFrame: <85943> 
W/GLSurfaceView(  786): <85943.73>  --- [01;31m[Kxzl[m[K --- APP_AFTER_DRAW_FRAME (AFTER GLSurfaceView DrawFrame)
W/GLSurfaceView(  786): <85943.85>  --- [01;31m[Kxzl[m[K --- APP_BEFORE_SWAP_FRAME (BEFORE GLSurfaceView swap frame)
D/SurfaceTextureClient(  786): <85944.52> [01;31m[Kxzl[m[K SurfaceTextureClient::queueBuffer
D/SurfaceFlinger(  117): <85944.58>  --- [01;31m[Kxzl[m[K SF_QUEUE_FRAME (Layer::onFrameQueued)
W/INPUT   (  786): [01;31m[Kxzl[m[K: ====<85944> INPUT_GEN_EVENT: (faked - input hub generates the event)
W/APP     (  786): [01;31m[Kxzl[m[K: ===> APP_SEE_EVENT: ev hits user code: <85945>  {85944} since event: 1 ms
D/InputDispatcher(  194): <85945.73> ########### [01;31m[Kxzl[m[K finishDispatchCycle: 1.07ms since event, 0.46ms since dispatch
W/INPUT   (  786): [01;31m[Kxzl[m[K: ====<85954> INPUT_GEN_EVENT: (faked - input hub generates the event)
W/APP     (  786): [01;31m[Kxzl[m[K: ===> APP_SEE_EVENT: ev hits user code: <85955>  {85954} since event: 1 ms
D/InputDispatcher(  194): <85955.29> ########### [01;31m[Kxzl[m[K finishDispatchCycle: 0.92ms since event, 0.37ms since dispatch
D/SurfaceFlinger(  117): <85958.16>  ----- [01;31m[Kxzl[m[K SF_AFTER_SWAP_FB (SurfaceFlinger::composeSurfaces() swap fb done)  ------
D/SurfaceFlinger(  117): <85958.34>  ----- [01;31m[Kxzl[m[K SF_BEFORE_SWAP_FB (SurfaceFlinger::composeSurfaces compose done, prepare to swap fb) ------
W/GLSurfaceView(  786): <85958.37>  --- [01;31m[Kxzl[m[K --- APP_AFTER_SWAP_FRAME (AFTER GLSurfaceView swap frame)
W/GLSurfaceView(  786): <85958.62>  --- [01;31m[Kxzl[m[K --- APP_BEFORE_DRAW_FRAME (BEFORE GLSurfaceView DrawFrame)
W/APP     (  786): [01;31m[Kxzl[m[K: ===> entering onDrawFrame: <85958> 
W/APP     (  786): [01;31m[Kxzl[m[K: ===> done onDrawFrame: <85958> 
W/GLSurfaceView(  786): <85958.98>  --- [01;31m[Kxzl[m[K --- APP_AFTER_DRAW_FRAME (AFTER GLSurfaceView DrawFrame)
W/GLSurfaceView(  786): <85959.32>  --- [01;31m[Kxzl[m[K --- APP_BEFORE_SWAP_FRAME (BEFORE GLSurfaceView swap frame)
D/SurfaceTextureClient(  786): <85959.87> [01;31m[Kxzl[m[K SurfaceTextureClient::queueBuffer
D/SurfaceFlinger(  117): <85959.93>  --- [01;31m[Kxzl[m[K SF_QUEUE_FRAME (Layer::onFrameQueued)
W/INPUT   (  786): [01;31m[Kxzl[m[K: ====<85964> INPUT_GEN_EVENT: (faked - input hub generates the event)
W/APP     (  786): [01;31m[Kxzl[m[K: ===> APP_SEE_EVENT: ev hits user code: <85964>  {85964} since event: 0 ms
D/InputDispatcher(  194): <85965.12> ########### [01;31m[Kxzl[m[K finishDispatchCycle: 0.98ms since event, 0.40ms since dispatch
W/INPUT   (  786): [01;31m[Kxzl[m[K: ====<85973> INPUT_GEN_EVENT: (faked - input hub generates the event)
W/APP     (  786): [01;31m[Kxzl[m[K: ===> APP_SEE_EVENT: ev hits user code: <85974>  {85973} since event: 1 ms
D/InputDispatcher(  194): <85974.83> ########### [01;31m[Kxzl[m[K finishDispatchCycle: 0.92ms since event, 0.37ms since dispatch
D/SurfaceFlinger(  117): <85975.13>  ----- [01;31m[Kxzl[m[K SF_AFTER_SWAP_FB (SurfaceFlinger::composeSurfaces() swap fb done)  ------
D/SurfaceFlinger(  117): <85975.25>  ----- [01;31m[Kxzl[m[K SF_BEFORE_SWAP_FB (SurfaceFlinger::composeSurfaces compose done, prepare to swap fb) ------
W/GLSurfaceView(  786): <85975.31>  --- [01;31m[Kxzl[m[K --- APP_AFTER_SWAP_FRAME (AFTER GLSurfaceView swap frame)
W/GLSurfaceView(  786): <85975.52>  --- [01;31m[Kxzl[m[K --- APP_BEFORE_DRAW_FRAME (BEFORE GLSurfaceView DrawFrame)
W/APP     (  786): [01;31m[Kxzl[m[K: ===> entering onDrawFrame: <85975> 
W/APP     (  786): [01;31m[Kxzl[m[K: ===> done onDrawFrame: <85975> 
W/GLSurfaceView(  786): <85976.07>  --- [01;31m[Kxzl[m[K --- APP_AFTER_DRAW_FRAME (AFTER GLSurfaceView DrawFrame)
W/GLSurfaceView(  786): <85976.20>  --- [01;31m[Kxzl[m[K --- APP_BEFORE_SWAP_FRAME (BEFORE GLSurfaceView swap frame)
D/SurfaceTextureClient(  786): <85976.90> [01;31m[Kxzl[m[K SurfaceTextureClient::queueBuffer
D/SurfaceFlinger(  117): <85976.96>  --- [01;31m[Kxzl[m[K SF_QUEUE_FRAME (Layer::onFrameQueued)
W/INPUT   (  786): [01;31m[Kxzl[m[K: ====<85983> INPUT_GEN_EVENT: (faked - input hub generates the event)
W/APP     (  786): [01;31m[Kxzl[m[K: ===> APP_SEE_EVENT: ev hits user code: <85984>  {85983} since event: 1 ms
D/InputDispatcher(  194): <85984.65> ########### [01;31m[Kxzl[m[K finishDispatchCycle: 1.04ms since event, 0.43ms since dispatch
D/SurfaceFlinger(  117): <85992.10>  ----- [01;31m[Kxzl[m[K SF_AFTER_SWAP_FB (SurfaceFlinger::composeSurfaces() swap fb done)  ------
D/SurfaceFlinger(  117): <85992.37>  ----- [01;31m[Kxzl[m[K SF_BEFORE_SWAP_FB (SurfaceFlinger::composeSurfaces compose done, prepare to swap fb) ------
W/GLSurfaceView(  786): <85992.40>  --- [01;31m[Kxzl[m[K --- APP_AFTER_SWAP_FRAME (AFTER GLSurfaceView swap frame)
W/GLSurfaceView(  786): <85992.71>  --- [01;31m[Kxzl[m[K --- APP_BEFORE_DRAW_FRAME (BEFORE GLSurfaceView DrawFrame)
W/APP     (  786): [01;31m[Kxzl[m[K: ===> entering onDrawFrame: <85992> 
W/APP     (  786): [01;31m[Kxzl[m[K: ===> done onDrawFrame: <85992> 
W/GLSurfaceView(  786): <85993.19>  --- [01;31m[Kxzl[m[K --- APP_AFTER_DRAW_FRAME (AFTER GLSurfaceView DrawFrame)
W/GLSurfaceView(  786): <85993.32>  --- [01;31m[Kxzl[m[K --- APP_BEFORE_SWAP_FRAME (BEFORE GLSurfaceView swap frame)
D/SurfaceTextureClient(  786): <85993.59> [01;31m[Kxzl[m[K SurfaceTextureClient::queueBuffer
D/SurfaceFlinger(  117): <85993.65>  --- [01;31m[Kxzl[m[K SF_QUEUE_FRAME (Layer::onFrameQueued)
W/INPUT   (  786): [01;31m[Kxzl[m[K: ====<85993> INPUT_GEN_EVENT: (faked - input hub generates the event)
W/APP     (  786): [01;31m[Kxzl[m[K: ===> APP_SEE_EVENT: ev hits user code: <85994>  {85993} since event: 1 ms
D/InputDispatcher(  194): <85994.96> ########### [01;31m[Kxzl[m[K finishDispatchCycle: 1.07ms since event, 0.49ms since dispatch
W/INPUT   (  786): [01;31m[Kxzl[m[K: ====<86003> INPUT_GEN_EVENT: (faked - input hub generates the event)
W/APP     (  786): [01;31m[Kxzl[m[K: ===> APP_SEE_EVENT: ev hits user code: <86003>  {86003} since event: 0 ms
D/InputDispatcher(  194): <86003.93> ########### [01;31m[Kxzl[m[K finishDispatchCycle: 0.89ms since event, 0.34ms since dispatch
D/SurfaceFlinger(  117): <86009.03>  ----- [01;31m[Kxzl[m[K SF_AFTER_SWAP_FB (SurfaceFlinger::composeSurfaces() swap fb done)  ------
D/SurfaceFlinger(  117): <86009.16>  ----- [01;31m[Kxzl[m[K SF_BEFORE_SWAP_FB (SurfaceFlinger::composeSurfaces compose done, prepare to swap fb) ------
W/GLSurfaceView(  786): <86009.22>  --- [01;31m[Kxzl[m[K --- APP_AFTER_SWAP_FRAME (AFTER GLSurfaceView swap frame)
W/GLSurfaceView(  786): <86009.40>  --- [01;31m[Kxzl[m[K --- APP_BEFORE_DRAW_FRAME (BEFORE GLSurfaceView DrawFrame)
W/APP     (  786): [01;31m[Kxzl[m[K: ===> entering onDrawFrame: <86009> 
W/APP     (  786): [01;31m[Kxzl[m[K: ===> done onDrawFrame: <86009> 
W/GLSurfaceView(  786): <86009.89>  --- [01;31m[Kxzl[m[K --- APP_AFTER_DRAW_FRAME (AFTER GLSurfaceView DrawFrame)
W/GLSurfaceView(  786): <86010.04>  --- [01;31m[Kxzl[m[K --- APP_BEFORE_SWAP_FRAME (BEFORE GLSurfaceView swap frame)
D/SurfaceTextureClient(  786): <86010.65> [01;31m[Kxzl[m[K SurfaceTextureClient::queueBuffer
D/SurfaceFlinger(  117): <86010.74>  --- [01;31m[Kxzl[m[K SF_QUEUE_FRAME (Layer::onFrameQueued)
W/INPUT   (  786): [01;31m[Kxzl[m[K: ====<86012> INPUT_GEN_EVENT: (faked - input hub generates the event)
W/APP     (  786): [01;31m[Kxzl[m[K: ===> APP_SEE_EVENT: ev hits user code: <86013>  {86012} since event: 1 ms
D/InputDispatcher(  194): <86013.88> ########### [01;31m[Kxzl[m[K finishDispatchCycle: 0.98ms since event, 0.34ms since dispatch
W/INPUT   (  786): [01;31m[Kxzl[m[K: ====<86022> INPUT_GEN_EVENT: (faked - input hub generates the event)
W/APP     (  786): [01;31m[Kxzl[m[K: ===> APP_SEE_EVENT: ev hits user code: <86023>  {86022} since event: 1 ms
D/InputDispatcher(  194): <86023.56> ########### [01;31m[Kxzl[m[K finishDispatchCycle: 0.95ms since event, 0.40ms since dispatch
D/SurfaceFlinger(  117): <86026.00>  ----- [01;31m[Kxzl[m[K SF_AFTER_SWAP_FB (SurfaceFlinger::composeSurfaces() swap fb done)  ------
D/SurfaceFlinger(  117): <86026.15>  ----- [01;31m[Kxzl[m[K SF_BEFORE_SWAP_FB (SurfaceFlinger::composeSurfaces compose done, prepare to swap fb) ------
W/GLSurfaceView(  786): <86026.21>  --- [01;31m[Kxzl[m[K --- APP_AFTER_SWAP_FRAME (AFTER GLSurfaceView swap frame)
W/GLSurfaceView(  786): <86026.43>  --- [01;31m[Kxzl[m[K --- APP_BEFORE_DRAW_FRAME (BEFORE GLSurfaceView DrawFrame)
W/APP     (  786): [01;31m[Kxzl[m[K: ===> entering onDrawFrame: <86026> 
W/APP     (  786): [01;31m[Kxzl[m[K: ===> done onDrawFrame: <86026> 
W/GLSurfaceView(  786): <86026.92>  --- [01;31m[Kxzl[m[K --- APP_AFTER_DRAW_FRAME (AFTER GLSurfaceView DrawFrame)
W/GLSurfaceView(  786): <86027.04>  --- [01;31m[Kxzl[m[K --- APP_BEFORE_SWAP_FRAME (BEFORE GLSurfaceView swap frame)
D/SurfaceTextureClient(  786): <86027.52> [01;31m[Kxzl[m[K SurfaceTextureClient::queueBuffer
D/SurfaceFlinger(  117): <86027.59>  --- [01;31m[Kxzl[m[K SF_QUEUE_FRAME (Layer::onFrameQueued)
W/INPUT   (  786): [01;31m[Kxzl[m[K: ====<86032> INPUT_GEN_EVENT: (faked - input hub generates the event)
W/APP     (  786): [01;31m[Kxzl[m[K: ===> APP_SEE_EVENT: ev hits user code: <86033>  {86032} since event: 1 ms
D/InputDispatcher(  194): <86033.51> ########### [01;31m[Kxzl[m[K finishDispatchCycle: 0.98ms since event, 0.40ms since dispatch
D/SurfaceFlinger(  117): <86043.06>  ----- [01;31m[Kxzl[m[K SF_AFTER_SWAP_FB (SurfaceFlinger::composeSurfaces() swap fb done)  ------
W/INPUT   (  786): [01;31m[Kxzl[m[K: ====<86042> INPUT_GEN_EVENT: (faked - input hub generates the event)
W/APP     (  786): [01;31m[Kxzl[m[K: ===> APP_SEE_EVENT: ev hits user code: <86043>  {86042} since event: 1 ms
D/SurfaceFlinger(  117): <86043.21>  ----- [01;31m[Kxzl[m[K SF_BEFORE_SWAP_FB (SurfaceFlinger::composeSurfaces compose done, prepare to swap fb) ------
D/InputDispatcher(  194): <86043.37> ########### [01;31m[Kxzl[m[K finishDispatchCycle: 1.07ms since event, 0.55ms since dispatch
W/GLSurfaceView(  786): <86043.49>  --- [01;31m[Kxzl[m[K --- APP_AFTER_SWAP_FRAME (AFTER GLSurfaceView swap frame)
W/GLSurfaceView(  786): <86043.67>  --- [01;31m[Kxzl[m[K --- APP_BEFORE_DRAW_FRAME (BEFORE GLSurfaceView DrawFrame)
W/APP     (  786): [01;31m[Kxzl[m[K: ===> entering onDrawFrame: <86043> 
W/APP     (  786): [01;31m[Kxzl[m[K: ===> done onDrawFrame: <86043> 
W/GLSurfaceView(  786): <86044.04>  --- [01;31m[Kxzl[m[K --- APP_AFTER_DRAW_FRAME (AFTER GLSurfaceView DrawFrame)
W/GLSurfaceView(  786): <86044.19>  --- [01;31m[Kxzl[m[K --- APP_BEFORE_SWAP_FRAME (BEFORE GLSurfaceView swap frame)
D/SurfaceTextureClient(  786): <86044.44> [01;31m[Kxzl[m[K SurfaceTextureClient::queueBuffer
D/SurfaceFlinger(  117): <86044.49>  --- [01;31m[Kxzl[m[K SF_QUEUE_FRAME (Layer::onFrameQueued)
W/INPUT   (  786): [01;31m[Kxzl[m[K: ====<86051> INPUT_GEN_EVENT: (faked - input hub generates the event)
W/APP     (  786): [01;31m[Kxzl[m[K: ===> APP_SEE_EVENT: ev hits user code: <86052>  {86051} since event: 1 ms
D/InputDispatcher(  194): <86052.86> ########### [01;31m[Kxzl[m[K finishDispatchCycle: 0.95ms since event, 0.43ms since dispatch
D/SurfaceFlinger(  117): <86059.91>  ----- [01;31m[Kxzl[m[K SF_AFTER_SWAP_FB (SurfaceFlinger::composeSurfaces() swap fb done)  ------
D/SurfaceFlinger(  117): <86060.03>  ----- [01;31m[Kxzl[m[K SF_BEFORE_SWAP_FB (SurfaceFlinger::composeSurfaces compose done, prepare to swap fb) ------
W/GLSurfaceView(  786): <86060.09>  --- [01;31m[Kxzl[m[K --- APP_AFTER_SWAP_FRAME (AFTER GLSurfaceView swap frame)
W/GLSurfaceView(  786): <86060.30>  --- [01;31m[Kxzl[m[K --- APP_BEFORE_DRAW_FRAME (BEFORE GLSurfaceView DrawFrame)
W/APP     (  786): [01;31m[Kxzl[m[K: ===> entering onDrawFrame: <86060> 
W/APP     (  786): [01;31m[Kxzl[m[K: ===> done onDrawFrame: <86060> 
W/GLSurfaceView(  786): <86060.67>  --- [01;31m[Kxzl[m[K --- APP_AFTER_DRAW_FRAME (AFTER GLSurfaceView DrawFrame)
W/GLSurfaceView(  786): <86060.79>  --- [01;31m[Kxzl[m[K --- APP_BEFORE_SWAP_FRAME (BEFORE GLSurfaceView swap frame)
D/SurfaceTextureClient(  786): <86061.40> [01;31m[Kxzl[m[K SurfaceTextureClient::queueBuffer
D/SurfaceFlinger(  117): <86061.49>  --- [01;31m[Kxzl[m[K SF_QUEUE_FRAME (Layer::onFrameQueued)
W/INPUT   (  786): [01;31m[Kxzl[m[K: ====<86061> INPUT_GEN_EVENT: (faked - input hub generates the event)
W/APP     (  786): [01;31m[Kxzl[m[K: ===> APP_SEE_EVENT: ev hits user code: <86062>  {86061} since event: 1 ms
D/InputDispatcher(  194): <86062.99> ########### [01;31m[Kxzl[m[K finishDispatchCycle: 1.47ms since event, 0.85ms since dispatch
W/INPUT   (  786): [01;31m[Kxzl[m[K: ====<86071> INPUT_GEN_EVENT: (faked - input hub generates the event)
W/APP     (  786): [01;31m[Kxzl[m[K: ===> APP_SEE_EVENT: ev hits user code: <86072>  {86071} since event: 1 ms
D/InputDispatcher(  194): <86072.79> ########### [01;31m[Kxzl[m[K finishDispatchCycle: 1.13ms since event, 0.55ms since dispatch
D/SurfaceFlinger(  117): <86076.87>  ----- [01;31m[Kxzl[m[K SF_AFTER_SWAP_FB (SurfaceFlinger::composeSurfaces() swap fb done)  ------
D/SurfaceFlinger(  117): <86077.03>  ----- [01;31m[Kxzl[m[K SF_BEFORE_SWAP_FB (SurfaceFlinger::composeSurfaces compose done, prepare to swap fb) ------
W/GLSurfaceView(  786): <86077.21>  --- [01;31m[Kxzl[m[K --- APP_AFTER_SWAP_FRAME (AFTER GLSurfaceView swap frame)
W/GLSurfaceView(  786): <86077.45>  --- [01;31m[Kxzl[m[K --- APP_BEFORE_DRAW_FRAME (BEFORE GLSurfaceView DrawFrame)
W/APP     (  786): [01;31m[Kxzl[m[K: ===> entering onDrawFrame: <86077> 
W/APP     (  786): [01;31m[Kxzl[m[K: ===> done onDrawFrame: <86077> 
W/GLSurfaceView(  786): <86077.91>  --- [01;31m[Kxzl[m[K --- APP_AFTER_DRAW_FRAME (AFTER GLSurfaceView DrawFrame)
W/GLSurfaceView(  786): <86078.09>  --- [01;31m[Kxzl[m[K --- APP_BEFORE_SWAP_FRAME (BEFORE GLSurfaceView swap frame)
D/SurfaceTextureClient(  786): <86078.46> [01;31m[Kxzl[m[K SurfaceTextureClient::queueBuffer
D/SurfaceFlinger(  117): <86078.52>  --- [01;31m[Kxzl[m[K SF_QUEUE_FRAME (Layer::onFrameQueued)
W/INPUT   (  786): [01;31m[Kxzl[m[K: ====<86081> INPUT_GEN_EVENT: (faked - input hub generates the event)
W/APP     (  786): [01;31m[Kxzl[m[K: ===> APP_SEE_EVENT: ev hits user code: <86082>  {86081} since event: 1 ms
D/InputDispatcher(  194): <86082.34> ########### [01;31m[Kxzl[m[K finishDispatchCycle: 1.22ms since event, 0.58ms since dispatch
W/INPUT   (  786): [01;31m[Kxzl[m[K: ====<86090> INPUT_GEN_EVENT: (faked - input hub generates the event)
W/APP     (  786): [01;31m[Kxzl[m[K: ===> APP_SEE_EVENT: ev hits user code: <86091>  {86090} since event: 1 ms
D/InputDispatcher(  194): <86091.83> ########### [01;31m[Kxzl[m[K finishDispatchCycle: 1.04ms since event, 0.43ms since dispatch
D/SurfaceFlinger(  117): <86093.84>  ----- [01;31m[Kxzl[m[K SF_AFTER_SWAP_FB (SurfaceFlinger::composeSurfaces() swap fb done)  ------
D/SurfaceFlinger(  117): <86093.99>  ----- [01;31m[Kxzl[m[K SF_BEFORE_SWAP_FB (SurfaceFlinger::composeSurfaces compose done, prepare to swap fb) ------
W/GLSurfaceView(  786): <86094.54>  --- [01;31m[Kxzl[m[K --- APP_AFTER_SWAP_FRAME (AFTER GLSurfaceView swap frame)
W/GLSurfaceView(  786): <86094.85>  --- [01;31m[Kxzl[m[K --- APP_BEFORE_DRAW_FRAME (BEFORE GLSurfaceView DrawFrame)
W/APP     (  786): [01;31m[Kxzl[m[K: ===> entering onDrawFrame: <86095> 
W/APP     (  786): [01;31m[Kxzl[m[K: ===> done onDrawFrame: <86095> 
W/GLSurfaceView(  786): <86095.43>  --- [01;31m[Kxzl[m[K --- APP_AFTER_DRAW_FRAME (AFTER GLSurfaceView DrawFrame)
W/GLSurfaceView(  786): <86095.67>  --- [01;31m[Kxzl[m[K --- APP_BEFORE_SWAP_FRAME (BEFORE GLSurfaceView swap frame)
D/SurfaceTextureClient(  786): <86096.10> [01;31m[Kxzl[m[K SurfaceTextureClient::queueBuffer
D/SurfaceFlinger(  117): <86096.19>  --- [01;31m[Kxzl[m[K SF_QUEUE_FRAME (Layer::onFrameQueued)
W/INPUT   (  786): [01;31m[Kxzl[m[K: ====<86100> INPUT_GEN_EVENT: (faked - input hub generates the event)
W/APP     (  786): [01;31m[Kxzl[m[K: ===> APP_SEE_EVENT: ev hits user code: <86101>  {86100} since event: 1 ms
D/InputDispatcher(  194): <86102.12> ########### [01;31m[Kxzl[m[K finishDispatchCycle: 1.37ms since event, 0.64ms since dispatch
D/SurfaceFlinger(  117): <86110.81>  ----- [01;31m[Kxzl[m[K SF_AFTER_SWAP_FB (SurfaceFlinger::composeSurfaces() swap fb done)  ------
D/SurfaceFlinger(  117): <86110.96>  ----- [01;31m[Kxzl[m[K SF_BEFORE_SWAP_FB (SurfaceFlinger::composeSurfaces compose done, prepare to swap fb) ------
W/GLSurfaceView(  786): <86111.48>  --- [01;31m[Kxzl[m[K --- APP_AFTER_SWAP_FRAME (AFTER GLSurfaceView swap frame)
W/GLSurfaceView(  786): <86111.76>  --- [01;31m[Kxzl[m[K --- APP_BEFORE_DRAW_FRAME (BEFORE GLSurfaceView DrawFrame)
W/APP     (  786): [01;31m[Kxzl[m[K: ===> entering onDrawFrame: <86111> 
W/APP     (  786): [01;31m[Kxzl[m[K: ===> done onDrawFrame: <86111> 
W/GLSurfaceView(  786): <86112.24>  --- [01;31m[Kxzl[m[K --- APP_AFTER_DRAW_FRAME (AFTER GLSurfaceView DrawFrame)
