W/GLSurfaceView(  786): <86602.69>  --- [01;31m[Kxzl[m[K --- APP_AFTER_SWAP_FRAME (AFTER GLSurfaceView swap frame)
W/GLSurfaceView(  786): <86603.18>  --- [01;31m[Kxzl[m[K --- APP_BEFORE_DRAW_FRAME (BEFORE GLSurfaceView DrawFrame)
W/APP     (  786): [01;31m[Kxzl[m[K: ===> entering onDrawFrame: <86603> 
W/APP     (  786): [01;31m[Kxzl[m[K: ===> done onDrawFrame: <86603> 
W/GLSurfaceView(  786): <86603.64>  --- [01;31m[Kxzl[m[K --- APP_AFTER_DRAW_FRAME (AFTER GLSurfaceView DrawFrame)
W/GLSurfaceView(  786): <86603.82>  --- [01;31m[Kxzl[m[K --- APP_BEFORE_SWAP_FRAME (BEFORE GLSurfaceView swap frame)
D/SurfaceTextureClient(  786): <86604.16> [01;31m[Kxzl[m[K SurfaceTextureClient::queueBuffer
D/SurfaceFlinger(  117): <86604.22>  --- [01;31m[Kxzl[m[K SF_QUEUE_FRAME (Layer::onFrameQueued)
W/INPUT   (  786): [01;31m[Kxzl[m[K: ====<86607> INPUT_GEN_EVENT: (faked - input hub generates the event)
W/APP     (  786): [01;31m[Kxzl[m[K: ===> APP_SEE_EVENT: ev hits user code: <86608>  {86607} since event: 1 ms
D/InputDispatcher(  194): <86608.38> ########### [01;31m[Kxzl[m[K finishDispatchCycle: 1.10ms since event, 0.49ms since dispatch
W/INPUT   (  786): [01;31m[Kxzl[m[K: ====<86616> INPUT_GEN_EVENT: (faked - input hub generates the event)
W/APP     (  786): [01;31m[Kxzl[m[K: ===> APP_SEE_EVENT: ev hits user code: <86617>  {86616} since event: 1 ms
D/InputDispatcher(  194): <86617.98> ########### [01;31m[Kxzl[m[K finishDispatchCycle: 1.07ms since event, 0.46ms since dispatch
D/SurfaceFlinger(  117): <86619.42>  ----- [01;31m[Kxzl[m[K SF_AFTER_SWAP_FB (SurfaceFlinger::composeSurfaces() swap fb done)  ------
D/SurfaceFlinger(  117): <86619.57>  ----- [01;31m[Kxzl[m[K SF_BEFORE_SWAP_FB (SurfaceFlinger::composeSurfaces compose done, prepare to swap fb) ------
W/GLSurfaceView(  786): <86619.66>  --- [01;31m[Kxzl[m[K --- APP_AFTER_SWAP_FRAME (AFTER GLSurfaceView swap frame)
W/GLSurfaceView(  786): <86619.93>  --- [01;31m[Kxzl[m[K --- APP_BEFORE_DRAW_FRAME (BEFORE GLSurfaceView DrawFrame)
W/APP     (  786): [01;31m[Kxzl[m[K: ===> entering onDrawFrame: <86620> 
W/APP     (  786): [01;31m[Kxzl[m[K: ===> done onDrawFrame: <86620> 
W/GLSurfaceView(  786): <86620.36>  --- [01;31m[Kxzl[m[K --- APP_AFTER_DRAW_FRAME (AFTER GLSurfaceView DrawFrame)
W/GLSurfaceView(  786): <86620.54>  --- [01;31m[Kxzl[m[K --- APP_BEFORE_SWAP_FRAME (BEFORE GLSurfaceView swap frame)
D/SurfaceTextureClient(  786): <86620.88> [01;31m[Kxzl[m[K SurfaceTextureClient::queueBuffer
D/SurfaceFlinger(  117): <86620.97>  --- [01;31m[Kxzl[m[K SF_QUEUE_FRAME (Layer::onFrameQueued)
W/INPUT   (  786): [01;31m[Kxzl[m[K: ====<86626> INPUT_GEN_EVENT: (faked - input hub generates the event)
W/APP     (  786): [01;31m[Kxzl[m[K: ===> APP_SEE_EVENT: ev hits user code: <86627>  {86626} since event: 1 ms
D/InputDispatcher(  194): <86627.84> ########### [01;31m[Kxzl[m[K finishDispatchCycle: 1.16ms since event, 0.49ms since dispatch
D/SurfaceFlinger(  117): <86636.44>  ----- [01;31m[Kxzl[m[K SF_AFTER_SWAP_FB (SurfaceFlinger::composeSurfaces() swap fb done)  ------
D/SurfaceFlinger(  117): <86636.60>  ----- [01;31m[Kxzl[m[K SF_BEFORE_SWAP_FB (SurfaceFlinger::composeSurfaces compose done, prepare to swap fb) ------
W/GLSurfaceView(  786): <86636.63>  --- [01;31m[Kxzl[m[K --- APP_AFTER_SWAP_FRAME (AFTER GLSurfaceView swap frame)
W/GLSurfaceView(  786): <86636.90>  --- [01;31m[Kxzl[m[K --- APP_BEFORE_DRAW_FRAME (BEFORE GLSurfaceView DrawFrame)
W/APP     (  786): [01;31m[Kxzl[m[K: ===> entering onDrawFrame: <86637> 
W/INPUT   (  786): [01;31m[Kxzl[m[K: ====<86636> INPUT_GEN_EVENT: (faked - input hub generates the event)
W/APP     (  786): [01;31m[Kxzl[m[K: ===> APP_SEE_EVENT: ev hits user code: <86637>  {86636} since event: 1 ms
D/InputDispatcher(  194): <86637.81> ########### [01;31m[Kxzl[m[K finishDispatchCycle: 1.43ms since event, 0.52ms since dispatch
W/APP     (  786): [01;31m[Kxzl[m[K: ===> done onDrawFrame: <86637> 
W/GLSurfaceView(  786): <86638.09>  --- [01;31m[Kxzl[m[K --- APP_AFTER_DRAW_FRAME (AFTER GLSurfaceView DrawFrame)
W/GLSurfaceView(  786): <86638.28>  --- [01;31m[Kxzl[m[K --- APP_BEFORE_SWAP_FRAME (BEFORE GLSurfaceView swap frame)
D/SurfaceTextureClient(  786): <86638.64> [01;31m[Kxzl[m[K SurfaceTextureClient::queueBuffer
D/SurfaceFlinger(  117): <86638.70>  --- [01;31m[Kxzl[m[K SF_QUEUE_FRAME (Layer::onFrameQueued)
W/INPUT   (  786): [01;31m[Kxzl[m[K: ====<86646> INPUT_GEN_EVENT: (faked - input hub generates the event)
W/APP     (  786): [01;31m[Kxzl[m[K: ===> APP_SEE_EVENT: ev hits user code: <86647>  {86646} since event: 1 ms
D/InputDispatcher(  194): <86647.27> ########### [01;31m[Kxzl[m[K finishDispatchCycle: 1.16ms since event, 0.49ms since dispatch
D/SurfaceFlinger(  117): <86653.81>  ----- [01;31m[Kxzl[m[K SF_AFTER_SWAP_FB (SurfaceFlinger::composeSurfaces() swap fb done)  ------
D/SurfaceFlinger(  117): <86654.14>  ----- [01;31m[Kxzl[m[K SF_BEFORE_SWAP_FB (SurfaceFlinger::composeSurfaces compose done, prepare to swap fb) ------
W/GLSurfaceView(  786): <86654.17>  --- [01;31m[Kxzl[m[K --- APP_AFTER_SWAP_FRAME (AFTER GLSurfaceView swap frame)
W/GLSurfaceView(  786): <86654.39>  --- [01;31m[Kxzl[m[K --- APP_BEFORE_DRAW_FRAME (BEFORE GLSurfaceView DrawFrame)
W/APP     (  786): [01;31m[Kxzl[m[K: ===> entering onDrawFrame: <86654> 
W/APP     (  786): [01;31m[Kxzl[m[K: ===> done onDrawFrame: <86654> 
W/GLSurfaceView(  786): <86654.75>  --- [01;31m[Kxzl[m[K --- APP_AFTER_DRAW_FRAME (AFTER GLSurfaceView DrawFrame)
W/GLSurfaceView(  786): <86654.88>  --- [01;31m[Kxzl[m[K --- APP_BEFORE_SWAP_FRAME (BEFORE GLSurfaceView swap frame)
D/SurfaceTextureClient(  786): <86655.15> [01;31m[Kxzl[m[K SurfaceTextureClient::queueBuffer
D/SurfaceFlinger(  117): <86655.21>  --- [01;31m[Kxzl[m[K SF_QUEUE_FRAME (Layer::onFrameQueued)
W/INPUT   (  786): [01;31m[Kxzl[m[K: ====<86655> INPUT_GEN_EVENT: (faked - input hub generates the event)
W/APP     (  786): [01;31m[Kxzl[m[K: ===> APP_SEE_EVENT: ev hits user code: <86656>  {86655} since event: 1 ms
D/InputDispatcher(  194): <86656.80> ########### [01;31m[Kxzl[m[K finishDispatchCycle: 1.07ms since event, 0.49ms since dispatch
W/INPUT   (  786): [01;31m[Kxzl[m[K: ====<86665> INPUT_GEN_EVENT: (faked - input hub generates the event)
W/APP     (  786): [01;31m[Kxzl[m[K: ===> APP_SEE_EVENT: ev hits user code: <86666>  {86665} since event: 1 ms
D/InputDispatcher(  194): <86666.93> ########### [01;31m[Kxzl[m[K finishDispatchCycle: 1.19ms since event, 0.40ms since dispatch
D/SurfaceFlinger(  117): <86670.41>  ----- [01;31m[Kxzl[m[K SF_AFTER_SWAP_FB (SurfaceFlinger::composeSurfaces() swap fb done)  ------
D/SurfaceFlinger(  117): <86670.56>  ----- [01;31m[Kxzl[m[K SF_BEFORE_SWAP_FB (SurfaceFlinger::composeSurfaces compose done, prepare to swap fb) ------
W/GLSurfaceView(  786): <86670.62>  --- [01;31m[Kxzl[m[K --- APP_AFTER_SWAP_FRAME (AFTER GLSurfaceView swap frame)
W/GLSurfaceView(  786): <86670.87>  --- [01;31m[Kxzl[m[K --- APP_BEFORE_DRAW_FRAME (BEFORE GLSurfaceView DrawFrame)
W/APP     (  786): [01;31m[Kxzl[m[K: ===> entering onDrawFrame: <86671> 
W/APP     (  786): [01;31m[Kxzl[m[K: ===> done onDrawFrame: <86671> 
W/GLSurfaceView(  786): <86671.33>  --- [01;31m[Kxzl[m[K --- APP_AFTER_DRAW_FRAME (AFTER GLSurfaceView DrawFrame)
W/GLSurfaceView(  786): <86671.48>  --- [01;31m[Kxzl[m[K --- APP_BEFORE_SWAP_FRAME (BEFORE GLSurfaceView swap frame)
D/SurfaceTextureClient(  786): <86672.39> [01;31m[Kxzl[m[K SurfaceTextureClient::queueBuffer
D/SurfaceFlinger(  117): <86672.45>  --- [01;31m[Kxzl[m[K SF_QUEUE_FRAME (Layer::onFrameQueued)
W/INPUT   (  786): [01;31m[Kxzl[m[K: ====<86675> INPUT_GEN_EVENT: (faked - input hub generates the event)
W/APP     (  786): [01;31m[Kxzl[m[K: ===> APP_SEE_EVENT: ev hits user code: <86676>  {86675} since event: 1 ms
D/InputDispatcher(  194): <86676.48> ########### [01;31m[Kxzl[m[K finishDispatchCycle: 1.13ms since event, 0.52ms since dispatch
W/INPUT   (  786): [01;31m[Kxzl[m[K: ====<86685> INPUT_GEN_EVENT: (faked - input hub generates the event)
W/APP     (  786): [01;31m[Kxzl[m[K: ===> APP_SEE_EVENT: ev hits user code: <86686>  {86685} since event: 1 ms
D/InputDispatcher(  194): <86686.55> ########### [01;31m[Kxzl[m[K finishDispatchCycle: 1.40ms since event, 0.70ms since dispatch
D/SurfaceFlinger(  117): <86687.26>  ----- [01;31m[Kxzl[m[K SF_AFTER_SWAP_FB (SurfaceFlinger::composeSurfaces() swap fb done)  ------
D/SurfaceFlinger(  117): <86687.47>  ----- [01;31m[Kxzl[m[K SF_BEFORE_SWAP_FB (SurfaceFlinger::composeSurfaces compose done, prepare to swap fb) ------
W/GLSurfaceView(  786): <86687.56>  --- [01;31m[Kxzl[m[K --- APP_AFTER_SWAP_FRAME (AFTER GLSurfaceView swap frame)
W/GLSurfaceView(  786): <86687.90>  --- [01;31m[Kxzl[m[K --- APP_BEFORE_DRAW_FRAME (BEFORE GLSurfaceView DrawFrame)
W/APP     (  786): [01;31m[Kxzl[m[K: ===> entering onDrawFrame: <86688> 
W/APP     (  786): [01;31m[Kxzl[m[K: ===> done onDrawFrame: <86688> 
W/GLSurfaceView(  786): <86688.51>  --- [01;31m[Kxzl[m[K --- APP_AFTER_DRAW_FRAME (AFTER GLSurfaceView DrawFrame)
W/GLSurfaceView(  786): <86688.72>  --- [01;31m[Kxzl[m[K --- APP_BEFORE_SWAP_FRAME (BEFORE GLSurfaceView swap frame)
D/SurfaceTextureClient(  786): <86689.15> [01;31m[Kxzl[m[K SurfaceTextureClient::queueBuffer
D/SurfaceFlinger(  117): <86689.27>  --- [01;31m[Kxzl[m[K SF_QUEUE_FRAME (Layer::onFrameQueued)
W/INPUT   (  786): [01;31m[Kxzl[m[K: ====<86694> INPUT_GEN_EVENT: (faked - input hub generates the event)
W/APP     (  786): [01;31m[Kxzl[m[K: ===> APP_SEE_EVENT: ev hits user code: <86696>  {86694} since event: 2 ms
D/InputDispatcher(  194): <86696.32> ########### [01;31m[Kxzl[m[K finishDispatchCycle: 1.37ms since event, 0.61ms since dispatch
D/SurfaceFlinger(  117): <86704.77>  ----- [01;31m[Kxzl[m[K SF_AFTER_SWAP_FB (SurfaceFlinger::composeSurfaces() swap fb done)  ------
D/SurfaceFlinger(  117): <86704.96>  ----- [01;31m[Kxzl[m[K SF_BEFORE_SWAP_FB (SurfaceFlinger::composeSurfaces compose done, prepare to swap fb) ------
W/GLSurfaceView(  786): <86705.05>  --- [01;31m[Kxzl[m[K --- APP_AFTER_SWAP_FRAME (AFTER GLSurfaceView swap frame)
W/GLSurfaceView(  786): <86705.38>  --- [01;31m[Kxzl[m[K --- APP_BEFORE_DRAW_FRAME (BEFORE GLSurfaceView DrawFrame)
W/APP     (  786): [01;31m[Kxzl[m[K: ===> entering onDrawFrame: <86705> 
W/APP     (  786): [01;31m[Kxzl[m[K: ===> done onDrawFrame: <86705> 
W/GLSurfaceView(  786): <86706.09>  --- [01;31m[Kxzl[m[K --- APP_AFTER_DRAW_FRAME (AFTER GLSurfaceView DrawFrame)
W/GLSurfaceView(  786): <86706.30>  --- [01;31m[Kxzl[m[K --- APP_BEFORE_SWAP_FRAME (BEFORE GLSurfaceView swap frame)
D/SurfaceTextureClient(  786): <86707.30> [01;31m[Kxzl[m[K SurfaceTextureClient::queueBuffer
D/SurfaceFlinger(  117): <86707.43>  --- [01;31m[Kxzl[m[K SF_QUEUE_FRAME (Layer::onFrameQueued)
W/INPUT   (  786): [01;31m[Kxzl[m[K: ====<86704> INPUT_GEN_EVENT: (faked - input hub generates the event)
W/APP     (  786): [01;31m[Kxzl[m[K: ===> APP_SEE_EVENT: ev hits user code: <86707>  {86704} since event: 3 ms
D/InputDispatcher(  194): <86707.64> ########### [01;31m[Kxzl[m[K finishDispatchCycle: 2.93ms since event, 0.58ms since dispatch
W/INPUT   (  786): [01;31m[Kxzl[m[K: ====<86714> INPUT_GEN_EVENT: (faked - input hub generates the event)
W/APP     (  786): [01;31m[Kxzl[m[K: ===> APP_SEE_EVENT: ev hits user code: <86715>  {86714} since event: 1 ms
D/InputDispatcher(  194): <86715.85> ########### [01;31m[Kxzl[m[K finishDispatchCycle: 1.37ms since event, 0.64ms since dispatch
D/SurfaceFlinger(  117): <86722.05>  ----- [01;31m[Kxzl[m[K SF_AFTER_SWAP_FB (SurfaceFlinger::composeSurfaces() swap fb done)  ------
D/SurfaceFlinger(  117): <86722.32>  ----- [01;31m[Kxzl[m[K SF_BEFORE_SWAP_FB (SurfaceFlinger::composeSurfaces compose done, prepare to swap fb) ------
W/GLSurfaceView(  786): <86722.29>  --- [01;31m[Kxzl[m[K --- APP_AFTER_SWAP_FRAME (AFTER GLSurfaceView swap frame)
W/GLSurfaceView(  786): <86722.53>  --- [01;31m[Kxzl[m[K --- APP_BEFORE_DRAW_FRAME (BEFORE GLSurfaceView DrawFrame)
W/APP     (  786): [01;31m[Kxzl[m[K: ===> entering onDrawFrame: <86722> 
W/APP     (  786): [01;31m[Kxzl[m[K: ===> done onDrawFrame: <86722> 
W/GLSurfaceView(  786): <86722.99>  --- [01;31m[Kxzl[m[K --- APP_AFTER_DRAW_FRAME (AFTER GLSurfaceView DrawFrame)
W/GLSurfaceView(  786): <86723.14>  --- [01;31m[Kxzl[m[K --- APP_BEFORE_SWAP_FRAME (BEFORE GLSurfaceView swap frame)
D/SurfaceTextureClient(  786): <86723.48> [01;31m[Kxzl[m[K SurfaceTextureClient::queueBuffer
D/SurfaceFlinger(  117): <86724.09>  --- [01;31m[Kxzl[m[K SF_QUEUE_FRAME (Layer::onFrameQueued)
W/INPUT   (  786): [01;31m[Kxzl[m[K: ====<86724> INPUT_GEN_EVENT: (faked - input hub generates the event)
W/APP     (  786): [01;31m[Kxzl[m[K: ===> APP_SEE_EVENT: ev hits user code: <86724>  {86724} since event: 0 ms
D/InputDispatcher(  194): <86725.12> ########### [01;31m[Kxzl[m[K finishDispatchCycle: 1.10ms since event, 0.49ms since dispatch
W/INPUT   (  786): [01;31m[Kxzl[m[K: ====<86733> INPUT_GEN_EVENT: (faked - input hub generates the event)
W/APP     (  786): [01;31m[Kxzl[m[K: ===> APP_SEE_EVENT: ev hits user code: <86734>  {86733} since event: 1 ms
D/InputDispatcher(  194): <86734.98> ########### [01;31m[Kxzl[m[K finishDispatchCycle: 1.28ms since event, 0.64ms since dispatch
D/SurfaceFlinger(  117): <86738.10>  ----- [01;31m[Kxzl[m[K SF_AFTER_SWAP_FB (SurfaceFlinger::composeSurfaces() swap fb done)  ------
D/SurfaceFlinger(  117): <86738.25>  ----- [01;31m[Kxzl[m[K SF_BEFORE_SWAP_FB (SurfaceFlinger::composeSurfaces compose done, prepare to swap fb) ------
W/GLSurfaceView(  786): <86738.28>  --- [01;31m[Kxzl[m[K --- APP_AFTER_SWAP_FRAME (AFTER GLSurfaceView swap frame)
W/GLSurfaceView(  786): <86738.53>  --- [01;31m[Kxzl[m[K --- APP_BEFORE_DRAW_FRAME (BEFORE GLSurfaceView DrawFrame)
W/APP     (  786): [01;31m[Kxzl[m[K: ===> entering onDrawFrame: <86738> 
W/APP     (  786): [01;31m[Kxzl[m[K: ===> done onDrawFrame: <86738> 
W/GLSurfaceView(  786): <86738.98>  --- [01;31m[Kxzl[m[K --- APP_AFTER_DRAW_FRAME (AFTER GLSurfaceView DrawFrame)
W/GLSurfaceView(  786): <86739.20>  --- [01;31m[Kxzl[m[K --- APP_BEFORE_SWAP_FRAME (BEFORE GLSurfaceView swap frame)
D/SurfaceTextureClient(  786): <86739.53> [01;31m[Kxzl[m[K SurfaceTextureClient::queueBuffer
D/SurfaceFlinger(  117): <86739.62>  --- [01;31m[Kxzl[m[K SF_QUEUE_FRAME (Layer::onFrameQueued)
W/INPUT   (  786): [01;31m[Kxzl[m[K: ====<86743> INPUT_GEN_EVENT: (faked - input hub generates the event)
W/APP     (  786): [01;31m[Kxzl[m[K: ===> APP_SEE_EVENT: ev hits user code: <86744>  {86743} since event: 1 ms
D/InputDispatcher(  194): <86744.78> ########### [01;31m[Kxzl[m[K finishDispatchCycle: 1.16ms since event, 0.52ms since dispatch
D/SurfaceFlinger(  117): <86755.07>  ----- [01;31m[Kxzl[m[K SF_AFTER_SWAP_FB (SurfaceFlinger::composeSurfaces() swap fb done)  ------
W/INPUT   (  786): [01;31m[Kxzl[m[K: ====<86753> INPUT_GEN_EVENT: (faked - input hub generates the event)
W/APP     (  786): [01;31m[Kxzl[m[K: ===> APP_SEE_EVENT: ev hits user code: <86755>  {86753} since event: 2 ms
D/SurfaceFlinger(  117): <86755.25>  ----- [01;31m[Kxzl[m[K SF_BEFORE_SWAP_FB (SurfaceFlinger::composeSurfaces compose done, prepare to swap fb) ------
D/InputDispatcher(  194): <86755.28> ########### [01;31m[Kxzl[m[K finishDispatchCycle: 1.50ms since event, 0.58ms since dispatch
W/GLSurfaceView(  786): <86755.49>  --- [01;31m[Kxzl[m[K --- APP_AFTER_SWAP_FRAME (AFTER GLSurfaceView swap frame)
W/GLSurfaceView(  786): <86755.80>  --- [01;31m[Kxzl[m[K --- APP_BEFORE_DRAW_FRAME (BEFORE GLSurfaceView DrawFrame)
W/APP     (  786): [01;31m[Kxzl[m[K: ===> entering onDrawFrame: <86755> 
W/APP     (  786): [01;31m[Kxzl[m[K: ===> done onDrawFrame: <86755> 
W/GLSurfaceView(  786): <86756.35>  --- [01;31m[Kxzl[m[K --- APP_AFTER_DRAW_FRAME (AFTER GLSurfaceView DrawFrame)
W/GLSurfaceView(  786): <86756.56>  --- [01;31m[Kxzl[m[K --- APP_BEFORE_SWAP_FRAME (BEFORE GLSurfaceView swap frame)
D/SurfaceTextureClient(  786): <86757.05> [01;31m[Kxzl[m[K SurfaceTextureClient::queueBuffer
D/SurfaceFlinger(  117): <86757.14>  --- [01;31m[Kxzl[m[K SF_QUEUE_FRAME (Layer::onFrameQueued)
W/INPUT   (  786): [01;31m[Kxzl[m[K: ====<86763> INPUT_GEN_EVENT: (faked - input hub generates the event)
W/APP     (  786): [01;31m[Kxzl[m[K: ===> APP_SEE_EVENT: ev hits user code: <86764>  {86763} since event: 1 ms
D/InputDispatcher(  194): <86764.44> ########### [01;31m[Kxzl[m[K finishDispatchCycle: 1.31ms since event, 0.58ms since dispatch
D/SurfaceFlinger(  117): <86772.74>  ----- [01;31m[Kxzl[m[K SF_AFTER_SWAP_FB (SurfaceFlinger::composeSurfaces() swap fb done)  ------
D/SurfaceFlinger(  117): <86772.92>  ----- [01;31m[Kxzl[m[K SF_BEFORE_SWAP_FB (SurfaceFlinger::composeSurfaces compose done, prepare to swap fb) ------
W/GLSurfaceView(  786): <86773.04>  --- [01;31m[Kxzl[m[K --- APP_AFTER_SWAP_FRAME (AFTER GLSurfaceView swap frame)
W/INPUT   (  786): [01;31m[Kxzl[m[K: ====<86772> INPUT_GEN_EVENT: (faked - input hub generates the event)
W/APP     (  786): [01;31m[Kxzl[m[K: ===> APP_SEE_EVENT: ev hits user code: <86774>  {86772} since event: 2 ms
D/InputDispatcher(  194): <86774.45> ########### [01;31m[Kxzl[m[K finishDispatchCycle: 1.77ms since event, 0.40ms since dispatch
W/GLSurfaceView(  786): <86773.35>  --- [01;31m[Kxzl[m[K --- APP_BEFORE_DRAW_FRAME (BEFORE GLSurfaceView DrawFrame)
W/APP     (  786): [01;31m[Kxzl[m[K: ===> entering onDrawFrame: <86774> 
W/APP     (  786): [01;31m[Kxzl[m[K: ===> done onDrawFrame: <86774> 
W/GLSurfaceView(  786): <86774.87>  --- [01;31m[Kxzl[m[K --- APP_AFTER_DRAW_FRAME (AFTER GLSurfaceView DrawFrame)
W/GLSurfaceView(  786): <86775.02>  --- [01;31m[Kxzl[m[K --- APP_BEFORE_SWAP_FRAME (BEFORE GLSurfaceView swap frame)
D/SurfaceTextureClient(  786): <86775.57> [01;31m[Kxzl[m[K SurfaceTextureClient::queueBuffer
D/SurfaceFlinger(  117): <86775.63>  --- [01;31m[Kxzl[m[K SF_QUEUE_FRAME (Layer::onFrameQueued)
W/INPUT   (  786): [01;31m[Kxzl[m[K: ====<86782> INPUT_GEN_EVENT: (faked - input hub generates the event)
W/APP     (  786): [01;31m[Kxzl[m[K: ===> APP_SEE_EVENT: ev hits user code: <86783>  {86782} since event: 1 ms
D/InputDispatcher(  194): <86783.33> ########### [01;31m[Kxzl[m[K finishDispatchCycle: 0.95ms since event, 0.40ms since dispatch
D/SurfaceFlinger(  117): <86790.28>  ----- [01;31m[Kxzl[m[K SF_AFTER_SWAP_FB (SurfaceFlinger::composeSurfaces() swap fb done)  ------
D/SurfaceFlinger(  117): <86790.44>  ----- [01;31m[Kxzl[m[K SF_BEFORE_SWAP_FB (SurfaceFlinger::composeSurfaces compose done, prepare to swap fb) ------
W/GLSurfaceView(  786): <86790.47>  --- [01;31m[Kxzl[m[K --- APP_AFTER_SWAP_FRAME (AFTER GLSurfaceView swap frame)
W/GLSurfaceView(  786): <86790.68>  --- [01;31m[Kxzl[m[K --- APP_BEFORE_DRAW_FRAME (BEFORE GLSurfaceView DrawFrame)
W/APP     (  786): [01;31m[Kxzl[m[K: ===> entering onDrawFrame: <86790> 
W/APP     (  786): [01;31m[Kxzl[m[K: ===> done onDrawFrame: <86790> 
W/GLSurfaceView(  786): <86791.08>  --- [01;31m[Kxzl[m[K --- APP_AFTER_DRAW_FRAME (AFTER GLSurfaceView DrawFrame)
W/GLSurfaceView(  786): <86791.23>  --- [01;31m[Kxzl[m[K --- APP_BEFORE_SWAP_FRAME (BEFORE GLSurfaceView swap frame)
D/SurfaceTextureClient(  786): <86791.50> [01;31m[Kxzl[m[K SurfaceTextureClient::queueBuffer
D/SurfaceFlinger(  117): <86792.27>  --- [01;31m[Kxzl[m[K SF_QUEUE_FRAME (Layer::onFrameQueued)
W/INPUT   (  786): [01;31m[Kxzl[m[K: ====<86792> INPUT_GEN_EVENT: (faked - input hub generates the event)
W/APP     (  786): [01;31m[Kxzl[m[K: ===> APP_SEE_EVENT: ev hits user code: <86793>  {86792} since event: 1 ms
D/InputDispatcher(  194): <86793.30> ########### [01;31m[Kxzl[m[K finishDispatchCycle: 1.10ms since event, 0.40ms since dispatch
W/INPUT   (  786): [01;31m[Kxzl[m[K: ====<86801> INPUT_GEN_EVENT: (faked - input hub generates the event)
W/APP     (  786): [01;31m[Kxzl[m[K: ===> APP_SEE_EVENT: ev hits user code: <86802>  {86801} since event: 1 ms
D/InputDispatcher(  194): <86802.89> ########### [01;31m[Kxzl[m[K finishDispatchCycle: 1.01ms since event, 0.40ms since dispatch
D/SurfaceFlinger(  117): <86805.91>  ----- [01;31m[Kxzl[m[K SF_AFTER_SWAP_FB (SurfaceFlinger::composeSurfaces() swap fb done)  ------
D/SurfaceFlinger(  117): <86806.06>  ----- [01;31m[Kxzl[m[K SF_BEFORE_SWAP_FB (SurfaceFlinger::composeSurfaces compose done, prepare to swap fb) ------
W/GLSurfaceView(  786): <86806.12>  --- [01;31m[Kxzl[m[K --- APP_AFTER_SWAP_FRAME (AFTER GLSurfaceView swap frame)
W/GLSurfaceView(  786): <86806.40>  --- [01;31m[Kxzl[m[K --- APP_BEFORE_DRAW_FRAME (BEFORE GLSurfaceView DrawFrame)
W/APP     (  786): [01;31m[Kxzl[m[K: ===> entering onDrawFrame: <86806> 
W/APP     (  786): [01;31m[Kxzl[m[K: ===> done onDrawFrame: <86806> 
W/GLSurfaceView(  786): <86806.76>  --- [01;31m[Kxzl[m[K --- APP_AFTER_DRAW_FRAME (AFTER GLSurfaceView DrawFrame)
W/GLSurfaceView(  786): <86806.92>  --- [01;31m[Kxzl[m[K --- APP_BEFORE_SWAP_FRAME (BEFORE GLSurfaceView swap frame)
D/SurfaceTextureClient(  786): <86807.41> [01;31m[Kxzl[m[K SurfaceTextureClient::queueBuffer
D/SurfaceFlinger(  117): <86807.46>  --- [01;31m[Kxzl[m[K SF_QUEUE_FRAME (Layer::onFrameQueued)
W/INPUT   (  786): [01;31m[Kxzl[m[K: ====<86811> INPUT_GEN_EVENT: (faked - input hub generates the event)
W/APP     (  786): [01;31m[Kxzl[m[K: ===> APP_SEE_EVENT: ev hits user code: <86812>  {86811} since event: 1 ms
D/InputDispatcher(  194): <86813.41> ########### [01;31m[Kxzl[m[K finishDispatchCycle: 1.56ms since event, 0.98ms since dispatch
W/INPUT   (  786): [01;31m[Kxzl[m[K: ====<86821> INPUT_GEN_EVENT: (faked - input hub generates the event)
W/APP     (  786): [01;31m[Kxzl[m[K: ===> APP_SEE_EVENT: ev hits user code: <86822>  {86821} since event: 1 ms
D/InputDispatcher(  194): <86822.81> ########### [01;31m[Kxzl[m[K finishDispatchCycle: 1.10ms since event, 0.52ms since dispatch
D/SurfaceFlinger(  117): <86822.88>  ----- [01;31m[Kxzl[m[K SF_AFTER_SWAP_FB (SurfaceFlinger::composeSurfaces() swap fb done)  ------
D/SurfaceFlinger(  117): <86823.00>  ----- [01;31m[Kxzl[m[K SF_BEFORE_SWAP_FB (SurfaceFlinger::composeSurfaces compose done, prepare to swap fb) ------
W/GLSurfaceView(  786): <86823.15>  --- [01;31m[Kxzl[m[K --- APP_AFTER_SWAP_FRAME (AFTER GLSurfaceView swap frame)
W/GLSurfaceView(  786): <86823.43>  --- [01;31m[Kxzl[m[K --- APP_BEFORE_DRAW_FRAME (BEFORE GLSurfaceView DrawFrame)
W/APP     (  786): [01;31m[Kxzl[m[K: ===> entering onDrawFrame: <86823> 
W/APP     (  786): [01;31m[Kxzl[m[K: ===> done onDrawFrame: <86823> 
W/GLSurfaceView(  786): <86823.88>  --- [01;31m[Kxzl[m[K --- APP_AFTER_DRAW_FRAME (AFTER GLSurfaceView DrawFrame)
W/GLSurfaceView(  786): <86824.13>  --- [01;31m[Kxzl[m[K --- APP_BEFORE_SWAP_FRAME (BEFORE GLSurfaceView swap frame)
D/SurfaceTextureClient(  786): <86824.65> [01;31m[Kxzl[m[K SurfaceTextureClient::queueBuffer
D/SurfaceFlinger(  117): <86824.74>  --- [01;31m[Kxzl[m[K SF_QUEUE_FRAME (Layer::onFrameQueued)
W/INPUT   (  786): [01;31m[Kxzl[m[K: ====<86831> INPUT_GEN_EVENT: (faked - input hub generates the event)
W/APP     (  786): [01;31m[Kxzl[m[K: ===> APP_SEE_EVENT: ev hits user code: <86832>  {86831} since event: 1 ms
D/InputDispatcher(  194): <86832.55> ########### [01;31m[Kxzl[m[K finishDispatchCycle: 1.13ms since event, 0.49ms since dispatch
D/SurfaceFlinger(  117): <86841.22>  ----- [01;31m[Kxzl[m[K SF_AFTER_SWAP_FB (SurfaceFlinger::composeSurfaces() swap fb done)  ------
D/SurfaceFlinger(  117): <86841.37>  ----- [01;31m[Kxzl[m[K SF_BEFORE_SWAP_FB (SurfaceFlinger::composeSurfaces compose done, prepare to swap fb) ------
W/GLSurfaceView(  786): <86841.40>  --- [01;31m[Kxzl[m[K --- APP_AFTER_SWAP_FRAME (AFTER GLSurfaceView swap frame)
W/GLSurfaceView(  786): <86841.67>  --- [01;31m[Kxzl[m[K --- APP_BEFORE_DRAW_FRAME (BEFORE GLSurfaceView DrawFrame)
W/APP     (  786): [01;31m[Kxzl[m[K: ===> entering onDrawFrame: <86842> 
W/APP     (  786): [01;31m[Kxzl[m[K: ===> done onDrawFrame: <86842> 
W/GLSurfaceView(  786): <86842.74>  --- [01;31m[Kxzl[m[K --- APP_AFTER_DRAW_FRAME (AFTER GLSurfaceView DrawFrame)
W/GLSurfaceView(  786): <86842.93>  --- [01;31m[Kxzl[m[K --- APP_BEFORE_SWAP_FRAME (BEFORE GLSurfaceView swap frame)
W/INPUT   (  786): [01;31m[Kxzl[m[K: ====<86841> INPUT_GEN_EVENT: (faked - input hub generates the event)
W/APP     (  786): [01;31m[Kxzl[m[K: ===> APP_SEE_EVENT: ev hits user code: <86843>  {86841} since event: 2 ms
D/InputDispatcher(  194): <86843.88> ########### [01;31m[Kxzl[m[K finishDispatchCycle: 2.72ms since event, 1.80ms since dispatch
D/SurfaceTextureClient(  786): <86844.21> [01;31m[Kxzl[m[K SurfaceTextureClient::queueBuffer
D/SurfaceFlinger(  117): <86844.30>  --- [01;31m[Kxzl[m[K SF_QUEUE_FRAME (Layer::onFrameQueued)
W/INPUT   (  786): [01;31m[Kxzl[m[K: ====<86850> INPUT_GEN_EVENT: (faked - input hub generates the event)
W/APP     (  786): [01;31m[Kxzl[m[K: ===> APP_SEE_EVENT: ev hits user code: <86851>  {86850} since event: 1 ms
D/InputDispatcher(  194): <86851.96> ########### [01;31m[Kxzl[m[K finishDispatchCycle: 1.13ms since event, 0.49ms since dispatch
D/SurfaceFlinger(  117): <86856.78>  ----- [01;31m[Kxzl[m[K SF_AFTER_SWAP_FB (SurfaceFlinger::composeSurfaces() swap fb done)  ------
W/GLSurfaceView(  786): <86856.99>  --- [01;31m[Kxzl[m[K --- APP_AFTER_SWAP_FRAME (AFTER GLSurfaceView swap frame)
W/GLSurfaceView(  786): <86857.24>  --- [01;31m[Kxzl[m[K --- APP_BEFORE_DRAW_FRAME (BEFORE GLSurfaceView DrawFrame)
W/APP     (  786): [01;31m[Kxzl[m[K: ===> entering onDrawFrame: <86857> 
W/APP     (  786): [01;31m[Kxzl[m[K: ===> done onDrawFrame: <86857> 
W/GLSurfaceView(  786): <86857.67>  --- [01;31m[Kxzl[m[K --- APP_AFTER_DRAW_FRAME (AFTER GLSurfaceView DrawFrame)
W/GLSurfaceView(  786): <86857.85>  --- [01;31m[Kxzl[m[K --- APP_BEFORE_SWAP_FRAME (BEFORE GLSurfaceView swap frame)
D/SurfaceTextureClient(  786): <86858.19> [01;31m[Kxzl[m[K SurfaceTextureClient::queueBuffer
D/SurfaceFlinger(  117): <86858.25>  --- [01;31m[Kxzl[m[K SF_QUEUE_FRAME (Layer::onFrameQueued)
D/SurfaceFlinger(  117): <86858.46>  ----- [01;31m[Kxzl[m[K SF_BEFORE_SWAP_FB (SurfaceFlinger::composeSurfaces compose done, prepare to swap fb) ------
W/INPUT   (  786): [01;31m[Kxzl[m[K: ====<86860> INPUT_GEN_EVENT: (faked - input hub generates the event)
W/APP     (  786): [01;31m[Kxzl[m[K: ===> APP_SEE_EVENT: ev hits user code: <86861>  {86860} since event: 1 ms
D/InputDispatcher(  194): <86861.91> ########### [01;31m[Kxzl[m[K finishDispatchCycle: 1.46ms since event, 0.49ms since dispatch
W/INPUT   (  786): [01;31m[Kxzl[m[K: ====<86870> INPUT_GEN_EVENT: (faked - input hub generates the event)
W/APP     (  786): [01;31m[Kxzl[m[K: ===> APP_SEE_EVENT: ev hits user code: <86871>  {86870} since event: 1 ms
D/InputDispatcher(  194): <86871.21> ########### [01;31m[Kxzl[m[K finishDispatchCycle: 1.10ms since event, 0.52ms since dispatch
D/SurfaceFlinger(  117): <86873.75>  ----- [01;31m[Kxzl[m[K SF_AFTER_SWAP_FB (SurfaceFlinger::composeSurfaces() swap fb done)  ------
D/SurfaceFlinger(  117): <86873.90>  ----- [01;31m[Kxzl[m[K SF_BEFORE_SWAP_FB (SurfaceFlinger::composeSurfaces compose done, prepare to swap fb) ------
W/GLSurfaceView(  786): <86873.99>  --- [01;31m[Kxzl[m[K --- APP_AFTER_SWAP_FRAME (AFTER GLSurfaceView swap frame)
W/GLSurfaceView(  786): <86874.27>  --- [01;31m[Kxzl[m[K --- APP_BEFORE_DRAW_FRAME (BEFORE GLSurfaceView DrawFrame)
W/APP     (  786): [01;31m[Kxzl[m[K: ===> entering onDrawFrame: <86874> 
W/APP     (  786): [01;31m[Kxzl[m[K: ===> done onDrawFrame: <86874> 
W/GLSurfaceView(  786): <86874.76>  --- [01;31m[Kxzl[m[K --- APP_AFTER_DRAW_FRAME (AFTER GLSurfaceView DrawFrame)
W/GLSurfaceView(  786): <86874.91>  --- [01;31m[Kxzl[m[K --- APP_BEFORE_SWAP_FRAME (BEFORE GLSurfaceView swap frame)
D/SurfaceTextureClient(  786): <86875.52> [01;31m[Kxzl[m[K SurfaceTextureClient::queueBuffer
D/SurfaceFlinger(  117): <86875.58>  --- [01;31m[Kxzl[m[K SF_QUEUE_FRAME (Layer::onFrameQueued)
W/INPUT   (  786): [01;31m[Kxzl[m[K: ====<86879> INPUT_GEN_EVENT: (faked - input hub generates the event)
W/APP     (  786): [01;31m[Kxzl[m[K: ===> APP_SEE_EVENT: ev hits user code: <86880>  {86879} since event: 1 ms
D/InputDispatcher(  194): <86881.08> ########### [01;31m[Kxzl[m[K finishDispatchCycle: 1.16ms since event, 0.52ms since dispatch
W/INPUT   (  786): [01;31m[Kxzl[m[K: ====<86889> INPUT_GEN_EVENT: (faked - input hub generates the event)
W/APP     (  786): [01;31m[Kxzl[m[K: ===> APP_SEE_EVENT: ev hits user code: <86890>  {86889} since event: 1 ms
D/InputDispatcher(  194): <86890.69> ########### [01;31m[Kxzl[m[K finishDispatchCycle: 1.22ms since event, 0.61ms since dispatch
D/SurfaceFlinger(  117): <86890.72>  ----- [01;31m[Kxzl[m[K SF_AFTER_SWAP_FB (SurfaceFlinger::composeSurfaces() swap fb done)  ------
D/SurfaceFlinger(  117): <86890.84>  ----- [01;31m[Kxzl[m[K SF_BEFORE_SWAP_FB (SurfaceFlinger::composeSurfaces compose done, prepare to swap fb) ------
W/GLSurfaceView(  786): <86891.02>  --- [01;31m[Kxzl[m[K --- APP_AFTER_SWAP_FRAME (AFTER GLSurfaceView swap frame)
W/GLSurfaceView(  786): <86891.27>  --- [01;31m[Kxzl[m[K --- APP_BEFORE_DRAW_FRAME (BEFORE GLSurfaceView DrawFrame)
W/APP     (  786): [01;31m[Kxzl[m[K: ===> entering onDrawFrame: <86891> 
W/APP     (  786): [01;31m[Kxzl[m[K: ===> done onDrawFrame: <86891> 
W/GLSurfaceView(  786): <86891.72>  --- [01;31m[Kxzl[m[K --- APP_AFTER_DRAW_FRAME (AFTER GLSurfaceView DrawFrame)
W/GLSurfaceView(  786): <86891.91>  --- [01;31m[Kxzl[m[K --- APP_BEFORE_SWAP_FRAME (BEFORE GLSurfaceView swap frame)
D/SurfaceTextureClient(  786): <86892.40> [01;31m[Kxzl[m[K SurfaceTextureClient::queueBuffer
D/SurfaceFlinger(  117): <86892.49>  --- [01;31m[Kxzl[m[K SF_QUEUE_FRAME (Layer::onFrameQueued)
W/INPUT   (  786): [01;31m[Kxzl[m[K: ====<86899> INPUT_GEN_EVENT: (faked - input hub generates the event)
W/APP     (  786): [01;31m[Kxzl[m[K: ===> APP_SEE_EVENT: ev hits user code: <86900>  {86899} since event: 1 ms
D/InputDispatcher(  194): <86900.78> ########### [01;31m[Kxzl[m[K finishDispatchCycle: 1.10ms since event, 0.46ms since dispatch
D/SurfaceFlinger(  117): <86907.75>  ----- [01;31m[Kxzl[m[K SF_AFTER_SWAP_FB (SurfaceFlinger::composeSurfaces() swap fb done)  ------
D/SurfaceFlinger(  117): <86909.67>  ----- [01;31m[Kxzl[m[K SF_BEFORE_SWAP_FB (SurfaceFlinger::composeSurfaces compose done, prepare to swap fb) ------
W/GLSurfaceView(  786): <86909.76>  --- [01;31m[Kxzl[m[K --- APP_AFTER_SWAP_FRAME (AFTER GLSurfaceView swap frame)
W/GLSurfaceView(  786): <86910.06>  --- [01;31m[Kxzl[m[K --- APP_BEFORE_DRAW_FRAME (BEFORE GLSurfaceView DrawFrame)
W/APP     (  786): [01;31m[Kxzl[m[K: ===> entering onDrawFrame: <86910> 
W/INPUT   (  786): [01;31m[Kxzl[m[K: ====<86909> INPUT_GEN_EVENT: (faked - input hub generates the event)
W/APP     (  786): [01;31m[Kxzl[m[K: ===> APP_SEE_EVENT: ev hits user code: <86910>  {86909} since event: 1 ms
D/InputDispatcher(  194): <86910.86> ########### [01;31m[Kxzl[m[K finishDispatchCycle: 1.37ms since event, 0.58ms since dispatch
W/APP     (  786): [01;31m[Kxzl[m[K: ===> done onDrawFrame: <86910> 
W/GLSurfaceView(  786): <86911.07>  --- [01;31m[Kxzl[m[K --- APP_AFTER_DRAW_FRAME (AFTER GLSurfaceView DrawFrame)
W/GLSurfaceView(  786): <86911.35>  --- [01;31m[Kxzl[m[K --- APP_BEFORE_SWAP_FRAME (BEFORE GLSurfaceView swap frame)
D/SurfaceTextureClient(  786): <86911.80> [01;31m[Kxzl[m[K SurfaceTextureClient::queueBuffer
D/SurfaceFlinger(  117): <86911.90>  --- [01;31m[Kxzl[m[K SF_QUEUE_FRAME (Layer::onFrameQueued)
W/INPUT   (  786): [01;31m[Kxzl[m[K: ====<86918> INPUT_GEN_EVENT: (faked - input hub generates the event)
W/APP     (  786): [01;31m[Kxzl[m[K: ===> APP_SEE_EVENT: ev hits user code: <86920>  {86918} since event: 2 ms
D/InputDispatcher(  194): <86920.26> ########### [01;31m[Kxzl[m[K finishDispatchCycle: 1.28ms since event, 0.61ms since dispatch
D/SurfaceFlinger(  117): <86924.71>  ----- [01;31m[Kxzl[m[K SF_AFTER_SWAP_FB (SurfaceFlinger::composeSurfaces() swap fb done)  ------
D/SurfaceFlinger(  117): <86924.87>  ----- [01;31m[Kxzl[m[K SF_BEFORE_SWAP_FB (SurfaceFlinger::composeSurfaces compose done, prepare to swap fb) ------
W/GLSurfaceView(  786): <86924.90>  --- [01;31m[Kxzl[m[K --- APP_AFTER_SWAP_FRAME (AFTER GLSurfaceView swap frame)
W/GLSurfaceView(  786): <86925.11>  --- [01;31m[Kxzl[m[K --- APP_BEFORE_DRAW_FRAME (BEFORE GLSurfaceView DrawFrame)
W/APP     (  786): [01;31m[Kxzl[m[K: ===> entering onDrawFrame: <86925> 
W/APP     (  786): [01;31m[Kxzl[m[K: ===> done onDrawFrame: <86925> 
W/GLSurfaceView(  786): <86925.51>  --- [01;31m[Kxzl[m[K --- APP_AFTER_DRAW_FRAME (AFTER GLSurfaceView DrawFrame)
W/GLSurfaceView(  786): <86925.63>  --- [01;31m[Kxzl[m[K --- APP_BEFORE_SWAP_FRAME (BEFORE GLSurfaceView swap frame)
D/SurfaceTextureClient(  786): <86925.90> [01;31m[Kxzl[m[K SurfaceTextureClient::queueBuffer
D/SurfaceFlinger(  117): <86925.96>  --- [01;31m[Kxzl[m[K SF_QUEUE_FRAME (Layer::onFrameQueued)
W/INPUT   (  786): [01;31m[Kxzl[m[K: ====<86928> INPUT_GEN_EVENT: (faked - input hub generates the event)
W/APP     (  786): [01;31m[Kxzl[m[K: ===> APP_SEE_EVENT: ev hits user code: <86929>  {86928} since event: 1 ms
D/InputDispatcher(  194): <86929.77> ########### [01;31m[Kxzl[m[K finishDispatchCycle: 1.16ms since event, 0.43ms since dispatch
W/INPUT   (  786): [01;31m[Kxzl[m[K: ====<86938> INPUT_GEN_EVENT: (faked - input hub generates the event)
W/APP     (  786): [01;31m[Kxzl[m[K: ===> APP_SEE_EVENT: ev hits user code: <86939>  {86938} since event: 1 ms
D/InputDispatcher(  194): <86939.23> ########### [01;31m[Kxzl[m[K finishDispatchCycle: 0.89ms since event, 0.34ms since dispatch
D/SurfaceFlinger(  117): <86941.56>  ----- [01;31m[Kxzl[m[K SF_AFTER_SWAP_FB (SurfaceFlinger::composeSurfaces() swap fb done)  ------
D/SurfaceFlinger(  117): <86941.68>  ----- [01;31m[Kxzl[m[K SF_BEFORE_SWAP_FB (SurfaceFlinger::composeSurfaces compose done, prepare to swap fb) ------
W/GLSurfaceView(  786): <86941.74>  --- [01;31m[Kxzl[m[K --- APP_AFTER_SWAP_FRAME (AFTER GLSurfaceView swap frame)
W/GLSurfaceView(  786): <86941.96>  --- [01;31m[Kxzl[m[K --- APP_BEFORE_DRAW_FRAME (BEFORE GLSurfaceView DrawFrame)
W/APP     (  786): [01;31m[Kxzl[m[K: ===> entering onDrawFrame: <86942> 
W/APP     (  786): [01;31m[Kxzl[m[K: ===> done onDrawFrame: <86942> 
W/GLSurfaceView(  786): <86942.35>  --- [01;31m[Kxzl[m[K --- APP_AFTER_DRAW_FRAME (AFTER GLSurfaceView DrawFrame)
W/GLSurfaceView(  786): <86942.47>  --- [01;31m[Kxzl[m[K --- APP_BEFORE_SWAP_FRAME (BEFORE GLSurfaceView swap frame)
D/SurfaceTextureClient(  786): <86942.75> [01;31m[Kxzl[m[K SurfaceTextureClient::queueBuffer
D/SurfaceFlinger(  117): <86942.84>  --- [01;31m[Kxzl[m[K SF_QUEUE_FRAME (Layer::onFrameQueued)
W/INPUT   (  786): [01;31m[Kxzl[m[K: ====<86948> INPUT_GEN_EVENT: (faked - input hub generates the event)
W/APP     (  786): [01;31m[Kxzl[m[K: ===> APP_SEE_EVENT: ev hits user code: <86949>  {86948} since event: 1 ms
D/InputDispatcher(  194): <86949.43> ########### [01;31m[Kxzl[m[K finishDispatchCycle: 1.13ms since event, 0.46ms since dispatch
D/SurfaceFlinger(  117): <86958.65>  ----- [01;31m[Kxzl[m[K SF_AFTER_SWAP_FB (SurfaceFlinger::composeSurfaces() swap fb done)  ------
D/SurfaceFlinger(  117): <86958.77>  ----- [01;31m[Kxzl[m[K SF_BEFORE_SWAP_FB (SurfaceFlinger::composeSurfaces compose done, prepare to swap fb) ------
W/INPUT   (  786): [01;31m[Kxzl[m[K: ====<86958> INPUT_GEN_EVENT: (faked - input hub generates the event)
W/APP     (  786): [01;31m[Kxzl[m[K: ===> APP_SEE_EVENT: ev hits user code: <86959>  {86958} since event: 1 ms
W/GLSurfaceView(  786): <86959.32>  --- [01;31m[Kxzl[m[K --- APP_AFTER_SWAP_FRAME (AFTER GLSurfaceView swap frame)
W/GLSurfaceView(  786): <86959.53>  --- [01;31m[Kxzl[m[K --- APP_BEFORE_DRAW_FRAME (BEFORE GLSurfaceView DrawFrame)
W/APP     (  786): [01;31m[Kxzl[m[K: ===> entering onDrawFrame: <86959> 
W/APP     (  786): [01;31m[Kxzl[m[K: ===> done onDrawFrame: <86959> 
W/GLSurfaceView(  786): <86959.96>  --- [01;31m[Kxzl[m[K --- APP_AFTER_DRAW_FRAME (AFTER GLSurfaceView DrawFrame)
W/GLSurfaceView(  786): <86960.14>  --- [01;31m[Kxzl[m[K --- APP_BEFORE_SWAP_FRAME (BEFORE GLSurfaceView swap frame)
D/InputDispatcher(  194): <86960.52> ########### [01;31m[Kxzl[m[K finishDispatchCycle: 2.44ms since event, 1.77ms since dispatch
D/SurfaceTextureClient(  786): <86960.57> [01;31m[Kxzl[m[K SurfaceTextureClient::queueBuffer
D/SurfaceFlinger(  117): <86960.66>  --- [01;31m[Kxzl[m[K SF_QUEUE_FRAME (Layer::onFrameQueued)
W/INPUT   (  786): [01;31m[Kxzl[m[K: ====<86967> INPUT_GEN_EVENT: (faked - input hub generates the event)
W/APP     (  786): [01;31m[Kxzl[m[K: ===> APP_SEE_EVENT: ev hits user code: <86968>  {86967} since event: 1 ms
D/InputDispatcher(  194): <86968.97> ########### [01;31m[Kxzl[m[K finishDispatchCycle: 1.22ms since event, 0.61ms since dispatch
D/SurfaceFlinger(  117): <86975.56>  ----- [01;31m[Kxzl[m[K SF_AFTER_SWAP_FB (SurfaceFlinger::composeSurfaces() swap fb done)  ------
D/SurfaceFlinger(  117): <86975.98>  ----- [01;31m[Kxzl[m[K SF_BEFORE_SWAP_FB (SurfaceFlinger::composeSurfaces compose done, prepare to swap fb) ------
W/GLSurfaceView(  786): <86976.01>  --- [01;31m[Kxzl[m[K --- APP_AFTER_SWAP_FRAME (AFTER GLSurfaceView swap frame)
W/GLSurfaceView(  786): <86976.32>  --- [01;31m[Kxzl[m[K --- APP_BEFORE_DRAW_FRAME (BEFORE GLSurfaceView DrawFrame)
W/APP     (  786): [01;31m[Kxzl[m[K: ===> entering onDrawFrame: <86976> 
W/APP     (  786): [01;31m[Kxzl[m[K: ===> done onDrawFrame: <86976> 
W/GLSurfaceView(  786): <86976.78>  --- [01;31m[Kxzl[m[K --- APP_AFTER_DRAW_FRAME (AFTER GLSurfaceView DrawFrame)
W/GLSurfaceView(  786): <86976.99>  --- [01;31m[Kxzl[m[K --- APP_BEFORE_SWAP_FRAME (BEFORE GLSurfaceView swap frame)
D/SurfaceTextureClient(  786): <86977.51> [01;31m[Kxzl[m[K SurfaceTextureClient::queueBuffer
D/SurfaceFlinger(  117): <86977.57>  --- [01;31m[Kxzl[m[K SF_QUEUE_FRAME (Layer::onFrameQueued)
W/INPUT   (  786): [01;31m[Kxzl[m[K: ====<86977> INPUT_GEN_EVENT: (faked - input hub generates the event)
W/APP     (  786): [01;31m[Kxzl[m[K: ===> APP_SEE_EVENT: ev hits user code: <86978>  {86977} since event: 1 ms
D/InputDispatcher(  194): <86978.91> ########### [01;31m[Kxzl[m[K finishDispatchCycle: 1.34ms since event, 0.49ms since dispatch
W/INPUT   (  786): [01;31m[Kxzl[m[K: ====<86987> INPUT_GEN_EVENT: (faked - input hub generates the event)
W/APP     (  786): [01;31m[Kxzl[m[K: ===> APP_SEE_EVENT: ev hits user code: <86988>  {86987} since event: 1 ms
D/InputDispatcher(  194): <86988.59> ########### [01;31m[Kxzl[m[K finishDispatchCycle: 1.37ms since event, 0.67ms since dispatch
D/SurfaceFlinger(  117): <86992.43>  ----- [01;31m[Kxzl[m[K SF_AFTER_SWAP_FB (SurfaceFlinger::composeSurfaces() swap fb done)  ------
D/SurfaceFlinger(  117): <86992.61>  ----- [01;31m[Kxzl[m[K SF_BEFORE_SWAP_FB (SurfaceFlinger::composeSurfaces compose done, prepare to swap fb) ------
W/GLSurfaceView(  786): <86992.74>  --- [01;31m[Kxzl[m[K --- APP_AFTER_SWAP_FRAME (AFTER GLSurfaceView swap frame)
W/GLSurfaceView(  786): <86992.98>  --- [01;31m[Kxzl[m[K --- APP_BEFORE_DRAW_FRAME (BEFORE GLSurfaceView DrawFrame)
W/APP     (  786): [01;31m[Kxzl[m[K: ===> entering onDrawFrame: <86993> 
W/APP     (  786): [01;31m[Kxzl[m[K: ===> done onDrawFrame: <86993> 
W/GLSurfaceView(  786): <86993.38>  --- [01;31m[Kxzl[m[K --- APP_AFTER_DRAW_FRAME (AFTER GLSurfaceView DrawFrame)
W/GLSurfaceView(  786): <86993.50>  --- [01;31m[Kxzl[m[K --- APP_BEFORE_SWAP_FRAME (BEFORE GLSurfaceView swap frame)
D/SurfaceTextureClient(  786): <86993.93> [01;31m[Kxzl[m[K SurfaceTextureClient::queueBuffer
D/SurfaceFlinger(  117): <86993.99>  --- [01;31m[Kxzl[m[K SF_QUEUE_FRAME (Layer::onFrameQueued)
W/INPUT   (  786): [01;31m[Kxzl[m[K: ====<86996> INPUT_GEN_EVENT: (faked - input hub generates the event)
W/APP     (  786): [01;31m[Kxzl[m[K: ===> APP_SEE_EVENT: ev hits user code: <86997>  {86996} since event: 1 ms
D/InputDispatcher(  194): <86997.77> ########### [01;31m[Kxzl[m[K finishDispatchCycle: 1.25ms since event, 0.46ms since dispatch
W/INPUT   (  786): [01;31m[Kxzl[m[K: ====<87004> INPUT_GEN_EVENT: (faked - input hub generates the event)
W/APP     (  786): [01;31m[Kxzl[m[K: ===> APP_SEE_EVENT: ev hits user code: <87005>  {87004} since event: 1 ms
D/InputDispatcher(  194): <87005.92> ########### [01;31m[Kxzl[m[K finishDispatchCycle: 0.98ms since event, 0.40ms since dispatch
D/SurfaceFlinger(  117): <87009.37>  ----- [01;31m[Kxzl[m[K SF_AFTER_SWAP_FB (SurfaceFlinger::composeSurfaces() swap fb done)  ------
D/SurfaceFlinger(  117): <87009.49>  ----- [01;31m[Kxzl[m[K SF_BEFORE_SWAP_FB (SurfaceFlinger::composeSurfaces compose done, prepare to swap fb) ------
W/GLSurfaceView(  786): <87009.55>  --- [01;31m[Kxzl[m[K --- APP_AFTER_SWAP_FRAME (AFTER GLSurfaceView swap frame)
W/GLSurfaceView(  786): <87009.77>  --- [01;31m[Kxzl[m[K --- APP_BEFORE_DRAW_FRAME (BEFORE GLSurfaceView DrawFrame)
W/APP     (  786): [01;31m[Kxzl[m[K: ===> entering onDrawFrame: <87009> 
W/APP     (  786): [01;31m[Kxzl[m[K: ===> done onDrawFrame: <87009> 
W/GLSurfaceView(  786): <87010.25>  --- [01;31m[Kxzl[m[K --- APP_AFTER_DRAW_FRAME (AFTER GLSurfaceView DrawFrame)
W/GLSurfaceView(  786): <87010.41>  --- [01;31m[Kxzl[m[K --- APP_BEFORE_SWAP_FRAME (BEFORE GLSurfaceView swap frame)
D/SurfaceTextureClient(  786): <87010.86> [01;31m[Kxzl[m[K SurfaceTextureClient::queueBuffer
D/SurfaceFlinger(  117): <87010.93>  --- [01;31m[Kxzl[m[K SF_QUEUE_FRAME (Layer::onFrameQueued)
D/SurfaceFlinger(  117): <87026.34>  ----- [01;31m[Kxzl[m[K SF_AFTER_SWAP_FB (SurfaceFlinger::composeSurfaces() swap fb done)  ------
D/SurfaceFlinger(  117): <87026.46>  ----- [01;31m[Kxzl[m[K SF_BEFORE_SWAP_FB (SurfaceFlinger::composeSurfaces compose done, prepare to swap fb) ------
W/GLSurfaceView(  786): <87026.49>  --- [01;31m[Kxzl[m[K --- APP_AFTER_SWAP_FRAME (AFTER GLSurfaceView swap frame)
D/SurfaceFlinger(  117): <87043.30>  ----- [01;31m[Kxzl[m[K SF_AFTER_SWAP_FB (SurfaceFlinger::composeSurfaces() swap fb done)  ------
I/SurfaceFlinger(  117): ------- [01;31m[Kxzl[m[K SurfaceFlinger::repaintEverything()
D/SurfaceFlinger(  117): <87278.75>  ----- [01;31m[Kxzl[m[K SF_BEFORE_SWAP_FB (SurfaceFlinger::composeSurfaces compose done, prepare to swap fb) ------
D/SurfaceFlinger(  117): <87286.53>  ----- [01;31m[Kxzl[m[K SF_AFTER_SWAP_FB (SurfaceFlinger::composeSurfaces() swap fb done)  ------
W/ViewRootImpl(  265): <87355.65>  [01;31m[Kxzl[m[K --------- begin performTraversals -------
D/SurfaceTextureClient(  265): <87362.18> [01;31m[Kxzl[m[K SurfaceTextureClient::queueBuffer
D/SurfaceFlinger(  117): <87362.91>  --- [01;31m[Kxzl[m[K SF_QUEUE_FRAME (Layer::onFrameQueued)
D/SurfaceFlinger(  117): <87363.92>  ----- [01;31m[Kxzl[m[K SF_BEFORE_SWAP_FB (SurfaceFlinger::composeSurfaces compose done, prepare to swap fb) ------
W/HardwareRenderer(  265): <87366.03>  --- [01;31m[Kxzl[m[K HardwareRender.java --- done eglSwapBuffers, exiting draw()
W/ViewRootImpl(  265): <87367.95>  ---- [01;31m[Kxzl[m[K ---- exiting performTraversals()
D/SurfaceFlinger(  117): <87371.55>  ----- [01;31m[Kxzl[m[K SF_AFTER_SWAP_FB (SurfaceFlinger::composeSurfaces() swap fb done)  ------
I/SurfaceFlinger(  117): ------- [01;31m[Kxzl[m[K SurfaceFlinger::repaintEverything()
D/SurfaceFlinger(  117): <87623.57>  ----- [01;31m[Kxzl[m[K SF_BEFORE_SWAP_FB (SurfaceFlinger::composeSurfaces compose done, prepare to swap fb) ------
D/SurfaceFlinger(  117): <87631.47>  ----- [01;31m[Kxzl[m[K SF_AFTER_SWAP_FB (SurfaceFlinger::composeSurfaces() swap fb done)  ------
W/ViewRootImpl(  265): <88356.41>  [01;31m[Kxzl[m[K --------- begin performTraversals -------
D/SurfaceTextureClient(  265): <88359.01> [01;31m[Kxzl[m[K SurfaceTextureClient::queueBuffer
D/SurfaceFlinger(  117): <88359.25>  --- [01;31m[Kxzl[m[K SF_QUEUE_FRAME (Layer::onFrameQueued)
D/SurfaceFlinger(  117): <88359.62>  ----- [01;31m[Kxzl[m[K SF_BEFORE_SWAP_FB (SurfaceFlinger::composeSurfaces compose done, prepare to swap fb) ------
W/HardwareRenderer(  265): <88360.05>  --- [01;31m[Kxzl[m[K HardwareRender.java --- done eglSwapBuffers, exiting draw()
W/ViewRootImpl(  265): <88360.60>  ---- [01;31m[Kxzl[m[K ---- exiting performTraversals()
D/SurfaceFlinger(  117): <88365.66>  ----- [01;31m[Kxzl[m[K SF_AFTER_SWAP_FB (SurfaceFlinger::composeSurfaces() swap fb done)  ------
I/SurfaceFlinger(  117): ------- [01;31m[Kxzl[m[K SurfaceFlinger::repaintEverything()
D/SurfaceFlinger(  117): <88616.52>  ----- [01;31m[Kxzl[m[K SF_BEFORE_SWAP_FB (SurfaceFlinger::composeSurfaces compose done, prepare to swap fb) ------
D/SurfaceFlinger(  117): <88624.08>  ----- [01;31m[Kxzl[m[K SF_AFTER_SWAP_FB (SurfaceFlinger::composeSurfaces() swap fb done)  ------
