W/INPUT   (  786): [01;31m[Kxzl[m[K: ====<84201> INPUT_GEN_EVENT: (faked - input hub generates the event)
W/APP     (  786): [01;31m[Kxzl[m[K: ===> APP_SEE_EVENT: ev hits user code: <84205>  {84201} since event: 4 ms
D/InputDispatcher(  194): <84206.17> ########### [01;31m[Kxzl[m[K finishDispatchCycle: 4.40ms since event, 2.72ms since dispatch
W/INPUT   (  786): [01;31m[Kxzl[m[K: ====<84211> INPUT_GEN_EVENT: (faked - input hub generates the event)
W/APP     (  786): [01;31m[Kxzl[m[K: ===> APP_SEE_EVENT: ev hits user code: <84213>  {84211} since event: 2 ms
D/InputDispatcher(  194): <84213.28> ########### [01;31m[Kxzl[m[K finishDispatchCycle: 1.31ms since event, 0.52ms since dispatch
W/GLSurfaceView(  786): <84213.38>  --- [01;31m[Kxzl[m[K --- APP_BEFORE_DRAW_FRAME (BEFORE GLSurfaceView DrawFrame)
W/APP     (  786): [01;31m[Kxzl[m[K: ===> entering onDrawFrame: <84213> 
W/APP     (  786): [01;31m[Kxzl[m[K: ===> done onDrawFrame: <84213> 
W/GLSurfaceView(  786): <84214.29>  --- [01;31m[Kxzl[m[K --- APP_AFTER_DRAW_FRAME (AFTER GLSurfaceView DrawFrame)
W/GLSurfaceView(  786): <84214.51>  --- [01;31m[Kxzl[m[K --- APP_BEFORE_SWAP_FRAME (BEFORE GLSurfaceView swap frame)
D/SurfaceTextureClient(  786): <84215.16> [01;31m[Kxzl[m[K SurfaceTextureClient::queueBuffer
D/SurfaceFlinger(  117): <84215.45>  --- [01;31m[Kxzl[m[K SF_QUEUE_FRAME (Layer::onFrameQueued)
D/SurfaceFlinger(  117): <84215.88>  ----- [01;31m[Kxzl[m[K SF_BEFORE_SWAP_FB (SurfaceFlinger::composeSurfaces compose done, prepare to swap fb) ------
W/GLSurfaceView(  786): <84215.82>  --- [01;31m[Kxzl[m[K --- APP_AFTER_SWAP_FRAME (AFTER GLSurfaceView swap frame)
W/INPUT   (  786): [01;31m[Kxzl[m[K: ====<84220> INPUT_GEN_EVENT: (faked - input hub generates the event)
W/APP     (  786): [01;31m[Kxzl[m[K: ===> APP_SEE_EVENT: ev hits user code: <84221>  {84220} since event: 1 ms
D/InputDispatcher(  194): <84221.86> ########### [01;31m[Kxzl[m[K finishDispatchCycle: 1.28ms since event, 0.61ms since dispatch
W/GLSurfaceView(  786): <84221.95>  --- [01;31m[Kxzl[m[K --- APP_BEFORE_DRAW_FRAME (BEFORE GLSurfaceView DrawFrame)
W/APP     (  786): [01;31m[Kxzl[m[K: ===> entering onDrawFrame: <84222> 
W/APP     (  786): [01;31m[Kxzl[m[K: ===> done onDrawFrame: <84222> 
W/GLSurfaceView(  786): <84222.50>  --- [01;31m[Kxzl[m[K --- APP_AFTER_DRAW_FRAME (AFTER GLSurfaceView DrawFrame)
W/GLSurfaceView(  786): <84222.69>  --- [01;31m[Kxzl[m[K --- APP_BEFORE_SWAP_FRAME (BEFORE GLSurfaceView swap frame)
D/SurfaceTextureClient(  786): <84223.17> [01;31m[Kxzl[m[K SurfaceTextureClient::queueBuffer
D/SurfaceFlinger(  117): <84223.30>  --- [01;31m[Kxzl[m[K SF_QUEUE_FRAME (Layer::onFrameQueued)
D/SurfaceFlinger(  117): <84223.88>  ----- [01;31m[Kxzl[m[K SF_AFTER_SWAP_FB (SurfaceFlinger::composeSurfaces() swap fb done)  ------
D/SurfaceFlinger(  117): <84224.03>  ----- [01;31m[Kxzl[m[K SF_BEFORE_SWAP_FB (SurfaceFlinger::composeSurfaces compose done, prepare to swap fb) ------
W/GLSurfaceView(  786): <84224.43>  --- [01;31m[Kxzl[m[K --- APP_AFTER_SWAP_FRAME (AFTER GLSurfaceView swap frame)
D/SurfaceFlinger(  117): <84230.16>  ----- [01;31m[Kxzl[m[K SF_AFTER_SWAP_FB (SurfaceFlinger::composeSurfaces() swap fb done)  ------
W/INPUT   (  786): [01;31m[Kxzl[m[K: ====<84230> INPUT_GEN_EVENT: (faked - input hub generates the event)
W/APP     (  786): [01;31m[Kxzl[m[K: ===> APP_SEE_EVENT: ev hits user code: <84232>  {84230} since event: 2 ms
D/InputDispatcher(  194): <84232.42> ########### [01;31m[Kxzl[m[K finishDispatchCycle: 2.26ms since event, 1.34ms since dispatch
W/GLSurfaceView(  786): <84232.94>  --- [01;31m[Kxzl[m[K --- APP_BEFORE_DRAW_FRAME (BEFORE GLSurfaceView DrawFrame)
W/APP     (  786): [01;31m[Kxzl[m[K: ===> entering onDrawFrame: <84233> 
W/APP     (  786): [01;31m[Kxzl[m[K: ===> done onDrawFrame: <84233> 
W/GLSurfaceView(  786): <84234.01>  --- [01;31m[Kxzl[m[K --- APP_AFTER_DRAW_FRAME (AFTER GLSurfaceView DrawFrame)
W/GLSurfaceView(  786): <84234.68>  --- [01;31m[Kxzl[m[K --- APP_BEFORE_SWAP_FRAME (BEFORE GLSurfaceView swap frame)
D/SurfaceTextureClient(  786): <84235.23> [01;31m[Kxzl[m[K SurfaceTextureClient::queueBuffer
D/SurfaceFlinger(  117): <84235.53>  --- [01;31m[Kxzl[m[K SF_QUEUE_FRAME (Layer::onFrameQueued)
D/SurfaceFlinger(  117): <84235.69>  ----- [01;31m[Kxzl[m[K SF_BEFORE_SWAP_FB (SurfaceFlinger::composeSurfaces compose done, prepare to swap fb) ------
W/GLSurfaceView(  786): <84238.10>  --- [01;31m[Kxzl[m[K --- APP_AFTER_SWAP_FRAME (AFTER GLSurfaceView swap frame)
W/INPUT   (  786): [01;31m[Kxzl[m[K: ====<84240> INPUT_GEN_EVENT: (faked - input hub generates the event)
W/APP     (  786): [01;31m[Kxzl[m[K: ===> APP_SEE_EVENT: ev hits user code: <84241>  {84240} since event: 1 ms
D/InputDispatcher(  194): <84241.60> ########### [01;31m[Kxzl[m[K finishDispatchCycle: 1.59ms since event, 0.89ms since dispatch
W/GLSurfaceView(  786): <84243.16>  --- [01;31m[Kxzl[m[K --- APP_BEFORE_DRAW_FRAME (BEFORE GLSurfaceView DrawFrame)
W/APP     (  786): [01;31m[Kxzl[m[K: ===> entering onDrawFrame: <84244> 
W/APP     (  786): [01;31m[Kxzl[m[K: ===> done onDrawFrame: <84244> 
W/GLSurfaceView(  786): <84244.90>  --- [01;31m[Kxzl[m[K --- APP_AFTER_DRAW_FRAME (AFTER GLSurfaceView DrawFrame)
D/SurfaceFlinger(  117): <84245.70>  ----- [01;31m[Kxzl[m[K SF_AFTER_SWAP_FB (SurfaceFlinger::composeSurfaces() swap fb done)  ------
W/GLSurfaceView(  786): <84245.36>  --- [01;31m[Kxzl[m[K --- APP_BEFORE_SWAP_FRAME (BEFORE GLSurfaceView swap frame)
D/SurfaceTextureClient(  786): <84249.91> [01;31m[Kxzl[m[K SurfaceTextureClient::queueBuffer
W/INPUT   (  786): [01;31m[Kxzl[m[K: ====<84249> INPUT_GEN_EVENT: (faked - input hub generates the event)
W/APP     (  786): [01;31m[Kxzl[m[K: ===> APP_SEE_EVENT: ev hits user code: <84250>  {84249} since event: 1 ms
D/InputDispatcher(  194): <84250.82> ########### [01;31m[Kxzl[m[K finishDispatchCycle: 1.22ms since event, 0.52ms since dispatch
D/SurfaceFlinger(  117): <84252.11>  --- [01;31m[Kxzl[m[K SF_QUEUE_FRAME (Layer::onFrameQueued)
D/SurfaceFlinger(  117): <84252.23>  ----- [01;31m[Kxzl[m[K SF_BEFORE_SWAP_FB (SurfaceFlinger::composeSurfaces compose done, prepare to swap fb) ------
W/GLSurfaceView(  786): <84253.14>  --- [01;31m[Kxzl[m[K --- APP_AFTER_SWAP_FRAME (AFTER GLSurfaceView swap frame)
W/GLSurfaceView(  786): <84253.75>  --- [01;31m[Kxzl[m[K --- APP_BEFORE_DRAW_FRAME (BEFORE GLSurfaceView DrawFrame)
W/APP     (  786): [01;31m[Kxzl[m[K: ===> entering onDrawFrame: <84254> 
W/APP     (  786): [01;31m[Kxzl[m[K: ===> done onDrawFrame: <84254> 
W/GLSurfaceView(  786): <84254.94>  --- [01;31m[Kxzl[m[K --- APP_AFTER_DRAW_FRAME (AFTER GLSurfaceView DrawFrame)
W/GLSurfaceView(  786): <84255.28>  --- [01;31m[Kxzl[m[K --- APP_BEFORE_SWAP_FRAME (BEFORE GLSurfaceView swap frame)
D/SurfaceTextureClient(  786): <84257.70> [01;31m[Kxzl[m[K SurfaceTextureClient::queueBuffer
W/INPUT   (  786): [01;31m[Kxzl[m[K: ====<84259> INPUT_GEN_EVENT: (faked - input hub generates the event)
W/APP     (  786): [01;31m[Kxzl[m[K: ===> APP_SEE_EVENT: ev hits user code: <84260>  {84259} since event: 1 ms
D/InputDispatcher(  194): <84260.56> ########### [01;31m[Kxzl[m[K finishDispatchCycle: 1.16ms since event, 0.52ms since dispatch
D/SurfaceFlinger(  117): <84262.42>  --- [01;31m[Kxzl[m[K SF_QUEUE_FRAME (Layer::onFrameQueued)
D/SurfaceFlinger(  117): <84262.63>  ----- [01;31m[Kxzl[m[K SF_AFTER_SWAP_FB (SurfaceFlinger::composeSurfaces() swap fb done)  ------
D/SurfaceFlinger(  117): <84262.76>  ----- [01;31m[Kxzl[m[K SF_BEFORE_SWAP_FB (SurfaceFlinger::composeSurfaces compose done, prepare to swap fb) ------
W/GLSurfaceView(  786): <84263.52>  --- [01;31m[Kxzl[m[K --- APP_AFTER_SWAP_FRAME (AFTER GLSurfaceView swap frame)
W/GLSurfaceView(  786): <84263.70>  --- [01;31m[Kxzl[m[K --- APP_BEFORE_DRAW_FRAME (BEFORE GLSurfaceView DrawFrame)
W/APP     (  786): [01;31m[Kxzl[m[K: ===> entering onDrawFrame: <84263> 
W/APP     (  786): [01;31m[Kxzl[m[K: ===> done onDrawFrame: <84263> 
W/GLSurfaceView(  786): <84264.07>  --- [01;31m[Kxzl[m[K --- APP_AFTER_DRAW_FRAME (AFTER GLSurfaceView DrawFrame)
W/GLSurfaceView(  786): <84264.19>  --- [01;31m[Kxzl[m[K --- APP_BEFORE_SWAP_FRAME (BEFORE GLSurfaceView swap frame)
D/SurfaceTextureClient(  786): <84265.50> [01;31m[Kxzl[m[K SurfaceTextureClient::queueBuffer
D/SurfaceFlinger(  117): <84265.56>  --- [01;31m[Kxzl[m[K SF_QUEUE_FRAME (Layer::onFrameQueued)
W/INPUT   (  786): [01;31m[Kxzl[m[K: ====<84269> INPUT_GEN_EVENT: (faked - input hub generates the event)
W/APP     (  786): [01;31m[Kxzl[m[K: ===> APP_SEE_EVENT: ev hits user code: <84270>  {84269} since event: 1 ms
D/InputDispatcher(  194): <84270.23> ########### [01;31m[Kxzl[m[K finishDispatchCycle: 1.13ms since event, 0.46ms since dispatch
D/SurfaceFlinger(  117): <84279.57>  ----- [01;31m[Kxzl[m[K SF_AFTER_SWAP_FB (SurfaceFlinger::composeSurfaces() swap fb done)  ------
D/SurfaceFlinger(  117): <84279.69>  ----- [01;31m[Kxzl[m[K SF_BEFORE_SWAP_FB (SurfaceFlinger::composeSurfaces compose done, prepare to swap fb) ------
W/INPUT   (  786): [01;31m[Kxzl[m[K: ====<84278> INPUT_GEN_EVENT: (faked - input hub generates the event)
W/APP     (  786): [01;31m[Kxzl[m[K: ===> APP_SEE_EVENT: ev hits user code: <84279>  {84278} since event: 1 ms
D/InputDispatcher(  194): <84279.91> ########### [01;31m[Kxzl[m[K finishDispatchCycle: 1.13ms since event, 0.46ms since dispatch
W/GLSurfaceView(  786): <84279.91>  --- [01;31m[Kxzl[m[K --- APP_AFTER_SWAP_FRAME (AFTER GLSurfaceView swap frame)
W/GLSurfaceView(  786): <84280.12>  --- [01;31m[Kxzl[m[K --- APP_BEFORE_DRAW_FRAME (BEFORE GLSurfaceView DrawFrame)
W/APP     (  786): [01;31m[Kxzl[m[K: ===> entering onDrawFrame: <84280> 
W/APP     (  786): [01;31m[Kxzl[m[K: ===> done onDrawFrame: <84280> 
W/GLSurfaceView(  786): <84280.49>  --- [01;31m[Kxzl[m[K --- APP_AFTER_DRAW_FRAME (AFTER GLSurfaceView DrawFrame)
W/GLSurfaceView(  786): <84280.64>  --- [01;31m[Kxzl[m[K --- APP_BEFORE_SWAP_FRAME (BEFORE GLSurfaceView swap frame)
D/SurfaceTextureClient(  786): <84281.40> [01;31m[Kxzl[m[K SurfaceTextureClient::queueBuffer
D/SurfaceFlinger(  117): <84281.49>  --- [01;31m[Kxzl[m[K SF_QUEUE_FRAME (Layer::onFrameQueued)
W/INPUT   (  786): [01;31m[Kxzl[m[K: ====<84288> INPUT_GEN_EVENT: (faked - input hub generates the event)
W/APP     (  786): [01;31m[Kxzl[m[K: ===> APP_SEE_EVENT: ev hits user code: <84289>  {84288} since event: 1 ms
D/InputDispatcher(  194): <84289.73> ########### [01;31m[Kxzl[m[K finishDispatchCycle: 1.19ms since event, 0.55ms since dispatch
D/SurfaceFlinger(  117): <84296.69>  ----- [01;31m[Kxzl[m[K SF_AFTER_SWAP_FB (SurfaceFlinger::composeSurfaces() swap fb done)  ------
D/SurfaceFlinger(  117): <84298.34>  ----- [01;31m[Kxzl[m[K SF_BEFORE_SWAP_FB (SurfaceFlinger::composeSurfaces compose done, prepare to swap fb) ------
W/GLSurfaceView(  786): <84298.40>  --- [01;31m[Kxzl[m[K --- APP_AFTER_SWAP_FRAME (AFTER GLSurfaceView swap frame)
W/GLSurfaceView(  786): <84298.77>  --- [01;31m[Kxzl[m[K --- APP_BEFORE_DRAW_FRAME (BEFORE GLSurfaceView DrawFrame)
W/APP     (  786): [01;31m[Kxzl[m[K: ===> entering onDrawFrame: <84299> 
W/INPUT   (  786): [01;31m[Kxzl[m[K: ====<84298> INPUT_GEN_EVENT: (faked - input hub generates the event)
W/APP     (  786): [01;31m[Kxzl[m[K: ===> APP_SEE_EVENT: ev hits user code: <84299>  {84298} since event: 1 ms
D/InputDispatcher(  194): <84299.25> ########### [01;31m[Kxzl[m[K finishDispatchCycle: 1.04ms since event, 0.46ms since dispatch
W/APP     (  786): [01;31m[Kxzl[m[K: ===> done onDrawFrame: <84299> 
W/GLSurfaceView(  786): <84299.35>  --- [01;31m[Kxzl[m[K --- APP_AFTER_DRAW_FRAME (AFTER GLSurfaceView DrawFrame)
W/GLSurfaceView(  786): <84299.50>  --- [01;31m[Kxzl[m[K --- APP_BEFORE_SWAP_FRAME (BEFORE GLSurfaceView swap frame)
D/SurfaceTextureClient(  786): <84300.23> [01;31m[Kxzl[m[K SurfaceTextureClient::queueBuffer
D/SurfaceFlinger(  117): <84300.29>  --- [01;31m[Kxzl[m[K SF_QUEUE_FRAME (Layer::onFrameQueued)
W/INPUT   (  786): [01;31m[Kxzl[m[K: ====<84307> INPUT_GEN_EVENT: (faked - input hub generates the event)
W/APP     (  786): [01;31m[Kxzl[m[K: ===> APP_SEE_EVENT: ev hits user code: <84309>  {84307} since event: 2 ms
D/InputDispatcher(  194): <84309.33> ########### [01;31m[Kxzl[m[K finishDispatchCycle: 1.34ms since event, 0.70ms since dispatch
D/SurfaceFlinger(  117): <84313.51>  ----- [01;31m[Kxzl[m[K SF_AFTER_SWAP_FB (SurfaceFlinger::composeSurfaces() swap fb done)  ------
D/SurfaceFlinger(  117): <84313.69>  ----- [01;31m[Kxzl[m[K SF_BEFORE_SWAP_FB (SurfaceFlinger::composeSurfaces compose done, prepare to swap fb) ------
W/GLSurfaceView(  786): <84313.72>  --- [01;31m[Kxzl[m[K --- APP_AFTER_SWAP_FRAME (AFTER GLSurfaceView swap frame)
W/GLSurfaceView(  786): <84314.00>  --- [01;31m[Kxzl[m[K --- APP_BEFORE_DRAW_FRAME (BEFORE GLSurfaceView DrawFrame)
W/APP     (  786): [01;31m[Kxzl[m[K: ===> entering onDrawFrame: <84314> 
W/APP     (  786): [01;31m[Kxzl[m[K: ===> done onDrawFrame: <84314> 
W/GLSurfaceView(  786): <84314.45>  --- [01;31m[Kxzl[m[K --- APP_AFTER_DRAW_FRAME (AFTER GLSurfaceView DrawFrame)
W/GLSurfaceView(  786): <84314.61>  --- [01;31m[Kxzl[m[K --- APP_BEFORE_SWAP_FRAME (BEFORE GLSurfaceView swap frame)
D/SurfaceTextureClient(  786): <84314.97> [01;31m[Kxzl[m[K SurfaceTextureClient::queueBuffer
D/SurfaceFlinger(  117): <84315.92>  --- [01;31m[Kxzl[m[K SF_QUEUE_FRAME (Layer::onFrameQueued)
W/INPUT   (  786): [01;31m[Kxzl[m[K: ====<84317> INPUT_GEN_EVENT: (faked - input hub generates the event)
W/APP     (  786): [01;31m[Kxzl[m[K: ===> APP_SEE_EVENT: ev hits user code: <84319>  {84317} since event: 2 ms
D/InputDispatcher(  194): <84319.70> ########### [01;31m[Kxzl[m[K finishDispatchCycle: 1.83ms since event, 1.10ms since dispatch
W/INPUT   (  786): [01;31m[Kxzl[m[K: ====<84327> INPUT_GEN_EVENT: (faked - input hub generates the event)
W/APP     (  786): [01;31m[Kxzl[m[K: ===> APP_SEE_EVENT: ev hits user code: <84328>  {84327} since event: 1 ms
D/InputDispatcher(  194): <84328.52> ########### [01;31m[Kxzl[m[K finishDispatchCycle: 1.10ms since event, 0.52ms since dispatch
D/SurfaceFlinger(  117): <84330.51>  ----- [01;31m[Kxzl[m[K SF_AFTER_SWAP_FB (SurfaceFlinger::composeSurfaces() swap fb done)  ------
D/SurfaceFlinger(  117): <84330.66>  ----- [01;31m[Kxzl[m[K SF_BEFORE_SWAP_FB (SurfaceFlinger::composeSurfaces compose done, prepare to swap fb) ------
W/GLSurfaceView(  786): <84330.69>  --- [01;31m[Kxzl[m[K --- APP_AFTER_SWAP_FRAME (AFTER GLSurfaceView swap frame)
W/GLSurfaceView(  786): <84330.90>  --- [01;31m[Kxzl[m[K --- APP_BEFORE_DRAW_FRAME (BEFORE GLSurfaceView DrawFrame)
W/APP     (  786): [01;31m[Kxzl[m[K: ===> entering onDrawFrame: <84331> 
W/APP     (  786): [01;31m[Kxzl[m[K: ===> done onDrawFrame: <84331> 
W/GLSurfaceView(  786): <84331.33>  --- [01;31m[Kxzl[m[K --- APP_AFTER_DRAW_FRAME (AFTER GLSurfaceView DrawFrame)
W/GLSurfaceView(  786): <84331.45>  --- [01;31m[Kxzl[m[K --- APP_BEFORE_SWAP_FRAME (BEFORE GLSurfaceView swap frame)
D/SurfaceTextureClient(  786): <84331.79> [01;31m[Kxzl[m[K SurfaceTextureClient::queueBuffer
D/SurfaceFlinger(  117): <84331.85>  --- [01;31m[Kxzl[m[K SF_QUEUE_FRAME (Layer::onFrameQueued)
W/INPUT   (  786): [01;31m[Kxzl[m[K: ====<84337> INPUT_GEN_EVENT: (faked - input hub generates the event)
W/APP     (  786): [01;31m[Kxzl[m[K: ===> APP_SEE_EVENT: ev hits user code: <84337>  {84337} since event: 0 ms
D/InputDispatcher(  194): <84338.16> ########### [01;31m[Kxzl[m[K finishDispatchCycle: 1.07ms since event, 0.46ms since dispatch
D/SurfaceFlinger(  117): <84347.56>  ----- [01;31m[Kxzl[m[K SF_AFTER_SWAP_FB (SurfaceFlinger::composeSurfaces() swap fb done)  ------
D/SurfaceFlinger(  117): <84347.69>  ----- [01;31m[Kxzl[m[K SF_BEFORE_SWAP_FB (SurfaceFlinger::composeSurfaces compose done, prepare to swap fb) ------
W/GLSurfaceView(  786): <84347.93>  --- [01;31m[Kxzl[m[K --- APP_AFTER_SWAP_FRAME (AFTER GLSurfaceView swap frame)
W/GLSurfaceView(  786): <84348.14>  --- [01;31m[Kxzl[m[K --- APP_BEFORE_DRAW_FRAME (BEFORE GLSurfaceView DrawFrame)
W/APP     (  786): [01;31m[Kxzl[m[K: ===> entering onDrawFrame: <84348> 
W/INPUT   (  786): [01;31m[Kxzl[m[K: ====<84346> INPUT_GEN_EVENT: (faked - input hub generates the event)
W/APP     (  786): [01;31m[Kxzl[m[K: ===> APP_SEE_EVENT: ev hits user code: <84348>  {84346} since event: 2 ms
W/APP     (  786): [01;31m[Kxzl[m[K: ===> done onDrawFrame: <84348> 
D/InputDispatcher(  194): <84348.54> ########### [01;31m[Kxzl[m[K finishDispatchCycle: 1.62ms since event, 0.46ms since dispatch
W/GLSurfaceView(  786): <84348.57>  --- [01;31m[Kxzl[m[K --- APP_AFTER_DRAW_FRAME (AFTER GLSurfaceView DrawFrame)
W/GLSurfaceView(  786): <84348.69>  --- [01;31m[Kxzl[m[K --- APP_BEFORE_SWAP_FRAME (BEFORE GLSurfaceView swap frame)
D/SurfaceTextureClient(  786): <84349.00> [01;31m[Kxzl[m[K SurfaceTextureClient::queueBuffer
D/SurfaceFlinger(  117): <84349.09>  --- [01;31m[Kxzl[m[K SF_QUEUE_FRAME (Layer::onFrameQueued)
W/INPUT   (  786): [01;31m[Kxzl[m[K: ====<84356> INPUT_GEN_EVENT: (faked - input hub generates the event)
W/APP     (  786): [01;31m[Kxzl[m[K: ===> APP_SEE_EVENT: ev hits user code: <84357>  {84356} since event: 1 ms
D/InputDispatcher(  194): <84358.03> ########### [01;31m[Kxzl[m[K finishDispatchCycle: 1.28ms since event, 0.55ms since dispatch
D/SurfaceFlinger(  117): <84364.59>  ----- [01;31m[Kxzl[m[K SF_AFTER_SWAP_FB (SurfaceFlinger::composeSurfaces() swap fb done)  ------
D/SurfaceFlinger(  117): <84364.99>  ----- [01;31m[Kxzl[m[K SF_BEFORE_SWAP_FB (SurfaceFlinger::composeSurfaces compose done, prepare to swap fb) ------
W/GLSurfaceView(  786): <84365.02>  --- [01;31m[Kxzl[m[K --- APP_AFTER_SWAP_FRAME (AFTER GLSurfaceView swap frame)
W/GLSurfaceView(  786): <84365.26>  --- [01;31m[Kxzl[m[K --- APP_BEFORE_DRAW_FRAME (BEFORE GLSurfaceView DrawFrame)
W/APP     (  786): [01;31m[Kxzl[m[K: ===> entering onDrawFrame: <84365> 
W/APP     (  786): [01;31m[Kxzl[m[K: ===> done onDrawFrame: <84365> 
W/GLSurfaceView(  786): <84366.73>  --- [01;31m[Kxzl[m[K --- APP_AFTER_DRAW_FRAME (AFTER GLSurfaceView DrawFrame)
W/GLSurfaceView(  786): <84366.91>  --- [01;31m[Kxzl[m[K --- APP_BEFORE_SWAP_FRAME (BEFORE GLSurfaceView swap frame)
D/SurfaceTextureClient(  786): <84367.65> [01;31m[Kxzl[m[K SurfaceTextureClient::queueBuffer
W/INPUT   (  786): [01;31m[Kxzl[m[K: ====<84366> INPUT_GEN_EVENT: (faked - input hub generates the event)
W/APP     (  786): [01;31m[Kxzl[m[K: ===> APP_SEE_EVENT: ev hits user code: <84367>  {84366} since event: 1 ms
D/InputDispatcher(  194): <84368.10> ########### [01;31m[Kxzl[m[K finishDispatchCycle: 1.56ms since event, 0.67ms since dispatch
D/SurfaceFlinger(  117): <84368.22>  --- [01;31m[Kxzl[m[K SF_QUEUE_FRAME (Layer::onFrameQueued)
W/INPUT   (  786): [01;31m[Kxzl[m[K: ====<84376> INPUT_GEN_EVENT: (faked - input hub generates the event)
W/APP     (  786): [01;31m[Kxzl[m[K: ===> APP_SEE_EVENT: ev hits user code: <84377>  {84376} since event: 1 ms
D/InputDispatcher(  194): <84377.47> ########### [01;31m[Kxzl[m[K finishDispatchCycle: 1.25ms since event, 0.58ms since dispatch
D/SurfaceFlinger(  117): <84381.35>  ----- [01;31m[Kxzl[m[K SF_AFTER_SWAP_FB (SurfaceFlinger::composeSurfaces() swap fb done)  ------
D/SurfaceFlinger(  117): <84381.53>  ----- [01;31m[Kxzl[m[K SF_BEFORE_SWAP_FB (SurfaceFlinger::composeSurfaces compose done, prepare to swap fb) ------
W/GLSurfaceView(  786): <84381.65>  --- [01;31m[Kxzl[m[K --- APP_AFTER_SWAP_FRAME (AFTER GLSurfaceView swap frame)
W/GLSurfaceView(  786): <84381.93>  --- [01;31m[Kxzl[m[K --- APP_BEFORE_DRAW_FRAME (BEFORE GLSurfaceView DrawFrame)
W/APP     (  786): [01;31m[Kxzl[m[K: ===> entering onDrawFrame: <84382> 
W/APP     (  786): [01;31m[Kxzl[m[K: ===> done onDrawFrame: <84382> 
W/GLSurfaceView(  786): <84382.48>  --- [01;31m[Kxzl[m[K --- APP_AFTER_DRAW_FRAME (AFTER GLSurfaceView DrawFrame)
W/GLSurfaceView(  786): <84382.66>  --- [01;31m[Kxzl[m[K --- APP_BEFORE_SWAP_FRAME (BEFORE GLSurfaceView swap frame)
D/SurfaceTextureClient(  786): <84383.76> [01;31m[Kxzl[m[K SurfaceTextureClient::queueBuffer
D/SurfaceFlinger(  117): <84384.37>  --- [01;31m[Kxzl[m[K SF_QUEUE_FRAME (Layer::onFrameQueued)
W/INPUT   (  786): [01;31m[Kxzl[m[K: ====<84386> INPUT_GEN_EVENT: (faked - input hub generates the event)
W/APP     (  786): [01;31m[Kxzl[m[K: ===> APP_SEE_EVENT: ev hits user code: <84387>  {84386} since event: 1 ms
D/InputDispatcher(  194): <84387.27> ########### [01;31m[Kxzl[m[K finishDispatchCycle: 1.19ms since event, 0.52ms since dispatch
W/INPUT   (  786): [01;31m[Kxzl[m[K: ====<84395> INPUT_GEN_EVENT: (faked - input hub generates the event)
W/APP     (  786): [01;31m[Kxzl[m[K: ===> APP_SEE_EVENT: ev hits user code: <84396>  {84395} since event: 1 ms
D/InputDispatcher(  194): <84396.60> ########### [01;31m[Kxzl[m[K finishDispatchCycle: 1.10ms since event, 0.49ms since dispatch
D/SurfaceFlinger(  117): <84398.28>  ----- [01;31m[Kxzl[m[K SF_AFTER_SWAP_FB (SurfaceFlinger::composeSurfaces() swap fb done)  ------
D/SurfaceFlinger(  117): <84398.44>  ----- [01;31m[Kxzl[m[K SF_BEFORE_SWAP_FB (SurfaceFlinger::composeSurfaces compose done, prepare to swap fb) ------
W/GLSurfaceView(  786): <84398.50>  --- [01;31m[Kxzl[m[K --- APP_AFTER_SWAP_FRAME (AFTER GLSurfaceView swap frame)
W/GLSurfaceView(  786): <84398.71>  --- [01;31m[Kxzl[m[K --- APP_BEFORE_DRAW_FRAME (BEFORE GLSurfaceView DrawFrame)
W/APP     (  786): [01;31m[Kxzl[m[K: ===> entering onDrawFrame: <84398> 
W/APP     (  786): [01;31m[Kxzl[m[K: ===> done onDrawFrame: <84398> 
W/GLSurfaceView(  786): <84399.11>  --- [01;31m[Kxzl[m[K --- APP_AFTER_DRAW_FRAME (AFTER GLSurfaceView DrawFrame)
W/GLSurfaceView(  786): <84399.32>  --- [01;31m[Kxzl[m[K --- APP_BEFORE_SWAP_FRAME (BEFORE GLSurfaceView swap frame)
D/SurfaceTextureClient(  786): <84399.90> [01;31m[Kxzl[m[K SurfaceTextureClient::queueBuffer
D/SurfaceFlinger(  117): <84399.99>  --- [01;31m[Kxzl[m[K SF_QUEUE_FRAME (Layer::onFrameQueued)
W/INPUT   (  786): [01;31m[Kxzl[m[K: ====<84405> INPUT_GEN_EVENT: (faked - input hub generates the event)
W/APP     (  786): [01;31m[Kxzl[m[K: ===> APP_SEE_EVENT: ev hits user code: <84406>  {84405} since event: 1 ms
D/InputDispatcher(  194): <84406.83> ########### [01;31m[Kxzl[m[K finishDispatchCycle: 1.40ms since event, 0.70ms since dispatch
D/SurfaceFlinger(  117): <84415.50>  ----- [01;31m[Kxzl[m[K SF_AFTER_SWAP_FB (SurfaceFlinger::composeSurfaces() swap fb done)  ------
D/SurfaceFlinger(  117): <84415.68>  ----- [01;31m[Kxzl[m[K SF_BEFORE_SWAP_FB (SurfaceFlinger::composeSurfaces compose done, prepare to swap fb) ------
W/GLSurfaceView(  786): <84415.77>  --- [01;31m[Kxzl[m[K --- APP_AFTER_SWAP_FRAME (AFTER GLSurfaceView swap frame)
W/GLSurfaceView(  786): <84416.11>  --- [01;31m[Kxzl[m[K --- APP_BEFORE_DRAW_FRAME (BEFORE GLSurfaceView DrawFrame)
W/APP     (  786): [01;31m[Kxzl[m[K: ===> entering onDrawFrame: <84416> 
W/APP     (  786): [01;31m[Kxzl[m[K: ===> done onDrawFrame: <84416> 
W/GLSurfaceView(  786): <84416.60>  --- [01;31m[Kxzl[m[K --- APP_AFTER_DRAW_FRAME (AFTER GLSurfaceView DrawFrame)
W/GLSurfaceView(  786): <84416.81>  --- [01;31m[Kxzl[m[K --- APP_BEFORE_SWAP_FRAME (BEFORE GLSurfaceView swap frame)
W/INPUT   (  786): [01;31m[Kxzl[m[K: ====<84415> INPUT_GEN_EVENT: (faked - input hub generates the event)
D/SurfaceTextureClient(  786): <84417.63> [01;31m[Kxzl[m[K SurfaceTextureClient::queueBuffer
W/APP     (  786): [01;31m[Kxzl[m[K: ===> APP_SEE_EVENT: ev hits user code: <84417>  {84415} since event: 2 ms
D/SurfaceFlinger(  117): <84417.72>  --- [01;31m[Kxzl[m[K SF_QUEUE_FRAME (Layer::onFrameQueued)
D/InputDispatcher(  194): <84417.76> ########### [01;31m[Kxzl[m[K finishDispatchCycle: 2.69ms since event, 0.52ms since dispatch
W/INPUT   (  786): [01;31m[Kxzl[m[K: ====<84424> INPUT_GEN_EVENT: (faked - input hub generates the event)
W/APP     (  786): [01;31m[Kxzl[m[K: ===> APP_SEE_EVENT: ev hits user code: <84425>  {84424} since event: 1 ms
D/InputDispatcher(  194): <84426.15> ########### [01;31m[Kxzl[m[K finishDispatchCycle: 1.19ms since event, 0.52ms since dispatch
D/SurfaceFlinger(  117): <84432.59>  ----- [01;31m[Kxzl[m[K SF_AFTER_SWAP_FB (SurfaceFlinger::composeSurfaces() swap fb done)  ------
D/SurfaceFlinger(  117): <84432.71>  ----- [01;31m[Kxzl[m[K SF_BEFORE_SWAP_FB (SurfaceFlinger::composeSurfaces compose done, prepare to swap fb) ------
W/GLSurfaceView(  786): <84432.77>  --- [01;31m[Kxzl[m[K --- APP_AFTER_SWAP_FRAME (AFTER GLSurfaceView swap frame)
W/GLSurfaceView(  786): <84434.69>  --- [01;31m[Kxzl[m[K --- APP_BEFORE_DRAW_FRAME (BEFORE GLSurfaceView DrawFrame)
W/APP     (  786): [01;31m[Kxzl[m[K: ===> entering onDrawFrame: <84434> 
W/INPUT   (  786): [01;31m[Kxzl[m[K: ====<84434> INPUT_GEN_EVENT: (faked - input hub generates the event)
W/APP     (  786): [01;31m[Kxzl[m[K: ===> APP_SEE_EVENT: ev hits user code: <84436>  {84434} since event: 2 ms
D/InputDispatcher(  194): <84436.19> ########### [01;31m[Kxzl[m[K finishDispatchCycle: 1.62ms since event, 0.98ms since dispatch
W/APP     (  786): [01;31m[Kxzl[m[K: ===> done onDrawFrame: <84434> 
W/GLSurfaceView(  786): <84436.80>  --- [01;31m[Kxzl[m[K --- APP_AFTER_DRAW_FRAME (AFTER GLSurfaceView DrawFrame)
W/GLSurfaceView(  786): <84436.98>  --- [01;31m[Kxzl[m[K --- APP_BEFORE_SWAP_FRAME (BEFORE GLSurfaceView swap frame)
D/SurfaceTextureClient(  786): <84437.47> [01;31m[Kxzl[m[K SurfaceTextureClient::queueBuffer
D/SurfaceFlinger(  117): <84437.56>  --- [01;31m[Kxzl[m[K SF_QUEUE_FRAME (Layer::onFrameQueued)
W/INPUT   (  786): [01;31m[Kxzl[m[K: ====<84444> INPUT_GEN_EVENT: (faked - input hub generates the event)
W/APP     (  786): [01;31m[Kxzl[m[K: ===> APP_SEE_EVENT: ev hits user code: <84445>  {84444} since event: 1 ms
D/InputDispatcher(  194): <84445.44> ########### [01;31m[Kxzl[m[K finishDispatchCycle: 1.10ms since event, 0.52ms since dispatch
D/SurfaceFlinger(  117): <84449.16>  ----- [01;31m[Kxzl[m[K SF_AFTER_SWAP_FB (SurfaceFlinger::composeSurfaces() swap fb done)  ------
D/SurfaceFlinger(  117): <84449.28>  ----- [01;31m[Kxzl[m[K SF_BEFORE_SWAP_FB (SurfaceFlinger::composeSurfaces compose done, prepare to swap fb) ------
W/GLSurfaceView(  786): <84449.65>  --- [01;31m[Kxzl[m[K --- APP_AFTER_SWAP_FRAME (AFTER GLSurfaceView swap frame)
W/GLSurfaceView(  786): <84449.89>  --- [01;31m[Kxzl[m[K --- APP_BEFORE_DRAW_FRAME (BEFORE GLSurfaceView DrawFrame)
W/APP     (  786): [01;31m[Kxzl[m[K: ===> entering onDrawFrame: <84450> 
W/APP     (  786): [01;31m[Kxzl[m[K: ===> done onDrawFrame: <84450> 
W/GLSurfaceView(  786): <84450.32>  --- [01;31m[Kxzl[m[K --- APP_AFTER_DRAW_FRAME (AFTER GLSurfaceView DrawFrame)
W/GLSurfaceView(  786): <84450.59>  --- [01;31m[Kxzl[m[K --- APP_BEFORE_SWAP_FRAME (BEFORE GLSurfaceView swap frame)
D/SurfaceTextureClient(  786): <84452.95> [01;31m[Kxzl[m[K SurfaceTextureClient::queueBuffer
D/SurfaceFlinger(  117): <84453.00>  --- [01;31m[Kxzl[m[K SF_QUEUE_FRAME (Layer::onFrameQueued)
W/INPUT   (  786): [01;31m[Kxzl[m[K: ====<84454> INPUT_GEN_EVENT: (faked - input hub generates the event)
W/APP     (  786): [01;31m[Kxzl[m[K: ===> APP_SEE_EVENT: ev hits user code: <84455>  {84454} since event: 1 ms
D/InputDispatcher(  194): <84455.77> ########### [01;31m[Kxzl[m[K finishDispatchCycle: 1.50ms since event, 0.89ms since dispatch
W/INPUT   (  786): [01;31m[Kxzl[m[K: ====<84463> INPUT_GEN_EVENT: (faked - input hub generates the event)
W/APP     (  786): [01;31m[Kxzl[m[K: ===> APP_SEE_EVENT: ev hits user code: <84464>  {84463} since event: 1 ms
D/InputDispatcher(  194): <84465.12> ########### [01;31m[Kxzl[m[K finishDispatchCycle: 1.22ms since event, 0.58ms since dispatch
D/SurfaceFlinger(  117): <84466.13>  ----- [01;31m[Kxzl[m[K SF_AFTER_SWAP_FB (SurfaceFlinger::composeSurfaces() swap fb done)  ------
D/SurfaceFlinger(  117): <84466.25>  ----- [01;31m[Kxzl[m[K SF_BEFORE_SWAP_FB (SurfaceFlinger::composeSurfaces compose done, prepare to swap fb) ------
W/GLSurfaceView(  786): <84466.61>  --- [01;31m[Kxzl[m[K --- APP_AFTER_SWAP_FRAME (AFTER GLSurfaceView swap frame)
W/GLSurfaceView(  786): <84466.89>  --- [01;31m[Kxzl[m[K --- APP_BEFORE_DRAW_FRAME (BEFORE GLSurfaceView DrawFrame)
W/APP     (  786): [01;31m[Kxzl[m[K: ===> entering onDrawFrame: <84467> 
W/APP     (  786): [01;31m[Kxzl[m[K: ===> done onDrawFrame: <84467> 
W/GLSurfaceView(  786): <84467.53>  --- [01;31m[Kxzl[m[K --- APP_AFTER_DRAW_FRAME (AFTER GLSurfaceView DrawFrame)
W/GLSurfaceView(  786): <84467.71>  --- [01;31m[Kxzl[m[K --- APP_BEFORE_SWAP_FRAME (BEFORE GLSurfaceView swap frame)
D/SurfaceTextureClient(  786): <84468.05> [01;31m[Kxzl[m[K SurfaceTextureClient::queueBuffer
D/SurfaceFlinger(  117): <84468.11>  --- [01;31m[Kxzl[m[K SF_QUEUE_FRAME (Layer::onFrameQueued)
W/INPUT   (  786): [01;31m[Kxzl[m[K: ====<84473> INPUT_GEN_EVENT: (faked - input hub generates the event)
W/APP     (  786): [01;31m[Kxzl[m[K: ===> APP_SEE_EVENT: ev hits user code: <84474>  {84473} since event: 1 ms
D/InputDispatcher(  194): <84474.85> ########### [01;31m[Kxzl[m[K finishDispatchCycle: 1.31ms since event, 0.67ms since dispatch
D/SurfaceFlinger(  117): <84483.58>  ----- [01;31m[Kxzl[m[K SF_AFTER_SWAP_FB (SurfaceFlinger::composeSurfaces() swap fb done)  ------
D/SurfaceFlinger(  117): <84483.73>  ----- [01;31m[Kxzl[m[K SF_BEFORE_SWAP_FB (SurfaceFlinger::composeSurfaces compose done, prepare to swap fb) ------
W/GLSurfaceView(  786): <84484.01>  --- [01;31m[Kxzl[m[K --- APP_AFTER_SWAP_FRAME (AFTER GLSurfaceView swap frame)
W/GLSurfaceView(  786): <84484.25>  --- [01;31m[Kxzl[m[K --- APP_BEFORE_DRAW_FRAME (BEFORE GLSurfaceView DrawFrame)
W/APP     (  786): [01;31m[Kxzl[m[K: ===> entering onDrawFrame: <84484> 
W/APP     (  786): [01;31m[Kxzl[m[K: ===> done onDrawFrame: <84484> 
W/GLSurfaceView(  786): <84484.74>  --- [01;31m[Kxzl[m[K --- APP_AFTER_DRAW_FRAME (AFTER GLSurfaceView DrawFrame)
W/GLSurfaceView(  786): <84484.95>  --- [01;31m[Kxzl[m[K --- APP_BEFORE_SWAP_FRAME (BEFORE GLSurfaceView swap frame)
W/INPUT   (  786): [01;31m[Kxzl[m[K: ====<84483> INPUT_GEN_EVENT: (faked - input hub generates the event)
W/APP     (  786): [01;31m[Kxzl[m[K: ===> APP_SEE_EVENT: ev hits user code: <84485>  {84483} since event: 2 ms
D/InputDispatcher(  194): <84485.77> ########### [01;31m[Kxzl[m[K finishDispatchCycle: 2.23ms since event, 0.73ms since dispatch
D/SurfaceTextureClient(  786): <84485.93> [01;31m[Kxzl[m[K SurfaceTextureClient::queueBuffer
D/SurfaceFlinger(  117): <84486.30>  --- [01;31m[Kxzl[m[K SF_QUEUE_FRAME (Layer::onFrameQueued)
W/INPUT   (  786): [01;31m[Kxzl[m[K: ====<84493> INPUT_GEN_EVENT: (faked - input hub generates the event)
W/APP     (  786): [01;31m[Kxzl[m[K: ===> APP_SEE_EVENT: ev hits user code: <84494>  {84493} since event: 1 ms
D/InputDispatcher(  194): <84494.54> ########### [01;31m[Kxzl[m[K finishDispatchCycle: 1.34ms since event, 0.70ms since dispatch
D/SurfaceFlinger(  117): <84500.85>  ----- [01;31m[Kxzl[m[K SF_AFTER_SWAP_FB (SurfaceFlinger::composeSurfaces() swap fb done)  ------
D/SurfaceFlinger(  117): <84501.25>  ----- [01;31m[Kxzl[m[K SF_BEFORE_SWAP_FB (SurfaceFlinger::composeSurfaces compose done, prepare to swap fb) ------
W/GLSurfaceView(  786): <84501.46>  --- [01;31m[Kxzl[m[K --- APP_AFTER_SWAP_FRAME (AFTER GLSurfaceView swap frame)
W/GLSurfaceView(  786): <84501.68>  --- [01;31m[Kxzl[m[K --- APP_BEFORE_DRAW_FRAME (BEFORE GLSurfaceView DrawFrame)
W/APP     (  786): [01;31m[Kxzl[m[K: ===> entering onDrawFrame: <84501> 
W/APP     (  786): [01;31m[Kxzl[m[K: ===> done onDrawFrame: <84501> 
W/GLSurfaceView(  786): <84502.23>  --- [01;31m[Kxzl[m[K --- APP_AFTER_DRAW_FRAME (AFTER GLSurfaceView DrawFrame)
W/GLSurfaceView(  786): <84502.41>  --- [01;31m[Kxzl[m[K --- APP_BEFORE_SWAP_FRAME (BEFORE GLSurfaceView swap frame)
D/SurfaceTextureClient(  786): <84502.72> [01;31m[Kxzl[m[K SurfaceTextureClient::queueBuffer
D/SurfaceFlinger(  117): <84502.81>  --- [01;31m[Kxzl[m[K SF_QUEUE_FRAME (Layer::onFrameQueued)
W/INPUT   (  786): [01;31m[Kxzl[m[K: ====<84502> INPUT_GEN_EVENT: (faked - input hub generates the event)
W/APP     (  786): [01;31m[Kxzl[m[K: ===> APP_SEE_EVENT: ev hits user code: <84504>  {84502} since event: 2 ms
D/InputDispatcher(  194): <84504.40> ########### [01;31m[Kxzl[m[K finishDispatchCycle: 1.59ms since event, 0.92ms since dispatch
W/INPUT   (  786): [01;31m[Kxzl[m[K: ====<84512> INPUT_GEN_EVENT: (faked - input hub generates the event)
W/APP     (  786): [01;31m[Kxzl[m[K: ===> APP_SEE_EVENT: ev hits user code: <84513>  {84512} since event: 1 ms
D/InputDispatcher(  194): <84513.58> ########### [01;31m[Kxzl[m[K finishDispatchCycle: 0.98ms since event, 0.40ms since dispatch
D/SurfaceFlinger(  117): <84516.97>  ----- [01;31m[Kxzl[m[K SF_AFTER_SWAP_FB (SurfaceFlinger::composeSurfaces() swap fb done)  ------
D/SurfaceFlinger(  117): <84517.12>  ----- [01;31m[Kxzl[m[K SF_BEFORE_SWAP_FB (SurfaceFlinger::composeSurfaces compose done, prepare to swap fb) ------
W/GLSurfaceView(  786): <84517.18>  --- [01;31m[Kxzl[m[K --- APP_AFTER_SWAP_FRAME (AFTER GLSurfaceView swap frame)
W/GLSurfaceView(  786): <84517.36>  --- [01;31m[Kxzl[m[K --- APP_BEFORE_DRAW_FRAME (BEFORE GLSurfaceView DrawFrame)
W/APP     (  786): [01;31m[Kxzl[m[K: ===> entering onDrawFrame: <84517> 
W/APP     (  786): [01;31m[Kxzl[m[K: ===> done onDrawFrame: <84517> 
W/GLSurfaceView(  786): <84517.76>  --- [01;31m[Kxzl[m[K --- APP_AFTER_DRAW_FRAME (AFTER GLSurfaceView DrawFrame)
W/GLSurfaceView(  786): <84517.88>  --- [01;31m[Kxzl[m[K --- APP_BEFORE_SWAP_FRAME (BEFORE GLSurfaceView swap frame)
D/SurfaceTextureClient(  786): <84518.22> [01;31m[Kxzl[m[K SurfaceTextureClient::queueBuffer
D/SurfaceFlinger(  117): <84518.28>  --- [01;31m[Kxzl[m[K SF_QUEUE_FRAME (Layer::onFrameQueued)
W/INPUT   (  786): [01;31m[Kxzl[m[K: ====<84522> INPUT_GEN_EVENT: (faked - input hub generates the event)
W/APP     (  786): [01;31m[Kxzl[m[K: ===> APP_SEE_EVENT: ev hits user code: <84523>  {84522} since event: 1 ms
D/InputDispatcher(  194): <84523.68> ########### [01;31m[Kxzl[m[K finishDispatchCycle: 1.37ms since event, 0.79ms since dispatch
W/INPUT   (  786): [01;31m[Kxzl[m[K: ====<84532> INPUT_GEN_EVENT: (faked - input hub generates the event)
W/APP     (  786): [01;31m[Kxzl[m[K: ===> APP_SEE_EVENT: ev hits user code: <84533>  {84532} since event: 1 ms
D/InputDispatcher(  194): <84533.20> ########### [01;31m[Kxzl[m[K finishDispatchCycle: 1.07ms since event, 0.52ms since dispatch
D/SurfaceFlinger(  117): <84533.90>  ----- [01;31m[Kxzl[m[K SF_AFTER_SWAP_FB (SurfaceFlinger::composeSurfaces() swap fb done)  ------
D/SurfaceFlinger(  117): <84534.06>  ----- [01;31m[Kxzl[m[K SF_BEFORE_SWAP_FB (SurfaceFlinger::composeSurfaces compose done, prepare to swap fb) ------
W/GLSurfaceView(  786): <84534.06>  --- [01;31m[Kxzl[m[K --- APP_AFTER_SWAP_FRAME (AFTER GLSurfaceView swap frame)
W/GLSurfaceView(  786): <84534.30>  --- [01;31m[Kxzl[m[K --- APP_BEFORE_DRAW_FRAME (BEFORE GLSurfaceView DrawFrame)
W/APP     (  786): [01;31m[Kxzl[m[K: ===> entering onDrawFrame: <84534> 
W/APP     (  786): [01;31m[Kxzl[m[K: ===> done onDrawFrame: <84534> 
W/GLSurfaceView(  786): <84534.70>  --- [01;31m[Kxzl[m[K --- APP_AFTER_DRAW_FRAME (AFTER GLSurfaceView DrawFrame)
W/GLSurfaceView(  786): <84534.88>  --- [01;31m[Kxzl[m[K --- APP_BEFORE_SWAP_FRAME (BEFORE GLSurfaceView swap frame)
D/SurfaceTextureClient(  786): <84535.70> [01;31m[Kxzl[m[K SurfaceTextureClient::queueBuffer
D/SurfaceFlinger(  117): <84535.77>  --- [01;31m[Kxzl[m[K SF_QUEUE_FRAME (Layer::onFrameQueued)
W/INPUT   (  786): [01;31m[Kxzl[m[K: ====<84542> INPUT_GEN_EVENT: (faked - input hub generates the event)
W/APP     (  786): [01;31m[Kxzl[m[K: ===> APP_SEE_EVENT: ev hits user code: <84543>  {84542} since event: 1 ms
D/InputDispatcher(  194): <84543.30> ########### [01;31m[Kxzl[m[K finishDispatchCycle: 1.19ms since event, 0.52ms since dispatch
D/SurfaceFlinger(  117): <84551.57>  ----- [01;31m[Kxzl[m[K SF_AFTER_SWAP_FB (SurfaceFlinger::composeSurfaces() swap fb done)  ------
D/SurfaceFlinger(  117): <84551.73>  ----- [01;31m[Kxzl[m[K SF_BEFORE_SWAP_FB (SurfaceFlinger::composeSurfaces compose done, prepare to swap fb) ------
W/GLSurfaceView(  786): <84551.85>  --- [01;31m[Kxzl[m[K --- APP_AFTER_SWAP_FRAME (AFTER GLSurfaceView swap frame)
W/GLSurfaceView(  786): <84552.12>  --- [01;31m[Kxzl[m[K --- APP_BEFORE_DRAW_FRAME (BEFORE GLSurfaceView DrawFrame)
W/APP     (  786): [01;31m[Kxzl[m[K: ===> entering onDrawFrame: <84552> 
W/APP     (  786): [01;31m[Kxzl[m[K: ===> done onDrawFrame: <84552> 
W/GLSurfaceView(  786): <84552.64>  --- [01;31m[Kxzl[m[K --- APP_AFTER_DRAW_FRAME (AFTER GLSurfaceView DrawFrame)
W/GLSurfaceView(  786): <84552.80>  --- [01;31m[Kxzl[m[K --- APP_BEFORE_SWAP_FRAME (BEFORE GLSurfaceView swap frame)
W/INPUT   (  786): [01;31m[Kxzl[m[K: ====<84551> INPUT_GEN_EVENT: (faked - input hub generates the event)
W/APP     (  786): [01;31m[Kxzl[m[K: ===> APP_SEE_EVENT: ev hits user code: <84554>  {84551} since event: 3 ms
D/InputDispatcher(  194): <84554.20> ########### [01;31m[Kxzl[m[K finishDispatchCycle: 2.66ms since event, 0.58ms since dispatch
D/SurfaceTextureClient(  786): <84554.54> [01;31m[Kxzl[m[K SurfaceTextureClient::queueBuffer
D/SurfaceFlinger(  117): <84554.66>  --- [01;31m[Kxzl[m[K SF_QUEUE_FRAME (Layer::onFrameQueued)
W/INPUT   (  786): [01;31m[Kxzl[m[K: ====<84561> INPUT_GEN_EVENT: (faked - input hub generates the event)
W/APP     (  786): [01;31m[Kxzl[m[K: ===> APP_SEE_EVENT: ev hits user code: <84562>  {84561} since event: 1 ms
D/InputDispatcher(  194): <84562.31> ########### [01;31m[Kxzl[m[K finishDispatchCycle: 1.13ms since event, 0.55ms since dispatch
D/SurfaceFlinger(  117): <84569.06>  ----- [01;31m[Kxzl[m[K SF_AFTER_SWAP_FB (SurfaceFlinger::composeSurfaces() swap fb done)  ------
D/SurfaceFlinger(  117): <84569.40>  ----- [01;31m[Kxzl[m[K SF_BEFORE_SWAP_FB (SurfaceFlinger::composeSurfaces compose done, prepare to swap fb) ------
W/GLSurfaceView(  786): <84569.43>  --- [01;31m[Kxzl[m[K --- APP_AFTER_SWAP_FRAME (AFTER GLSurfaceView swap frame)
W/GLSurfaceView(  786): <84569.67>  --- [01;31m[Kxzl[m[K --- APP_BEFORE_DRAW_FRAME (BEFORE GLSurfaceView DrawFrame)
W/APP     (  786): [01;31m[Kxzl[m[K: ===> entering onDrawFrame: <84569> 
W/APP     (  786): [01;31m[Kxzl[m[K: ===> done onDrawFrame: <84569> 
W/GLSurfaceView(  786): <84570.13>  --- [01;31m[Kxzl[m[K --- APP_AFTER_DRAW_FRAME (AFTER GLSurfaceView DrawFrame)
W/GLSurfaceView(  786): <84570.25>  --- [01;31m[Kxzl[m[K --- APP_BEFORE_SWAP_FRAME (BEFORE GLSurfaceView swap frame)
D/SurfaceTextureClient(  786): <84570.55> [01;31m[Kxzl[m[K SurfaceTextureClient::queueBuffer
D/SurfaceFlinger(  117): <84570.62>  --- [01;31m[Kxzl[m[K SF_QUEUE_FRAME (Layer::onFrameQueued)
W/INPUT   (  786): [01;31m[Kxzl[m[K: ====<84571> INPUT_GEN_EVENT: (faked - input hub generates the event)
W/APP     (  786): [01;31m[Kxzl[m[K: ===> APP_SEE_EVENT: ev hits user code: <84572>  {84571} since event: 1 ms
D/InputDispatcher(  194): <84572.18> ########### [01;31m[Kxzl[m[K finishDispatchCycle: 1.16ms since event, 0.61ms since dispatch
W/INPUT   (  786): [01;31m[Kxzl[m[K: ====<84580> INPUT_GEN_EVENT: (faked - input hub generates the event)
W/APP     (  786): [01;31m[Kxzl[m[K: ===> APP_SEE_EVENT: ev hits user code: <84581>  {84580} since event: 1 ms
D/InputDispatcher(  194): <84582.03> ########### [01;31m[Kxzl[m[K finishDispatchCycle: 1.25ms since event, 0.70ms since dispatch
D/SurfaceFlinger(  117): <84584.81>  ----- [01;31m[Kxzl[m[K SF_AFTER_SWAP_FB (SurfaceFlinger::composeSurfaces() swap fb done)  ------
D/SurfaceFlinger(  117): <84584.93>  ----- [01;31m[Kxzl[m[K SF_BEFORE_SWAP_FB (SurfaceFlinger::composeSurfaces compose done, prepare to swap fb) ------
W/GLSurfaceView(  786): <84584.99>  --- [01;31m[Kxzl[m[K --- APP_AFTER_SWAP_FRAME (AFTER GLSurfaceView swap frame)
W/GLSurfaceView(  786): <84585.17>  --- [01;31m[Kxzl[m[K --- APP_BEFORE_DRAW_FRAME (BEFORE GLSurfaceView DrawFrame)
W/APP     (  786): [01;31m[Kxzl[m[K: ===> entering onDrawFrame: <84585> 
W/APP     (  786): [01;31m[Kxzl[m[K: ===> done onDrawFrame: <84585> 
W/GLSurfaceView(  786): <84585.57>  --- [01;31m[Kxzl[m[K --- APP_AFTER_DRAW_FRAME (AFTER GLSurfaceView DrawFrame)
W/GLSurfaceView(  786): <84585.69>  --- [01;31m[Kxzl[m[K --- APP_BEFORE_SWAP_FRAME (BEFORE GLSurfaceView swap frame)
D/SurfaceTextureClient(  786): <84586.19> [01;31m[Kxzl[m[K SurfaceTextureClient::queueBuffer
D/SurfaceFlinger(  117): <84586.24>  --- [01;31m[Kxzl[m[K SF_QUEUE_FRAME (Layer::onFrameQueued)
W/INPUT   (  786): [01;31m[Kxzl[m[K: ====<84590> INPUT_GEN_EVENT: (faked - input hub generates the event)
W/APP     (  786): [01;31m[Kxzl[m[K: ===> APP_SEE_EVENT: ev hits user code: <84591>  {84590} since event: 1 ms
D/InputDispatcher(  194): <84591.52> ########### [01;31m[Kxzl[m[K finishDispatchCycle: 0.98ms since event, 0.37ms since dispatch
W/INPUT   (  786): [01;31m[Kxzl[m[K: ====<84600> INPUT_GEN_EVENT: (faked - input hub generates the event)
W/APP     (  786): [01;31m[Kxzl[m[K: ===> APP_SEE_EVENT: ev hits user code: <84600>  {84600} since event: 0 ms
D/InputDispatcher(  194): <84601.20> ########### [01;31m[Kxzl[m[K finishDispatchCycle: 1.07ms since event, 0.49ms since dispatch
D/SurfaceFlinger(  117): <84601.75>  ----- [01;31m[Kxzl[m[K SF_AFTER_SWAP_FB (SurfaceFlinger::composeSurfaces() swap fb done)  ------
D/SurfaceFlinger(  117): <84601.96>  ----- [01;31m[Kxzl[m[K SF_BEFORE_SWAP_FB (SurfaceFlinger::composeSurfaces compose done, prepare to swap fb) ------
W/GLSurfaceView(  786): <84602.29>  --- [01;31m[Kxzl[m[K --- APP_AFTER_SWAP_FRAME (AFTER GLSurfaceView swap frame)
W/GLSurfaceView(  786): <84602.60>  --- [01;31m[Kxzl[m[K --- APP_BEFORE_DRAW_FRAME (BEFORE GLSurfaceView DrawFrame)
W/APP     (  786): [01;31m[Kxzl[m[K: ===> entering onDrawFrame: <84602> 
W/APP     (  786): [01;31m[Kxzl[m[K: ===> done onDrawFrame: <84602> 
W/GLSurfaceView(  786): <84603.06>  --- [01;31m[Kxzl[m[K --- APP_AFTER_DRAW_FRAME (AFTER GLSurfaceView DrawFrame)
W/GLSurfaceView(  786): <84603.21>  --- [01;31m[Kxzl[m[K --- APP_BEFORE_SWAP_FRAME (BEFORE GLSurfaceView swap frame)
D/SurfaceTextureClient(  786): <84603.61> [01;31m[Kxzl[m[K SurfaceTextureClient::queueBuffer
D/SurfaceFlinger(  117): <84603.67>  --- [01;31m[Kxzl[m[K SF_QUEUE_FRAME (Layer::onFrameQueued)
W/INPUT   (  786): [01;31m[Kxzl[m[K: ====<84610> INPUT_GEN_EVENT: (faked - input hub generates the event)
W/APP     (  786): [01;31m[Kxzl[m[K: ===> APP_SEE_EVENT: ev hits user code: <84611>  {84610} since event: 1 ms
D/InputDispatcher(  194): <84611.20> ########### [01;31m[Kxzl[m[K finishDispatchCycle: 1.13ms since event, 0.49ms since dispatch
D/SurfaceFlinger(  117): <84619.84>  ----- [01;31m[Kxzl[m[K SF_AFTER_SWAP_FB (SurfaceFlinger::composeSurfaces() swap fb done)  ------
D/SurfaceFlinger(  117): <84619.99>  ----- [01;31m[Kxzl[m[K SF_BEFORE_SWAP_FB (SurfaceFlinger::composeSurfaces compose done, prepare to swap fb) ------
W/GLSurfaceView(  786): <84620.12>  --- [01;31m[Kxzl[m[K --- APP_AFTER_SWAP_FRAME (AFTER GLSurfaceView swap frame)
W/GLSurfaceView(  786): <84620.39>  --- [01;31m[Kxzl[m[K --- APP_BEFORE_DRAW_FRAME (BEFORE GLSurfaceView DrawFrame)
W/APP     (  786): [01;31m[Kxzl[m[K: ===> entering onDrawFrame: <84620> 
W/APP     (  786): [01;31m[Kxzl[m[K: ===> done onDrawFrame: <84620> 
W/GLSurfaceView(  786): <84620.88>  --- [01;31m[Kxzl[m[K --- APP_AFTER_DRAW_FRAME (AFTER GLSurfaceView DrawFrame)
W/GLSurfaceView(  786): <84621.06>  --- [01;31m[Kxzl[m[K --- APP_BEFORE_SWAP_FRAME (BEFORE GLSurfaceView swap frame)
D/SurfaceTextureClient(  786): <84621.80> [01;31m[Kxzl[m[K SurfaceTextureClient::queueBuffer
D/SurfaceFlinger(  117): <84621.89>  --- [01;31m[Kxzl[m[K SF_QUEUE_FRAME (Layer::onFrameQueued)
W/INPUT   (  786): [01;31m[Kxzl[m[K: ====<84619> INPUT_GEN_EVENT: (faked - input hub generates the event)
W/APP     (  786): [01;31m[Kxzl[m[K: ===> APP_SEE_EVENT: ev hits user code: <84621>  {84619} since event: 2 ms
D/InputDispatcher(  194): <84622.16> ########### [01;31m[Kxzl[m[K finishDispatchCycle: 2.35ms since event, 0.46ms since dispatch
W/INPUT   (  786): [01;31m[Kxzl[m[K: ====<84629> INPUT_GEN_EVENT: (faked - input hub generates the event)
W/APP     (  786): [01;31m[Kxzl[m[K: ===> APP_SEE_EVENT: ev hits user code: <84630>  {84629} since event: 1 ms
D/InputDispatcher(  194): <84630.46> ########### [01;31m[Kxzl[m[K finishDispatchCycle: 1.16ms since event, 0.55ms since dispatch
D/SurfaceFlinger(  117): <84635.65>  ----- [01;31m[Kxzl[m[K SF_AFTER_SWAP_FB (SurfaceFlinger::composeSurfaces() swap fb done)  ------
D/SurfaceFlinger(  117): <84635.83>  ----- [01;31m[Kxzl[m[K SF_BEFORE_SWAP_FB (SurfaceFlinger::composeSurfaces compose done, prepare to swap fb) ------
W/GLSurfaceView(  786): <84635.89>  --- [01;31m[Kxzl[m[K --- APP_AFTER_SWAP_FRAME (AFTER GLSurfaceView swap frame)
W/GLSurfaceView(  786): <84636.17>  --- [01;31m[Kxzl[m[K --- APP_BEFORE_DRAW_FRAME (BEFORE GLSurfaceView DrawFrame)
W/APP     (  786): [01;31m[Kxzl[m[K: ===> entering onDrawFrame: <84636> 
W/APP     (  786): [01;31m[Kxzl[m[K: ===> done onDrawFrame: <84636> 
W/GLSurfaceView(  786): <84636.72>  --- [01;31m[Kxzl[m[K --- APP_AFTER_DRAW_FRAME (AFTER GLSurfaceView DrawFrame)
W/GLSurfaceView(  786): <84636.87>  --- [01;31m[Kxzl[m[K --- APP_BEFORE_SWAP_FRAME (BEFORE GLSurfaceView swap frame)
D/SurfaceTextureClient(  786): <84637.36> [01;31m[Kxzl[m[K SurfaceTextureClient::queueBuffer
D/SurfaceFlinger(  117): <84637.45>  --- [01;31m[Kxzl[m[K SF_QUEUE_FRAME (Layer::onFrameQueued)
W/INPUT   (  786): [01;31m[Kxzl[m[K: ====<84639> INPUT_GEN_EVENT: (faked - input hub generates the event)
W/APP     (  786): [01;31m[Kxzl[m[K: ===> APP_SEE_EVENT: ev hits user code: <84640>  {84639} since event: 1 ms
D/InputDispatcher(  194): <84640.48> ########### [01;31m[Kxzl[m[K finishDispatchCycle: 1.13ms since event, 0.52ms since dispatch
W/INPUT   (  786): [01;31m[Kxzl[m[K: ====<84649> INPUT_GEN_EVENT: (faked - input hub generates the event)
W/APP     (  786): [01;31m[Kxzl[m[K: ===> APP_SEE_EVENT: ev hits user code: <84649>  {84649} since event: 0 ms
D/InputDispatcher(  194): <84650.18> ########### [01;31m[Kxzl[m[K finishDispatchCycle: 1.07ms since event, 0.46ms since dispatch
D/SurfaceFlinger(  117): <84652.62>  ----- [01;31m[Kxzl[m[K SF_AFTER_SWAP_FB (SurfaceFlinger::composeSurfaces() swap fb done)  ------
D/SurfaceFlinger(  117): <84652.77>  ----- [01;31m[Kxzl[m[K SF_BEFORE_SWAP_FB (SurfaceFlinger::composeSurfaces compose done, prepare to swap fb) ------
W/GLSurfaceView(  786): <84652.83>  --- [01;31m[Kxzl[m[K --- APP_AFTER_SWAP_FRAME (AFTER GLSurfaceView swap frame)
W/GLSurfaceView(  786): <84653.11>  --- [01;31m[Kxzl[m[K --- APP_BEFORE_DRAW_FRAME (BEFORE GLSurfaceView DrawFrame)
W/APP     (  786): [01;31m[Kxzl[m[K: ===> entering onDrawFrame: <84653> 
W/APP     (  786): [01;31m[Kxzl[m[K: ===> done onDrawFrame: <84653> 
W/GLSurfaceView(  786): <84653.53>  --- [01;31m[Kxzl[m[K --- APP_AFTER_DRAW_FRAME (AFTER GLSurfaceView DrawFrame)
W/GLSurfaceView(  786): <84653.72>  --- [01;31m[Kxzl[m[K --- APP_BEFORE_SWAP_FRAME (BEFORE GLSurfaceView swap frame)
D/SurfaceTextureClient(  786): <84654.05> [01;31m[Kxzl[m[K SurfaceTextureClient::queueBuffer
D/SurfaceFlinger(  117): <84654.14>  --- [01;31m[Kxzl[m[K SF_QUEUE_FRAME (Layer::onFrameQueued)
W/INPUT   (  786): [01;31m[Kxzl[m[K: ====<84658> INPUT_GEN_EVENT: (faked - input hub generates the event)
W/APP     (  786): [01;31m[Kxzl[m[K: ===> APP_SEE_EVENT: ev hits user code: <84659>  {84658} since event: 1 ms
D/InputDispatcher(  194): <84659.91> ########### [01;31m[Kxzl[m[K finishDispatchCycle: 1.16ms since event, 0.52ms since dispatch
W/INPUT   (  786): [01;31m[Kxzl[m[K: ====<84668> INPUT_GEN_EVENT: (faked - input hub generates the event)
W/APP     (  786): [01;31m[Kxzl[m[K: ===> APP_SEE_EVENT: ev hits user code: <84669>  {84668} since event: 1 ms
D/InputDispatcher(  194): <84669.50> ########### [01;31m[Kxzl[m[K finishDispatchCycle: 1.01ms since event, 0.43ms since dispatch
