D/InputDispatcher(  193): <4702720.00> ########### [01;31m[Kxzl[m[K finishDispatchCycle: 5.37ms since event, 4.55ms since dispatch
D/SurfaceFlinger(  117): <4702725.50>  ----- [01;31m[Kxzl[m[K SurfaceFlinger::composeSurfaces() swap fb done  ------
W/APP     ( 1966): [01;31m[Kxzl[m[K: ===> ev hits user code: <4702727>  {4702725} since event: 2 ms
D/InputDispatcher(  193): <4702728.00> ########### [01;31m[Kxzl[m[K finishDispatchCycle: 3.02ms since event, 2.38ms since dispatch
W/APP     ( 1966): [01;31m[Kxzl[m[K: ===> ev hits user code: <4702737>  {4702734} since event: 3 ms
D/InputDispatcher(  193): <4702738.00> ########### [01;31m[Kxzl[m[K finishDispatchCycle: 3.21ms since event, 2.59ms since dispatch
W/APP     ( 1966): [01;31m[Kxzl[m[K: ===> ev hits user code: <4702747>  {4702744} since event: 3 ms
D/InputDispatcher(  193): <4702748.50> ########### [01;31m[Kxzl[m[K finishDispatchCycle: 3.69ms since event, 3.08ms since dispatch
W/APP     ( 1966): [01;31m[Kxzl[m[K: ===> done onDrawFrame: <4702716> 
W/GLSurfaceView( 1966): <4702749>  --- [01;31m[Kxzl[m[K --- AFTER GLSurfaceView DrawFrame
W/GLSurfaceView( 1966): <4702749>  --- [01;31m[Kxzl[m[K --- BEFORE GLSurfaceView swap frame
D/SurfaceTextureClient( 1966): <4702750.50> [01;31m[Kxzl[m[K SurfaceTextureClient::queueBuffer
D/SurfaceFlinger(  117): <4702750.50>  --- [01;31m[Kxzl[m[K Layer::onFrameQueued
D/SurfaceFlinger(  117): <4702752.50>  ----- [01;31m[Kxzl[m[K SurfaceFlinger::composeSurfaces compose done, prepare to swap fb ------
W/GLSurfaceView( 1966): <4702752>  --- [01;31m[Kxzl[m[K --- AFTER GLSurfaceView swap frame
W/GLSurfaceView( 1966): <4702753>  --- [01;31m[Kxzl[m[K --- BEFORE GLSurfaceView DrawFrame
W/APP     ( 1966): [01;31m[Kxzl[m[K: ===> entering onDrawFrame: <4702753> 
W/APP     ( 1966): [01;31m[Kxzl[m[K: ===> ev hits user code: <4702757>  {4702754} since event: 3 ms
D/InputDispatcher(  193): <4702758.00> ########### [01;31m[Kxzl[m[K finishDispatchCycle: 3.54ms since event, 2.87ms since dispatch
D/SurfaceFlinger(  117): <4702759.00>  ----- [01;31m[Kxzl[m[K SurfaceFlinger::composeSurfaces() swap fb done  ------
W/APP     ( 1966): [01;31m[Kxzl[m[K: ===> ev hits user code: <4702767>  {4702764} since event: 3 ms
D/InputDispatcher(  193): <4702768.00> ########### [01;31m[Kxzl[m[K finishDispatchCycle: 3.57ms since event, 2.87ms since dispatch
W/APP     ( 1966): [01;31m[Kxzl[m[K: ===> ev hits user code: <4702778>  {4702774} since event: 4 ms
D/InputDispatcher(  193): <4702779.50> ########### [01;31m[Kxzl[m[K finishDispatchCycle: 5.34ms since event, 4.67ms since dispatch
W/APP     ( 1966): [01;31m[Kxzl[m[K: ===> done onDrawFrame: <4702753> 
W/GLSurfaceView( 1966): <4702786>  --- [01;31m[Kxzl[m[K --- AFTER GLSurfaceView DrawFrame
W/GLSurfaceView( 1966): <4702786>  --- [01;31m[Kxzl[m[K --- BEFORE GLSurfaceView swap frame
D/SurfaceTextureClient( 1966): <4702787.50> [01;31m[Kxzl[m[K SurfaceTextureClient::queueBuffer
D/SurfaceFlinger(  117): <4702787.50>  --- [01;31m[Kxzl[m[K Layer::onFrameQueued
D/SurfaceFlinger(  117): <4702788.00>  ----- [01;31m[Kxzl[m[K SurfaceFlinger::composeSurfaces compose done, prepare to swap fb ------
W/GLSurfaceView( 1966): <4702788>  --- [01;31m[Kxzl[m[K --- AFTER GLSurfaceView swap frame
W/GLSurfaceView( 1966): <4702788>  --- [01;31m[Kxzl[m[K --- BEFORE GLSurfaceView DrawFrame
W/APP     ( 1966): [01;31m[Kxzl[m[K: ===> entering onDrawFrame: <4702789> 
W/APP     ( 1966): [01;31m[Kxzl[m[K: ===> ev hits user code: <4702790>  {4702784} since event: 6 ms
D/InputDispatcher(  193): <4702791.50> ########### [01;31m[Kxzl[m[K finishDispatchCycle: 7.48ms since event, 6.71ms since dispatch
D/SurfaceFlinger(  117): <4702793.50>  ----- [01;31m[Kxzl[m[K SurfaceFlinger::composeSurfaces() swap fb done  ------
W/APP     ( 1966): [01;31m[Kxzl[m[K: ===> ev hits user code: <4702796>  {4702793} since event: 3 ms
D/InputDispatcher(  193): <4702798.00> ########### [01;31m[Kxzl[m[K finishDispatchCycle: 4.12ms since event, 3.27ms since dispatch
W/APP     ( 1966): [01;31m[Kxzl[m[K: ===> ev hits user code: <4702805>  {4702803} since event: 2 ms
D/InputDispatcher(  193): <4702806.50> ########### [01;31m[Kxzl[m[K finishDispatchCycle: 2.93ms since event, 2.26ms since dispatch
W/APP     ( 1966): [01;31m[Kxzl[m[K: ===> ev hits user code: <4702815>  {4702813} since event: 2 ms
D/InputDispatcher(  193): <4702816.50> ########### [01;31m[Kxzl[m[K finishDispatchCycle: 3.27ms since event, 2.66ms since dispatch
W/APP     ( 1966): [01;31m[Kxzl[m[K: ===> done onDrawFrame: <4702789> 
W/GLSurfaceView( 1966): <4702821>  --- [01;31m[Kxzl[m[K --- AFTER GLSurfaceView DrawFrame
W/GLSurfaceView( 1966): <4702822>  --- [01;31m[Kxzl[m[K --- BEFORE GLSurfaceView swap frame
D/SurfaceTextureClient( 1966): <4702822.50> [01;31m[Kxzl[m[K SurfaceTextureClient::queueBuffer
D/SurfaceFlinger(  117): <4702822.50>  --- [01;31m[Kxzl[m[K Layer::onFrameQueued
D/SurfaceFlinger(  117): <4702823.00>  ----- [01;31m[Kxzl[m[K SurfaceFlinger::composeSurfaces compose done, prepare to swap fb ------
W/GLSurfaceView( 1966): <4702823>  --- [01;31m[Kxzl[m[K --- AFTER GLSurfaceView swap frame
W/GLSurfaceView( 1966): <4702824>  --- [01;31m[Kxzl[m[K --- BEFORE GLSurfaceView DrawFrame
W/APP     ( 1966): [01;31m[Kxzl[m[K: ===> entering onDrawFrame: <4702824> 
W/APP     ( 1966): [01;31m[Kxzl[m[K: ===> ev hits user code: <4702826>  {4702822} since event: 4 ms
D/InputDispatcher(  193): <4702826.50> ########### [01;31m[Kxzl[m[K finishDispatchCycle: 3.85ms since event, 3.08ms since dispatch
D/SurfaceFlinger(  117): <4702827.00>  ----- [01;31m[Kxzl[m[K SurfaceFlinger::composeSurfaces() swap fb done  ------
W/APP     ( 1966): [01;31m[Kxzl[m[K: ===> ev hits user code: <4702835>  {4702832} since event: 3 ms
D/InputDispatcher(  193): <4702837.00> ########### [01;31m[Kxzl[m[K finishDispatchCycle: 4.46ms since event, 3.78ms since dispatch
W/APP     ( 1966): [01;31m[Kxzl[m[K: ===> ev hits user code: <4702844>  {4702842} since event: 2 ms
D/InputDispatcher(  193): <4702845.50> ########### [01;31m[Kxzl[m[K finishDispatchCycle: 3.11ms since event, 2.44ms since dispatch
W/APP     ( 1966): [01;31m[Kxzl[m[K: ===> ev hits user code: <4702854>  {4702852} since event: 2 ms
D/InputDispatcher(  193): <4702855.50> ########### [01;31m[Kxzl[m[K finishDispatchCycle: 3.08ms since event, 2.38ms since dispatch
W/APP     ( 1966): [01;31m[Kxzl[m[K: ===> done onDrawFrame: <4702824> 
W/GLSurfaceView( 1966): <4702857>  --- [01;31m[Kxzl[m[K --- AFTER GLSurfaceView DrawFrame
W/GLSurfaceView( 1966): <4702857>  --- [01;31m[Kxzl[m[K --- BEFORE GLSurfaceView swap frame
D/SurfaceTextureClient( 1966): <4702858.00> [01;31m[Kxzl[m[K SurfaceTextureClient::queueBuffer
D/SurfaceFlinger(  117): <4702858.50>  --- [01;31m[Kxzl[m[K Layer::onFrameQueued
D/SurfaceFlinger(  117): <4702860.00>  ----- [01;31m[Kxzl[m[K SurfaceFlinger::composeSurfaces compose done, prepare to swap fb ------
W/GLSurfaceView( 1966): <4702860>  --- [01;31m[Kxzl[m[K --- AFTER GLSurfaceView swap frame
W/GLSurfaceView( 1966): <4702860>  --- [01;31m[Kxzl[m[K --- BEFORE GLSurfaceView DrawFrame
W/APP     ( 1966): [01;31m[Kxzl[m[K: ===> entering onDrawFrame: <4702860> 
D/SurfaceFlinger(  117): <4702862.50>  ----- [01;31m[Kxzl[m[K SurfaceFlinger::composeSurfaces() swap fb done  ------
W/APP     ( 1966): [01;31m[Kxzl[m[K: ===> ev hits user code: <4702864>  {4702861} since event: 3 ms
D/InputDispatcher(  193): <4702866.00> ########### [01;31m[Kxzl[m[K finishDispatchCycle: 3.75ms since event, 2.81ms since dispatch
W/APP     ( 1966): [01;31m[Kxzl[m[K: ===> ev hits user code: <4702876>  {4702871} since event: 5 ms
D/InputDispatcher(  193): <4702877.50> ########### [01;31m[Kxzl[m[K finishDispatchCycle: 6.23ms since event, 5.46ms since dispatch
W/APP     ( 1966): [01;31m[Kxzl[m[K: ===> ev hits user code: <4702885>  {4702881} since event: 4 ms
D/InputDispatcher(  193): <4702887.00> ########### [01;31m[Kxzl[m[K finishDispatchCycle: 5.62ms since event, 4.82ms since dispatch
W/APP     ( 1966): [01;31m[Kxzl[m[K: ===> done onDrawFrame: <4702860> 
W/GLSurfaceView( 1966): <4702895>  --- [01;31m[Kxzl[m[K --- AFTER GLSurfaceView DrawFrame
W/GLSurfaceView( 1966): <4702895>  --- [01;31m[Kxzl[m[K --- BEFORE GLSurfaceView swap frame
D/SurfaceTextureClient( 1966): <4702897.00> [01;31m[Kxzl[m[K SurfaceTextureClient::queueBuffer
D/SurfaceFlinger(  117): <4702897.00>  --- [01;31m[Kxzl[m[K Layer::onFrameQueued
D/SurfaceFlinger(  117): <4702897.00>  ----- [01;31m[Kxzl[m[K SurfaceFlinger::composeSurfaces compose done, prepare to swap fb ------
W/GLSurfaceView( 1966): <4702897>  --- [01;31m[Kxzl[m[K --- AFTER GLSurfaceView swap frame
W/GLSurfaceView( 1966): <4702897>  --- [01;31m[Kxzl[m[K --- BEFORE GLSurfaceView DrawFrame
W/APP     ( 1966): [01;31m[Kxzl[m[K: ===> entering onDrawFrame: <4702898> 
W/APP     ( 1966): [01;31m[Kxzl[m[K: ===> ev hits user code: <4702899>  {4702890} since event: 9 ms
D/InputDispatcher(  193): <4702902.50> ########### [01;31m[Kxzl[m[K finishDispatchCycle: 11.69ms since event, 10.96ms since dispatch
W/APP     ( 1966): [01;31m[Kxzl[m[K: ===> ev hits user code: <4702905>  {4702900} since event: 5 ms
D/InputDispatcher(  193): <4702910.50> ########### [01;31m[Kxzl[m[K finishDispatchCycle: 9.92ms since event, 7.84ms since dispatch
D/SurfaceFlinger(  117): <4702911.50>  ----- [01;31m[Kxzl[m[K SurfaceFlinger::composeSurfaces() swap fb done  ------
W/APP     ( 1966): [01;31m[Kxzl[m[K: ===> ev hits user code: <4702914>  {4702910} since event: 4 ms
D/InputDispatcher(  193): <4702915.50> ########### [01;31m[Kxzl[m[K finishDispatchCycle: 4.85ms since event, 4.18ms since dispatch
W/APP     ( 1966): [01;31m[Kxzl[m[K: ===> ev hits user code: <4702923>  {4702920} since event: 3 ms
D/InputDispatcher(  193): <4702924.50> ########### [01;31m[Kxzl[m[K finishDispatchCycle: 4.46ms since event, 3.88ms since dispatch
W/APP     ( 1966): [01;31m[Kxzl[m[K: ===> done onDrawFrame: <4702898> 
W/GLSurfaceView( 1966): <4702931>  --- [01;31m[Kxzl[m[K --- AFTER GLSurfaceView DrawFrame
W/GLSurfaceView( 1966): <4702931>  --- [01;31m[Kxzl[m[K --- BEFORE GLSurfaceView swap frame
D/SurfaceTextureClient( 1966): <4702932.00> [01;31m[Kxzl[m[K SurfaceTextureClient::queueBuffer
D/SurfaceFlinger(  117): <4702932.50>  --- [01;31m[Kxzl[m[K Layer::onFrameQueued
D/SurfaceFlinger(  117): <4702932.50>  ----- [01;31m[Kxzl[m[K SurfaceFlinger::composeSurfaces compose done, prepare to swap fb ------
W/GLSurfaceView( 1966): <4702933>  --- [01;31m[Kxzl[m[K --- AFTER GLSurfaceView swap frame
W/GLSurfaceView( 1966): <4702933>  --- [01;31m[Kxzl[m[K --- BEFORE GLSurfaceView DrawFrame
W/APP     ( 1966): [01;31m[Kxzl[m[K: ===> entering onDrawFrame: <4702934> 
W/APP     ( 1966): [01;31m[Kxzl[m[K: ===> ev hits user code: <4702940>  {4702929} since event: 11 ms
D/InputDispatcher(  193): <4702943.50> ########### [01;31m[Kxzl[m[K finishDispatchCycle: 13.98ms since event, 13.40ms since dispatch
D/SurfaceFlinger(  117): <4702945.50>  ----- [01;31m[Kxzl[m[K SurfaceFlinger::composeSurfaces() swap fb done  ------
W/APP     ( 1966): [01;31m[Kxzl[m[K: ===> ev hits user code: <4702949>  {4702940} since event: 9 ms
D/InputDispatcher(  193): <4702952.50> ########### [01;31m[Kxzl[m[K finishDispatchCycle: 12.30ms since event, 8.45ms since dispatch
W/APP     ( 1966): [01;31m[Kxzl[m[K: ===> ev hits user code: <4702955>  {4702948} since event: 7 ms
D/InputDispatcher(  193): <4702957.00> ########### [01;31m[Kxzl[m[K finishDispatchCycle: 9.06ms since event, 4.64ms since dispatch
W/APP     ( 1966): [01;31m[Kxzl[m[K: ===> ev hits user code: <4702961>  {4702957} since event: 4 ms
D/InputDispatcher(  193): <4702963.00> ########### [01;31m[Kxzl[m[K finishDispatchCycle: 5.04ms since event, 3.51ms since dispatch
W/APP     ( 1966): [01;31m[Kxzl[m[K: ===> done onDrawFrame: <4702934> 
W/GLSurfaceView( 1966): <4702967>  --- [01;31m[Kxzl[m[K --- AFTER GLSurfaceView DrawFrame
W/GLSurfaceView( 1966): <4702967>  --- [01;31m[Kxzl[m[K --- BEFORE GLSurfaceView swap frame
D/SurfaceTextureClient( 1966): <4702968.00> [01;31m[Kxzl[m[K SurfaceTextureClient::queueBuffer
D/SurfaceFlinger(  117): <4702968.00>  --- [01;31m[Kxzl[m[K Layer::onFrameQueued
D/SurfaceFlinger(  117): <4702969.50>  ----- [01;31m[Kxzl[m[K SurfaceFlinger::composeSurfaces compose done, prepare to swap fb ------
W/GLSurfaceView( 1966): <4702969>  --- [01;31m[Kxzl[m[K --- AFTER GLSurfaceView swap frame
W/GLSurfaceView( 1966): <4702969>  --- [01;31m[Kxzl[m[K --- BEFORE GLSurfaceView DrawFrame
W/APP     ( 1966): [01;31m[Kxzl[m[K: ===> entering onDrawFrame: <4702970> 
W/APP     ( 1966): [01;31m[Kxzl[m[K: ===> ev hits user code: <4702971>  {4702967} since event: 4 ms
D/InputDispatcher(  193): <4702972.50> ########### [01;31m[Kxzl[m[K finishDispatchCycle: 4.79ms since event, 3.05ms since dispatch
D/SurfaceFlinger(  117): <4702979.50>  ----- [01;31m[Kxzl[m[K SurfaceFlinger::composeSurfaces() swap fb done  ------
W/APP     ( 1966): [01;31m[Kxzl[m[K: ===> ev hits user code: <4702980>  {4702977} since event: 3 ms
D/InputDispatcher(  193): <4702981.50> ########### [01;31m[Kxzl[m[K finishDispatchCycle: 3.88ms since event, 2.35ms since dispatch
W/APP     ( 1966): [01;31m[Kxzl[m[K: ===> ev hits user code: <4702990>  {4702987} since event: 3 ms
D/InputDispatcher(  193): <4702992.00> ########### [01;31m[Kxzl[m[K finishDispatchCycle: 4.43ms since event, 2.87ms since dispatch
W/APP     ( 1966): [01;31m[Kxzl[m[K: ===> ev hits user code: <4703000>  {4702997} since event: 3 ms
D/InputDispatcher(  193): <4703001.00> ########### [01;31m[Kxzl[m[K finishDispatchCycle: 4.36ms since event, 2.84ms since dispatch
W/APP     ( 1966): [01;31m[Kxzl[m[K: ===> done onDrawFrame: <4702970> 
W/GLSurfaceView( 1966): <4703002>  --- [01;31m[Kxzl[m[K --- AFTER GLSurfaceView DrawFrame
W/GLSurfaceView( 1966): <4703003>  --- [01;31m[Kxzl[m[K --- BEFORE GLSurfaceView swap frame
D/SurfaceTextureClient( 1966): <4703004.00> [01;31m[Kxzl[m[K SurfaceTextureClient::queueBuffer
D/SurfaceFlinger(  117): <4703004.00>  --- [01;31m[Kxzl[m[K Layer::onFrameQueued
D/SurfaceFlinger(  117): <4703004.50>  ----- [01;31m[Kxzl[m[K SurfaceFlinger::composeSurfaces compose done, prepare to swap fb ------
W/GLSurfaceView( 1966): <4703004>  --- [01;31m[Kxzl[m[K --- AFTER GLSurfaceView swap frame
W/GLSurfaceView( 1966): <4703005>  --- [01;31m[Kxzl[m[K --- BEFORE GLSurfaceView DrawFrame
W/APP     ( 1966): [01;31m[Kxzl[m[K: ===> entering onDrawFrame: <4703005> 
W/APP     ( 1966): [01;31m[Kxzl[m[K: ===> ev hits user code: <4703010>  {4703006} since event: 4 ms
D/InputDispatcher(  193): <4703011.50> ########### [01;31m[Kxzl[m[K finishDispatchCycle: 4.67ms since event, 3.08ms since dispatch
D/SurfaceFlinger(  117): <4703013.50>  ----- [01;31m[Kxzl[m[K SurfaceFlinger::composeSurfaces() swap fb done  ------
W/APP     ( 1966): [01;31m[Kxzl[m[K: ===> ev hits user code: <4703020>  {4703018} since event: 2 ms
D/InputDispatcher(  193): <4703022.50> ########### [01;31m[Kxzl[m[K finishDispatchCycle: 4.67ms since event, 4.06ms since dispatch
W/APP     ( 1966): [01;31m[Kxzl[m[K: ===> ev hits user code: <4703029>  {4703027} since event: 2 ms
D/InputDispatcher(  193): <4703030.50> ########### [01;31m[Kxzl[m[K finishDispatchCycle: 3.20ms since event, 2.59ms since dispatch
W/APP     ( 1966): [01;31m[Kxzl[m[K: ===> done onDrawFrame: <4703005> 
W/GLSurfaceView( 1966): <4703038>  --- [01;31m[Kxzl[m[K --- AFTER GLSurfaceView DrawFrame
W/GLSurfaceView( 1966): <4703039>  --- [01;31m[Kxzl[m[K --- BEFORE GLSurfaceView swap frame
D/SurfaceTextureClient( 1966): <4703040.00> [01;31m[Kxzl[m[K SurfaceTextureClient::queueBuffer
D/SurfaceFlinger(  117): <4703040.00>  --- [01;31m[Kxzl[m[K Layer::onFrameQueued
D/SurfaceFlinger(  117): <4703040.00>  ----- [01;31m[Kxzl[m[K SurfaceFlinger::composeSurfaces compose done, prepare to swap fb ------
W/GLSurfaceView( 1966): <4703041>  --- [01;31m[Kxzl[m[K --- AFTER GLSurfaceView swap frame
W/GLSurfaceView( 1966): <4703041>  --- [01;31m[Kxzl[m[K --- BEFORE GLSurfaceView DrawFrame
W/APP     ( 1966): [01;31m[Kxzl[m[K: ===> entering onDrawFrame: <4703041> 
D/SurfaceFlinger(  117): <4703047.50>  ----- [01;31m[Kxzl[m[K SurfaceFlinger::composeSurfaces() swap fb done  ------
W/APP     ( 1966): [01;31m[Kxzl[m[K: ===> ev hits user code: <4703047>  {4703037} since event: 10 ms
D/InputDispatcher(  193): <4703048.50> ########### [01;31m[Kxzl[m[K finishDispatchCycle: 11.38ms since event, 10.77ms since dispatch
W/APP     ( 1966): [01;31m[Kxzl[m[K: ===> ev hits user code: <4703050>  {4703047} since event: 3 ms
D/InputDispatcher(  193): <4703051.50> ########### [01;31m[Kxzl[m[K finishDispatchCycle: 4.61ms since event, 2.81ms since dispatch
W/APP     ( 1966): [01;31m[Kxzl[m[K: ===> ev hits user code: <4703060>  {4703056} since event: 4 ms
D/InputDispatcher(  193): <4703062.00> ########### [01;31m[Kxzl[m[K finishDispatchCycle: 4.98ms since event, 4.39ms since dispatch
W/APP     ( 1966): [01;31m[Kxzl[m[K: ===> ev hits user code: <4703070>  {4703066} since event: 4 ms
D/InputDispatcher(  193): <4703071.00> ########### [01;31m[Kxzl[m[K finishDispatchCycle: 4.46ms since event, 3.91ms since dispatch
W/APP     ( 1966): [01;31m[Kxzl[m[K: ===> done onDrawFrame: <4703041> 
W/GLSurfaceView( 1966): <4703076>  --- [01;31m[Kxzl[m[K --- AFTER GLSurfaceView DrawFrame
W/GLSurfaceView( 1966): <4703077>  --- [01;31m[Kxzl[m[K --- BEFORE GLSurfaceView swap frame
D/SurfaceTextureClient( 1966): <4703078.00> [01;31m[Kxzl[m[K SurfaceTextureClient::queueBuffer
D/SurfaceFlinger(  117): <4703078.50>  --- [01;31m[Kxzl[m[K Layer::onFrameQueued
D/SurfaceFlinger(  117): <4703078.50>  ----- [01;31m[Kxzl[m[K SurfaceFlinger::composeSurfaces compose done, prepare to swap fb ------
W/GLSurfaceView( 1966): <4703078>  --- [01;31m[Kxzl[m[K --- AFTER GLSurfaceView swap frame
W/GLSurfaceView( 1966): <4703078>  --- [01;31m[Kxzl[m[K --- BEFORE GLSurfaceView DrawFrame
W/APP     ( 1966): [01;31m[Kxzl[m[K: ===> entering onDrawFrame: <4703079> 
D/SurfaceFlinger(  117): <4703081.50>  ----- [01;31m[Kxzl[m[K SurfaceFlinger::composeSurfaces() swap fb done  ------
W/APP     ( 1966): [01;31m[Kxzl[m[K: ===> ev hits user code: <4703086>  {4703076} since event: 10 ms
D/InputDispatcher(  193): <4703090.00> ########### [01;31m[Kxzl[m[K finishDispatchCycle: 13.15ms since event, 12.51ms since dispatch
W/APP     ( 1966): [01;31m[Kxzl[m[K: ===> ev hits user code: <4703099>  {4703086} since event: 13 ms
D/InputDispatcher(  193): <4703100.00> ########### [01;31m[Kxzl[m[K finishDispatchCycle: 13.73ms since event, 9.98ms since dispatch
W/APP     ( 1966): [01;31m[Kxzl[m[K: ===> ev hits user code: <4703107>  {4703096} since event: 11 ms
D/InputDispatcher(  193): <4703108.00> ########### [01;31m[Kxzl[m[K finishDispatchCycle: 11.75ms since event, 7.93ms since dispatch
W/APP     ( 1966): [01;31m[Kxzl[m[K: ===> done onDrawFrame: <4703079> 
W/GLSurfaceView( 1966): <4703111>  --- [01;31m[Kxzl[m[K --- AFTER GLSurfaceView DrawFrame
W/APP     ( 1966): [01;31m[Kxzl[m[K: ===> ev hits user code: <4703112>  {4703105} since event: 7 ms
D/InputDispatcher(  193): <4703114.00> ########### [01;31m[Kxzl[m[K finishDispatchCycle: 7.94ms since event, 5.68ms since dispatch
W/GLSurfaceView( 1966): <4703112>  --- [01;31m[Kxzl[m[K --- BEFORE GLSurfaceView swap frame
D/SurfaceTextureClient( 1966): <4703116.50> [01;31m[Kxzl[m[K SurfaceTextureClient::queueBuffer
D/SurfaceFlinger(  117): <4703117.00>  --- [01;31m[Kxzl[m[K Layer::onFrameQueued
D/SurfaceFlinger(  117): <4703117.00>  ----- [01;31m[Kxzl[m[K SurfaceFlinger::composeSurfaces compose done, prepare to swap fb ------
W/GLSurfaceView( 1966): <4703117>  --- [01;31m[Kxzl[m[K --- AFTER GLSurfaceView swap frame
W/GLSurfaceView( 1966): <4703118>  --- [01;31m[Kxzl[m[K --- BEFORE GLSurfaceView DrawFrame
W/APP     ( 1966): [01;31m[Kxzl[m[K: ===> entering onDrawFrame: <4703118> 
W/APP     ( 1966): [01;31m[Kxzl[m[K: ===> ev hits user code: <4703119>  {4703115} since event: 4 ms
D/InputDispatcher(  193): <4703120.00> ########### [01;31m[Kxzl[m[K finishDispatchCycle: 4.76ms since event, 4.15ms since dispatch
W/APP     ( 1966): [01;31m[Kxzl[m[K: ===> ev hits user code: <4703127>  {4703125} since event: 2 ms
D/InputDispatcher(  193): <4703128.00> ########### [01;31m[Kxzl[m[K finishDispatchCycle: 2.87ms since event, 2.29ms since dispatch
D/SurfaceFlinger(  117): <4703133.50>  ----- [01;31m[Kxzl[m[K SurfaceFlinger::composeSurfaces() swap fb done  ------
W/APP     ( 1966): [01;31m[Kxzl[m[K: ===> ev hits user code: <4703137>  {4703135} since event: 2 ms
D/InputDispatcher(  193): <4703138.00> ########### [01;31m[Kxzl[m[K finishDispatchCycle: 2.99ms since event, 2.41ms since dispatch
W/APP     ( 1966): [01;31m[Kxzl[m[K: ===> ev hits user code: <4703146>  {4703144} since event: 2 ms
D/InputDispatcher(  193): <4703147.50> ########### [01;31m[Kxzl[m[K finishDispatchCycle: 2.75ms since event, 2.17ms since dispatch
W/APP     ( 1966): [01;31m[Kxzl[m[K: ===> done onDrawFrame: <4703118> 
W/GLSurfaceView( 1966): <4703151>  --- [01;31m[Kxzl[m[K --- AFTER GLSurfaceView DrawFrame
W/GLSurfaceView( 1966): <4703151>  --- [01;31m[Kxzl[m[K --- BEFORE GLSurfaceView swap frame
D/SurfaceTextureClient( 1966): <4703151.50> [01;31m[Kxzl[m[K SurfaceTextureClient::queueBuffer
D/SurfaceFlinger(  117): <4703151.50>  --- [01;31m[Kxzl[m[K Layer::onFrameQueued
D/SurfaceFlinger(  117): <4703153.00>  ----- [01;31m[Kxzl[m[K SurfaceFlinger::composeSurfaces compose done, prepare to swap fb ------
W/GLSurfaceView( 1966): <4703153>  --- [01;31m[Kxzl[m[K --- AFTER GLSurfaceView swap frame
W/GLSurfaceView( 1966): <4703153>  --- [01;31m[Kxzl[m[K --- BEFORE GLSurfaceView DrawFrame
W/APP     ( 1966): [01;31m[Kxzl[m[K: ===> entering onDrawFrame: <4703153> 
W/APP     ( 1966): [01;31m[Kxzl[m[K: ===> ev hits user code: <4703157>  {4703154} since event: 3 ms
D/InputDispatcher(  193): <4703158.50> ########### [01;31m[Kxzl[m[K finishDispatchCycle: 3.66ms since event, 3.08ms since dispatch
D/SurfaceFlinger(  117): <4703166.00>  ----- [01;31m[Kxzl[m[K SurfaceFlinger::composeSurfaces() swap fb done  ------
W/APP     ( 1966): [01;31m[Kxzl[m[K: ===> ev hits user code: <4703167>  {4703164} since event: 3 ms
D/InputDispatcher(  193): <4703168.00> ########### [01;31m[Kxzl[m[K finishDispatchCycle: 3.48ms since event, 2.84ms since dispatch
W/APP     ( 1966): [01;31m[Kxzl[m[K: ===> ev hits user code: <4703176>  {4703174} since event: 2 ms
D/InputDispatcher(  193): <4703178.50> ########### [01;31m[Kxzl[m[K finishDispatchCycle: 4.39ms since event, 3.57ms since dispatch
W/APP     ( 1966): [01;31m[Kxzl[m[K: ===> done onDrawFrame: <4703153> 
W/GLSurfaceView( 1966): <4703186>  --- [01;31m[Kxzl[m[K --- AFTER GLSurfaceView DrawFrame
W/GLSurfaceView( 1966): <4703187>  --- [01;31m[Kxzl[m[K --- BEFORE GLSurfaceView swap frame
D/SurfaceTextureClient( 1966): <4703188.00> [01;31m[Kxzl[m[K SurfaceTextureClient::queueBuffer
D/SurfaceFlinger(  117): <4703188.00>  --- [01;31m[Kxzl[m[K Layer::onFrameQueued
D/SurfaceFlinger(  117): <4703188.50>  ----- [01;31m[Kxzl[m[K SurfaceFlinger::composeSurfaces compose done, prepare to swap fb ------
W/GLSurfaceView( 1966): <4703188>  --- [01;31m[Kxzl[m[K --- AFTER GLSurfaceView swap frame
W/GLSurfaceView( 1966): <4703189>  --- [01;31m[Kxzl[m[K --- BEFORE GLSurfaceView DrawFrame
W/APP     ( 1966): [01;31m[Kxzl[m[K: ===> entering onDrawFrame: <4703189> 
W/APP     ( 1966): [01;31m[Kxzl[m[K: ===> ev hits user code: <4703188>  {4703184} since event: 4 ms
D/InputDispatcher(  193): <4703193.50> ########### [01;31m[Kxzl[m[K finishDispatchCycle: 9.74ms since event, 9.03ms since dispatch
W/APP     ( 1966): [01;31m[Kxzl[m[K: ===> ev hits user code: <4703198>  {4703193} since event: 5 ms
D/InputDispatcher(  193): <4703200.00> ########### [01;31m[Kxzl[m[K finishDispatchCycle: 6.01ms since event, 5.00ms since dispatch
D/SurfaceFlinger(  117): <4703201.50>  ----- [01;31m[Kxzl[m[K SurfaceFlinger::composeSurfaces() swap fb done  ------
W/APP     ( 1966): [01;31m[Kxzl[m[K: ===> ev hits user code: <4703205>  {4703203} since event: 2 ms
D/InputDispatcher(  193): <4703207.00> ########### [01;31m[Kxzl[m[K finishDispatchCycle: 3.30ms since event, 2.59ms since dispatch
W/APP     ( 1966): [01;31m[Kxzl[m[K: ===> ev hits user code: <4703215>  {4703212} since event: 3 ms
D/InputDispatcher(  193): <4703216.00> ########### [01;31m[Kxzl[m[K finishDispatchCycle: 3.17ms since event, 2.53ms since dispatch
W/APP     ( 1966): [01;31m[Kxzl[m[K: ===> done onDrawFrame: <4703189> 
W/GLSurfaceView( 1966): <4703222>  --- [01;31m[Kxzl[m[K --- AFTER GLSurfaceView DrawFrame
W/GLSurfaceView( 1966): <4703223>  --- [01;31m[Kxzl[m[K --- BEFORE GLSurfaceView swap frame
D/SurfaceTextureClient( 1966): <4703223.50> [01;31m[Kxzl[m[K SurfaceTextureClient::queueBuffer
D/SurfaceFlinger(  117): <4703223.50>  --- [01;31m[Kxzl[m[K Layer::onFrameQueued
D/SurfaceFlinger(  117): <4703224.00>  ----- [01;31m[Kxzl[m[K SurfaceFlinger::composeSurfaces compose done, prepare to swap fb ------
W/GLSurfaceView( 1966): <4703224>  --- [01;31m[Kxzl[m[K --- AFTER GLSurfaceView swap frame
W/GLSurfaceView( 1966): <4703224>  --- [01;31m[Kxzl[m[K --- BEFORE GLSurfaceView DrawFrame
W/APP     ( 1966): [01;31m[Kxzl[m[K: ===> entering onDrawFrame: <4703224> 
W/APP     ( 1966): [01;31m[Kxzl[m[K: ===> ev hits user code: <4703231>  {4703222} since event: 9 ms
D/InputDispatcher(  193): <4703233.00> ########### [01;31m[Kxzl[m[K finishDispatchCycle: 10.28ms since event, 9.55ms since dispatch
D/SurfaceFlinger(  117): <4703234.00>  ----- [01;31m[Kxzl[m[K SurfaceFlinger::composeSurfaces() swap fb done  ------
W/APP     ( 1966): [01;31m[Kxzl[m[K: ===> ev hits user code: <4703235>  {4703232} since event: 3 ms
D/InputDispatcher(  193): <4703236.50> ########### [01;31m[Kxzl[m[K finishDispatchCycle: 4.27ms since event, 3.48ms since dispatch
W/APP     ( 1966): [01;31m[Kxzl[m[K: ===> ev hits user code: <4703244>  {4703242} since event: 2 ms
D/InputDispatcher(  193): <4703244.50> ########### [01;31m[Kxzl[m[K finishDispatchCycle: 2.66ms since event, 2.11ms since dispatch
W/APP     ( 1966): [01;31m[Kxzl[m[K: ===> ev hits user code: <4703253>  {4703251} since event: 2 ms
D/InputDispatcher(  193): <4703254.50> ########### [01;31m[Kxzl[m[K finishDispatchCycle: 2.59ms since event, 2.01ms since dispatch
W/APP     ( 1966): [01;31m[Kxzl[m[K: ===> done onDrawFrame: <4703224> 
W/GLSurfaceView( 1966): <4703257>  --- [01;31m[Kxzl[m[K --- AFTER GLSurfaceView DrawFrame
W/GLSurfaceView( 1966): <4703257>  --- [01;31m[Kxzl[m[K --- BEFORE GLSurfaceView swap frame
D/SurfaceTextureClient( 1966): <4703258.50> [01;31m[Kxzl[m[K SurfaceTextureClient::queueBuffer
D/SurfaceFlinger(  117): <4703258.50>  --- [01;31m[Kxzl[m[K Layer::onFrameQueued
D/SurfaceFlinger(  117): <4703258.50>  ----- [01;31m[Kxzl[m[K SurfaceFlinger::composeSurfaces compose done, prepare to swap fb ------
W/GLSurfaceView( 1966): <4703259>  --- [01;31m[Kxzl[m[K --- AFTER GLSurfaceView swap frame
W/GLSurfaceView( 1966): <4703259>  --- [01;31m[Kxzl[m[K --- BEFORE GLSurfaceView DrawFrame
W/APP     ( 1966): [01;31m[Kxzl[m[K: ===> entering onDrawFrame: <4703259> 
W/APP     ( 1966): [01;31m[Kxzl[m[K: ===> ev hits user code: <4703264>  {4703261} since event: 3 ms
D/InputDispatcher(  193): <4703265.00> ########### [01;31m[Kxzl[m[K finishDispatchCycle: 3.48ms since event, 2.66ms since dispatch
D/SurfaceFlinger(  117): <4703267.50>  ----- [01;31m[Kxzl[m[K SurfaceFlinger::composeSurfaces() swap fb done  ------
W/APP     ( 1966): [01;31m[Kxzl[m[K: ===> ev hits user code: <4703273>  {4703271} since event: 2 ms
D/InputDispatcher(  193): <4703275.00> ########### [01;31m[Kxzl[m[K finishDispatchCycle: 3.36ms since event, 2.69ms since dispatch
W/APP     ( 1966): [01;31m[Kxzl[m[K: ===> ev hits user code: <4703284>  {4703281} since event: 3 ms
D/InputDispatcher(  193): <4703286.00> ########### [01;31m[Kxzl[m[K finishDispatchCycle: 4.64ms since event, 3.91ms since dispatch
W/APP     ( 1966): [01;31m[Kxzl[m[K: ===> done onDrawFrame: <4703259> 
W/GLSurfaceView( 1966): <4703292>  --- [01;31m[Kxzl[m[K --- AFTER GLSurfaceView DrawFrame
W/GLSurfaceView( 1966): <4703293>  --- [01;31m[Kxzl[m[K --- BEFORE GLSurfaceView swap frame
D/SurfaceTextureClient( 1966): <4703294.50> [01;31m[Kxzl[m[K SurfaceTextureClient::queueBuffer
D/SurfaceFlinger(  117): <4703294.50>  --- [01;31m[Kxzl[m[K Layer::onFrameQueued
D/SurfaceFlinger(  117): <4703295.00>  ----- [01;31m[Kxzl[m[K SurfaceFlinger::composeSurfaces compose done, prepare to swap fb ------
W/GLSurfaceView( 1966): <4703295>  --- [01;31m[Kxzl[m[K --- AFTER GLSurfaceView swap frame
W/GLSurfaceView( 1966): <4703295>  --- [01;31m[Kxzl[m[K --- BEFORE GLSurfaceView DrawFrame
W/APP     ( 1966): [01;31m[Kxzl[m[K: ===> entering onDrawFrame: <4703296> 
D/SurfaceFlinger(  117): <4703302.00>  ----- [01;31m[Kxzl[m[K SurfaceFlinger::composeSurfaces() swap fb done  ------
W/APP     ( 1966): [01;31m[Kxzl[m[K: ===> ev hits user code: <4703296>  {4703290} since event: 6 ms
D/InputDispatcher(  193): <4703302.50> ########### [01;31m[Kxzl[m[K finishDispatchCycle: 11.47ms since event, 10.77ms since dispatch
W/APP     ( 1966): [01;31m[Kxzl[m[K: ===> ev hits user code: <4703305>  {4703300} since event: 5 ms
D/InputDispatcher(  193): <4703306.50> ########### [01;31m[Kxzl[m[K finishDispatchCycle: 5.25ms since event, 3.51ms since dispatch
W/APP     ( 1966): [01;31m[Kxzl[m[K: ===> ev hits user code: <4703313>  {4703310} since event: 3 ms
D/InputDispatcher(  193): <4703313.50> ########### [01;31m[Kxzl[m[K finishDispatchCycle: 3.33ms since event, 2.66ms since dispatch
W/APP     ( 1966): [01;31m[Kxzl[m[K: ===> ev hits user code: <4703323>  {4703320} since event: 3 ms
D/InputDispatcher(  193): <4703324.00> ########### [01;31m[Kxzl[m[K finishDispatchCycle: 3.78ms since event, 3.20ms since dispatch
W/APP     ( 1966): [01;31m[Kxzl[m[K: ===> done onDrawFrame: <4703296> 
W/GLSurfaceView( 1966): <4703329>  --- [01;31m[Kxzl[m[K --- AFTER GLSurfaceView DrawFrame
W/GLSurfaceView( 1966): <4703330>  --- [01;31m[Kxzl[m[K --- BEFORE GLSurfaceView swap frame
D/SurfaceTextureClient( 1966): <4703330.50> [01;31m[Kxzl[m[K SurfaceTextureClient::queueBuffer
D/SurfaceFlinger(  117): <4703330.50>  --- [01;31m[Kxzl[m[K Layer::onFrameQueued
D/SurfaceFlinger(  117): <4703331.00>  ----- [01;31m[Kxzl[m[K SurfaceFlinger::composeSurfaces compose done, prepare to swap fb ------
W/GLSurfaceView( 1966): <4703331>  --- [01;31m[Kxzl[m[K --- AFTER GLSurfaceView swap frame
W/GLSurfaceView( 1966): <4703332>  --- [01;31m[Kxzl[m[K --- BEFORE GLSurfaceView DrawFrame
W/APP     ( 1966): [01;31m[Kxzl[m[K: ===> entering onDrawFrame: <4703332> 
W/APP     ( 1966): [01;31m[Kxzl[m[K: ===> ev hits user code: <4703333>  {4703330} since event: 3 ms
D/InputDispatcher(  193): <4703334.00> ########### [01;31m[Kxzl[m[K finishDispatchCycle: 4.03ms since event, 3.39ms since dispatch
D/SurfaceFlinger(  117): <4703335.50>  ----- [01;31m[Kxzl[m[K SurfaceFlinger::composeSurfaces() swap fb done  ------
W/APP     ( 1966): [01;31m[Kxzl[m[K: ===> ev hits user code: <4703342>  {4703339} since event: 3 ms
D/InputDispatcher(  193): <4703343.00> ########### [01;31m[Kxzl[m[K finishDispatchCycle: 3.14ms since event, 2.53ms since dispatch
W/APP     ( 1966): [01;31m[Kxzl[m[K: ===> ev hits user code: <4703352>  {4703349} since event: 3 ms
D/InputDispatcher(  193): <4703353.00> ########### [01;31m[Kxzl[m[K finishDispatchCycle: 3.51ms since event, 2.78ms since dispatch
W/APP     ( 1966): [01;31m[Kxzl[m[K: ===> ev hits user code: <4703362>  {4703359} since event: 3 ms
D/InputDispatcher(  193): <4703363.00> ########### [01;31m[Kxzl[m[K finishDispatchCycle: 3.45ms since event, 2.81ms since dispatch
W/APP     ( 1966): [01;31m[Kxzl[m[K: ===> done onDrawFrame: <4703332> 
W/GLSurfaceView( 1966): <4703365>  --- [01;31m[Kxzl[m[K --- AFTER GLSurfaceView DrawFrame
W/GLSurfaceView( 1966): <4703365>  --- [01;31m[Kxzl[m[K --- BEFORE GLSurfaceView swap frame
D/SurfaceTextureClient( 1966): <4703366.00> [01;31m[Kxzl[m[K SurfaceTextureClient::queueBuffer
D/SurfaceFlinger(  117): <4703366.00>  --- [01;31m[Kxzl[m[K Layer::onFrameQueued
D/SurfaceFlinger(  117): <4703366.50>  ----- [01;31m[Kxzl[m[K SurfaceFlinger::composeSurfaces compose done, prepare to swap fb ------
W/GLSurfaceView( 1966): <4703367>  --- [01;31m[Kxzl[m[K --- AFTER GLSurfaceView swap frame
W/GLSurfaceView( 1966): <4703367>  --- [01;31m[Kxzl[m[K --- BEFORE GLSurfaceView DrawFrame
W/APP     ( 1966): [01;31m[Kxzl[m[K: ===> entering onDrawFrame: <4703368> 
D/SurfaceFlinger(  117): <4703369.50>  ----- [01;31m[Kxzl[m[K SurfaceFlinger::composeSurfaces() swap fb done  ------
W/APP     ( 1966): [01;31m[Kxzl[m[K: ===> ev hits user code: <4703371>  {4703369} since event: 2 ms
D/InputDispatcher(  193): <4703374.00> ########### [01;31m[Kxzl[m[K finishDispatchCycle: 4.91ms since event, 4.30ms since dispatch
W/APP     ( 1966): [01;31m[Kxzl[m[K: ===> ev hits user code: <4703382>  {4703379} since event: 3 ms
D/InputDispatcher(  193): <4703383.00> ########### [01;31m[Kxzl[m[K finishDispatchCycle: 3.82ms since event, 3.14ms since dispatch
W/APP     ( 1966): [01;31m[Kxzl[m[K: ===> ev hits user code: <4703391>  {4703388} since event: 3 ms
D/InputDispatcher(  193): <4703392.50> ########### [01;31m[Kxzl[m[K finishDispatchCycle: 3.57ms since event, 2.90ms since dispatch
W/APP     ( 1966): [01;31m[Kxzl[m[K: ===> done onDrawFrame: <4703368> 
W/GLSurfaceView( 1966): <4703401>  --- [01;31m[Kxzl[m[K --- AFTER GLSurfaceView DrawFrame
W/GLSurfaceView( 1966): <4703401>  --- [01;31m[Kxzl[m[K --- BEFORE GLSurfaceView swap frame
D/SurfaceTextureClient( 1966): <4703402.50> [01;31m[Kxzl[m[K SurfaceTextureClient::queueBuffer
D/SurfaceFlinger(  117): <4703402.50>  --- [01;31m[Kxzl[m[K Layer::onFrameQueued
D/SurfaceFlinger(  117): <4703402.50>  ----- [01;31m[Kxzl[m[K SurfaceFlinger::composeSurfaces compose done, prepare to swap fb ------
D/SurfaceFlinger(  117): <4703403.50>  ----- [01;31m[Kxzl[m[K SurfaceFlinger::composeSurfaces() swap fb done  ------
W/GLSurfaceView( 1966): <4703403>  --- [01;31m[Kxzl[m[K --- AFTER GLSurfaceView swap frame
W/GLSurfaceView( 1966): <4703404>  --- [01;31m[Kxzl[m[K --- BEFORE GLSurfaceView DrawFrame
W/APP     ( 1966): [01;31m[Kxzl[m[K: ===> entering onDrawFrame: <4703404> 
W/APP     ( 1966): [01;31m[Kxzl[m[K: ===> ev hits user code: <4703403>  {4703398} since event: 5 ms
D/InputDispatcher(  193): <4703409.50> ########### [01;31m[Kxzl[m[K finishDispatchCycle: 11.20ms since event, 10.53ms since dispatch
W/APP     ( 1966): [01;31m[Kxzl[m[K: ===> ev hits user code: <4703412>  {4703408} since event: 4 ms
D/InputDispatcher(  193): <4703413.50> ########### [01;31m[Kxzl[m[K finishDispatchCycle: 4.91ms since event, 3.45ms since dispatch
W/APP     ( 1966): [01;31m[Kxzl[m[K: ===> ev hits user code: <4703422>  {4703418} since event: 4 ms
D/InputDispatcher(  193): <4703423.50> ########### [01;31m[Kxzl[m[K finishDispatchCycle: 5.31ms since event, 4.70ms since dispatch
W/APP     ( 1966): [01;31m[Kxzl[m[K: ===> ev hits user code: <4703431>  {4703427} since event: 4 ms
D/InputDispatcher(  193): <4703432.00> ########### [01;31m[Kxzl[m[K finishDispatchCycle: 4.52ms since event, 3.97ms since dispatch
W/APP     ( 1966): [01;31m[Kxzl[m[K: ===> done onDrawFrame: <4703404> 
W/GLSurfaceView( 1966): <4703437>  --- [01;31m[Kxzl[m[K --- AFTER GLSurfaceView DrawFrame
W/GLSurfaceView( 1966): <4703437>  --- [01;31m[Kxzl[m[K --- BEFORE GLSurfaceView swap frame
D/SurfaceTextureClient( 1966): <4703438.00> [01;31m[Kxzl[m[K SurfaceTextureClient::queueBuffer
D/SurfaceFlinger(  117): <4703438.00>  --- [01;31m[Kxzl[m[K Layer::onFrameQueued
D/SurfaceFlinger(  117): <4703438.00>  ----- [01;31m[Kxzl[m[K SurfaceFlinger::composeSurfaces compose done, prepare to swap fb ------
W/GLSurfaceView( 1966): <4703438>  --- [01;31m[Kxzl[m[K --- AFTER GLSurfaceView swap frame
W/GLSurfaceView( 1966): <4703439>  --- [01;31m[Kxzl[m[K --- BEFORE GLSurfaceView DrawFrame
W/APP     ( 1966): [01;31m[Kxzl[m[K: ===> entering onDrawFrame: <4703439> 
W/APP     ( 1966): [01;31m[Kxzl[m[K: ===> ev hits user code: <4703442>  {4703437} since event: 5 ms
D/InputDispatcher(  193): <4703443.50> ########### [01;31m[Kxzl[m[K finishDispatchCycle: 5.95ms since event, 5.37ms since dispatch
W/APP     ( 1966): [01;31m[Kxzl[m[K: ===> ev hits user code: <4703451>  {4703447} since event: 4 ms
D/InputDispatcher(  193): <4703452.50> ########### [01;31m[Kxzl[m[K finishDispatchCycle: 5.13ms since event, 4.55ms since dispatch
D/SurfaceFlinger(  117): <4703455.50>  ----- [01;31m[Kxzl[m[K SurfaceFlinger::composeSurfaces() swap fb done  ------
W/APP     ( 1966): [01;31m[Kxzl[m[K: ===> ev hits user code: <4703459>  {4703455} since event: 4 ms
D/InputDispatcher(  193): <4703460.50> ########### [01;31m[Kxzl[m[K finishDispatchCycle: 4.52ms since event, 2.99ms since dispatch
W/APP     ( 1966): [01;31m[Kxzl[m[K: ===> ev hits user code: <4703469>  {4703465} since event: 4 ms
D/InputDispatcher(  193): <4703470.50> ########### [01;31m[Kxzl[m[K finishDispatchCycle: 5.13ms since event, 3.63ms since dispatch
W/APP     ( 1966): [01;31m[Kxzl[m[K: ===> done onDrawFrame: <4703439> 
W/GLSurfaceView( 1966): <4703472>  --- [01;31m[Kxzl[m[K --- AFTER GLSurfaceView DrawFrame
W/GLSurfaceView( 1966): <4703472>  --- [01;31m[Kxzl[m[K --- BEFORE GLSurfaceView swap frame
D/SurfaceTextureClient( 1966): <4703473.00> [01;31m[Kxzl[m[K SurfaceTextureClient::queueBuffer
D/SurfaceFlinger(  117): <4703473.00>  --- [01;31m[Kxzl[m[K Layer::onFrameQueued
D/SurfaceFlinger(  117): <4703473.00>  ----- [01;31m[Kxzl[m[K SurfaceFlinger::composeSurfaces compose done, prepare to swap fb ------
W/GLSurfaceView( 1966): <4703475>  --- [01;31m[Kxzl[m[K --- AFTER GLSurfaceView swap frame
W/GLSurfaceView( 1966): <4703477>  --- [01;31m[Kxzl[m[K --- BEFORE GLSurfaceView DrawFrame
W/APP     ( 1966): [01;31m[Kxzl[m[K: ===> entering onDrawFrame: <4703478> 
W/APP     ( 1966): [01;31m[Kxzl[m[K: ===> ev hits user code: <4703481>  {4703475} since event: 6 ms
D/InputDispatcher(  193): <4703482.00> ########### [01;31m[Kxzl[m[K finishDispatchCycle: 7.02ms since event, 5.46ms since dispatch
D/SurfaceFlinger(  117): <4703488.50>  ----- [01;31m[Kxzl[m[K SurfaceFlinger::composeSurfaces() swap fb done  ------
W/APP     ( 1966): [01;31m[Kxzl[m[K: ===> ev hits user code: <4703488>  {4703484} since event: 4 ms
D/InputDispatcher(  193): <4703491.00> ########### [01;31m[Kxzl[m[K finishDispatchCycle: 5.86ms since event, 4.30ms since dispatch
W/APP     ( 1966): [01;31m[Kxzl[m[K: ===> ev hits user code: <4703498>  {4703495} since event: 3 ms
D/InputDispatcher(  193): <4703499.50> ########### [01;31m[Kxzl[m[K finishDispatchCycle: 3.36ms since event, 2.75ms since dispatch
W/APP     ( 1966): [01;31m[Kxzl[m[K: ===> ev hits user code: <4703507>  {4703505} since event: 2 ms
D/InputDispatcher(  193): <4703508.50> ########### [01;31m[Kxzl[m[K finishDispatchCycle: 2.96ms since event, 2.32ms since dispatch
W/APP     ( 1966): [01;31m[Kxzl[m[K: ===> done onDrawFrame: <4703478> 
W/GLSurfaceView( 1966): <4703511>  --- [01;31m[Kxzl[m[K --- AFTER GLSurfaceView DrawFrame
W/GLSurfaceView( 1966): <4703511>  --- [01;31m[Kxzl[m[K --- BEFORE GLSurfaceView swap frame
D/SurfaceTextureClient( 1966): <4703512.00> [01;31m[Kxzl[m[K SurfaceTextureClient::queueBuffer
D/SurfaceFlinger(  117): <4703512.00>  --- [01;31m[Kxzl[m[K Layer::onFrameQueued
D/SurfaceFlinger(  117): <4703512.00>  ----- [01;31m[Kxzl[m[K SurfaceFlinger::composeSurfaces compose done, prepare to swap fb ------
W/GLSurfaceView( 1966): <4703516>  --- [01;31m[Kxzl[m[K --- AFTER GLSurfaceView swap frame
W/GLSurfaceView( 1966): <4703516>  --- [01;31m[Kxzl[m[K --- BEFORE GLSurfaceView DrawFrame
W/APP     ( 1966): [01;31m[Kxzl[m[K: ===> entering onDrawFrame: <4703516> 
W/APP     ( 1966): [01;31m[Kxzl[m[K: ===> ev hits user code: <4703518>  {4703515} since event: 3 ms
D/InputDispatcher(  193): <4703519.00> ########### [01;31m[Kxzl[m[K finishDispatchCycle: 4.06ms since event, 3.17ms since dispatch
D/SurfaceFlinger(  117): <4703523.50>  ----- [01;31m[Kxzl[m[K SurfaceFlinger::composeSurfaces() swap fb done  ------
W/APP     ( 1966): [01;31m[Kxzl[m[K: ===> ev hits user code: <4703529>  {4703525} since event: 4 ms
D/InputDispatcher(  193): <4703530.00> ########### [01;31m[Kxzl[m[K finishDispatchCycle: 4.82ms since event, 4.06ms since dispatch
W/APP     ( 1966): [01;31m[Kxzl[m[K: ===> ev hits user code: <4703538>  {4703534} since event: 4 ms
D/InputDispatcher(  193): <4703539.00> ########### [01;31m[Kxzl[m[K finishDispatchCycle: 4.24ms since event, 3.51ms since dispatch
W/APP     ( 1966): [01;31m[Kxzl[m[K: ===> ev hits user code: <4703548>  {4703544} since event: 4 ms
D/InputDispatcher(  193): <4703549.00> ########### [01;31m[Kxzl[m[K finishDispatchCycle: 4.58ms since event, 3.85ms since dispatch
W/APP     ( 1966): [01;31m[Kxzl[m[K: ===> done onDrawFrame: <4703516> 
W/GLSurfaceView( 1966): <4703549>  --- [01;31m[Kxzl[m[K --- AFTER GLSurfaceView DrawFrame
W/GLSurfaceView( 1966): <4703550>  --- [01;31m[Kxzl[m[K --- BEFORE GLSurfaceView swap frame
D/SurfaceTextureClient( 1966): <4703550.50> [01;31m[Kxzl[m[K SurfaceTextureClient::queueBuffer
D/SurfaceFlinger(  117): <4703550.50>  --- [01;31m[Kxzl[m[K Layer::onFrameQueued
D/SurfaceFlinger(  117): <4703551.00>  ----- [01;31m[Kxzl[m[K SurfaceFlinger::composeSurfaces compose done, prepare to swap fb ------
W/GLSurfaceView( 1966): <4703551>  --- [01;31m[Kxzl[m[K --- AFTER GLSurfaceView swap frame
W/GLSurfaceView( 1966): <4703551>  --- [01;31m[Kxzl[m[K --- BEFORE GLSurfaceView DrawFrame
W/APP     ( 1966): [01;31m[Kxzl[m[K: ===> entering onDrawFrame: <4703551> 
D/SurfaceFlinger(  117): <4703556.00>  ----- [01;31m[Kxzl[m[K SurfaceFlinger::composeSurfaces() swap fb done  ------
W/APP     ( 1966): [01;31m[Kxzl[m[K: ===> ev hits user code: <4703558>  {4703554} since event: 4 ms
D/InputDispatcher(  193): <4703559.50> ########### [01;31m[Kxzl[m[K finishDispatchCycle: 5.19ms since event, 4.58ms since dispatch
W/APP     ( 1966): [01;31m[Kxzl[m[K: ===> ev hits user code: <4703567>  {4703564} since event: 3 ms
D/InputDispatcher(  193): <4703569.00> ########### [01;31m[Kxzl[m[K finishDispatchCycle: 4.91ms since event, 4.27ms since dispatch
W/APP     ( 1966): [01;31m[Kxzl[m[K: ===> ev hits user code: <4703577>  {4703574} since event: 3 ms
D/InputDispatcher(  193): <4703579.00> ########### [01;31m[Kxzl[m[K finishDispatchCycle: 4.70ms since event, 4.00ms since dispatch
W/APP     ( 1966): [01;31m[Kxzl[m[K: ===> done onDrawFrame: <4703551> 
W/GLSurfaceView( 1966): <4703584>  --- [01;31m[Kxzl[m[K --- AFTER GLSurfaceView DrawFrame
W/GLSurfaceView( 1966): <4703585>  --- [01;31m[Kxzl[m[K --- BEFORE GLSurfaceView swap frame
D/SurfaceTextureClient( 1966): <4703586.00> [01;31m[Kxzl[m[K SurfaceTextureClient::queueBuffer
D/SurfaceFlinger(  117): <4703586.00>  --- [01;31m[Kxzl[m[K Layer::onFrameQueued
D/SurfaceFlinger(  117): <4703586.00>  ----- [01;31m[Kxzl[m[K SurfaceFlinger::composeSurfaces compose done, prepare to swap fb ------
W/GLSurfaceView( 1966): <4703586>  --- [01;31m[Kxzl[m[K --- AFTER GLSurfaceView swap frame
W/GLSurfaceView( 1966): <4703586>  --- [01;31m[Kxzl[m[K --- BEFORE GLSurfaceView DrawFrame
W/APP     ( 1966): [01;31m[Kxzl[m[K: ===> entering onDrawFrame: <4703586> 
W/APP     ( 1966): [01;31m[Kxzl[m[K: ===> ev hits user code: <4703588>  {4703583} since event: 5 ms
D/InputDispatcher(  193): <4703589.50> ########### [01;31m[Kxzl[m[K finishDispatchCycle: 5.71ms since event, 4.97ms since dispatch
D/SurfaceFlinger(  117): <4703591.50>  ----- [01;31m[Kxzl[m[K SurfaceFlinger::composeSurfaces() swap fb done  ------
W/APP     ( 1966): [01;31m[Kxzl[m[K: ===> ev hits user code: <4703597>  {4703593} since event: 4 ms
D/InputDispatcher(  193): <4703599.50> ########### [01;31m[Kxzl[m[K finishDispatchCycle: 5.74ms since event, 5.04ms since dispatch
W/APP     ( 1966): [01;31m[Kxzl[m[K: ===> ev hits user code: <4703605>  {4703603} since event: 2 ms
D/InputDispatcher(  193): <4703606.50> ########### [01;31m[Kxzl[m[K finishDispatchCycle: 3.14ms since event, 2.50ms since dispatch
W/APP     ( 1966): [01;31m[Kxzl[m[K: ===> ev hits user code: <4703615>  {4703613} since event: 2 ms
D/InputDispatcher(  193): <4703616.00> ########### [01;31m[Kxzl[m[K finishDispatchCycle: 3.17ms since event, 2.47ms since dispatch
W/APP     ( 1966): [01;31m[Kxzl[m[K: ===> done onDrawFrame: <4703586> 
W/GLSurfaceView( 1966): <4703619>  --- [01;31m[Kxzl[m[K --- AFTER GLSurfaceView DrawFrame
W/GLSurfaceView( 1966): <4703620>  --- [01;31m[Kxzl[m[K --- BEFORE GLSurfaceView swap frame
D/SurfaceTextureClient( 1966): <4703621.00> [01;31m[Kxzl[m[K SurfaceTextureClient::queueBuffer
D/SurfaceFlinger(  117): <4703621.00>  --- [01;31m[Kxzl[m[K Layer::onFrameQueued
D/SurfaceFlinger(  117): <4703621.00>  ----- [01;31m[Kxzl[m[K SurfaceFlinger::composeSurfaces compose done, prepare to swap fb ------
W/GLSurfaceView( 1966): <4703621>  --- [01;31m[Kxzl[m[K --- AFTER GLSurfaceView swap frame
W/GLSurfaceView( 1966): <4703622>  --- [01;31m[Kxzl[m[K --- BEFORE GLSurfaceView DrawFrame
W/APP     ( 1966): [01;31m[Kxzl[m[K: ===> entering onDrawFrame: <4703622> 
D/SurfaceFlinger(  117): <4703624.00>  ----- [01;31m[Kxzl[m[K SurfaceFlinger::composeSurfaces() swap fb done  ------
W/APP     ( 1966): [01;31m[Kxzl[m[K: ===> ev hits user code: <4703626>  {4703622} since event: 4 ms
D/InputDispatcher(  193): <4703628.00> ########### [01;31m[Kxzl[m[K finishDispatchCycle: 4.61ms since event, 3.97ms since dispatch
W/APP     ( 1966): [01;31m[Kxzl[m[K: ===> ev hits user code: <4703636>  {4703632} since event: 4 ms
D/InputDispatcher(  193): <4703636.50> ########### [01;31m[Kxzl[m[K finishDispatchCycle: 4.09ms since event, 3.45ms since dispatch
W/APP     ( 1966): [01;31m[Kxzl[m[K: ===> ev hits user code: <4703647>  {4703642} since event: 5 ms
D/InputDispatcher(  193): <4703652.50> ########### [01;31m[Kxzl[m[K finishDispatchCycle: 9.83ms since event, 9.16ms since dispatch
W/APP     ( 1966): [01;31m[Kxzl[m[K: ===> done onDrawFrame: <4703622> 
W/GLSurfaceView( 1966): <4703656>  --- [01;31m[Kxzl[m[K --- AFTER GLSurfaceView DrawFrame
W/GLSurfaceView( 1966): <4703657>  --- [01;31m[Kxzl[m[K --- BEFORE GLSurfaceView swap frame
D/SurfaceTextureClient( 1966): <4703658.00> [01;31m[Kxzl[m[K SurfaceTextureClient::queueBuffer
D/SurfaceFlinger(  117): <4703658.00>  --- [01;31m[Kxzl[m[K Layer::onFrameQueued
D/SurfaceFlinger(  117): <4703659.50>  ----- [01;31m[Kxzl[m[K SurfaceFlinger::composeSurfaces compose done, prepare to swap fb ------
W/GLSurfaceView( 1966): <4703660>  --- [01;31m[Kxzl[m[K --- AFTER GLSurfaceView swap frame
W/GLSurfaceView( 1966): <4703660>  --- [01;31m[Kxzl[m[K --- BEFORE GLSurfaceView DrawFrame
W/APP     ( 1966): [01;31m[Kxzl[m[K: ===> entering onDrawFrame: <4703660> 
W/APP     ( 1966): [01;31m[Kxzl[m[K: ===> ev hits user code: <4703663>  {4703652} since event: 11 ms
D/InputDispatcher(  193): <4703665.50> ########### [01;31m[Kxzl[m[K finishDispatchCycle: 13.25ms since event, 12.39ms since dispatch
W/APP     ( 1966): [01;31m[Kxzl[m[K: ===> ev hits user code: <4703667>  {4703661} since event: 6 ms
D/InputDispatcher(  193): <4703672.00> ########### [01;31m[Kxzl[m[K finishDispatchCycle: 9.89ms since event, 6.10ms since dispatch
D/SurfaceFlinger(  117): <4703675.00>  ----- [01;31m[Kxzl[m[K SurfaceFlinger::composeSurfaces() swap fb done  ------
W/APP     ( 1966): [01;31m[Kxzl[m[K: ===> ev hits user code: <4703675>  {4703671} since event: 4 ms
D/InputDispatcher(  193): <4703676.50> ########### [01;31m[Kxzl[m[K finishDispatchCycle: 4.79ms since event, 4.09ms since dispatch
W/APP     ( 1966): [01;31m[Kxzl[m[K: ===> ev hits user code: <4703683>  {4703681} since event: 2 ms
D/InputDispatcher(  193): <4703684.00> ########### [01;31m[Kxzl[m[K finishDispatchCycle: 2.50ms since event, 1.95ms since dispatch
W/APP     ( 1966): [01;31m[Kxzl[m[K: ===> done onDrawFrame: <4703660> 
W/GLSurfaceView( 1966): <4703693>  --- [01;31m[Kxzl[m[K --- AFTER GLSurfaceView DrawFrame
