W/GLSurfaceView( 1966): <4703693>  --- [01;31m[Kxzl[m[K --- BEFORE GLSurfaceView swap frame
D/SurfaceTextureClient( 1966): <4703694.50> [01;31m[Kxzl[m[K SurfaceTextureClient::queueBuffer
D/SurfaceFlinger(  117): <4703695.00>  --- [01;31m[Kxzl[m[K Layer::onFrameQueued
D/SurfaceFlinger(  117): <4703695.00>  ----- [01;31m[Kxzl[m[K SurfaceFlinger::composeSurfaces compose done, prepare to swap fb ------
W/GLSurfaceView( 1966): <4703695>  --- [01;31m[Kxzl[m[K --- AFTER GLSurfaceView swap frame
W/APP     ( 1966): [01;31m[Kxzl[m[K: ===> ev hits user code: <4703693>  {4703691} since event: 2 ms
D/InputDispatcher(  193): <4703696.50> ########### [01;31m[Kxzl[m[K finishDispatchCycle: 5.10ms since event, 4.52ms since dispatch
W/GLSurfaceView( 1966): <4703696>  --- [01;31m[Kxzl[m[K --- BEFORE GLSurfaceView DrawFrame
W/APP     ( 1966): [01;31m[Kxzl[m[K: ===> entering onDrawFrame: <4703697> 
W/APP     ( 1966): [01;31m[Kxzl[m[K: ===> ev hits user code: <4703704>  {4703701} since event: 3 ms
D/InputDispatcher(  193): <4703709.00> ########### [01;31m[Kxzl[m[K finishDispatchCycle: 8.06ms since event, 7.29ms since dispatch
D/SurfaceFlinger(  117): <4703709.00>  ----- [01;31m[Kxzl[m[K SurfaceFlinger::composeSurfaces() swap fb done  ------
W/APP     ( 1966): [01;31m[Kxzl[m[K: ===> ev hits user code: <4703714>  {4703710} since event: 4 ms
D/InputDispatcher(  193): <4703716.50> ########### [01;31m[Kxzl[m[K finishDispatchCycle: 5.46ms since event, 4.61ms since dispatch
W/APP     ( 1966): [01;31m[Kxzl[m[K: ===> ev hits user code: <4703723>  {4703720} since event: 3 ms
D/InputDispatcher(  193): <4703724.00> ########### [01;31m[Kxzl[m[K finishDispatchCycle: 3.66ms since event, 2.90ms since dispatch
W/APP     ( 1966): [01;31m[Kxzl[m[K: ===> done onDrawFrame: <4703697> 
W/GLSurfaceView( 1966): <4703730>  --- [01;31m[Kxzl[m[K --- AFTER GLSurfaceView DrawFrame
W/GLSurfaceView( 1966): <4703731>  --- [01;31m[Kxzl[m[K --- BEFORE GLSurfaceView swap frame
D/SurfaceTextureClient( 1966): <4703732.00> [01;31m[Kxzl[m[K SurfaceTextureClient::queueBuffer
D/SurfaceFlinger(  117): <4703732.50>  --- [01;31m[Kxzl[m[K Layer::onFrameQueued
D/SurfaceFlinger(  117): <4703732.50>  ----- [01;31m[Kxzl[m[K SurfaceFlinger::composeSurfaces compose done, prepare to swap fb ------
W/GLSurfaceView( 1966): <4703733>  --- [01;31m[Kxzl[m[K --- AFTER GLSurfaceView swap frame
W/GLSurfaceView( 1966): <4703733>  --- [01;31m[Kxzl[m[K --- BEFORE GLSurfaceView DrawFrame
W/APP     ( 1966): [01;31m[Kxzl[m[K: ===> entering onDrawFrame: <4703733> 
W/APP     ( 1966): [01;31m[Kxzl[m[K: ===> ev hits user code: <4703735>  {4703730} since event: 5 ms
D/InputDispatcher(  193): <4703737.00> ########### [01;31m[Kxzl[m[K finishDispatchCycle: 6.59ms since event, 5.92ms since dispatch
D/SurfaceFlinger(  117): <4703742.50>  ----- [01;31m[Kxzl[m[K SurfaceFlinger::composeSurfaces() swap fb done  ------
W/APP     ( 1966): [01;31m[Kxzl[m[K: ===> ev hits user code: <4703743>  {4703739} since event: 4 ms
D/InputDispatcher(  193): <4703743.50> ########### [01;31m[Kxzl[m[K finishDispatchCycle: 3.97ms since event, 3.23ms since dispatch
W/APP     ( 1966): [01;31m[Kxzl[m[K: ===> ev hits user code: <4703752>  {4703749} since event: 3 ms
D/InputDispatcher(  193): <4703752.50> ########### [01;31m[Kxzl[m[K finishDispatchCycle: 2.90ms since event, 2.26ms since dispatch
W/APP     ( 1966): [01;31m[Kxzl[m[K: ===> ev hits user code: <4703761>  {4703759} since event: 2 ms
D/InputDispatcher(  193): <4703763.00> ########### [01;31m[Kxzl[m[K finishDispatchCycle: 3.60ms since event, 2.99ms since dispatch
W/APP     ( 1966): [01;31m[Kxzl[m[K: ===> done onDrawFrame: <4703733> 
W/GLSurfaceView( 1966): <4703766>  --- [01;31m[Kxzl[m[K --- AFTER GLSurfaceView DrawFrame
W/GLSurfaceView( 1966): <4703766>  --- [01;31m[Kxzl[m[K --- BEFORE GLSurfaceView swap frame
D/SurfaceTextureClient( 1966): <4703767.00> [01;31m[Kxzl[m[K SurfaceTextureClient::queueBuffer
D/SurfaceFlinger(  117): <4703767.50>  --- [01;31m[Kxzl[m[K Layer::onFrameQueued
D/SurfaceFlinger(  117): <4703767.50>  ----- [01;31m[Kxzl[m[K SurfaceFlinger::composeSurfaces compose done, prepare to swap fb ------
W/GLSurfaceView( 1966): <4703769>  --- [01;31m[Kxzl[m[K --- AFTER GLSurfaceView swap frame
W/GLSurfaceView( 1966): <4703770>  --- [01;31m[Kxzl[m[K --- BEFORE GLSurfaceView DrawFrame
W/APP     ( 1966): [01;31m[Kxzl[m[K: ===> entering onDrawFrame: <4703770> 
W/APP     ( 1966): [01;31m[Kxzl[m[K: ===> ev hits user code: <4703772>  {4703769} since event: 3 ms
D/InputDispatcher(  193): <4703773.00> ########### [01;31m[Kxzl[m[K finishDispatchCycle: 3.75ms since event, 3.11ms since dispatch
D/SurfaceFlinger(  117): <4703777.00>  ----- [01;31m[Kxzl[m[K SurfaceFlinger::composeSurfaces() swap fb done  ------
W/APP     ( 1966): [01;31m[Kxzl[m[K: ===> ev hits user code: <4703782>  {4703779} since event: 3 ms
D/InputDispatcher(  193): <4703783.00> ########### [01;31m[Kxzl[m[K finishDispatchCycle: 3.97ms since event, 3.20ms since dispatch
W/APP     ( 1966): [01;31m[Kxzl[m[K: ===> ev hits user code: <4703791>  {4703788} since event: 3 ms
D/InputDispatcher(  193): <4703792.50> ########### [01;31m[Kxzl[m[K finishDispatchCycle: 3.63ms since event, 2.93ms since dispatch
W/APP     ( 1966): [01;31m[Kxzl[m[K: ===> ev hits user code: <4703801>  {4703798} since event: 3 ms
D/InputDispatcher(  193): <4703802.50> ########### [01;31m[Kxzl[m[K finishDispatchCycle: 3.60ms since event, 2.93ms since dispatch
W/APP     ( 1966): [01;31m[Kxzl[m[K: ===> done onDrawFrame: <4703770> 
W/GLSurfaceView( 1966): <4703803>  --- [01;31m[Kxzl[m[K --- AFTER GLSurfaceView DrawFrame
W/GLSurfaceView( 1966): <4703803>  --- [01;31m[Kxzl[m[K --- BEFORE GLSurfaceView swap frame
D/SurfaceTextureClient( 1966): <4703804.50> [01;31m[Kxzl[m[K SurfaceTextureClient::queueBuffer
D/SurfaceFlinger(  117): <4703804.50>  --- [01;31m[Kxzl[m[K Layer::onFrameQueued
D/SurfaceFlinger(  117): <4703804.50>  ----- [01;31m[Kxzl[m[K SurfaceFlinger::composeSurfaces compose done, prepare to swap fb ------
W/GLSurfaceView( 1966): <4703806>  --- [01;31m[Kxzl[m[K --- AFTER GLSurfaceView swap frame
W/GLSurfaceView( 1966): <4703808>  --- [01;31m[Kxzl[m[K --- BEFORE GLSurfaceView DrawFrame
W/APP     ( 1966): [01;31m[Kxzl[m[K: ===> entering onDrawFrame: <4703809> 
D/SurfaceFlinger(  117): <4703810.00>  ----- [01;31m[Kxzl[m[K SurfaceFlinger::composeSurfaces() swap fb done  ------
W/APP     ( 1966): [01;31m[Kxzl[m[K: ===> ev hits user code: <4703812>  {4703808} since event: 4 ms
D/InputDispatcher(  193): <4703813.00> ########### [01;31m[Kxzl[m[K finishDispatchCycle: 4.58ms since event, 3.85ms since dispatch
W/APP     ( 1966): [01;31m[Kxzl[m[K: ===> ev hits user code: <4703821>  {4703818} since event: 3 ms
D/InputDispatcher(  193): <4703823.00> ########### [01;31m[Kxzl[m[K finishDispatchCycle: 4.46ms since event, 3.75ms since dispatch
W/APP     ( 1966): [01;31m[Kxzl[m[K: ===> ev hits user code: <4703830>  {4703827} since event: 3 ms
D/InputDispatcher(  193): <4703831.50> ########### [01;31m[Kxzl[m[K finishDispatchCycle: 3.60ms since event, 2.90ms since dispatch
W/APP     ( 1966): [01;31m[Kxzl[m[K: ===> ev hits user code: <4703840>  {4703837} since event: 3 ms
D/InputDispatcher(  193): <4703841.50> ########### [01;31m[Kxzl[m[K finishDispatchCycle: 3.69ms since event, 2.99ms since dispatch
W/APP     ( 1966): [01;31m[Kxzl[m[K: ===> done onDrawFrame: <4703809> 
W/GLSurfaceView( 1966): <4703842>  --- [01;31m[Kxzl[m[K --- AFTER GLSurfaceView DrawFrame
W/GLSurfaceView( 1966): <4703842>  --- [01;31m[Kxzl[m[K --- BEFORE GLSurfaceView swap frame
D/SurfaceTextureClient( 1966): <4703843.00> [01;31m[Kxzl[m[K SurfaceTextureClient::queueBuffer
D/SurfaceFlinger(  117): <4703843.00>  --- [01;31m[Kxzl[m[K Layer::onFrameQueued
D/SurfaceFlinger(  117): <4703844.00>  ----- [01;31m[Kxzl[m[K SurfaceFlinger::composeSurfaces compose done, prepare to swap fb ------
D/SurfaceFlinger(  117): <4703845.50>  ----- [01;31m[Kxzl[m[K SurfaceFlinger::composeSurfaces() swap fb done  ------
W/GLSurfaceView( 1966): <4703845>  --- [01;31m[Kxzl[m[K --- AFTER GLSurfaceView swap frame
W/GLSurfaceView( 1966): <4703848>  --- [01;31m[Kxzl[m[K --- BEFORE GLSurfaceView DrawFrame
W/APP     ( 1966): [01;31m[Kxzl[m[K: ===> entering onDrawFrame: <4703848> 
W/APP     ( 1966): [01;31m[Kxzl[m[K: ===> ev hits user code: <4703850>  {4703847} since event: 3 ms
D/InputDispatcher(  193): <4703851.00> ########### [01;31m[Kxzl[m[K finishDispatchCycle: 3.85ms since event, 3.11ms since dispatch
W/APP     ( 1966): [01;31m[Kxzl[m[K: ===> ev hits user code: <4703860>  {4703857} since event: 3 ms
D/InputDispatcher(  193): <4703860.50> ########### [01;31m[Kxzl[m[K finishDispatchCycle: 3.54ms since event, 2.81ms since dispatch
W/APP     ( 1966): [01;31m[Kxzl[m[K: ===> ev hits user code: <4703869>  {4703866} since event: 3 ms
D/InputDispatcher(  193): <4703870.00> ########### [01;31m[Kxzl[m[K finishDispatchCycle: 3.21ms since event, 2.53ms since dispatch
W/APP     ( 1966): [01;31m[Kxzl[m[K: ===> ev hits user code: <4703879>  {4703876} since event: 3 ms
D/InputDispatcher(  193): <4703880.00> ########### [01;31m[Kxzl[m[K finishDispatchCycle: 3.27ms since event, 2.59ms since dispatch
W/APP     ( 1966): [01;31m[Kxzl[m[K: ===> done onDrawFrame: <4703848> 
W/GLSurfaceView( 1966): <4703881>  --- [01;31m[Kxzl[m[K --- AFTER GLSurfaceView DrawFrame
W/GLSurfaceView( 1966): <4703881>  --- [01;31m[Kxzl[m[K --- BEFORE GLSurfaceView swap frame
D/SurfaceTextureClient( 1966): <4703882.00> [01;31m[Kxzl[m[K SurfaceTextureClient::queueBuffer
D/SurfaceFlinger(  117): <4703882.50>  --- [01;31m[Kxzl[m[K Layer::onFrameQueued
D/SurfaceFlinger(  117): <4703882.50>  ----- [01;31m[Kxzl[m[K SurfaceFlinger::composeSurfaces compose done, prepare to swap fb ------
W/GLSurfaceView( 1966): <4703884>  --- [01;31m[Kxzl[m[K --- AFTER GLSurfaceView swap frame
W/GLSurfaceView( 1966): <4703886>  --- [01;31m[Kxzl[m[K --- BEFORE GLSurfaceView DrawFrame
W/APP     ( 1966): [01;31m[Kxzl[m[K: ===> entering onDrawFrame: <4703887> 
W/APP     ( 1966): [01;31m[Kxzl[m[K: ===> ev hits user code: <4703889>  {4703886} since event: 3 ms
D/InputDispatcher(  193): <4703891.00> ########### [01;31m[Kxzl[m[K finishDispatchCycle: 4.58ms since event, 3.81ms since dispatch
D/SurfaceFlinger(  117): <4703896.00>  ----- [01;31m[Kxzl[m[K SurfaceFlinger::composeSurfaces() swap fb done  ------
W/APP     ( 1966): [01;31m[Kxzl[m[K: ===> ev hits user code: <4703899>  {4703896} since event: 3 ms
D/InputDispatcher(  193): <4703900.00> ########### [01;31m[Kxzl[m[K finishDispatchCycle: 3.94ms since event, 3.14ms since dispatch
W/APP     ( 1966): [01;31m[Kxzl[m[K: ===> ev hits user code: <4703908>  {4703905} since event: 3 ms
D/InputDispatcher(  193): <4703909.50> ########### [01;31m[Kxzl[m[K finishDispatchCycle: 3.39ms since event, 2.59ms since dispatch
W/APP     ( 1966): [01;31m[Kxzl[m[K: ===> ev hits user code: <4703918>  {4703915} since event: 3 ms
D/InputDispatcher(  193): <4703918.50> ########### [01;31m[Kxzl[m[K finishDispatchCycle: 3.20ms since event, 2.50ms since dispatch
W/APP     ( 1966): [01;31m[Kxzl[m[K: ===> done onDrawFrame: <4703887> 
W/GLSurfaceView( 1966): <4703920>  --- [01;31m[Kxzl[m[K --- AFTER GLSurfaceView DrawFrame
W/GLSurfaceView( 1966): <4703920>  --- [01;31m[Kxzl[m[K --- BEFORE GLSurfaceView swap frame
D/SurfaceTextureClient( 1966): <4703921.50> [01;31m[Kxzl[m[K SurfaceTextureClient::queueBuffer
D/SurfaceFlinger(  117): <4703921.50>  --- [01;31m[Kxzl[m[K Layer::onFrameQueued
D/SurfaceFlinger(  117): <4703921.50>  ----- [01;31m[Kxzl[m[K SurfaceFlinger::composeSurfaces compose done, prepare to swap fb ------
W/GLSurfaceView( 1966): <4703923>  --- [01;31m[Kxzl[m[K --- AFTER GLSurfaceView swap frame
W/GLSurfaceView( 1966): <4703925>  --- [01;31m[Kxzl[m[K --- BEFORE GLSurfaceView DrawFrame
W/APP     ( 1966): [01;31m[Kxzl[m[K: ===> entering onDrawFrame: <4703926> 
D/SurfaceFlinger(  117): <4703929.00>  ----- [01;31m[Kxzl[m[K SurfaceFlinger::composeSurfaces() swap fb done  ------
W/APP     ( 1966): [01;31m[Kxzl[m[K: ===> ev hits user code: <4703928>  {4703925} since event: 3 ms
D/InputDispatcher(  193): <4703931.00> ########### [01;31m[Kxzl[m[K finishDispatchCycle: 5.28ms since event, 4.55ms since dispatch
W/APP     ( 1966): [01;31m[Kxzl[m[K: ===> ev hits user code: <4703944>  {4703934} since event: 10 ms
D/InputDispatcher(  193): <4703946.50> ########### [01;31m[Kxzl[m[K finishDispatchCycle: 11.72ms since event, 11.08ms since dispatch
W/APP     ( 1966): [01;31m[Kxzl[m[K: ===> ev hits user code: <4703948>  {4703944} since event: 4 ms
D/InputDispatcher(  193): <4703949.00> ########### [01;31m[Kxzl[m[K finishDispatchCycle: 4.30ms since event, 2.32ms since dispatch
W/APP     ( 1966): [01;31m[Kxzl[m[K: ===> ev hits user code: <4703956>  {4703954} since event: 2 ms
D/InputDispatcher(  193): <4703957.00> ########### [01;31m[Kxzl[m[K finishDispatchCycle: 2.38ms since event, 1.80ms since dispatch
W/APP     ( 1966): [01;31m[Kxzl[m[K: ===> done onDrawFrame: <4703926> 
W/GLSurfaceView( 1966): <4703958>  --- [01;31m[Kxzl[m[K --- AFTER GLSurfaceView DrawFrame
W/GLSurfaceView( 1966): <4703959>  --- [01;31m[Kxzl[m[K --- BEFORE GLSurfaceView swap frame
D/SurfaceTextureClient( 1966): <4703959.50> [01;31m[Kxzl[m[K SurfaceTextureClient::queueBuffer
D/SurfaceFlinger(  117): <4703959.50>  --- [01;31m[Kxzl[m[K Layer::onFrameQueued
D/SurfaceFlinger(  117): <4703959.50>  ----- [01;31m[Kxzl[m[K SurfaceFlinger::composeSurfaces compose done, prepare to swap fb ------
W/GLSurfaceView( 1966): <4703960>  --- [01;31m[Kxzl[m[K --- AFTER GLSurfaceView swap frame
W/GLSurfaceView( 1966): <4703960>  --- [01;31m[Kxzl[m[K --- BEFORE GLSurfaceView DrawFrame
W/APP     ( 1966): [01;31m[Kxzl[m[K: ===> entering onDrawFrame: <4703960> 
D/SurfaceFlinger(  117): <4703963.00>  ----- [01;31m[Kxzl[m[K SurfaceFlinger::composeSurfaces() swap fb done  ------
W/APP     ( 1966): [01;31m[Kxzl[m[K: ===> ev hits user code: <4703967>  {4703964} since event: 3 ms
D/InputDispatcher(  193): <4703968.00> ########### [01;31m[Kxzl[m[K finishDispatchCycle: 3.27ms since event, 2.56ms since dispatch
W/APP     ( 1966): [01;31m[Kxzl[m[K: ===> ev hits user code: <4703975>  {4703972} since event: 3 ms
D/InputDispatcher(  193): <4703976.00> ########### [01;31m[Kxzl[m[K finishDispatchCycle: 3.11ms since event, 2.53ms since dispatch
W/APP     ( 1966): [01;31m[Kxzl[m[K: ===> ev hits user code: <4703984>  {4703982} since event: 2 ms
D/InputDispatcher(  193): <4703985.50> ########### [01;31m[Kxzl[m[K finishDispatchCycle: 3.11ms since event, 2.50ms since dispatch
W/APP     ( 1966): [01;31m[Kxzl[m[K: ===> done onDrawFrame: <4703960> 
W/GLSurfaceView( 1966): <4703995>  --- [01;31m[Kxzl[m[K --- AFTER GLSurfaceView DrawFrame
W/GLSurfaceView( 1966): <4703996>  --- [01;31m[Kxzl[m[K --- BEFORE GLSurfaceView swap frame
D/SurfaceTextureClient( 1966): <4703997.50> [01;31m[Kxzl[m[K SurfaceTextureClient::queueBuffer
D/SurfaceFlinger(  117): <4703998.00>  --- [01;31m[Kxzl[m[K Layer::onFrameQueued
D/SurfaceFlinger(  117): <4703998.00>  ----- [01;31m[Kxzl[m[K SurfaceFlinger::composeSurfaces compose done, prepare to swap fb ------
W/APP     ( 1966): [01;31m[Kxzl[m[K: ===> ev hits user code: <4703997>  {4703992} since event: 5 ms
W/GLSurfaceView( 1966): <4703998>  --- [01;31m[Kxzl[m[K --- AFTER GLSurfaceView swap frame
D/InputDispatcher(  193): <4704000.00> ########### [01;31m[Kxzl[m[K finishDispatchCycle: 8.03ms since event, 7.08ms since dispatch
W/GLSurfaceView( 1966): <4703999>  --- [01;31m[Kxzl[m[K --- BEFORE GLSurfaceView DrawFrame
W/APP     ( 1966): [01;31m[Kxzl[m[K: ===> entering onDrawFrame: <4704007> 
W/APP     ( 1966): [01;31m[Kxzl[m[K: ===> ev hits user code: <4704009>  {4704002} since event: 7 ms
D/InputDispatcher(  193): <4704010.00> ########### [01;31m[Kxzl[m[K finishDispatchCycle: 8.12ms since event, 7.42ms since dispatch
D/SurfaceFlinger(  117): <4704013.50>  ----- [01;31m[Kxzl[m[K SurfaceFlinger::composeSurfaces() swap fb done  ------
W/APP     ( 1966): [01;31m[Kxzl[m[K: ===> ev hits user code: <4704014>  {4704011} since event: 3 ms
D/InputDispatcher(  193): <4704015.00> ########### [01;31m[Kxzl[m[K finishDispatchCycle: 3.42ms since event, 2.87ms since dispatch
W/APP     ( 1966): [01;31m[Kxzl[m[K: ===> ev hits user code: <4704023>  {4704021} since event: 2 ms
D/InputDispatcher(  193): <4704024.50> ########### [01;31m[Kxzl[m[K finishDispatchCycle: 3.33ms since event, 2.78ms since dispatch
W/APP     ( 1966): [01;31m[Kxzl[m[K: ===> ev hits user code: <4704033>  {4704031} since event: 2 ms
D/InputDispatcher(  193): <4704035.00> ########### [01;31m[Kxzl[m[K finishDispatchCycle: 4.15ms since event, 3.63ms since dispatch
W/APP     ( 1966): [01;31m[Kxzl[m[K: ===> done onDrawFrame: <4704007> 
W/GLSurfaceView( 1966): <4704043>  --- [01;31m[Kxzl[m[K --- AFTER GLSurfaceView DrawFrame
W/GLSurfaceView( 1966): <4704044>  --- [01;31m[Kxzl[m[K --- BEFORE GLSurfaceView swap frame
D/SurfaceTextureClient( 1966): <4704045.50> [01;31m[Kxzl[m[K SurfaceTextureClient::queueBuffer
D/SurfaceFlinger(  117): <4704045.50>  --- [01;31m[Kxzl[m[K Layer::onFrameQueued
D/SurfaceFlinger(  117): <4704046.00>  ----- [01;31m[Kxzl[m[K SurfaceFlinger::composeSurfaces compose done, prepare to swap fb ------
W/GLSurfaceView( 1966): <4704046>  --- [01;31m[Kxzl[m[K --- AFTER GLSurfaceView swap frame
D/SurfaceFlinger(  117): <4704047.50>  ----- [01;31m[Kxzl[m[K SurfaceFlinger::composeSurfaces() swap fb done  ------
W/APP     ( 1966): [01;31m[Kxzl[m[K: ===> ev hits user code: <4704049>  {4704041} since event: 8 ms
D/InputDispatcher(  193): <4704050.00> ########### [01;31m[Kxzl[m[K finishDispatchCycle: 8.88ms since event, 8.21ms since dispatch
W/GLSurfaceView( 1966): <4704047>  --- [01;31m[Kxzl[m[K --- BEFORE GLSurfaceView DrawFrame
W/APP     ( 1966): [01;31m[Kxzl[m[K: ===> entering onDrawFrame: <4704050> 
W/APP     ( 1966): [01;31m[Kxzl[m[K: ===> ev hits user code: <4704058>  {4704050} since event: 8 ms
D/InputDispatcher(  193): <4704059.00> ########### [01;31m[Kxzl[m[K finishDispatchCycle: 8.21ms since event, 7.60ms since dispatch
W/APP     ( 1966): [01;31m[Kxzl[m[K: ===> ev hits user code: <4704064>  {4704060} since event: 4 ms
D/InputDispatcher(  193): <4704065.50> ########### [01;31m[Kxzl[m[K finishDispatchCycle: 4.76ms since event, 4.15ms since dispatch
W/APP     ( 1966): [01;31m[Kxzl[m[K: ===> ev hits user code: <4704072>  {4704070} since event: 2 ms
D/InputDispatcher(  193): <4704073.50> ########### [01;31m[Kxzl[m[K finishDispatchCycle: 3.36ms since event, 2.81ms since dispatch
W/APP     ( 1966): [01;31m[Kxzl[m[K: ===> ev hits user code: <4704083>  {4704080} since event: 3 ms
D/InputDispatcher(  193): <4704084.00> ########### [01;31m[Kxzl[m[K finishDispatchCycle: 3.97ms since event, 3.45ms since dispatch
W/APP     ( 1966): [01;31m[Kxzl[m[K: ===> done onDrawFrame: <4704050> 
W/GLSurfaceView( 1966): <4704084>  --- [01;31m[Kxzl[m[K --- AFTER GLSurfaceView DrawFrame
W/GLSurfaceView( 1966): <4704085>  --- [01;31m[Kxzl[m[K --- BEFORE GLSurfaceView swap frame
D/SurfaceTextureClient( 1966): <4704085.50> [01;31m[Kxzl[m[K SurfaceTextureClient::queueBuffer
D/SurfaceFlinger(  117): <4704085.50>  --- [01;31m[Kxzl[m[K Layer::onFrameQueued
D/SurfaceFlinger(  117): <4704086.00>  ----- [01;31m[Kxzl[m[K SurfaceFlinger::composeSurfaces compose done, prepare to swap fb ------
W/GLSurfaceView( 1966): <4704086>  --- [01;31m[Kxzl[m[K --- AFTER GLSurfaceView swap frame
W/GLSurfaceView( 1966): <4704086>  --- [01;31m[Kxzl[m[K --- BEFORE GLSurfaceView DrawFrame
W/APP     ( 1966): [01;31m[Kxzl[m[K: ===> entering onDrawFrame: <4704086> 
W/APP     ( 1966): [01;31m[Kxzl[m[K: ===> ev hits user code: <4704092>  {4704089} since event: 3 ms
D/InputDispatcher(  193): <4704093.50> ########### [01;31m[Kxzl[m[K finishDispatchCycle: 3.75ms since event, 3.17ms since dispatch
D/SurfaceFlinger(  117): <4704099.00>  ----- [01;31m[Kxzl[m[K SurfaceFlinger::composeSurfaces() swap fb done  ------
W/APP     ( 1966): [01;31m[Kxzl[m[K: ===> ev hits user code: <4704103>  {4704099} since event: 4 ms
D/InputDispatcher(  193): <4704104.00> ########### [01;31m[Kxzl[m[K finishDispatchCycle: 4.46ms since event, 3.85ms since dispatch
W/APP     ( 1966): [01;31m[Kxzl[m[K: ===> ev hits user code: <4704112>  {4704109} since event: 3 ms
D/InputDispatcher(  193): <4704113.50> ########### [01;31m[Kxzl[m[K finishDispatchCycle: 3.91ms since event, 3.30ms since dispatch
W/APP     ( 1966): [01;31m[Kxzl[m[K: ===> done onDrawFrame: <4704086> 
W/GLSurfaceView( 1966): <4704121>  --- [01;31m[Kxzl[m[K --- AFTER GLSurfaceView DrawFrame
W/GLSurfaceView( 1966): <4704121>  --- [01;31m[Kxzl[m[K --- BEFORE GLSurfaceView swap frame
D/SurfaceTextureClient( 1966): <4704122.00> [01;31m[Kxzl[m[K SurfaceTextureClient::queueBuffer
D/SurfaceFlinger(  117): <4704122.00>  --- [01;31m[Kxzl[m[K Layer::onFrameQueued
D/SurfaceFlinger(  117): <4704122.00>  ----- [01;31m[Kxzl[m[K SurfaceFlinger::composeSurfaces compose done, prepare to swap fb ------
W/GLSurfaceView( 1966): <4704122>  --- [01;31m[Kxzl[m[K --- AFTER GLSurfaceView swap frame
W/GLSurfaceView( 1966): <4704123>  --- [01;31m[Kxzl[m[K --- BEFORE GLSurfaceView DrawFrame
W/APP     ( 1966): [01;31m[Kxzl[m[K: ===> entering onDrawFrame: <4704124> 
W/APP     ( 1966): [01;31m[Kxzl[m[K: ===> ev hits user code: <4704125>  {4704119} since event: 6 ms
D/InputDispatcher(  193): <4704126.00> ########### [01;31m[Kxzl[m[K finishDispatchCycle: 6.99ms since event, 6.38ms since dispatch
D/SurfaceFlinger(  117): <4704132.50>  ----- [01;31m[Kxzl[m[K SurfaceFlinger::composeSurfaces() swap fb done  ------
W/APP     ( 1966): [01;31m[Kxzl[m[K: ===> ev hits user code: <4704132>  {4704128} since event: 4 ms
D/InputDispatcher(  193): <4704134.00> ########### [01;31m[Kxzl[m[K finishDispatchCycle: 5.28ms since event, 4.70ms since dispatch
W/APP     ( 1966): [01;31m[Kxzl[m[K: ===> ev hits user code: <4704142>  {4704138} since event: 4 ms
D/InputDispatcher(  193): <4704144.50> ########### [01;31m[Kxzl[m[K finishDispatchCycle: 6.23ms since event, 5.62ms since dispatch
W/APP     ( 1966): [01;31m[Kxzl[m[K: ===> ev hits user code: <4704151>  {4704148} since event: 3 ms
D/InputDispatcher(  193): <4704152.50> ########### [01;31m[Kxzl[m[K finishDispatchCycle: 4.24ms since event, 3.51ms since dispatch
W/APP     ( 1966): [01;31m[Kxzl[m[K: ===> done onDrawFrame: <4704124> 
W/GLSurfaceView( 1966): <4704160>  --- [01;31m[Kxzl[m[K --- AFTER GLSurfaceView DrawFrame
W/GLSurfaceView( 1966): <4704160>  --- [01;31m[Kxzl[m[K --- BEFORE GLSurfaceView swap frame
D/SurfaceTextureClient( 1966): <4704162.00> [01;31m[Kxzl[m[K SurfaceTextureClient::queueBuffer
D/SurfaceFlinger(  117): <4704162.00>  --- [01;31m[Kxzl[m[K Layer::onFrameQueued
D/SurfaceFlinger(  117): <4704162.00>  ----- [01;31m[Kxzl[m[K SurfaceFlinger::composeSurfaces compose done, prepare to swap fb ------
W/GLSurfaceView( 1966): <4704162>  --- [01;31m[Kxzl[m[K --- AFTER GLSurfaceView swap frame
W/GLSurfaceView( 1966): <4704162>  --- [01;31m[Kxzl[m[K --- BEFORE GLSurfaceView DrawFrame
W/APP     ( 1966): [01;31m[Kxzl[m[K: ===> entering onDrawFrame: <4704163> 
W/APP     ( 1966): [01;31m[Kxzl[m[K: ===> ev hits user code: <4704163>  {4704159} since event: 4 ms
D/InputDispatcher(  193): <4704164.50> ########### [01;31m[Kxzl[m[K finishDispatchCycle: 4.73ms since event, 4.15ms since dispatch
D/SurfaceFlinger(  117): <4704168.00>  ----- [01;31m[Kxzl[m[K SurfaceFlinger::composeSurfaces() swap fb done  ------
W/APP     ( 1966): [01;31m[Kxzl[m[K: ===> ev hits user code: <4704172>  {4704169} since event: 3 ms
D/InputDispatcher(  193): <4704173.50> ########### [01;31m[Kxzl[m[K finishDispatchCycle: 4.03ms since event, 3.42ms since dispatch
W/APP     ( 1966): [01;31m[Kxzl[m[K: ===> ev hits user code: <4704181>  {4704179} since event: 2 ms
D/InputDispatcher(  193): <4704182.50> ########### [01;31m[Kxzl[m[K finishDispatchCycle: 3.36ms since event, 2.78ms since dispatch
W/APP     ( 1966): [01;31m[Kxzl[m[K: ===> ev hits user code: <4704192>  {4704188} since event: 4 ms
D/InputDispatcher(  193): <4704193.00> ########### [01;31m[Kxzl[m[K finishDispatchCycle: 4.00ms since event, 3.39ms since dispatch
W/APP     ( 1966): [01;31m[Kxzl[m[K: ===> done onDrawFrame: <4704163> 
W/GLSurfaceView( 1966): <4704199>  --- [01;31m[Kxzl[m[K --- AFTER GLSurfaceView DrawFrame
W/GLSurfaceView( 1966): <4704199>  --- [01;31m[Kxzl[m[K --- BEFORE GLSurfaceView swap frame
D/SurfaceTextureClient( 1966): <4704200.00> [01;31m[Kxzl[m[K SurfaceTextureClient::queueBuffer
D/SurfaceFlinger(  117): <4704200.50>  --- [01;31m[Kxzl[m[K Layer::onFrameQueued
D/SurfaceFlinger(  117): <4704200.50>  ----- [01;31m[Kxzl[m[K SurfaceFlinger::composeSurfaces compose done, prepare to swap fb ------
W/GLSurfaceView( 1966): <4704200>  --- [01;31m[Kxzl[m[K --- AFTER GLSurfaceView swap frame
W/GLSurfaceView( 1966): <4704200>  --- [01;31m[Kxzl[m[K --- BEFORE GLSurfaceView DrawFrame
W/APP     ( 1966): [01;31m[Kxzl[m[K: ===> entering onDrawFrame: <4704201> 
W/APP     ( 1966): [01;31m[Kxzl[m[K: ===> ev hits user code: <4704204>  {4704198} since event: 6 ms
D/InputDispatcher(  193): <4704209.00> ########### [01;31m[Kxzl[m[K finishDispatchCycle: 10.47ms since event, 9.89ms since dispatch
W/APP     ( 1966): [01;31m[Kxzl[m[K: ===> ev hits user code: <4704213>  {4704208} since event: 5 ms
D/InputDispatcher(  193): <4704214.00> ########### [01;31m[Kxzl[m[K finishDispatchCycle: 5.58ms since event, 4.82ms since dispatch
D/SurfaceFlinger(  117): <4704218.00>  ----- [01;31m[Kxzl[m[K SurfaceFlinger::composeSurfaces() swap fb done  ------
W/APP     ( 1966): [01;31m[Kxzl[m[K: ===> ev hits user code: <4704220>  {4704218} since event: 2 ms
D/InputDispatcher(  193): <4704221.50> ########### [01;31m[Kxzl[m[K finishDispatchCycle: 2.87ms since event, 1.83ms since dispatch
W/APP     ( 1966): [01;31m[Kxzl[m[K: ===> ev hits user code: <4704229>  {4704227} since event: 2 ms
D/InputDispatcher(  193): <4704230.00> ########### [01;31m[Kxzl[m[K finishDispatchCycle: 2.38ms since event, 1.83ms since dispatch
W/APP     ( 1966): [01;31m[Kxzl[m[K: ===> done onDrawFrame: <4704201> 
W/GLSurfaceView( 1966): <4704234>  --- [01;31m[Kxzl[m[K --- AFTER GLSurfaceView DrawFrame
W/GLSurfaceView( 1966): <4704236>  --- [01;31m[Kxzl[m[K --- BEFORE GLSurfaceView swap frame
D/SurfaceTextureClient( 1966): <4704238.00> [01;31m[Kxzl[m[K SurfaceTextureClient::queueBuffer
D/SurfaceFlinger(  117): <4704238.50>  --- [01;31m[Kxzl[m[K Layer::onFrameQueued
D/SurfaceFlinger(  117): <4704238.50>  ----- [01;31m[Kxzl[m[K SurfaceFlinger::composeSurfaces compose done, prepare to swap fb ------
W/GLSurfaceView( 1966): <4704238>  --- [01;31m[Kxzl[m[K --- AFTER GLSurfaceView swap frame
W/GLSurfaceView( 1966): <4704239>  --- [01;31m[Kxzl[m[K --- BEFORE GLSurfaceView DrawFrame
W/APP     ( 1966): [01;31m[Kxzl[m[K: ===> entering onDrawFrame: <4704240> 
W/APP     ( 1966): [01;31m[Kxzl[m[K: ===> ev hits user code: <4704241>  {4704237} since event: 4 ms
D/InputDispatcher(  193): <4704241.50> ########### [01;31m[Kxzl[m[K finishDispatchCycle: 4.18ms since event, 3.63ms since dispatch
W/APP     ( 1966): [01;31m[Kxzl[m[K: ===> ev hits user code: <4704248>  {4704247} since event: 1 ms
D/InputDispatcher(  193): <4704249.50> ########### [01;31m[Kxzl[m[K finishDispatchCycle: 2.44ms since event, 1.92ms since dispatch
D/SurfaceFlinger(  117): <4704251.00>  ----- [01;31m[Kxzl[m[K SurfaceFlinger::composeSurfaces() swap fb done  ------
W/APP     ( 1966): [01;31m[Kxzl[m[K: ===> ev hits user code: <4704259>  {4704257} since event: 2 ms
D/InputDispatcher(  193): <4704260.50> ########### [01;31m[Kxzl[m[K finishDispatchCycle: 3.30ms since event, 2.69ms since dispatch
W/APP     ( 1966): [01;31m[Kxzl[m[K: ===> ev hits user code: <4704270>  {4704266} since event: 4 ms
D/InputDispatcher(  193): <4704271.50> ########### [01;31m[Kxzl[m[K finishDispatchCycle: 4.88ms since event, 4.27ms since dispatch
W/APP     ( 1966): [01;31m[Kxzl[m[K: ===> done onDrawFrame: <4704240> 
W/GLSurfaceView( 1966): <4704276>  --- [01;31m[Kxzl[m[K --- AFTER GLSurfaceView DrawFrame
W/GLSurfaceView( 1966): <4704277>  --- [01;31m[Kxzl[m[K --- BEFORE GLSurfaceView swap frame
D/SurfaceTextureClient( 1966): <4704278.50> [01;31m[Kxzl[m[K SurfaceTextureClient::queueBuffer
D/SurfaceFlinger(  117): <4704279.00>  --- [01;31m[Kxzl[m[K Layer::onFrameQueued
D/SurfaceFlinger(  117): <4704279.00>  ----- [01;31m[Kxzl[m[K SurfaceFlinger::composeSurfaces compose done, prepare to swap fb ------
W/GLSurfaceView( 1966): <4704279>  --- [01;31m[Kxzl[m[K --- AFTER GLSurfaceView swap frame
W/GLSurfaceView( 1966): <4704280>  --- [01;31m[Kxzl[m[K --- BEFORE GLSurfaceView DrawFrame
W/APP     ( 1966): [01;31m[Kxzl[m[K: ===> entering onDrawFrame: <4704281> 
W/APP     ( 1966): [01;31m[Kxzl[m[K: ===> ev hits user code: <4704282>  {4704276} since event: 6 ms
D/InputDispatcher(  193): <4704283.50> ########### [01;31m[Kxzl[m[K finishDispatchCycle: 7.14ms since event, 6.53ms since dispatch
D/SurfaceFlinger(  117): <4704286.50>  ----- [01;31m[Kxzl[m[K SurfaceFlinger::composeSurfaces() swap fb done  ------
W/APP     ( 1966): [01;31m[Kxzl[m[K: ===> ev hits user code: <4704287>  {4704286} since event: 1 ms
D/InputDispatcher(  193): <4704288.50> ########### [01;31m[Kxzl[m[K finishDispatchCycle: 2.38ms since event, 1.80ms since dispatch
W/APP     ( 1966): [01;31m[Kxzl[m[K: ===> ev hits user code: <4704299>  {4704295} since event: 4 ms
D/InputDispatcher(  193): <4704300.00> ########### [01;31m[Kxzl[m[K finishDispatchCycle: 4.24ms since event, 3.69ms since dispatch
W/APP     ( 1966): [01;31m[Kxzl[m[K: ===> ev hits user code: <4704308>  {4704305} since event: 3 ms
D/InputDispatcher(  193): <4704309.50> ########### [01;31m[Kxzl[m[K finishDispatchCycle: 3.97ms since event, 3.45ms since dispatch
W/APP     ( 1966): [01;31m[Kxzl[m[K: ===> done onDrawFrame: <4704281> 
W/GLSurfaceView( 1966): <4704316>  --- [01;31m[Kxzl[m[K --- AFTER GLSurfaceView DrawFrame
W/GLSurfaceView( 1966): <4704316>  --- [01;31m[Kxzl[m[K --- BEFORE GLSurfaceView swap frame
D/SurfaceTextureClient( 1966): <4704317.50> [01;31m[Kxzl[m[K SurfaceTextureClient::queueBuffer
D/SurfaceFlinger(  117): <4704317.50>  --- [01;31m[Kxzl[m[K Layer::onFrameQueued
D/SurfaceFlinger(  117): <4704318.00>  ----- [01;31m[Kxzl[m[K SurfaceFlinger::composeSurfaces compose done, prepare to swap fb ------
D/SurfaceFlinger(  117): <4704319.50>  ----- [01;31m[Kxzl[m[K SurfaceFlinger::composeSurfaces() swap fb done  ------
W/GLSurfaceView( 1966): <4704318>  --- [01;31m[Kxzl[m[K --- AFTER GLSurfaceView swap frame
W/GLSurfaceView( 1966): <4704319>  --- [01;31m[Kxzl[m[K --- BEFORE GLSurfaceView DrawFrame
W/APP     ( 1966): [01;31m[Kxzl[m[K: ===> entering onDrawFrame: <4704319> 
W/APP     ( 1966): [01;31m[Kxzl[m[K: ===> ev hits user code: <4704327>  {4704315} since event: 12 ms
D/InputDispatcher(  193): <4704328.50> ########### [01;31m[Kxzl[m[K finishDispatchCycle: 12.97ms since event, 10.07ms since dispatch
W/APP     ( 1966): [01;31m[Kxzl[m[K: ===> ev hits user code: <4704333>  {4704325} since event: 8 ms
D/InputDispatcher(  193): <4704335.50> ########### [01;31m[Kxzl[m[K finishDispatchCycle: 10.22ms since event, 6.93ms since dispatch
W/APP     ( 1966): [01;31m[Kxzl[m[K: ===> ev hits user code: <4704337>  {4704334} since event: 3 ms
D/InputDispatcher(  193): <4704338.00> ########### [01;31m[Kxzl[m[K finishDispatchCycle: 3.17ms since event, 2.41ms since dispatch
W/APP     ( 1966): [01;31m[Kxzl[m[K: ===> ev hits user code: <4704347>  {4704344} since event: 3 ms
D/InputDispatcher(  193): <4704348.50> ########### [01;31m[Kxzl[m[K finishDispatchCycle: 3.91ms since event, 3.36ms since dispatch
W/APP     ( 1966): [01;31m[Kxzl[m[K: ===> done onDrawFrame: <4704319> 
W/GLSurfaceView( 1966): <4704355>  --- [01;31m[Kxzl[m[K --- AFTER GLSurfaceView DrawFrame
W/GLSurfaceView( 1966): <4704356>  --- [01;31m[Kxzl[m[K --- BEFORE GLSurfaceView swap frame
D/SurfaceTextureClient( 1966): <4704356.50> [01;31m[Kxzl[m[K SurfaceTextureClient::queueBuffer
D/SurfaceFlinger(  117): <4704356.50>  --- [01;31m[Kxzl[m[K Layer::onFrameQueued
D/SurfaceFlinger(  117): <4704357.00>  ----- [01;31m[Kxzl[m[K SurfaceFlinger::composeSurfaces compose done, prepare to swap fb ------
W/GLSurfaceView( 1966): <4704357>  --- [01;31m[Kxzl[m[K --- AFTER GLSurfaceView swap frame
W/GLSurfaceView( 1966): <4704357>  --- [01;31m[Kxzl[m[K --- BEFORE GLSurfaceView DrawFrame
W/APP     ( 1966): [01;31m[Kxzl[m[K: ===> entering onDrawFrame: <4704358> 
W/APP     ( 1966): [01;31m[Kxzl[m[K: ===> ev hits user code: <4704364>  {4704354} since event: 10 ms
D/InputDispatcher(  193): <4704365.50> ########### [01;31m[Kxzl[m[K finishDispatchCycle: 10.65ms since event, 9.80ms since dispatch
W/APP     ( 1966): [01;31m[Kxzl[m[K: ===> ev hits user code: <4704367>  {4704364} since event: 3 ms
D/InputDispatcher(  193): <4704368.00> ########### [01;31m[Kxzl[m[K finishDispatchCycle: 3.78ms since event, 2.62ms since dispatch
D/SurfaceFlinger(  117): <4704370.00>  ----- [01;31m[Kxzl[m[K SurfaceFlinger::composeSurfaces() swap fb done  ------
W/APP     ( 1966): [01;31m[Kxzl[m[K: ===> ev hits user code: <4704375>  {4704374} since event: 1 ms
D/InputDispatcher(  193): <4704376.50> ########### [01;31m[Kxzl[m[K finishDispatchCycle: 2.41ms since event, 1.86ms since dispatch
W/APP     ( 1966): [01;31m[Kxzl[m[K: ===> ev hits user code: <4704385>  {4704383} since event: 2 ms
D/InputDispatcher(  193): <4704386.50> ########### [01;31m[Kxzl[m[K finishDispatchCycle: 2.56ms since event, 2.01ms since dispatch
W/APP     ( 1966): [01;31m[Kxzl[m[K: ===> done onDrawFrame: <4704358> 
W/GLSurfaceView( 1966): <4704395>  --- [01;31m[Kxzl[m[K --- AFTER GLSurfaceView DrawFrame
W/APP     ( 1966): [01;31m[Kxzl[m[K: ===> ev hits user code: <4704396>  {4704393} since event: 3 ms
D/InputDispatcher(  193): <4704397.00> ########### [01;31m[Kxzl[m[K finishDispatchCycle: 3.33ms since event, 2.59ms since dispatch
W/GLSurfaceView( 1966): <4704396>  --- [01;31m[Kxzl[m[K --- BEFORE GLSurfaceView swap frame
D/SurfaceTextureClient( 1966): <4704398.50> [01;31m[Kxzl[m[K SurfaceTextureClient::queueBuffer
D/SurfaceFlinger(  117): <4704398.50>  --- [01;31m[Kxzl[m[K Layer::onFrameQueued
D/SurfaceFlinger(  117): <4704398.50>  ----- [01;31m[Kxzl[m[K SurfaceFlinger::composeSurfaces compose done, prepare to swap fb ------
D/SurfaceFlinger(  117): <4704403.50>  ----- [01;31m[Kxzl[m[K SurfaceFlinger::composeSurfaces() swap fb done  ------
W/GLSurfaceView( 1966): <4704403>  --- [01;31m[Kxzl[m[K --- AFTER GLSurfaceView swap frame
W/GLSurfaceView( 1966): <4704404>  --- [01;31m[Kxzl[m[K --- BEFORE GLSurfaceView DrawFrame
W/APP     ( 1966): [01;31m[Kxzl[m[K: ===> entering onDrawFrame: <4704404> 
W/APP     ( 1966): [01;31m[Kxzl[m[K: ===> ev hits user code: <4704406>  {4704403} since event: 3 ms
D/InputDispatcher(  193): <4704408.00> ########### [01;31m[Kxzl[m[K finishDispatchCycle: 4.18ms since event, 3.51ms since dispatch
W/APP     ( 1966): [01;31m[Kxzl[m[K: ===> ev hits user code: <4704415>  {4704413} since event: 2 ms
D/InputDispatcher(  193): <4704417.00> ########### [01;31m[Kxzl[m[K finishDispatchCycle: 3.30ms since event, 2.56ms since dispatch
W/APP     ( 1966): [01;31m[Kxzl[m[K: ===> ev hits user code: <4704425>  {4704423} since event: 2 ms
D/InputDispatcher(  193): <4704427.00> ########### [01;31m[Kxzl[m[K finishDispatchCycle: 3.94ms since event, 3.36ms since dispatch
W/APP     ( 1966): [01;31m[Kxzl[m[K: ===> done onDrawFrame: <4704404> 
W/GLSurfaceView( 1966): <4704437>  --- [01;31m[Kxzl[m[K --- AFTER GLSurfaceView DrawFrame
W/APP     ( 1966): [01;31m[Kxzl[m[K: ===> ev hits user code: <4704436>  {4704433} since event: 3 ms
D/InputDispatcher(  193): <4704440.50> ########### [01;31m[Kxzl[m[K finishDispatchCycle: 7.08ms since event, 6.41ms since dispatch
W/GLSurfaceView( 1966): <4704438>  --- [01;31m[Kxzl[m[K --- BEFORE GLSurfaceView swap frame
D/SurfaceTextureClient( 1966): <4704443.00> [01;31m[Kxzl[m[K SurfaceTextureClient::queueBuffer
D/SurfaceFlinger(  117): <4704443.50>  --- [01;31m[Kxzl[m[K Layer::onFrameQueued
D/SurfaceFlinger(  117): <4704443.50>  ----- [01;31m[Kxzl[m[K SurfaceFlinger::composeSurfaces compose done, prepare to swap fb ------
W/GLSurfaceView( 1966): <4704444>  --- [01;31m[Kxzl[m[K --- AFTER GLSurfaceView swap frame
W/GLSurfaceView( 1966): <4704445>  --- [01;31m[Kxzl[m[K --- BEFORE GLSurfaceView DrawFrame
W/APP     ( 1966): [01;31m[Kxzl[m[K: ===> entering onDrawFrame: <4704446> 
W/APP     ( 1966): [01;31m[Kxzl[m[K: ===> ev hits user code: <4704449>  {4704442} since event: 7 ms
D/InputDispatcher(  193): <4704450.00> ########### [01;31m[Kxzl[m[K finishDispatchCycle: 7.08ms since event, 6.38ms since dispatch
D/SurfaceFlinger(  117): <4704454.50>  ----- [01;31m[Kxzl[m[K SurfaceFlinger::composeSurfaces() swap fb done  ------
W/APP     ( 1966): [01;31m[Kxzl[m[K: ===> ev hits user code: <4704456>  {4704452} since event: 4 ms
D/InputDispatcher(  193): <4704457.00> ########### [01;31m[Kxzl[m[K finishDispatchCycle: 4.61ms since event, 4.06ms since dispatch
W/APP     ( 1966): [01;31m[Kxzl[m[K: ===> ev hits user code: <4704465>  {4704462} since event: 3 ms
D/InputDispatcher(  193): <4704466.00> ########### [01;31m[Kxzl[m[K finishDispatchCycle: 3.69ms since event, 3.14ms since dispatch
W/APP     ( 1966): [01;31m[Kxzl[m[K: ===> ev hits user code: <4704475>  {4704471} since event: 4 ms
D/InputDispatcher(  193): <4704476.00> ########### [01;31m[Kxzl[m[K finishDispatchCycle: 4.00ms since event, 3.48ms since dispatch
W/APP     ( 1966): [01;31m[Kxzl[m[K: ===> done onDrawFrame: <4704446> 
W/GLSurfaceView( 1966): <4704482>  --- [01;31m[Kxzl[m[K --- AFTER GLSurfaceView DrawFrame
W/GLSurfaceView( 1966): <4704483>  --- [01;31m[Kxzl[m[K --- BEFORE GLSurfaceView swap frame
D/SurfaceTextureClient( 1966): <4704484.00> [01;31m[Kxzl[m[K SurfaceTextureClient::queueBuffer
D/SurfaceFlinger(  117): <4704484.50>  --- [01;31m[Kxzl[m[K Layer::onFrameQueued
D/SurfaceFlinger(  117): <4704484.50>  ----- [01;31m[Kxzl[m[K SurfaceFlinger::composeSurfaces compose done, prepare to swap fb ------
W/GLSurfaceView( 1966): <4704485>  --- [01;31m[Kxzl[m[K --- AFTER GLSurfaceView swap frame
W/GLSurfaceView( 1966): <4704485>  --- [01;31m[Kxzl[m[K --- BEFORE GLSurfaceView DrawFrame
W/APP     ( 1966): [01;31m[Kxzl[m[K: ===> entering onDrawFrame: <4704486> 
D/SurfaceFlinger(  117): <4704489.50>  ----- [01;31m[Kxzl[m[K SurfaceFlinger::composeSurfaces() swap fb done  ------
W/APP     ( 1966): [01;31m[Kxzl[m[K: ===> ev hits user code: <4704490>  {4704481} since event: 9 ms
D/InputDispatcher(  193): <4704493.00> ########### [01;31m[Kxzl[m[K finishDispatchCycle: 10.90ms since event, 10.31ms since dispatch
W/APP     ( 1966): [01;31m[Kxzl[m[K: ===> ev hits user code: <4704495>  {4704491} since event: 4 ms
D/InputDispatcher(  193): <4704496.00> ########### [01;31m[Kxzl[m[K finishDispatchCycle: 4.27ms since event, 3.05ms since dispatch
W/APP     ( 1966): [01;31m[Kxzl[m[K: ===> ev hits user code: <4704503>  {4704501} since event: 2 ms
D/InputDispatcher(  193): <4704504.50> ########### [01;31m[Kxzl[m[K finishDispatchCycle: 3.20ms since event, 2.59ms since dispatch
W/APP     ( 1966): [01;31m[Kxzl[m[K: ===> ev hits user code: <4704513>  {4704511} since event: 2 ms
D/InputDispatcher(  193): <4704514.50> ########### [01;31m[Kxzl[m[K finishDispatchCycle: 3.08ms since event, 2.47ms since dispatch
W/APP     ( 1966): [01;31m[Kxzl[m[K: ===> done onDrawFrame: <4704486> 
W/GLSurfaceView( 1966): <4704521>  --- [01;31m[Kxzl[m[K --- AFTER GLSurfaceView DrawFrame
W/GLSurfaceView( 1966): <4704521>  --- [01;31m[Kxzl[m[K --- BEFORE GLSurfaceView swap frame
D/SurfaceTextureClient( 1966): <4704522.00> [01;31m[Kxzl[m[K SurfaceTextureClient::queueBuffer
D/SurfaceFlinger(  117): <4704522.00>  --- [01;31m[Kxzl[m[K Layer::onFrameQueued
D/SurfaceFlinger(  117): <4704522.50>  ----- [01;31m[Kxzl[m[K SurfaceFlinger::composeSurfaces compose done, prepare to swap fb ------
W/GLSurfaceView( 1966): <4704523>  --- [01;31m[Kxzl[m[K --- AFTER GLSurfaceView swap frame
W/GLSurfaceView( 1966): <4704523>  --- [01;31m[Kxzl[m[K --- BEFORE GLSurfaceView DrawFrame
W/APP     ( 1966): [01;31m[Kxzl[m[K: ===> entering onDrawFrame: <4704523> 
W/APP     ( 1966): [01;31m[Kxzl[m[K: ===> ev hits user code: <4704526>  {4704520} since event: 6 ms
D/InputDispatcher(  193): <4704530.50> ########### [01;31m[Kxzl[m[K finishDispatchCycle: 9.86ms since event, 9.31ms since dispatch
W/APP     ( 1966): [01;31m[Kxzl[m[K: ===> ev hits user code: <4704534>  {4704530} since event: 4 ms
D/InputDispatcher(  193): <4704536.00> ########### [01;31m[Kxzl[m[K finishDispatchCycle: 5.07ms since event, 4.46ms since dispatch
D/SurfaceFlinger(  117): <4704540.00>  ----- [01;31m[Kxzl[m[K SurfaceFlinger::composeSurfaces() swap fb done  ------
W/APP     ( 1966): [01;31m[Kxzl[m[K: ===> ev hits user code: <4704543>  {4704540} since event: 3 ms
D/InputDispatcher(  193): <4704544.00> ########### [01;31m[Kxzl[m[K finishDispatchCycle: 4.12ms since event, 3.48ms since dispatch
W/APP     ( 1966): [01;31m[Kxzl[m[K: ===> ev hits user code: <4704552>  {4704549} since event: 3 ms
D/InputDispatcher(  193): <4704552.50> ########### [01;31m[Kxzl[m[K finishDispatchCycle: 2.96ms since event, 2.35ms since dispatch
W/APP     ( 1966): [01;31m[Kxzl[m[K: ===> done onDrawFrame: <4704523> 
W/GLSurfaceView( 1966): <4704559>  --- [01;31m[Kxzl[m[K --- AFTER GLSurfaceView DrawFrame
W/GLSurfaceView( 1966): <4704560>  --- [01;31m[Kxzl[m[K --- BEFORE GLSurfaceView swap frame
D/SurfaceTextureClient( 1966): <4704560.50> [01;31m[Kxzl[m[K SurfaceTextureClient::queueBuffer
D/SurfaceFlinger(  117): <4704561.00>  --- [01;31m[Kxzl[m[K Layer::onFrameQueued
D/SurfaceFlinger(  117): <4704561.00>  ----- [01;31m[Kxzl[m[K SurfaceFlinger::composeSurfaces compose done, prepare to swap fb ------
W/GLSurfaceView( 1966): <4704561>  --- [01;31m[Kxzl[m[K --- AFTER GLSurfaceView swap frame
W/GLSurfaceView( 1966): <4704561>  --- [01;31m[Kxzl[m[K --- BEFORE GLSurfaceView DrawFrame
W/APP     ( 1966): [01;31m[Kxzl[m[K: ===> entering onDrawFrame: <4704561> 
W/APP     ( 1966): [01;31m[Kxzl[m[K: ===> ev hits user code: <4704563>  {4704559} since event: 4 ms
D/InputDispatcher(  193): <4704564.50> ########### [01;31m[Kxzl[m[K finishDispatchCycle: 5.07ms since event, 4.52ms since dispatch
W/APP     ( 1966): [01;31m[Kxzl[m[K: ===> ev hits user code: <4704572>  {4704569} since event: 3 ms
D/InputDispatcher(  193): <4704573.00> ########### [01;31m[Kxzl[m[K finishDispatchCycle: 3.51ms since event, 2.96ms since dispatch
D/SurfaceFlinger(  117): <4704573.50>  ----- [01;31m[Kxzl[m[K SurfaceFlinger::composeSurfaces() swap fb done  ------
W/APP     ( 1966): [01;31m[Kxzl[m[K: ===> ev hits user code: <4704581>  {4704579} since event: 2 ms
D/InputDispatcher(  193): <4704583.00> ########### [01;31m[Kxzl[m[K finishDispatchCycle: 3.66ms since event, 3.05ms since dispatch
W/APP     ( 1966): [01;31m[Kxzl[m[K: ===> ev hits user code: <4704592>  {4704588} since event: 4 ms
D/InputDispatcher(  193): <4704593.50> ########### [01;31m[Kxzl[m[K finishDispatchCycle: 4.82ms since event, 4.24ms since dispatch
W/APP     ( 1966): [01;31m[Kxzl[m[K: ===> done onDrawFrame: <4704561> 
W/GLSurfaceView( 1966): <4704594>  --- [01;31m[Kxzl[m[K --- AFTER GLSurfaceView DrawFrame
W/GLSurfaceView( 1966): <4704595>  --- [01;31m[Kxzl[m[K --- BEFORE GLSurfaceView swap frame
D/SurfaceTextureClient( 1966): <4704596.50> [01;31m[Kxzl[m[K SurfaceTextureClient::queueBuffer
D/SurfaceFlinger(  117): <4704597.00>  --- [01;31m[Kxzl[m[K Layer::onFrameQueued
W/GLSurfaceView( 1966): <4704597>  --- [01;31m[Kxzl[m[K --- AFTER GLSurfaceView swap frame
W/GLSurfaceView( 1966): <4704597>  --- [01;31m[Kxzl[m[K --- BEFORE GLSurfaceView DrawFrame
W/APP     ( 1966): [01;31m[Kxzl[m[K: ===> entering onDrawFrame: <4704598> 
D/SurfaceFlinger(  117): <4704598.50>  ----- [01;31m[Kxzl[m[K SurfaceFlinger::composeSurfaces compose done, prepare to swap fb ------
W/APP     ( 1966): [01;31m[Kxzl[m[K: ===> ev hits user code: <4704603>  {4704598} since event: 5 ms
D/InputDispatcher(  193): <4704604.50> ########### [01;31m[Kxzl[m[K finishDispatchCycle: 5.62ms since event, 5.00ms since dispatch
D/SurfaceFlinger(  117): <4704608.50>  ----- [01;31m[Kxzl[m[K SurfaceFlinger::composeSurfaces() swap fb done  ------
W/APP     ( 1966): [01;31m[Kxzl[m[K: ===> ev hits user code: <4704612>  {4704608} since event: 4 ms
D/InputDispatcher(  193): <4704614.00> ########### [01;31m[Kxzl[m[K finishDispatchCycle: 5.77ms since event, 4.97ms since dispatch
W/APP     ( 1966): [01;31m[Kxzl[m[K: ===> ev hits user code: <4704620>  {4704617} since event: 3 ms
D/InputDispatcher(  193): <4704621.00> ########### [01;31m[Kxzl[m[K finishDispatchCycle: 2.84ms since event, 2.35ms since dispatch
W/APP     ( 1966): [01;31m[Kxzl[m[K: ===> ev hits user code: <4704629>  {4704627} since event: 2 ms
D/InputDispatcher(  193): <4704630.50> ########### [01;31m[Kxzl[m[K finishDispatchCycle: 2.90ms since event, 2.35ms since dispatch
W/APP     ( 1966): [01;31m[Kxzl[m[K: ===> done onDrawFrame: <4704598> 
W/GLSurfaceView( 1966): <4704631>  --- [01;31m[Kxzl[m[K --- AFTER GLSurfaceView DrawFrame
W/GLSurfaceView( 1966): <4704631>  --- [01;31m[Kxzl[m[K --- BEFORE GLSurfaceView swap frame
D/SurfaceTextureClient( 1966): <4704632.00> [01;31m[Kxzl[m[K SurfaceTextureClient::queueBuffer
D/SurfaceFlinger(  117): <4704632.00>  --- [01;31m[Kxzl[m[K Layer::onFrameQueued
D/SurfaceFlinger(  117): <4704632.00>  ----- [01;31m[Kxzl[m[K SurfaceFlinger::composeSurfaces compose done, prepare to swap fb ------
W/GLSurfaceView( 1966): <4704632>  --- [01;31m[Kxzl[m[K --- AFTER GLSurfaceView swap frame
W/GLSurfaceView( 1966): <4704632>  --- [01;31m[Kxzl[m[K --- BEFORE GLSurfaceView DrawFrame
W/APP     ( 1966): [01;31m[Kxzl[m[K: ===> entering onDrawFrame: <4704632> 
W/APP     ( 1966): [01;31m[Kxzl[m[K: ===> ev hits user code: <4704640>  {4704637} since event: 3 ms
D/SurfaceFlinger(  117): <4704641.00>  ----- [01;31m[Kxzl[m[K SurfaceFlinger::composeSurfaces() swap fb done  ------
D/InputDispatcher(  193): <4704641.50> ########### [01;31m[Kxzl[m[K finishDispatchCycle: 4.03ms since event, 3.45ms since dispatch
W/APP     ( 1966): [01;31m[Kxzl[m[K: ===> ev hits user code: <4704650>  {4704647} since event: 3 ms
D/InputDispatcher(  193): <4704652.00> ########### [01;31m[Kxzl[m[K finishDispatchCycle: 4.91ms since event, 4.33ms since dispatch
W/APP     ( 1966): [01;31m[Kxzl[m[K: ===> ev hits user code: <4704660>  {4704657} since event: 3 ms
D/InputDispatcher(  193): <4704661.50> ########### [01;31m[Kxzl[m[K finishDispatchCycle: 4.61ms since event, 3.91ms since dispatch
W/APP     ( 1966): [01;31m[Kxzl[m[K: ===> done onDrawFrame: <4704632> 
W/GLSurfaceView( 1966): <4704667>  --- [01;31m[Kxzl[m[K --- AFTER GLSurfaceView DrawFrame
W/GLSurfaceView( 1966): <4704667>  --- [01;31m[Kxzl[m[K --- BEFORE GLSurfaceView swap frame
D/SurfaceTextureClient( 1966): <4704668.50> [01;31m[Kxzl[m[K SurfaceTextureClient::queueBuffer
D/SurfaceFlinger(  117): <4704668.50>  --- [01;31m[Kxzl[m[K Layer::onFrameQueued
D/SurfaceFlinger(  117): <4704669.00>  ----- [01;31m[Kxzl[m[K SurfaceFlinger::composeSurfaces compose done, prepare to swap fb ------
W/GLSurfaceView( 1966): <4704669>  --- [01;31m[Kxzl[m[K --- AFTER GLSurfaceView swap frame
W/GLSurfaceView( 1966): <4704669>  --- [01;31m[Kxzl[m[K --- BEFORE GLSurfaceView DrawFrame
W/APP     ( 1966): [01;31m[Kxzl[m[K: ===> entering onDrawFrame: <4704669> 
W/APP     ( 1966): [01;31m[Kxzl[m[K: ===> ev hits user code: <4704672>  {4704666} since event: 6 ms
D/InputDispatcher(  193): <4704675.50> ########### [01;31m[Kxzl[m[K finishDispatchCycle: 8.18ms since event, 7.60ms since dispatch
D/SurfaceFlinger(  117): <4704675.50>  ----- [01;31m[Kxzl[m[K SurfaceFlinger::composeSurfaces() swap fb done  ------
W/APP     ( 1966): [01;31m[Kxzl[m[K: ===> ev hits user code: <4704680>  {4704676} since event: 4 ms
