W/APP     ( 1966): [01;31m[Kxzl[m[K: ===> ev hits user code: <4701753>  {4701740} since event: 13 ms
D/InputDispatcher(  193): <4701754.50> ########### [01;31m[Kxzl[m[K finishDispatchCycle: 13.79ms since event, 11.75ms since dispatch
W/APP     ( 1966): [01;31m[Kxzl[m[K: ===> ev hits user code: <4701761>  {4701750} since event: 11 ms
D/InputDispatcher(  193): <4701763.50> ########### [01;31m[Kxzl[m[K finishDispatchCycle: 12.51ms since event, 8.70ms since dispatch
W/GLSurfaceView( 1966): <4701763>  --- [01;31m[Kxzl[m[K --- BEFORE GLSurfaceView DrawFrame
W/APP     ( 1966): [01;31m[Kxzl[m[K: ===> entering onDrawFrame: <4701763> 
W/APP     ( 1966): [01;31m[Kxzl[m[K: ===> ev hits user code: <4701770>  {4701759} since event: 11 ms
D/InputDispatcher(  193): <4701773.00> ########### [01;31m[Kxzl[m[K finishDispatchCycle: 13.82ms since event, 9.77ms since dispatch
W/APP     ( 1966): [01;31m[Kxzl[m[K: ===> ev hits user code: <4701779>  {4701769} since event: 10 ms
D/InputDispatcher(  193): <4701782.50> ########### [01;31m[Kxzl[m[K finishDispatchCycle: 13.18ms since event, 8.97ms since dispatch
W/APP     ( 1966): [01;31m[Kxzl[m[K: ===> ev hits user code: <4701784>  {4701778} since event: 6 ms
D/InputDispatcher(  193): <4701788.50> ########### [01;31m[Kxzl[m[K finishDispatchCycle: 10.01ms since event, 6.38ms since dispatch
W/APP     ( 1966): [01;31m[Kxzl[m[K: ===> ev hits user code: <4701791>  {4701788} since event: 3 ms
D/InputDispatcher(  193): <4701793.00> ########### [01;31m[Kxzl[m[K finishDispatchCycle: 4.30ms since event, 3.66ms since dispatch
W/APP     ( 1966): [01;31m[Kxzl[m[K: ===> done onDrawFrame: <4701763> 
W/GLSurfaceView( 1966): <4701796>  --- [01;31m[Kxzl[m[K --- AFTER GLSurfaceView DrawFrame
W/GLSurfaceView( 1966): <4701796>  --- [01;31m[Kxzl[m[K --- BEFORE GLSurfaceView swap frame
D/SurfaceTextureClient( 1966): <4701798.00> [01;31m[Kxzl[m[K SurfaceTextureClient::queueBuffer
D/SurfaceFlinger(  117): <4701798.50>  --- [01;31m[Kxzl[m[K Layer::onFrameQueued
D/SurfaceFlinger(  117): <4701798.50>  ----- [01;31m[Kxzl[m[K SurfaceFlinger::composeSurfaces compose done, prepare to swap fb ------
W/GLSurfaceView( 1966): <4701799>  --- [01;31m[Kxzl[m[K --- AFTER GLSurfaceView swap frame
W/GLSurfaceView( 1966): <4701799>  --- [01;31m[Kxzl[m[K --- BEFORE GLSurfaceView DrawFrame
W/APP     ( 1966): [01;31m[Kxzl[m[K: ===> entering onDrawFrame: <4701799> 
W/APP     ( 1966): [01;31m[Kxzl[m[K: ===> ev hits user code: <4701803>  {4701798} since event: 5 ms
D/InputDispatcher(  193): <4701804.00> ########### [01;31m[Kxzl[m[K finishDispatchCycle: 5.86ms since event, 4.64ms since dispatch
D/SurfaceFlinger(  117): <4701806.00>  ----- [01;31m[Kxzl[m[K SurfaceFlinger::composeSurfaces() swap fb done  ------
W/APP     ( 1966): [01;31m[Kxzl[m[K: ===> ev hits user code: <4701810>  {4701807} since event: 3 ms
D/InputDispatcher(  193): <4701812.50> ########### [01;31m[Kxzl[m[K finishDispatchCycle: 4.58ms since event, 3.97ms since dispatch
W/APP     ( 1966): [01;31m[Kxzl[m[K: ===> ev hits user code: <4701821>  {4701817} since event: 4 ms
D/InputDispatcher(  193): <4701823.00> ########### [01;31m[Kxzl[m[K finishDispatchCycle: 5.43ms since event, 4.85ms since dispatch
W/APP     ( 1966): [01;31m[Kxzl[m[K: ===> done onDrawFrame: <4701799> 
W/GLSurfaceView( 1966): <4701832>  --- [01;31m[Kxzl[m[K --- AFTER GLSurfaceView DrawFrame
W/GLSurfaceView( 1966): <4701833>  --- [01;31m[Kxzl[m[K --- BEFORE GLSurfaceView swap frame
D/SurfaceTextureClient( 1966): <4701835.50> [01;31m[Kxzl[m[K SurfaceTextureClient::queueBuffer
D/SurfaceFlinger(  117): <4701835.50>  --- [01;31m[Kxzl[m[K Layer::onFrameQueued
D/SurfaceFlinger(  117): <4701835.50>  ----- [01;31m[Kxzl[m[K SurfaceFlinger::composeSurfaces compose done, prepare to swap fb ------
W/GLSurfaceView( 1966): <4701838>  --- [01;31m[Kxzl[m[K --- AFTER GLSurfaceView swap frame
W/GLSurfaceView( 1966): <4701838>  --- [01;31m[Kxzl[m[K --- BEFORE GLSurfaceView DrawFrame
W/APP     ( 1966): [01;31m[Kxzl[m[K: ===> entering onDrawFrame: <4701838> 
W/APP     ( 1966): [01;31m[Kxzl[m[K: ===> ev hits user code: <4701839>  {4701827} since event: 12 ms
D/InputDispatcher(  193): <4701840.50> ########### [01;31m[Kxzl[m[K finishDispatchCycle: 12.97ms since event, 12.36ms since dispatch
W/APP     ( 1966): [01;31m[Kxzl[m[K: ===> ev hits user code: <4701842>  {4701837} since event: 5 ms
D/SurfaceFlinger(  117): <4701843.50>  ----- [01;31m[Kxzl[m[K SurfaceFlinger::composeSurfaces() swap fb done  ------
D/InputDispatcher(  193): <4701845.00> ########### [01;31m[Kxzl[m[K finishDispatchCycle: 7.87ms since event, 4.46ms since dispatch
W/APP     ( 1966): [01;31m[Kxzl[m[K: ===> ev hits user code: <4701848>  {4701847} since event: 1 ms
D/InputDispatcher(  193): <4701849.50> ########### [01;31m[Kxzl[m[K finishDispatchCycle: 2.38ms since event, 1.83ms since dispatch
W/APP     ( 1966): [01;31m[Kxzl[m[K: ===> ev hits user code: <4701861>  {4701857} since event: 4 ms
D/InputDispatcher(  193): <4701862.00> ########### [01;31m[Kxzl[m[K finishDispatchCycle: 5.16ms since event, 4.61ms since dispatch
W/APP     ( 1966): [01;31m[Kxzl[m[K: ===> ev hits user code: <4701870>  {4701866} since event: 4 ms
D/InputDispatcher(  193): <4701871.00> ########### [01;31m[Kxzl[m[K finishDispatchCycle: 4.24ms since event, 3.63ms since dispatch
W/APP     ( 1966): [01;31m[Kxzl[m[K: ===> done onDrawFrame: <4701838> 
W/GLSurfaceView( 1966): <4701872>  --- [01;31m[Kxzl[m[K --- AFTER GLSurfaceView DrawFrame
W/GLSurfaceView( 1966): <4701872>  --- [01;31m[Kxzl[m[K --- BEFORE GLSurfaceView swap frame
D/SurfaceTextureClient( 1966): <4701876.50> [01;31m[Kxzl[m[K SurfaceTextureClient::queueBuffer
D/SurfaceFlinger(  117): <4701877.00>  --- [01;31m[Kxzl[m[K Layer::onFrameQueued
D/SurfaceFlinger(  117): <4701877.00>  ----- [01;31m[Kxzl[m[K SurfaceFlinger::composeSurfaces compose done, prepare to swap fb ------
D/SurfaceFlinger(  117): <4701877.50>  ----- [01;31m[Kxzl[m[K SurfaceFlinger::composeSurfaces() swap fb done  ------
W/GLSurfaceView( 1966): <4701878>  --- [01;31m[Kxzl[m[K --- AFTER GLSurfaceView swap frame
W/GLSurfaceView( 1966): <4701878>  --- [01;31m[Kxzl[m[K --- BEFORE GLSurfaceView DrawFrame
W/APP     ( 1966): [01;31m[Kxzl[m[K: ===> entering onDrawFrame: <4701879> 
W/APP     ( 1966): [01;31m[Kxzl[m[K: ===> ev hits user code: <4701881>  {4701876} since event: 5 ms
D/InputDispatcher(  193): <4701882.50> ########### [01;31m[Kxzl[m[K finishDispatchCycle: 5.95ms since event, 5.28ms since dispatch
W/APP     ( 1966): [01;31m[Kxzl[m[K: ===> ev hits user code: <4701889>  {4701886} since event: 3 ms
D/InputDispatcher(  193): <4701890.50> ########### [01;31m[Kxzl[m[K finishDispatchCycle: 4.06ms since event, 3.48ms since dispatch
W/APP     ( 1966): [01;31m[Kxzl[m[K: ===> ev hits user code: <4701899>  {4701896} since event: 3 ms
D/InputDispatcher(  193): <4701899.50> ########### [01;31m[Kxzl[m[K finishDispatchCycle: 3.72ms since event, 3.05ms since dispatch
W/APP     ( 1966): [01;31m[Kxzl[m[K: ===> ev hits user code: <4701908>  {4701905} since event: 3 ms
D/InputDispatcher(  193): <4701910.50> ########### [01;31m[Kxzl[m[K finishDispatchCycle: 4.82ms since event, 4.18ms since dispatch
W/APP     ( 1966): [01;31m[Kxzl[m[K: ===> done onDrawFrame: <4701879> 
W/GLSurfaceView( 1966): <4701916>  --- [01;31m[Kxzl[m[K --- AFTER GLSurfaceView DrawFrame
W/GLSurfaceView( 1966): <4701917>  --- [01;31m[Kxzl[m[K --- BEFORE GLSurfaceView swap frame
D/SurfaceTextureClient( 1966): <4701919.00> [01;31m[Kxzl[m[K SurfaceTextureClient::queueBuffer
D/SurfaceFlinger(  117): <4701919.00>  --- [01;31m[Kxzl[m[K Layer::onFrameQueued
D/SurfaceFlinger(  117): <4701919.00>  ----- [01;31m[Kxzl[m[K SurfaceFlinger::composeSurfaces compose done, prepare to swap fb ------
W/APP     ( 1966): [01;31m[Kxzl[m[K: ===> ev hits user code: <4701922>  {4701915} since event: 7 ms
D/InputDispatcher(  193): <4701923.50> ########### [01;31m[Kxzl[m[K finishDispatchCycle: 7.54ms since event, 6.90ms since dispatch
W/GLSurfaceView( 1966): <4701921>  --- [01;31m[Kxzl[m[K --- AFTER GLSurfaceView swap frame
W/GLSurfaceView( 1966): <4701926>  --- [01;31m[Kxzl[m[K --- BEFORE GLSurfaceView DrawFrame
W/APP     ( 1966): [01;31m[Kxzl[m[K: ===> entering onDrawFrame: <4701926> 
D/SurfaceFlinger(  117): <4701928.50>  ----- [01;31m[Kxzl[m[K SurfaceFlinger::composeSurfaces() swap fb done  ------
W/APP     ( 1966): [01;31m[Kxzl[m[K: ===> ev hits user code: <4701929>  {4701923} since event: 6 ms
D/InputDispatcher(  193): <4701930.50> ########### [01;31m[Kxzl[m[K finishDispatchCycle: 6.84ms since event, 6.23ms since dispatch
W/APP     ( 1966): [01;31m[Kxzl[m[K: ===> ev hits user code: <4701936>  {4701933} since event: 3 ms
D/InputDispatcher(  193): <4701937.00> ########### [01;31m[Kxzl[m[K finishDispatchCycle: 3.39ms since event, 2.84ms since dispatch
W/APP     ( 1966): [01;31m[Kxzl[m[K: ===> ev hits user code: <4701946>  {4701943} since event: 3 ms
D/InputDispatcher(  193): <4701947.50> ########### [01;31m[Kxzl[m[K finishDispatchCycle: 3.63ms since event, 3.08ms since dispatch
W/APP     ( 1966): [01;31m[Kxzl[m[K: ===> ev hits user code: <4701955>  {4701953} since event: 2 ms
D/InputDispatcher(  193): <4701957.50> ########### [01;31m[Kxzl[m[K finishDispatchCycle: 4.33ms since event, 3.69ms since dispatch
W/APP     ( 1966): [01;31m[Kxzl[m[K: ===> done onDrawFrame: <4701926> 
W/GLSurfaceView( 1966): <4701959>  --- [01;31m[Kxzl[m[K --- AFTER GLSurfaceView DrawFrame
W/GLSurfaceView( 1966): <4701959>  --- [01;31m[Kxzl[m[K --- BEFORE GLSurfaceView swap frame
D/SurfaceTextureClient( 1966): <4701960.00> [01;31m[Kxzl[m[K SurfaceTextureClient::queueBuffer
D/SurfaceFlinger(  117): <4701960.50>  --- [01;31m[Kxzl[m[K Layer::onFrameQueued
D/SurfaceFlinger(  117): <4701960.50>  ----- [01;31m[Kxzl[m[K SurfaceFlinger::composeSurfaces compose done, prepare to swap fb ------
W/GLSurfaceView( 1966): <4701962>  --- [01;31m[Kxzl[m[K --- AFTER GLSurfaceView swap frame
W/GLSurfaceView( 1966): <4701963>  --- [01;31m[Kxzl[m[K --- BEFORE GLSurfaceView DrawFrame
W/APP     ( 1966): [01;31m[Kxzl[m[K: ===> entering onDrawFrame: <4701964> 
D/SurfaceFlinger(  117): <4701964.50>  ----- [01;31m[Kxzl[m[K SurfaceFlinger::composeSurfaces() swap fb done  ------
W/APP     ( 1966): [01;31m[Kxzl[m[K: ===> ev hits user code: <4701967>  {4701962} since event: 5 ms
D/InputDispatcher(  193): <4701968.50> ########### [01;31m[Kxzl[m[K finishDispatchCycle: 5.28ms since event, 4.55ms since dispatch
W/APP     ( 1966): [01;31m[Kxzl[m[K: ===> ev hits user code: <4701976>  {4701972} since event: 4 ms
D/InputDispatcher(  193): <4701977.50> ########### [01;31m[Kxzl[m[K finishDispatchCycle: 4.79ms since event, 4.18ms since dispatch
W/APP     ( 1966): [01;31m[Kxzl[m[K: ===> ev hits user code: <4701986>  {4701982} since event: 4 ms
D/InputDispatcher(  193): <4701987.50> ########### [01;31m[Kxzl[m[K finishDispatchCycle: 4.85ms since event, 4.24ms since dispatch
W/APP     ( 1966): [01;31m[Kxzl[m[K: ===> ev hits user code: <4701996>  {4701992} since event: 4 ms
W/APP     ( 1966): [01;31m[Kxzl[m[K: ===> done onDrawFrame: <4701964> 
D/InputDispatcher(  193): <4701997.50> ########### [01;31m[Kxzl[m[K finishDispatchCycle: 5.77ms since event, 5.19ms since dispatch
W/GLSurfaceView( 1966): <4701997>  --- [01;31m[Kxzl[m[K --- AFTER GLSurfaceView DrawFrame
W/GLSurfaceView( 1966): <4701997>  --- [01;31m[Kxzl[m[K --- BEFORE GLSurfaceView swap frame
D/SurfaceTextureClient( 1966): <4701998.50> [01;31m[Kxzl[m[K SurfaceTextureClient::queueBuffer
D/SurfaceFlinger(  117): <4701999.00>  --- [01;31m[Kxzl[m[K Layer::onFrameQueued
D/SurfaceFlinger(  117): <4701999.00>  ----- [01;31m[Kxzl[m[K SurfaceFlinger::composeSurfaces compose done, prepare to swap fb ------
W/GLSurfaceView( 1966): <4701999>  --- [01;31m[Kxzl[m[K --- AFTER GLSurfaceView swap frame
W/GLSurfaceView( 1966): <4701999>  --- [01;31m[Kxzl[m[K --- BEFORE GLSurfaceView DrawFrame
W/APP     ( 1966): [01;31m[Kxzl[m[K: ===> entering onDrawFrame: <4701999> 
W/APP     ( 1966): [01;31m[Kxzl[m[K: ===> ev hits user code: <4702005>  {4702001} since event: 4 ms
D/InputDispatcher(  193): <4702006.50> ########### [01;31m[Kxzl[m[K finishDispatchCycle: 4.67ms since event, 3.88ms since dispatch
D/SurfaceFlinger(  117): <4702013.00>  ----- [01;31m[Kxzl[m[K SurfaceFlinger::composeSurfaces() swap fb done  ------
W/APP     ( 1966): [01;31m[Kxzl[m[K: ===> ev hits user code: <4702014>  {4702011} since event: 3 ms
D/InputDispatcher(  193): <4702015.00> ########### [01;31m[Kxzl[m[K finishDispatchCycle: 3.78ms since event, 3.23ms since dispatch
W/APP     ( 1966): [01;31m[Kxzl[m[K: ===> ev hits user code: <4702024>  {4702021} since event: 3 ms
D/InputDispatcher(  193): <4702025.00> ########### [01;31m[Kxzl[m[K finishDispatchCycle: 3.63ms since event, 3.08ms since dispatch
W/APP     ( 1966): [01;31m[Kxzl[m[K: ===> done onDrawFrame: <4701999> 
W/GLSurfaceView( 1966): <4702032>  --- [01;31m[Kxzl[m[K --- AFTER GLSurfaceView DrawFrame
W/GLSurfaceView( 1966): <4702033>  --- [01;31m[Kxzl[m[K --- BEFORE GLSurfaceView swap frame
D/SurfaceTextureClient( 1966): <4702034.00> [01;31m[Kxzl[m[K SurfaceTextureClient::queueBuffer
D/SurfaceFlinger(  117): <4702034.00>  --- [01;31m[Kxzl[m[K Layer::onFrameQueued
D/SurfaceFlinger(  117): <4702034.00>  ----- [01;31m[Kxzl[m[K SurfaceFlinger::composeSurfaces compose done, prepare to swap fb ------
W/GLSurfaceView( 1966): <4702034>  --- [01;31m[Kxzl[m[K --- AFTER GLSurfaceView swap frame
W/GLSurfaceView( 1966): <4702035>  --- [01;31m[Kxzl[m[K --- BEFORE GLSurfaceView DrawFrame
W/APP     ( 1966): [01;31m[Kxzl[m[K: ===> entering onDrawFrame: <4702035> 
W/APP     ( 1966): [01;31m[Kxzl[m[K: ===> ev hits user code: <4702035>  {4702031} since event: 4 ms
D/InputDispatcher(  193): <4702036.50> ########### [01;31m[Kxzl[m[K finishDispatchCycle: 5.46ms since event, 4.91ms since dispatch
D/SurfaceFlinger(  117): <4702047.00>  ----- [01;31m[Kxzl[m[K SurfaceFlinger::composeSurfaces() swap fb done  ------
W/APP     ( 1966): [01;31m[Kxzl[m[K: ===> ev hits user code: <4702048>  {4702042} since event: 6 ms
D/InputDispatcher(  193): <4702054.00> ########### [01;31m[Kxzl[m[K finishDispatchCycle: 11.51ms since event, 10.89ms since dispatch
W/APP     ( 1966): [01;31m[Kxzl[m[K: ===> ev hits user code: <4702056>  {4702052} since event: 4 ms
D/InputDispatcher(  193): <4702057.00> ########### [01;31m[Kxzl[m[K finishDispatchCycle: 4.70ms since event, 3.05ms since dispatch
W/APP     ( 1966): [01;31m[Kxzl[m[K: ===> ev hits user code: <4702064>  {4702061} since event: 3 ms
D/InputDispatcher(  193): <4702065.50> ########### [01;31m[Kxzl[m[K finishDispatchCycle: 3.42ms since event, 2.81ms since dispatch
W/APP     ( 1966): [01;31m[Kxzl[m[K: ===> done onDrawFrame: <4702035> 
W/GLSurfaceView( 1966): <4702069>  --- [01;31m[Kxzl[m[K --- AFTER GLSurfaceView DrawFrame
W/GLSurfaceView( 1966): <4702071>  --- [01;31m[Kxzl[m[K --- BEFORE GLSurfaceView swap frame
D/SurfaceTextureClient( 1966): <4702072.50> [01;31m[Kxzl[m[K SurfaceTextureClient::queueBuffer
D/SurfaceFlinger(  117): <4702072.50>  --- [01;31m[Kxzl[m[K Layer::onFrameQueued
D/SurfaceFlinger(  117): <4702073.00>  ----- [01;31m[Kxzl[m[K SurfaceFlinger::composeSurfaces compose done, prepare to swap fb ------
W/GLSurfaceView( 1966): <4702073>  --- [01;31m[Kxzl[m[K --- AFTER GLSurfaceView swap frame
W/GLSurfaceView( 1966): <4702073>  --- [01;31m[Kxzl[m[K --- BEFORE GLSurfaceView DrawFrame
W/APP     ( 1966): [01;31m[Kxzl[m[K: ===> entering onDrawFrame: <4702074> 
W/APP     ( 1966): [01;31m[Kxzl[m[K: ===> ev hits user code: <4702075>  {4702071} since event: 4 ms
D/InputDispatcher(  193): <4702079.00> ########### [01;31m[Kxzl[m[K finishDispatchCycle: 7.75ms since event, 7.11ms since dispatch
D/SurfaceFlinger(  117): <4702081.50>  ----- [01;31m[Kxzl[m[K SurfaceFlinger::composeSurfaces() swap fb done  ------
W/APP     ( 1966): [01;31m[Kxzl[m[K: ===> ev hits user code: <4702084>  {4702081} since event: 3 ms
D/InputDispatcher(  193): <4702086.00> ########### [01;31m[Kxzl[m[K finishDispatchCycle: 4.30ms since event, 3.42ms since dispatch
W/APP     ( 1966): [01;31m[Kxzl[m[K: ===> ev hits user code: <4702093>  {4702091} since event: 2 ms
D/InputDispatcher(  193): <4702094.00> ########### [01;31m[Kxzl[m[K finishDispatchCycle: 3.14ms since event, 2.47ms since dispatch
W/APP     ( 1966): [01;31m[Kxzl[m[K: ===> ev hits user code: <4702103>  {4702100} since event: 3 ms
D/InputDispatcher(  193): <4702105.00> ########### [01;31m[Kxzl[m[K finishDispatchCycle: 4.27ms since event, 3.57ms since dispatch
W/APP     ( 1966): [01;31m[Kxzl[m[K: ===> done onDrawFrame: <4702074> 
W/GLSurfaceView( 1966): <4702107>  --- [01;31m[Kxzl[m[K --- AFTER GLSurfaceView DrawFrame
W/GLSurfaceView( 1966): <4702107>  --- [01;31m[Kxzl[m[K --- BEFORE GLSurfaceView swap frame
D/SurfaceTextureClient( 1966): <4702108.50> [01;31m[Kxzl[m[K SurfaceTextureClient::queueBuffer
D/SurfaceFlinger(  117): <4702108.50>  --- [01;31m[Kxzl[m[K Layer::onFrameQueued
D/SurfaceFlinger(  117): <4702109.00>  ----- [01;31m[Kxzl[m[K SurfaceFlinger::composeSurfaces compose done, prepare to swap fb ------
W/GLSurfaceView( 1966): <4702109>  --- [01;31m[Kxzl[m[K --- AFTER GLSurfaceView swap frame
W/GLSurfaceView( 1966): <4702109>  --- [01;31m[Kxzl[m[K --- BEFORE GLSurfaceView DrawFrame
W/APP     ( 1966): [01;31m[Kxzl[m[K: ===> entering onDrawFrame: <4702109> 
W/APP     ( 1966): [01;31m[Kxzl[m[K: ===> ev hits user code: <4702113>  {4702110} since event: 3 ms
D/InputDispatcher(  193): <4702114.50> ########### [01;31m[Kxzl[m[K finishDispatchCycle: 3.88ms since event, 3.05ms since dispatch
D/SurfaceFlinger(  117): <4702114.50>  ----- [01;31m[Kxzl[m[K SurfaceFlinger::composeSurfaces() swap fb done  ------
W/APP     ( 1966): [01;31m[Kxzl[m[K: ===> ev hits user code: <4702123>  {4702120} since event: 3 ms
D/InputDispatcher(  193): <4702124.00> ########### [01;31m[Kxzl[m[K finishDispatchCycle: 3.66ms since event, 2.93ms since dispatch
W/APP     ( 1966): [01;31m[Kxzl[m[K: ===> ev hits user code: <4702133>  {4702130} since event: 3 ms
D/InputDispatcher(  193): <4702134.00> ########### [01;31m[Kxzl[m[K finishDispatchCycle: 3.82ms since event, 3.11ms since dispatch
W/APP     ( 1966): [01;31m[Kxzl[m[K: ===> done onDrawFrame: <4702109> 
W/GLSurfaceView( 1966): <4702142>  --- [01;31m[Kxzl[m[K --- AFTER GLSurfaceView DrawFrame
W/GLSurfaceView( 1966): <4702142>  --- [01;31m[Kxzl[m[K --- BEFORE GLSurfaceView swap frame
D/SurfaceTextureClient( 1966): <4702143.50> [01;31m[Kxzl[m[K SurfaceTextureClient::queueBuffer
D/SurfaceFlinger(  117): <4702143.50>  --- [01;31m[Kxzl[m[K Layer::onFrameQueued
D/SurfaceFlinger(  117): <4702143.50>  ----- [01;31m[Kxzl[m[K SurfaceFlinger::composeSurfaces compose done, prepare to swap fb ------
W/GLSurfaceView( 1966): <4702144>  --- [01;31m[Kxzl[m[K --- AFTER GLSurfaceView swap frame
W/GLSurfaceView( 1966): <4702144>  --- [01;31m[Kxzl[m[K --- BEFORE GLSurfaceView DrawFrame
W/APP     ( 1966): [01;31m[Kxzl[m[K: ===> entering onDrawFrame: <4702144> 
W/APP     ( 1966): [01;31m[Kxzl[m[K: ===> ev hits user code: <4702145>  {4702139} since event: 6 ms
D/InputDispatcher(  193): <4702146.00> ########### [01;31m[Kxzl[m[K finishDispatchCycle: 6.20ms since event, 5.58ms since dispatch
D/SurfaceFlinger(  117): <4702150.00>  ----- [01;31m[Kxzl[m[K SurfaceFlinger::composeSurfaces() swap fb done  ------
W/APP     ( 1966): [01;31m[Kxzl[m[K: ===> ev hits user code: <4702152>  {4702149} since event: 3 ms
D/InputDispatcher(  193): <4702153.00> ########### [01;31m[Kxzl[m[K finishDispatchCycle: 3.05ms since event, 2.29ms since dispatch
W/APP     ( 1966): [01;31m[Kxzl[m[K: ===> ev hits user code: <4702162>  {4702159} since event: 3 ms
D/InputDispatcher(  193): <4702163.50> ########### [01;31m[Kxzl[m[K finishDispatchCycle: 3.69ms since event, 2.96ms since dispatch
W/APP     ( 1966): [01;31m[Kxzl[m[K: ===> ev hits user code: <4702172>  {4702169} since event: 3 ms
D/InputDispatcher(  193): <4702173.00> ########### [01;31m[Kxzl[m[K finishDispatchCycle: 3.72ms since event, 3.05ms since dispatch
W/APP     ( 1966): [01;31m[Kxzl[m[K: ===> done onDrawFrame: <4702144> 
W/GLSurfaceView( 1966): <4702177>  --- [01;31m[Kxzl[m[K --- AFTER GLSurfaceView DrawFrame
W/GLSurfaceView( 1966): <4702177>  --- [01;31m[Kxzl[m[K --- BEFORE GLSurfaceView swap frame
D/SurfaceTextureClient( 1966): <4702178.00> [01;31m[Kxzl[m[K SurfaceTextureClient::queueBuffer
D/SurfaceFlinger(  117): <4702178.00>  --- [01;31m[Kxzl[m[K Layer::onFrameQueued
D/SurfaceFlinger(  117): <4702179.00>  ----- [01;31m[Kxzl[m[K SurfaceFlinger::composeSurfaces compose done, prepare to swap fb ------
W/GLSurfaceView( 1966): <4702179>  --- [01;31m[Kxzl[m[K --- AFTER GLSurfaceView swap frame
W/GLSurfaceView( 1966): <4702179>  --- [01;31m[Kxzl[m[K --- BEFORE GLSurfaceView DrawFrame
W/APP     ( 1966): [01;31m[Kxzl[m[K: ===> entering onDrawFrame: <4702180> 
W/APP     ( 1966): [01;31m[Kxzl[m[K: ===> ev hits user code: <4702182>  {4702178} since event: 4 ms
D/InputDispatcher(  193): <4702183.00> ########### [01;31m[Kxzl[m[K finishDispatchCycle: 3.66ms since event, 2.84ms since dispatch
D/SurfaceFlinger(  117): <4702183.00>  ----- [01;31m[Kxzl[m[K SurfaceFlinger::composeSurfaces() swap fb done  ------
W/APP     ( 1966): [01;31m[Kxzl[m[K: ===> ev hits user code: <4702191>  {4702188} since event: 3 ms
D/InputDispatcher(  193): <4702191.50> ########### [01;31m[Kxzl[m[K finishDispatchCycle: 3.17ms since event, 2.56ms since dispatch
W/APP     ( 1966): [01;31m[Kxzl[m[K: ===> ev hits user code: <4702202>  {4702198} since event: 4 ms
D/InputDispatcher(  193): <4702203.50> ########### [01;31m[Kxzl[m[K finishDispatchCycle: 4.43ms since event, 3.81ms since dispatch
W/APP     ( 1966): [01;31m[Kxzl[m[K: ===> ev hits user code: <4702210>  {4702208} since event: 2 ms
D/InputDispatcher(  193): <4702211.50> ########### [01;31m[Kxzl[m[K finishDispatchCycle: 3.48ms since event, 2.81ms since dispatch
W/APP     ( 1966): [01;31m[Kxzl[m[K: ===> done onDrawFrame: <4702180> 
W/GLSurfaceView( 1966): <4702213>  --- [01;31m[Kxzl[m[K --- AFTER GLSurfaceView DrawFrame
W/GLSurfaceView( 1966): <4702213>  --- [01;31m[Kxzl[m[K --- BEFORE GLSurfaceView swap frame
D/SurfaceTextureClient( 1966): <4702214.50> [01;31m[Kxzl[m[K SurfaceTextureClient::queueBuffer
D/SurfaceFlinger(  117): <4702214.50>  --- [01;31m[Kxzl[m[K Layer::onFrameQueued
D/SurfaceFlinger(  117): <4702214.50>  ----- [01;31m[Kxzl[m[K SurfaceFlinger::composeSurfaces compose done, prepare to swap fb ------
W/GLSurfaceView( 1966): <4702215>  --- [01;31m[Kxzl[m[K --- AFTER GLSurfaceView swap frame
W/GLSurfaceView( 1966): <4702215>  --- [01;31m[Kxzl[m[K --- BEFORE GLSurfaceView DrawFrame
W/APP     ( 1966): [01;31m[Kxzl[m[K: ===> entering onDrawFrame: <4702215> 
D/SurfaceFlinger(  117): <4702217.00>  ----- [01;31m[Kxzl[m[K SurfaceFlinger::composeSurfaces() swap fb done  ------
W/APP     ( 1966): [01;31m[Kxzl[m[K: ===> ev hits user code: <4702220>  {4702218} since event: 2 ms
D/InputDispatcher(  193): <4702221.50> ########### [01;31m[Kxzl[m[K finishDispatchCycle: 3.36ms since event, 2.62ms since dispatch
W/APP     ( 1966): [01;31m[Kxzl[m[K: ===> ev hits user code: <4702230>  {4702227} since event: 3 ms
D/InputDispatcher(  193): <4702231.00> ########### [01;31m[Kxzl[m[K finishDispatchCycle: 3.11ms since event, 2.47ms since dispatch
W/APP     ( 1966): [01;31m[Kxzl[m[K: ===> ev hits user code: <4702240>  {4702237} since event: 3 ms
D/InputDispatcher(  193): <4702241.50> ########### [01;31m[Kxzl[m[K finishDispatchCycle: 4.24ms since event, 3.54ms since dispatch
W/APP     ( 1966): [01;31m[Kxzl[m[K: ===> done onDrawFrame: <4702215> 
W/GLSurfaceView( 1966): <4702248>  --- [01;31m[Kxzl[m[K --- AFTER GLSurfaceView DrawFrame
W/GLSurfaceView( 1966): <4702249>  --- [01;31m[Kxzl[m[K --- BEFORE GLSurfaceView swap frame
D/SurfaceTextureClient( 1966): <4702250.00> [01;31m[Kxzl[m[K SurfaceTextureClient::queueBuffer
D/SurfaceFlinger(  117): <4702250.00>  --- [01;31m[Kxzl[m[K Layer::onFrameQueued
D/SurfaceFlinger(  117): <4702250.50>  ----- [01;31m[Kxzl[m[K SurfaceFlinger::composeSurfaces compose done, prepare to swap fb ------
D/SurfaceFlinger(  117): <4702250.50>  ----- [01;31m[Kxzl[m[K SurfaceFlinger::composeSurfaces() swap fb done  ------
W/GLSurfaceView( 1966): <4702251>  --- [01;31m[Kxzl[m[K --- AFTER GLSurfaceView swap frame
W/GLSurfaceView( 1966): <4702251>  --- [01;31m[Kxzl[m[K --- BEFORE GLSurfaceView DrawFrame
W/APP     ( 1966): [01;31m[Kxzl[m[K: ===> entering onDrawFrame: <4702251> 
W/APP     ( 1966): [01;31m[Kxzl[m[K: ===> ev hits user code: <4702254>  {4702246} since event: 8 ms
D/InputDispatcher(  193): <4702255.00> ########### [01;31m[Kxzl[m[K finishDispatchCycle: 8.06ms since event, 7.35ms since dispatch
W/APP     ( 1966): [01;31m[Kxzl[m[K: ===> ev hits user code: <4702259>  {4702256} since event: 3 ms
D/InputDispatcher(  193): <4702261.00> ########### [01;31m[Kxzl[m[K finishDispatchCycle: 3.85ms since event, 3.11ms since dispatch
W/APP     ( 1966): [01;31m[Kxzl[m[K: ===> ev hits user code: <4702268>  {4702266} since event: 2 ms
D/InputDispatcher(  193): <4702270.00> ########### [01;31m[Kxzl[m[K finishDispatchCycle: 3.17ms since event, 2.56ms since dispatch
W/APP     ( 1966): [01;31m[Kxzl[m[K: ===> ev hits user code: <4702278>  {4702276} since event: 2 ms
D/InputDispatcher(  193): <4702279.50> ########### [01;31m[Kxzl[m[K finishDispatchCycle: 2.87ms since event, 2.26ms since dispatch
W/APP     ( 1966): [01;31m[Kxzl[m[K: ===> done onDrawFrame: <4702251> 
W/GLSurfaceView( 1966): <4702284>  --- [01;31m[Kxzl[m[K --- AFTER GLSurfaceView DrawFrame
W/GLSurfaceView( 1966): <4702284>  --- [01;31m[Kxzl[m[K --- BEFORE GLSurfaceView swap frame
D/SurfaceTextureClient( 1966): <4702285.50> [01;31m[Kxzl[m[K SurfaceTextureClient::queueBuffer
D/SurfaceFlinger(  117): <4702285.50>  --- [01;31m[Kxzl[m[K Layer::onFrameQueued
D/SurfaceFlinger(  117): <4702285.50>  ----- [01;31m[Kxzl[m[K SurfaceFlinger::composeSurfaces compose done, prepare to swap fb ------
W/GLSurfaceView( 1966): <4702286>  --- [01;31m[Kxzl[m[K --- AFTER GLSurfaceView swap frame
W/GLSurfaceView( 1966): <4702287>  --- [01;31m[Kxzl[m[K --- BEFORE GLSurfaceView DrawFrame
W/APP     ( 1966): [01;31m[Kxzl[m[K: ===> entering onDrawFrame: <4702287> 
W/APP     ( 1966): [01;31m[Kxzl[m[K: ===> ev hits user code: <4702289>  {4702286} since event: 3 ms
D/InputDispatcher(  193): <4702290.00> ########### [01;31m[Kxzl[m[K finishDispatchCycle: 3.69ms since event, 3.14ms since dispatch
W/APP     ( 1966): [01;31m[Kxzl[m[K: ===> ev hits user code: <4702298>  {4702295} since event: 3 ms
D/InputDispatcher(  193): <4702299.50> ########### [01;31m[Kxzl[m[K finishDispatchCycle: 3.91ms since event, 3.27ms since dispatch
D/SurfaceFlinger(  117): <4702301.50>  ----- [01;31m[Kxzl[m[K SurfaceFlinger::composeSurfaces() swap fb done  ------
W/APP     ( 1966): [01;31m[Kxzl[m[K: ===> ev hits user code: <4702308>  {4702305} since event: 3 ms
D/InputDispatcher(  193): <4702309.50> ########### [01;31m[Kxzl[m[K finishDispatchCycle: 4.06ms since event, 3.33ms since dispatch
W/APP     ( 1966): [01;31m[Kxzl[m[K: ===> ev hits user code: <4702318>  {4702315} since event: 3 ms
D/InputDispatcher(  193): <4702319.00> ########### [01;31m[Kxzl[m[K finishDispatchCycle: 3.54ms since event, 2.87ms since dispatch
W/APP     ( 1966): [01;31m[Kxzl[m[K: ===> done onDrawFrame: <4702287> 
W/GLSurfaceView( 1966): <4702320>  --- [01;31m[Kxzl[m[K --- AFTER GLSurfaceView DrawFrame
W/GLSurfaceView( 1966): <4702320>  --- [01;31m[Kxzl[m[K --- BEFORE GLSurfaceView swap frame
D/SurfaceTextureClient( 1966): <4702321.00> [01;31m[Kxzl[m[K SurfaceTextureClient::queueBuffer
D/SurfaceFlinger(  117): <4702321.00>  --- [01;31m[Kxzl[m[K Layer::onFrameQueued
D/SurfaceFlinger(  117): <4702322.00>  ----- [01;31m[Kxzl[m[K SurfaceFlinger::composeSurfaces compose done, prepare to swap fb ------
W/GLSurfaceView( 1966): <4702322>  --- [01;31m[Kxzl[m[K --- AFTER GLSurfaceView swap frame
W/GLSurfaceView( 1966): <4702322>  --- [01;31m[Kxzl[m[K --- BEFORE GLSurfaceView DrawFrame
W/APP     ( 1966): [01;31m[Kxzl[m[K: ===> entering onDrawFrame: <4702323> 
W/APP     ( 1966): [01;31m[Kxzl[m[K: ===> ev hits user code: <4702328>  {4702325} since event: 3 ms
D/InputDispatcher(  193): <4702329.00> ########### [01;31m[Kxzl[m[K finishDispatchCycle: 4.12ms since event, 3.27ms since dispatch
D/SurfaceFlinger(  117): <4702335.50>  ----- [01;31m[Kxzl[m[K SurfaceFlinger::composeSurfaces() swap fb done  ------
W/APP     ( 1966): [01;31m[Kxzl[m[K: ===> ev hits user code: <4702337>  {4702334} since event: 3 ms
D/InputDispatcher(  193): <4702338.00> ########### [01;31m[Kxzl[m[K finishDispatchCycle: 3.08ms since event, 2.35ms since dispatch
W/APP     ( 1966): [01;31m[Kxzl[m[K: ===> ev hits user code: <4702346>  {4702344} since event: 2 ms
D/InputDispatcher(  193): <4702347.50> ########### [01;31m[Kxzl[m[K finishDispatchCycle: 2.84ms since event, 2.26ms since dispatch
W/APP     ( 1966): [01;31m[Kxzl[m[K: ===> done onDrawFrame: <4702323> 
W/GLSurfaceView( 1966): <4702356>  --- [01;31m[Kxzl[m[K --- AFTER GLSurfaceView DrawFrame
W/GLSurfaceView( 1966): <4702356>  --- [01;31m[Kxzl[m[K --- BEFORE GLSurfaceView swap frame
D/SurfaceTextureClient( 1966): <4702357.00> [01;31m[Kxzl[m[K SurfaceTextureClient::queueBuffer
D/SurfaceFlinger(  117): <4702357.00>  --- [01;31m[Kxzl[m[K Layer::onFrameQueued
D/SurfaceFlinger(  117): <4702357.50>  ----- [01;31m[Kxzl[m[K SurfaceFlinger::composeSurfaces compose done, prepare to swap fb ------
W/GLSurfaceView( 1966): <4702357>  --- [01;31m[Kxzl[m[K --- AFTER GLSurfaceView swap frame
W/GLSurfaceView( 1966): <4702358>  --- [01;31m[Kxzl[m[K --- BEFORE GLSurfaceView DrawFrame
W/APP     ( 1966): [01;31m[Kxzl[m[K: ===> entering onDrawFrame: <4702358> 
W/APP     ( 1966): [01;31m[Kxzl[m[K: ===> ev hits user code: <4702360>  {4702354} since event: 6 ms
D/InputDispatcher(  193): <4702360.50> ########### [01;31m[Kxzl[m[K finishDispatchCycle: 6.20ms since event, 5.43ms since dispatch
W/APP     ( 1966): [01;31m[Kxzl[m[K: ===> ev hits user code: <4702366>  {4702364} since event: 2 ms
D/InputDispatcher(  193): <4702367.50> ########### [01;31m[Kxzl[m[K finishDispatchCycle: 3.05ms since event, 2.38ms since dispatch
D/SurfaceFlinger(  117): <4702369.00>  ----- [01;31m[Kxzl[m[K SurfaceFlinger::composeSurfaces() swap fb done  ------
W/APP     ( 1966): [01;31m[Kxzl[m[K: ===> ev hits user code: <4702377>  {4702373} since event: 4 ms
D/InputDispatcher(  193): <4702378.00> ########### [01;31m[Kxzl[m[K finishDispatchCycle: 4.09ms since event, 3.45ms since dispatch
W/APP     ( 1966): [01;31m[Kxzl[m[K: ===> ev hits user code: <4702386>  {4702383} since event: 3 ms
D/InputDispatcher(  193): <4702387.50> ########### [01;31m[Kxzl[m[K finishDispatchCycle: 3.63ms since event, 2.96ms since dispatch
W/APP     ( 1966): [01;31m[Kxzl[m[K: ===> done onDrawFrame: <4702358> 
W/GLSurfaceView( 1966): <4702391>  --- [01;31m[Kxzl[m[K --- AFTER GLSurfaceView DrawFrame
W/GLSurfaceView( 1966): <4702391>  --- [01;31m[Kxzl[m[K --- BEFORE GLSurfaceView swap frame
D/SurfaceTextureClient( 1966): <4702392.00> [01;31m[Kxzl[m[K SurfaceTextureClient::queueBuffer
D/SurfaceFlinger(  117): <4702392.50>  --- [01;31m[Kxzl[m[K Layer::onFrameQueued
D/SurfaceFlinger(  117): <4702393.50>  ----- [01;31m[Kxzl[m[K SurfaceFlinger::composeSurfaces compose done, prepare to swap fb ------
W/GLSurfaceView( 1966): <4702393>  --- [01;31m[Kxzl[m[K --- AFTER GLSurfaceView swap frame
W/GLSurfaceView( 1966): <4702394>  --- [01;31m[Kxzl[m[K --- BEFORE GLSurfaceView DrawFrame
W/APP     ( 1966): [01;31m[Kxzl[m[K: ===> entering onDrawFrame: <4702395> 
W/APP     ( 1966): [01;31m[Kxzl[m[K: ===> ev hits user code: <4702397>  {4702393} since event: 4 ms
D/InputDispatcher(  193): <4702398.50> ########### [01;31m[Kxzl[m[K finishDispatchCycle: 4.58ms since event, 3.75ms since dispatch
D/SurfaceFlinger(  117): <4702403.50>  ----- [01;31m[Kxzl[m[K SurfaceFlinger::composeSurfaces() swap fb done  ------
W/APP     ( 1966): [01;31m[Kxzl[m[K: ===> ev hits user code: <4702406>  {4702403} since event: 3 ms
D/InputDispatcher(  193): <4702406.50> ########### [01;31m[Kxzl[m[K finishDispatchCycle: 3.48ms since event, 2.53ms since dispatch
W/APP     ( 1966): [01;31m[Kxzl[m[K: ===> ev hits user code: <4702414>  {4702412} since event: 2 ms
D/InputDispatcher(  193): <4702415.50> ########### [01;31m[Kxzl[m[K finishDispatchCycle: 2.90ms since event, 2.29ms since dispatch
W/APP     ( 1966): [01;31m[Kxzl[m[K: ===> ev hits user code: <4702425>  {4702422} since event: 3 ms
D/InputDispatcher(  193): <4702425.50> ########### [01;31m[Kxzl[m[K finishDispatchCycle: 2.99ms since event, 2.29ms since dispatch
W/APP     ( 1966): [01;31m[Kxzl[m[K: ===> done onDrawFrame: <4702395> 
W/GLSurfaceView( 1966): <4702428>  --- [01;31m[Kxzl[m[K --- AFTER GLSurfaceView DrawFrame
W/GLSurfaceView( 1966): <4702428>  --- [01;31m[Kxzl[m[K --- BEFORE GLSurfaceView swap frame
D/SurfaceTextureClient( 1966): <4702429.00> [01;31m[Kxzl[m[K SurfaceTextureClient::queueBuffer
D/SurfaceFlinger(  117): <4702429.00>  --- [01;31m[Kxzl[m[K Layer::onFrameQueued
D/SurfaceFlinger(  117): <4702431.00>  ----- [01;31m[Kxzl[m[K SurfaceFlinger::composeSurfaces compose done, prepare to swap fb ------
W/GLSurfaceView( 1966): <4702430>  --- [01;31m[Kxzl[m[K --- AFTER GLSurfaceView swap frame
W/GLSurfaceView( 1966): <4702431>  --- [01;31m[Kxzl[m[K --- BEFORE GLSurfaceView DrawFrame
W/APP     ( 1966): [01;31m[Kxzl[m[K: ===> entering onDrawFrame: <4702431> 
W/APP     ( 1966): [01;31m[Kxzl[m[K: ===> ev hits user code: <4702434>  {4702431} since event: 3 ms
D/SurfaceFlinger(  117): <4702437.00>  ----- [01;31m[Kxzl[m[K SurfaceFlinger::composeSurfaces() swap fb done  ------
D/InputDispatcher(  193): <4702437.50> ########### [01;31m[Kxzl[m[K finishDispatchCycle: 6.26ms since event, 4.21ms since dispatch
W/APP     ( 1966): [01;31m[Kxzl[m[K: ===> ev hits user code: <4702444>  {4702440} since event: 4 ms
D/InputDispatcher(  193): <4702445.50> ########### [01;31m[Kxzl[m[K finishDispatchCycle: 4.58ms since event, 3.81ms since dispatch
W/APP     ( 1966): [01;31m[Kxzl[m[K: ===> ev hits user code: <4702453>  {4702450} since event: 3 ms
D/InputDispatcher(  193): <4702454.50> ########### [01;31m[Kxzl[m[K finishDispatchCycle: 4.09ms since event, 3.48ms since dispatch
W/APP     ( 1966): [01;31m[Kxzl[m[K: ===> done onDrawFrame: <4702431> 
W/GLSurfaceView( 1966): <4702464>  --- [01;31m[Kxzl[m[K --- AFTER GLSurfaceView DrawFrame
W/APP     ( 1966): [01;31m[Kxzl[m[K: ===> ev hits user code: <4702463>  {4702460} since event: 3 ms
W/GLSurfaceView( 1966): <4702465>  --- [01;31m[Kxzl[m[K --- BEFORE GLSurfaceView swap frame
D/SurfaceTextureClient( 1966): <4702466.00> [01;31m[Kxzl[m[K SurfaceTextureClient::queueBuffer
D/SurfaceFlinger(  117): <4702466.00>  --- [01;31m[Kxzl[m[K Layer::onFrameQueued
D/SurfaceFlinger(  117): <4702466.50>  ----- [01;31m[Kxzl[m[K SurfaceFlinger::composeSurfaces compose done, prepare to swap fb ------
W/GLSurfaceView( 1966): <4702466>  --- [01;31m[Kxzl[m[K --- AFTER GLSurfaceView swap frame
W/GLSurfaceView( 1966): <4702466>  --- [01;31m[Kxzl[m[K --- BEFORE GLSurfaceView DrawFrame
W/APP     ( 1966): [01;31m[Kxzl[m[K: ===> entering onDrawFrame: <4702467> 
D/InputDispatcher(  193): <4702467.50> ########### [01;31m[Kxzl[m[K finishDispatchCycle: 7.20ms since event, 6.56ms since dispatch
D/SurfaceFlinger(  117): <4702471.50>  ----- [01;31m[Kxzl[m[K SurfaceFlinger::composeSurfaces() swap fb done  ------
W/APP     ( 1966): [01;31m[Kxzl[m[K: ===> ev hits user code: <4702473>  {4702470} since event: 3 ms
D/InputDispatcher(  193): <4702474.50> ########### [01;31m[Kxzl[m[K finishDispatchCycle: 4.12ms since event, 3.36ms since dispatch
W/APP     ( 1966): [01;31m[Kxzl[m[K: ===> ev hits user code: <4702484>  {4702479} since event: 5 ms
D/InputDispatcher(  193): <4702485.50> ########### [01;31m[Kxzl[m[K finishDispatchCycle: 5.43ms since event, 4.82ms since dispatch
W/APP     ( 1966): [01;31m[Kxzl[m[K: ===> ev hits user code: <4702492>  {4702489} since event: 3 ms
D/InputDispatcher(  193): <4702493.50> ########### [01;31m[Kxzl[m[K finishDispatchCycle: 4.30ms since event, 3.54ms since dispatch
W/APP     ( 1966): [01;31m[Kxzl[m[K: ===> done onDrawFrame: <4702467> 
W/GLSurfaceView( 1966): <4702500>  --- [01;31m[Kxzl[m[K --- AFTER GLSurfaceView DrawFrame
W/GLSurfaceView( 1966): <4702500>  --- [01;31m[Kxzl[m[K --- BEFORE GLSurfaceView swap frame
D/SurfaceTextureClient( 1966): <4702501.50> [01;31m[Kxzl[m[K SurfaceTextureClient::queueBuffer
D/SurfaceFlinger(  117): <4702501.50>  --- [01;31m[Kxzl[m[K Layer::onFrameQueued
D/SurfaceFlinger(  117): <4702501.50>  ----- [01;31m[Kxzl[m[K SurfaceFlinger::composeSurfaces compose done, prepare to swap fb ------
W/GLSurfaceView( 1966): <4702501>  --- [01;31m[Kxzl[m[K --- AFTER GLSurfaceView swap frame
W/GLSurfaceView( 1966): <4702502>  --- [01;31m[Kxzl[m[K --- BEFORE GLSurfaceView DrawFrame
W/APP     ( 1966): [01;31m[Kxzl[m[K: ===> entering onDrawFrame: <4702502> 
D/SurfaceFlinger(  117): <4702504.50>  ----- [01;31m[Kxzl[m[K SurfaceFlinger::composeSurfaces() swap fb done  ------
W/APP     ( 1966): [01;31m[Kxzl[m[K: ===> ev hits user code: <4702505>  {4702499} since event: 6 ms
D/InputDispatcher(  193): <4702509.00> ########### [01;31m[Kxzl[m[K finishDispatchCycle: 9.61ms since event, 7.63ms since dispatch
W/APP     ( 1966): [01;31m[Kxzl[m[K: ===> ev hits user code: <4702511>  {4702509} since event: 2 ms
D/InputDispatcher(  193): <4702512.50> ########### [01;31m[Kxzl[m[K finishDispatchCycle: 3.36ms since event, 2.75ms since dispatch
W/APP     ( 1966): [01;31m[Kxzl[m[K: ===> ev hits user code: <4702522>  {4702519} since event: 3 ms
D/InputDispatcher(  193): <4702523.50> ########### [01;31m[Kxzl[m[K finishDispatchCycle: 4.67ms since event, 4.03ms since dispatch
W/APP     ( 1966): [01;31m[Kxzl[m[K: ===> ev hits user code: <4702532>  {4702528} since event: 4 ms
D/InputDispatcher(  193): <4702533.50> ########### [01;31m[Kxzl[m[K finishDispatchCycle: 4.88ms since event, 4.30ms since dispatch
W/APP     ( 1966): [01;31m[Kxzl[m[K: ===> done onDrawFrame: <4702502> 
W/GLSurfaceView( 1966): <4702535>  --- [01;31m[Kxzl[m[K --- AFTER GLSurfaceView DrawFrame
W/GLSurfaceView( 1966): <4702535>  --- [01;31m[Kxzl[m[K --- BEFORE GLSurfaceView swap frame
D/SurfaceTextureClient( 1966): <4702536.50> [01;31m[Kxzl[m[K SurfaceTextureClient::queueBuffer
D/SurfaceFlinger(  117): <4702536.50>  --- [01;31m[Kxzl[m[K Layer::onFrameQueued
D/SurfaceFlinger(  117): <4702538.00>  ----- [01;31m[Kxzl[m[K SurfaceFlinger::composeSurfaces compose done, prepare to swap fb ------
W/GLSurfaceView( 1966): <4702538>  --- [01;31m[Kxzl[m[K --- AFTER GLSurfaceView swap frame
W/GLSurfaceView( 1966): <4702538>  --- [01;31m[Kxzl[m[K --- BEFORE GLSurfaceView DrawFrame
D/SurfaceFlinger(  117): <4702540.00>  ----- [01;31m[Kxzl[m[K SurfaceFlinger::composeSurfaces() swap fb done  ------
W/APP     ( 1966): [01;31m[Kxzl[m[K: ===> entering onDrawFrame: <4702539> 
W/APP     ( 1966): [01;31m[Kxzl[m[K: ===> ev hits user code: <4702541>  {4702538} since event: 3 ms
D/InputDispatcher(  193): <4702542.50> ########### [01;31m[Kxzl[m[K finishDispatchCycle: 4.24ms since event, 3.60ms since dispatch
W/APP     ( 1966): [01;31m[Kxzl[m[K: ===> ev hits user code: <4702552>  {4702548} since event: 4 ms
D/InputDispatcher(  193): <4702553.00> ########### [01;31m[Kxzl[m[K finishDispatchCycle: 4.88ms since event, 4.15ms since dispatch
W/APP     ( 1966): [01;31m[Kxzl[m[K: ===> ev hits user code: <4702561>  {4702557} since event: 4 ms
D/InputDispatcher(  193): <4702562.00> ########### [01;31m[Kxzl[m[K finishDispatchCycle: 3.94ms since event, 3.27ms since dispatch
W/APP     ( 1966): [01;31m[Kxzl[m[K: ===> ev hits user code: <4702571>  {4702567} since event: 4 ms
W/APP     ( 1966): [01;31m[Kxzl[m[K: ===> done onDrawFrame: <4702539> 
W/GLSurfaceView( 1966): <4702573>  --- [01;31m[Kxzl[m[K --- AFTER GLSurfaceView DrawFrame
W/GLSurfaceView( 1966): <4702573>  --- [01;31m[Kxzl[m[K --- BEFORE GLSurfaceView swap frame
D/InputDispatcher(  193): <4702574.00> ########### [01;31m[Kxzl[m[K finishDispatchCycle: 5.95ms since event, 5.25ms since dispatch
D/SurfaceTextureClient( 1966): <4702574.00> [01;31m[Kxzl[m[K SurfaceTextureClient::queueBuffer
D/SurfaceFlinger(  117): <4702574.50>  --- [01;31m[Kxzl[m[K Layer::onFrameQueued
D/SurfaceFlinger(  117): <4702574.50>  ----- [01;31m[Kxzl[m[K SurfaceFlinger::composeSurfaces compose done, prepare to swap fb ------
W/GLSurfaceView( 1966): <4702575>  --- [01;31m[Kxzl[m[K --- AFTER GLSurfaceView swap frame
W/GLSurfaceView( 1966): <4702575>  --- [01;31m[Kxzl[m[K --- BEFORE GLSurfaceView DrawFrame
W/APP     ( 1966): [01;31m[Kxzl[m[K: ===> entering onDrawFrame: <4702575> 
W/APP     ( 1966): [01;31m[Kxzl[m[K: ===> ev hits user code: <4702582>  {4702577} since event: 5 ms
D/InputDispatcher(  193): <4702583.50> ########### [01;31m[Kxzl[m[K finishDispatchCycle: 6.07ms since event, 5.43ms since dispatch
D/SurfaceFlinger(  117): <4702589.50>  ----- [01;31m[Kxzl[m[K SurfaceFlinger::composeSurfaces() swap fb done  ------
W/APP     ( 1966): [01;31m[Kxzl[m[K: ===> ev hits user code: <4702592>  {4702587} since event: 5 ms
D/InputDispatcher(  193): <4702594.50> ########### [01;31m[Kxzl[m[K finishDispatchCycle: 7.20ms since event, 6.47ms since dispatch
W/APP     ( 1966): [01;31m[Kxzl[m[K: ===> ev hits user code: <4702600>  {4702596} since event: 4 ms
D/InputDispatcher(  193): <4702601.00> ########### [01;31m[Kxzl[m[K finishDispatchCycle: 4.18ms since event, 3.45ms since dispatch
W/APP     ( 1966): [01;31m[Kxzl[m[K: ===> done onDrawFrame: <4702575> 
W/GLSurfaceView( 1966): <4702608>  --- [01;31m[Kxzl[m[K --- AFTER GLSurfaceView DrawFrame
W/GLSurfaceView( 1966): <4702609>  --- [01;31m[Kxzl[m[K --- BEFORE GLSurfaceView swap frame
D/SurfaceTextureClient( 1966): <4702609.50> [01;31m[Kxzl[m[K SurfaceTextureClient::queueBuffer
D/SurfaceFlinger(  117): <4702609.50>  --- [01;31m[Kxzl[m[K Layer::onFrameQueued
D/SurfaceFlinger(  117): <4702609.50>  ----- [01;31m[Kxzl[m[K SurfaceFlinger::composeSurfaces compose done, prepare to swap fb ------
W/GLSurfaceView( 1966): <4702610>  --- [01;31m[Kxzl[m[K --- AFTER GLSurfaceView swap frame
W/GLSurfaceView( 1966): <4702610>  --- [01;31m[Kxzl[m[K --- BEFORE GLSurfaceView DrawFrame
W/APP     ( 1966): [01;31m[Kxzl[m[K: ===> entering onDrawFrame: <4702610> 
W/APP     ( 1966): [01;31m[Kxzl[m[K: ===> ev hits user code: <4702618>  {4702606} since event: 12 ms
D/InputDispatcher(  193): <4702619.50> ########### [01;31m[Kxzl[m[K finishDispatchCycle: 13.21ms since event, 12.60ms since dispatch
W/APP     ( 1966): [01;31m[Kxzl[m[K: ===> ev hits user code: <4702621>  {4702616} since event: 5 ms
D/InputDispatcher(  193): <4702622.50> ########### [01;31m[Kxzl[m[K finishDispatchCycle: 6.23ms since event, 2.59ms since dispatch
D/SurfaceFlinger(  117): <4702623.50>  ----- [01;31m[Kxzl[m[K SurfaceFlinger::composeSurfaces() swap fb done  ------
W/APP     ( 1966): [01;31m[Kxzl[m[K: ===> ev hits user code: <4702631>  {4702627} since event: 4 ms
D/InputDispatcher(  193): <4702632.50> ########### [01;31m[Kxzl[m[K finishDispatchCycle: 4.79ms since event, 4.12ms since dispatch
W/APP     ( 1966): [01;31m[Kxzl[m[K: ===> ev hits user code: <4702640>  {4702637} since event: 3 ms
D/InputDispatcher(  193): <4702641.50> ########### [01;31m[Kxzl[m[K finishDispatchCycle: 4.58ms since event, 3.94ms since dispatch
W/APP     ( 1966): [01;31m[Kxzl[m[K: ===> done onDrawFrame: <4702610> 
W/GLSurfaceView( 1966): <4702643>  --- [01;31m[Kxzl[m[K --- AFTER GLSurfaceView DrawFrame
W/GLSurfaceView( 1966): <4702643>  --- [01;31m[Kxzl[m[K --- BEFORE GLSurfaceView swap frame
D/SurfaceTextureClient( 1966): <4702644.00> [01;31m[Kxzl[m[K SurfaceTextureClient::queueBuffer
D/SurfaceFlinger(  117): <4702644.00>  --- [01;31m[Kxzl[m[K Layer::onFrameQueued
D/SurfaceFlinger(  117): <4702645.00>  ----- [01;31m[Kxzl[m[K SurfaceFlinger::composeSurfaces compose done, prepare to swap fb ------
W/GLSurfaceView( 1966): <4702645>  --- [01;31m[Kxzl[m[K --- AFTER GLSurfaceView swap frame
W/GLSurfaceView( 1966): <4702645>  --- [01;31m[Kxzl[m[K --- BEFORE GLSurfaceView DrawFrame
W/APP     ( 1966): [01;31m[Kxzl[m[K: ===> entering onDrawFrame: <4702645> 
W/APP     ( 1966): [01;31m[Kxzl[m[K: ===> ev hits user code: <4702650>  {4702647} since event: 3 ms
D/InputDispatcher(  193): <4702651.50> ########### [01;31m[Kxzl[m[K finishDispatchCycle: 4.52ms since event, 3.88ms since dispatch
D/SurfaceFlinger(  117): <4702657.50>  ----- [01;31m[Kxzl[m[K SurfaceFlinger::composeSurfaces() swap fb done  ------
W/APP     ( 1966): [01;31m[Kxzl[m[K: ===> ev hits user code: <4702659>  {4702656} since event: 3 ms
D/InputDispatcher(  193): <4702661.50> ########### [01;31m[Kxzl[m[K finishDispatchCycle: 4.79ms since event, 4.09ms since dispatch
W/APP     ( 1966): [01;31m[Kxzl[m[K: ===> ev hits user code: <4702669>  {4702666} since event: 3 ms
D/InputDispatcher(  193): <4702670.50> ########### [01;31m[Kxzl[m[K finishDispatchCycle: 3.69ms since event, 3.02ms since dispatch
W/APP     ( 1966): [01;31m[Kxzl[m[K: ===> done onDrawFrame: <4702645> 
W/GLSurfaceView( 1966): <4702678>  --- [01;31m[Kxzl[m[K --- AFTER GLSurfaceView DrawFrame
W/GLSurfaceView( 1966): <4702679>  --- [01;31m[Kxzl[m[K --- BEFORE GLSurfaceView swap frame
D/SurfaceTextureClient( 1966): <4702680.00> [01;31m[Kxzl[m[K SurfaceTextureClient::queueBuffer
D/SurfaceFlinger(  117): <4702680.00>  --- [01;31m[Kxzl[m[K Layer::onFrameQueued
D/SurfaceFlinger(  117): <4702680.00>  ----- [01;31m[Kxzl[m[K SurfaceFlinger::composeSurfaces compose done, prepare to swap fb ------
W/GLSurfaceView( 1966): <4702680>  --- [01;31m[Kxzl[m[K --- AFTER GLSurfaceView swap frame
W/GLSurfaceView( 1966): <4702681>  --- [01;31m[Kxzl[m[K --- BEFORE GLSurfaceView DrawFrame
W/APP     ( 1966): [01;31m[Kxzl[m[K: ===> entering onDrawFrame: <4702681> 
W/APP     ( 1966): [01;31m[Kxzl[m[K: ===> ev hits user code: <4702683>  {4702676} since event: 7 ms
D/InputDispatcher(  193): <4702684.00> ########### [01;31m[Kxzl[m[K finishDispatchCycle: 7.60ms since event, 6.62ms since dispatch
W/APP     ( 1966): [01;31m[Kxzl[m[K: ===> ev hits user code: <4702688>  {4702686} since event: 2 ms
D/InputDispatcher(  193): <4702690.00> ########### [01;31m[Kxzl[m[K finishDispatchCycle: 3.66ms since event, 2.93ms since dispatch
D/SurfaceFlinger(  117): <4702691.50>  ----- [01;31m[Kxzl[m[K SurfaceFlinger::composeSurfaces() swap fb done  ------
W/APP     ( 1966): [01;31m[Kxzl[m[K: ===> ev hits user code: <4702698>  {4702695} since event: 3 ms
D/InputDispatcher(  193): <4702698.50> ########### [01;31m[Kxzl[m[K finishDispatchCycle: 2.96ms since event, 2.29ms since dispatch
W/APP     ( 1966): [01;31m[Kxzl[m[K: ===> ev hits user code: <4702707>  {4702705} since event: 2 ms
D/InputDispatcher(  193): <4702708.00> ########### [01;31m[Kxzl[m[K finishDispatchCycle: 2.87ms since event, 2.29ms since dispatch
W/APP     ( 1966): [01;31m[Kxzl[m[K: ===> done onDrawFrame: <4702681> 
W/GLSurfaceView( 1966): <4702714>  --- [01;31m[Kxzl[m[K --- AFTER GLSurfaceView DrawFrame
W/GLSurfaceView( 1966): <4702714>  --- [01;31m[Kxzl[m[K --- BEFORE GLSurfaceView swap frame
D/SurfaceTextureClient( 1966): <4702715.00> [01;31m[Kxzl[m[K SurfaceTextureClient::queueBuffer
D/SurfaceFlinger(  117): <4702715.00>  --- [01;31m[Kxzl[m[K Layer::onFrameQueued
D/SurfaceFlinger(  117): <4702715.50>  ----- [01;31m[Kxzl[m[K SurfaceFlinger::composeSurfaces compose done, prepare to swap fb ------
W/GLSurfaceView( 1966): <4702715>  --- [01;31m[Kxzl[m[K --- AFTER GLSurfaceView swap frame
W/GLSurfaceView( 1966): <4702716>  --- [01;31m[Kxzl[m[K --- BEFORE GLSurfaceView DrawFrame
W/APP     ( 1966): [01;31m[Kxzl[m[K: ===> entering onDrawFrame: <4702716> 
W/APP     ( 1966): [01;31m[Kxzl[m[K: ===> ev hits user code: <4702719>  {4702715} since event: 4 ms
