D/InputDispatcher(  193): <4704681.50> ########### [01;31m[Kxzl[m[K finishDispatchCycle: 4.91ms since event, 4.33ms since dispatch
W/APP     ( 1966): [01;31m[Kxzl[m[K: ===> ev hits user code: <4704689>  {4704686} since event: 3 ms
D/InputDispatcher(  193): <4704690.00> ########### [01;31m[Kxzl[m[K finishDispatchCycle: 3.85ms since event, 3.30ms since dispatch
W/APP     ( 1966): [01;31m[Kxzl[m[K: ===> ev hits user code: <4704699>  {4704696} since event: 3 ms
D/InputDispatcher(  193): <4704700.00> ########### [01;31m[Kxzl[m[K finishDispatchCycle: 3.66ms since event, 3.11ms since dispatch
W/APP     ( 1966): [01;31m[Kxzl[m[K: ===> done onDrawFrame: <4704669> 
W/GLSurfaceView( 1966): <4704704>  --- [01;31m[Kxzl[m[K --- AFTER GLSurfaceView DrawFrame
W/GLSurfaceView( 1966): <4704706>  --- [01;31m[Kxzl[m[K --- BEFORE GLSurfaceView swap frame
D/SurfaceTextureClient( 1966): <4704706.50> [01;31m[Kxzl[m[K SurfaceTextureClient::queueBuffer
D/SurfaceFlinger(  117): <4704706.50>  --- [01;31m[Kxzl[m[K Layer::onFrameQueued
D/SurfaceFlinger(  117): <4704706.50>  ----- [01;31m[Kxzl[m[K SurfaceFlinger::composeSurfaces compose done, prepare to swap fb ------
W/GLSurfaceView( 1966): <4704707>  --- [01;31m[Kxzl[m[K --- AFTER GLSurfaceView swap frame
W/GLSurfaceView( 1966): <4704707>  --- [01;31m[Kxzl[m[K --- BEFORE GLSurfaceView DrawFrame
W/APP     ( 1966): [01;31m[Kxzl[m[K: ===> entering onDrawFrame: <4704708> 
D/SurfaceFlinger(  117): <4704709.00>  ----- [01;31m[Kxzl[m[K SurfaceFlinger::composeSurfaces() swap fb done  ------
W/APP     ( 1966): [01;31m[Kxzl[m[K: ===> ev hits user code: <4704710>  {4704705} since event: 5 ms
D/InputDispatcher(  193): <4704711.00> ########### [01;31m[Kxzl[m[K finishDispatchCycle: 4.70ms since event, 4.15ms since dispatch
W/APP     ( 1966): [01;31m[Kxzl[m[K: ===> ev hits user code: <4704719>  {4704715} since event: 4 ms
D/InputDispatcher(  193): <4704721.00> ########### [01;31m[Kxzl[m[K finishDispatchCycle: 4.91ms since event, 4.24ms since dispatch
W/APP     ( 1966): [01;31m[Kxzl[m[K: ===> ev hits user code: <4704730>  {4704725} since event: 5 ms
D/InputDispatcher(  193): <4704731.00> ########### [01;31m[Kxzl[m[K finishDispatchCycle: 5.59ms since event, 4.76ms since dispatch
W/APP     ( 1966): [01;31m[Kxzl[m[K: ===> ev hits user code: <4704739>  {4704735} since event: 4 ms
D/InputDispatcher(  193): <4704740.50> ########### [01;31m[Kxzl[m[K finishDispatchCycle: 4.97ms since event, 4.36ms since dispatch
W/APP     ( 1966): [01;31m[Kxzl[m[K: ===> done onDrawFrame: <4704708> 
W/GLSurfaceView( 1966): <4704743>  --- [01;31m[Kxzl[m[K --- AFTER GLSurfaceView DrawFrame
W/GLSurfaceView( 1966): <4704745>  --- [01;31m[Kxzl[m[K --- BEFORE GLSurfaceView swap frame
D/SurfaceTextureClient( 1966): <4704746.50> [01;31m[Kxzl[m[K SurfaceTextureClient::queueBuffer
D/SurfaceFlinger(  117): <4704747.00>  --- [01;31m[Kxzl[m[K Layer::onFrameQueued
D/SurfaceFlinger(  117): <4704747.00>  ----- [01;31m[Kxzl[m[K SurfaceFlinger::composeSurfaces compose done, prepare to swap fb ------
W/GLSurfaceView( 1966): <4704747>  --- [01;31m[Kxzl[m[K --- AFTER GLSurfaceView swap frame
W/GLSurfaceView( 1966): <4704747>  --- [01;31m[Kxzl[m[K --- BEFORE GLSurfaceView DrawFrame
W/APP     ( 1966): [01;31m[Kxzl[m[K: ===> entering onDrawFrame: <4704748> 
W/APP     ( 1966): [01;31m[Kxzl[m[K: ===> ev hits user code: <4704750>  {4704745} since event: 5 ms
D/InputDispatcher(  193): <4704751.00> ########### [01;31m[Kxzl[m[K finishDispatchCycle: 5.92ms since event, 5.37ms since dispatch
W/APP     ( 1966): [01;31m[Kxzl[m[K: ===> ev hits user code: <4704757>  {4704754} since event: 3 ms
D/InputDispatcher(  193): <4704758.50> ########### [01;31m[Kxzl[m[K finishDispatchCycle: 4.15ms since event, 3.57ms since dispatch
D/SurfaceFlinger(  117): <4704759.50>  ----- [01;31m[Kxzl[m[K SurfaceFlinger::composeSurfaces() swap fb done  ------
W/APP     ( 1966): [01;31m[Kxzl[m[K: ===> ev hits user code: <4704767>  {4704764} since event: 3 ms
D/InputDispatcher(  193): <4704768.50> ########### [01;31m[Kxzl[m[K finishDispatchCycle: 4.52ms since event, 4.00ms since dispatch
W/APP     ( 1966): [01;31m[Kxzl[m[K: ===> ev hits user code: <4704777>  {4704774} since event: 3 ms
D/InputDispatcher(  193): <4704778.50> ########### [01;31m[Kxzl[m[K finishDispatchCycle: 4.64ms since event, 4.06ms since dispatch
W/APP     ( 1966): [01;31m[Kxzl[m[K: ===> done onDrawFrame: <4704748> 
W/GLSurfaceView( 1966): <4704784>  --- [01;31m[Kxzl[m[K --- AFTER GLSurfaceView DrawFrame
W/GLSurfaceView( 1966): <4704784>  --- [01;31m[Kxzl[m[K --- BEFORE GLSurfaceView swap frame
D/SurfaceTextureClient( 1966): <4704785.50> [01;31m[Kxzl[m[K SurfaceTextureClient::queueBuffer
D/SurfaceFlinger(  117): <4704785.50>  --- [01;31m[Kxzl[m[K Layer::onFrameQueued
D/SurfaceFlinger(  117): <4704785.50>  ----- [01;31m[Kxzl[m[K SurfaceFlinger::composeSurfaces compose done, prepare to swap fb ------
W/GLSurfaceView( 1966): <4704786>  --- [01;31m[Kxzl[m[K --- AFTER GLSurfaceView swap frame
W/GLSurfaceView( 1966): <4704786>  --- [01;31m[Kxzl[m[K --- BEFORE GLSurfaceView DrawFrame
W/APP     ( 1966): [01;31m[Kxzl[m[K: ===> entering onDrawFrame: <4704786> 
D/SurfaceFlinger(  117): <4704794.00>  ----- [01;31m[Kxzl[m[K SurfaceFlinger::composeSurfaces() swap fb done  ------
W/APP     ( 1966): [01;31m[Kxzl[m[K: ===> ev hits user code: <4704789>  {4704783} since event: 6 ms
D/InputDispatcher(  193): <4704795.00> ########### [01;31m[Kxzl[m[K finishDispatchCycle: 10.90ms since event, 10.31ms since dispatch
W/APP     ( 1966): [01;31m[Kxzl[m[K: ===> ev hits user code: <4704799>  {4704793} since event: 6 ms
D/InputDispatcher(  193): <4704802.00> ########### [01;31m[Kxzl[m[K finishDispatchCycle: 8.18ms since event, 7.11ms since dispatch
W/APP     ( 1966): [01;31m[Kxzl[m[K: ===> ev hits user code: <4704805>  {4704803} since event: 2 ms
D/InputDispatcher(  193): <4704806.00> ########### [01;31m[Kxzl[m[K finishDispatchCycle: 2.53ms since event, 1.98ms since dispatch
W/APP     ( 1966): [01;31m[Kxzl[m[K: ===> ev hits user code: <4704815>  {4704813} since event: 2 ms
D/InputDispatcher(  193): <4704816.00> ########### [01;31m[Kxzl[m[K finishDispatchCycle: 2.41ms since event, 1.86ms since dispatch
W/APP     ( 1966): [01;31m[Kxzl[m[K: ===> done onDrawFrame: <4704786> 
W/GLSurfaceView( 1966): <4704821>  --- [01;31m[Kxzl[m[K --- AFTER GLSurfaceView DrawFrame
W/GLSurfaceView( 1966): <4704823>  --- [01;31m[Kxzl[m[K --- BEFORE GLSurfaceView swap frame
D/SurfaceTextureClient( 1966): <4704824.00> [01;31m[Kxzl[m[K SurfaceTextureClient::queueBuffer
D/SurfaceFlinger(  117): <4704824.00>  --- [01;31m[Kxzl[m[K Layer::onFrameQueued
D/SurfaceFlinger(  117): <4704824.00>  ----- [01;31m[Kxzl[m[K SurfaceFlinger::composeSurfaces compose done, prepare to swap fb ------
W/GLSurfaceView( 1966): <4704825>  --- [01;31m[Kxzl[m[K --- AFTER GLSurfaceView swap frame
W/GLSurfaceView( 1966): <4704825>  --- [01;31m[Kxzl[m[K --- BEFORE GLSurfaceView DrawFrame
W/APP     ( 1966): [01;31m[Kxzl[m[K: ===> entering onDrawFrame: <4704825> 
W/APP     ( 1966): [01;31m[Kxzl[m[K: ===> ev hits user code: <4704826>  {4704822} since event: 4 ms
D/InputDispatcher(  193): <4704827.50> ########### [01;31m[Kxzl[m[K finishDispatchCycle: 4.33ms since event, 3.78ms since dispatch
D/SurfaceFlinger(  117): <4704828.00>  ----- [01;31m[Kxzl[m[K SurfaceFlinger::composeSurfaces() swap fb done  ------
W/APP     ( 1966): [01;31m[Kxzl[m[K: ===> ev hits user code: <4704835>  {4704832} since event: 3 ms
D/InputDispatcher(  193): <4704837.00> ########### [01;31m[Kxzl[m[K finishDispatchCycle: 4.00ms since event, 3.36ms since dispatch
W/APP     ( 1966): [01;31m[Kxzl[m[K: ===> ev hits user code: <4704846>  {4704842} since event: 4 ms
D/InputDispatcher(  193): <4704847.50> ########### [01;31m[Kxzl[m[K finishDispatchCycle: 4.73ms since event, 4.12ms since dispatch
W/APP     ( 1966): [01;31m[Kxzl[m[K: ===> ev hits user code: <4704856>  {4704852} since event: 4 ms
D/InputDispatcher(  193): <4704857.00> ########### [01;31m[Kxzl[m[K finishDispatchCycle: 4.88ms since event, 4.27ms since dispatch
W/APP     ( 1966): [01;31m[Kxzl[m[K: ===> done onDrawFrame: <4704825> 
W/GLSurfaceView( 1966): <4704860>  --- [01;31m[Kxzl[m[K --- AFTER GLSurfaceView DrawFrame
W/GLSurfaceView( 1966): <4704862>  --- [01;31m[Kxzl[m[K --- BEFORE GLSurfaceView swap frame
D/SurfaceTextureClient( 1966): <4704863.50> [01;31m[Kxzl[m[K SurfaceTextureClient::queueBuffer
D/SurfaceFlinger(  117): <4704863.50>  --- [01;31m[Kxzl[m[K Layer::onFrameQueued
D/SurfaceFlinger(  117): <4704863.50>  ----- [01;31m[Kxzl[m[K SurfaceFlinger::composeSurfaces compose done, prepare to swap fb ------
W/GLSurfaceView( 1966): <4704863>  --- [01;31m[Kxzl[m[K --- AFTER GLSurfaceView swap frame
W/GLSurfaceView( 1966): <4704864>  --- [01;31m[Kxzl[m[K --- BEFORE GLSurfaceView DrawFrame
W/APP     ( 1966): [01;31m[Kxzl[m[K: ===> entering onDrawFrame: <4704864> 
W/APP     ( 1966): [01;31m[Kxzl[m[K: ===> ev hits user code: <4704872>  {4704862} since event: 10 ms
D/InputDispatcher(  193): <4704874.00> ########### [01;31m[Kxzl[m[K finishDispatchCycle: 11.87ms since event, 11.29ms since dispatch
W/APP     ( 1966): [01;31m[Kxzl[m[K: ===> ev hits user code: <4704877>  {4704871} since event: 6 ms
D/InputDispatcher(  193): <4704877.50> ########### [01;31m[Kxzl[m[K finishDispatchCycle: 6.04ms since event, 3.54ms since dispatch
D/SurfaceFlinger(  117): <4704880.00>  ----- [01;31m[Kxzl[m[K SurfaceFlinger::composeSurfaces() swap fb done  ------
W/APP     ( 1966): [01;31m[Kxzl[m[K: ===> ev hits user code: <4704884>  {4704881} since event: 3 ms
D/InputDispatcher(  193): <4704885.00> ########### [01;31m[Kxzl[m[K finishDispatchCycle: 3.11ms since event, 2.50ms since dispatch
W/APP     ( 1966): [01;31m[Kxzl[m[K: ===> ev hits user code: <4704895>  {4704891} since event: 4 ms
D/InputDispatcher(  193): <4704896.50> ########### [01;31m[Kxzl[m[K finishDispatchCycle: 5.19ms since event, 4.58ms since dispatch
W/APP     ( 1966): [01;31m[Kxzl[m[K: ===> done onDrawFrame: <4704864> 
W/GLSurfaceView( 1966): <4704898>  --- [01;31m[Kxzl[m[K --- AFTER GLSurfaceView DrawFrame
W/GLSurfaceView( 1966): <4704898>  --- [01;31m[Kxzl[m[K --- BEFORE GLSurfaceView swap frame
D/SurfaceTextureClient( 1966): <4704899.00> [01;31m[Kxzl[m[K SurfaceTextureClient::queueBuffer
D/SurfaceFlinger(  117): <4704899.00>  --- [01;31m[Kxzl[m[K Layer::onFrameQueued
D/SurfaceFlinger(  117): <4704899.50>  ----- [01;31m[Kxzl[m[K SurfaceFlinger::composeSurfaces compose done, prepare to swap fb ------
W/GLSurfaceView( 1966): <4704899>  --- [01;31m[Kxzl[m[K --- AFTER GLSurfaceView swap frame
W/GLSurfaceView( 1966): <4704899>  --- [01;31m[Kxzl[m[K --- BEFORE GLSurfaceView DrawFrame
W/APP     ( 1966): [01;31m[Kxzl[m[K: ===> entering onDrawFrame: <4704900> 
W/APP     ( 1966): [01;31m[Kxzl[m[K: ===> ev hits user code: <4704905>  {4704901} since event: 4 ms
D/InputDispatcher(  193): <4704906.50> ########### [01;31m[Kxzl[m[K finishDispatchCycle: 5.62ms since event, 4.97ms since dispatch
D/SurfaceFlinger(  117): <4704912.50>  ----- [01;31m[Kxzl[m[K SurfaceFlinger::composeSurfaces() swap fb done  ------
W/APP     ( 1966): [01;31m[Kxzl[m[K: ===> ev hits user code: <4704914>  {4704910} since event: 4 ms
D/InputDispatcher(  193): <4704915.00> ########### [01;31m[Kxzl[m[K finishDispatchCycle: 4.15ms since event, 3.63ms since dispatch
W/APP     ( 1966): [01;31m[Kxzl[m[K: ===> ev hits user code: <4704923>  {4704920} since event: 3 ms
D/InputDispatcher(  193): <4704924.50> ########### [01;31m[Kxzl[m[K finishDispatchCycle: 3.75ms since event, 3.20ms since dispatch
W/APP     ( 1966): [01;31m[Kxzl[m[K: ===> done onDrawFrame: <4704900> 
W/GLSurfaceView( 1966): <4704933>  --- [01;31m[Kxzl[m[K --- AFTER GLSurfaceView DrawFrame
W/GLSurfaceView( 1966): <4704933>  --- [01;31m[Kxzl[m[K --- BEFORE GLSurfaceView swap frame
D/SurfaceTextureClient( 1966): <4704935.00> [01;31m[Kxzl[m[K SurfaceTextureClient::queueBuffer
D/SurfaceFlinger(  117): <4704935.00>  --- [01;31m[Kxzl[m[K Layer::onFrameQueued
D/SurfaceFlinger(  117): <4704935.00>  ----- [01;31m[Kxzl[m[K SurfaceFlinger::composeSurfaces compose done, prepare to swap fb ------
W/GLSurfaceView( 1966): <4704935>  --- [01;31m[Kxzl[m[K --- AFTER GLSurfaceView swap frame
W/GLSurfaceView( 1966): <4704936>  --- [01;31m[Kxzl[m[K --- BEFORE GLSurfaceView DrawFrame
W/APP     ( 1966): [01;31m[Kxzl[m[K: ===> entering onDrawFrame: <4704936> 
W/APP     ( 1966): [01;31m[Kxzl[m[K: ===> ev hits user code: <4704934>  {4704930} since event: 4 ms
D/InputDispatcher(  193): <4704941.00> ########### [01;31m[Kxzl[m[K finishDispatchCycle: 10.90ms since event, 10.38ms since dispatch
D/SurfaceFlinger(  117): <4704948.00>  ----- [01;31m[Kxzl[m[K SurfaceFlinger::composeSurfaces() swap fb done  ------
W/APP     ( 1966): [01;31m[Kxzl[m[K: ===> ev hits user code: <4704946>  {4704939} since event: 7 ms
D/InputDispatcher(  193): <4704951.00> ########### [01;31m[Kxzl[m[K finishDispatchCycle: 10.99ms since event, 9.64ms since dispatch
W/APP     ( 1966): [01;31m[Kxzl[m[K: ===> ev hits user code: <4704955>  {4704949} since event: 6 ms
D/InputDispatcher(  193): <4704958.00> ########### [01;31m[Kxzl[m[K finishDispatchCycle: 8.06ms since event, 6.68ms since dispatch
W/APP     ( 1966): [01;31m[Kxzl[m[K: ===> ev hits user code: <4704962>  {4704959} since event: 3 ms
D/InputDispatcher(  193): <4704963.50> ########### [01;31m[Kxzl[m[K finishDispatchCycle: 4.12ms since event, 3.60ms since dispatch
W/APP     ( 1966): [01;31m[Kxzl[m[K: ===> done onDrawFrame: <4704936> 
W/GLSurfaceView( 1966): <4704969>  --- [01;31m[Kxzl[m[K --- AFTER GLSurfaceView DrawFrame
W/GLSurfaceView( 1966): <4704969>  --- [01;31m[Kxzl[m[K --- BEFORE GLSurfaceView swap frame
D/SurfaceTextureClient( 1966): <4704970.50> [01;31m[Kxzl[m[K SurfaceTextureClient::queueBuffer
D/SurfaceFlinger(  117): <4704970.50>  --- [01;31m[Kxzl[m[K Layer::onFrameQueued
D/SurfaceFlinger(  117): <4704970.50>  ----- [01;31m[Kxzl[m[K SurfaceFlinger::composeSurfaces compose done, prepare to swap fb ------
W/GLSurfaceView( 1966): <4704971>  --- [01;31m[Kxzl[m[K --- AFTER GLSurfaceView swap frame
W/GLSurfaceView( 1966): <4704971>  --- [01;31m[Kxzl[m[K --- BEFORE GLSurfaceView DrawFrame
W/APP     ( 1966): [01;31m[Kxzl[m[K: ===> entering onDrawFrame: <4704971> 
W/APP     ( 1966): [01;31m[Kxzl[m[K: ===> ev hits user code: <4704973>  {4704969} since event: 4 ms
D/InputDispatcher(  193): <4704975.00> ########### [01;31m[Kxzl[m[K finishDispatchCycle: 6.07ms since event, 5.55ms since dispatch
D/SurfaceFlinger(  117): <4704980.50>  ----- [01;31m[Kxzl[m[K SurfaceFlinger::composeSurfaces() swap fb done  ------
W/APP     ( 1966): [01;31m[Kxzl[m[K: ===> ev hits user code: <4704983>  {4704978} since event: 5 ms
D/InputDispatcher(  193): <4704984.50> ########### [01;31m[Kxzl[m[K finishDispatchCycle: 5.71ms since event, 5.00ms since dispatch
W/APP     ( 1966): [01;31m[Kxzl[m[K: ===> ev hits user code: <4704992>  {4704988} since event: 4 ms
D/InputDispatcher(  193): <4704993.50> ########### [01;31m[Kxzl[m[K finishDispatchCycle: 4.88ms since event, 4.27ms since dispatch
W/APP     ( 1966): [01;31m[Kxzl[m[K: ===> ev hits user code: <4705001>  {4704998} since event: 3 ms
D/InputDispatcher(  193): <4705002.50> ########### [01;31m[Kxzl[m[K finishDispatchCycle: 4.21ms since event, 3.69ms since dispatch
W/APP     ( 1966): [01;31m[Kxzl[m[K: ===> done onDrawFrame: <4704971> 
W/GLSurfaceView( 1966): <4705004>  --- [01;31m[Kxzl[m[K --- AFTER GLSurfaceView DrawFrame
W/GLSurfaceView( 1966): <4705004>  --- [01;31m[Kxzl[m[K --- BEFORE GLSurfaceView swap frame
D/SurfaceTextureClient( 1966): <4705005.00> [01;31m[Kxzl[m[K SurfaceTextureClient::queueBuffer
D/SurfaceFlinger(  117): <4705005.00>  --- [01;31m[Kxzl[m[K Layer::onFrameQueued
D/SurfaceFlinger(  117): <4705006.00>  ----- [01;31m[Kxzl[m[K SurfaceFlinger::composeSurfaces compose done, prepare to swap fb ------
W/GLSurfaceView( 1966): <4705006>  --- [01;31m[Kxzl[m[K --- AFTER GLSurfaceView swap frame
W/GLSurfaceView( 1966): <4705006>  --- [01;31m[Kxzl[m[K --- BEFORE GLSurfaceView DrawFrame
W/APP     ( 1966): [01;31m[Kxzl[m[K: ===> entering onDrawFrame: <4705006> 
W/APP     ( 1966): [01;31m[Kxzl[m[K: ===> ev hits user code: <4705010>  {4705008} since event: 2 ms
D/InputDispatcher(  193): <4705012.00> ########### [01;31m[Kxzl[m[K finishDispatchCycle: 3.54ms since event, 2.69ms since dispatch
D/SurfaceFlinger(  117): <4705014.00>  ----- [01;31m[Kxzl[m[K SurfaceFlinger::composeSurfaces() swap fb done  ------
W/APP     ( 1966): [01;31m[Kxzl[m[K: ===> ev hits user code: <4705020>  {4705018} since event: 2 ms
D/InputDispatcher(  193): <4705021.00> ########### [01;31m[Kxzl[m[K finishDispatchCycle: 2.47ms since event, 1.92ms since dispatch
W/APP     ( 1966): [01;31m[Kxzl[m[K: ===> ev hits user code: <4705030>  {4705027} since event: 3 ms
D/InputDispatcher(  193): <4705031.00> ########### [01;31m[Kxzl[m[K finishDispatchCycle: 2.99ms since event, 2.38ms since dispatch
W/APP     ( 1966): [01;31m[Kxzl[m[K: ===> done onDrawFrame: <4705006> 
W/GLSurfaceView( 1966): <4705039>  --- [01;31m[Kxzl[m[K --- AFTER GLSurfaceView DrawFrame
W/GLSurfaceView( 1966): <4705039>  --- [01;31m[Kxzl[m[K --- BEFORE GLSurfaceView swap frame
D/SurfaceTextureClient( 1966): <4705040.50> [01;31m[Kxzl[m[K SurfaceTextureClient::queueBuffer
D/SurfaceFlinger(  117): <4705040.50>  --- [01;31m[Kxzl[m[K Layer::onFrameQueued
D/SurfaceFlinger(  117): <4705040.50>  ----- [01;31m[Kxzl[m[K SurfaceFlinger::composeSurfaces compose done, prepare to swap fb ------
W/GLSurfaceView( 1966): <4705040>  --- [01;31m[Kxzl[m[K --- AFTER GLSurfaceView swap frame
W/GLSurfaceView( 1966): <4705041>  --- [01;31m[Kxzl[m[K --- BEFORE GLSurfaceView DrawFrame
W/APP     ( 1966): [01;31m[Kxzl[m[K: ===> entering onDrawFrame: <4705041> 
W/APP     ( 1966): [01;31m[Kxzl[m[K: ===> ev hits user code: <4705042>  {4705037} since event: 5 ms
D/InputDispatcher(  193): <4705043.50> ########### [01;31m[Kxzl[m[K finishDispatchCycle: 5.77ms since event, 5.16ms since dispatch
D/SurfaceFlinger(  117): <4705048.00>  ----- [01;31m[Kxzl[m[K SurfaceFlinger::composeSurfaces() swap fb done  ------
W/APP     ( 1966): [01;31m[Kxzl[m[K: ===> ev hits user code: <4705050>  {4705047} since event: 3 ms
D/InputDispatcher(  193): <4705051.00> ########### [01;31m[Kxzl[m[K finishDispatchCycle: 3.72ms since event, 2.75ms since dispatch
W/APP     ( 1966): [01;31m[Kxzl[m[K: ===> ev hits user code: <4705059>  {4705055} since event: 4 ms
D/InputDispatcher(  193): <4705060.50> ########### [01;31m[Kxzl[m[K finishDispatchCycle: 5.13ms since event, 3.14ms since dispatch
W/APP     ( 1966): [01;31m[Kxzl[m[K: ===> ev hits user code: <4705069>  {4705065} since event: 4 ms
D/InputDispatcher(  193): <4705070.00> ########### [01;31m[Kxzl[m[K finishDispatchCycle: 4.91ms since event, 2.96ms since dispatch
W/APP     ( 1966): [01;31m[Kxzl[m[K: ===> done onDrawFrame: <4705041> 
W/GLSurfaceView( 1966): <4705074>  --- [01;31m[Kxzl[m[K --- AFTER GLSurfaceView DrawFrame
W/GLSurfaceView( 1966): <4705074>  --- [01;31m[Kxzl[m[K --- BEFORE GLSurfaceView swap frame
D/SurfaceTextureClient( 1966): <4705075.50> [01;31m[Kxzl[m[K SurfaceTextureClient::queueBuffer
D/SurfaceFlinger(  117): <4705076.00>  --- [01;31m[Kxzl[m[K Layer::onFrameQueued
D/SurfaceFlinger(  117): <4705077.00>  ----- [01;31m[Kxzl[m[K SurfaceFlinger::composeSurfaces compose done, prepare to swap fb ------
W/GLSurfaceView( 1966): <4705076>  --- [01;31m[Kxzl[m[K --- AFTER GLSurfaceView swap frame
W/GLSurfaceView( 1966): <4705077>  --- [01;31m[Kxzl[m[K --- BEFORE GLSurfaceView DrawFrame
W/APP     ( 1966): [01;31m[Kxzl[m[K: ===> entering onDrawFrame: <4705077> 
W/APP     ( 1966): [01;31m[Kxzl[m[K: ===> ev hits user code: <4705079>  {4705075} since event: 4 ms
D/InputDispatcher(  193): <4705080.50> ########### [01;31m[Kxzl[m[K finishDispatchCycle: 5.43ms since event, 3.17ms since dispatch
D/SurfaceFlinger(  117): <4705082.00>  ----- [01;31m[Kxzl[m[K SurfaceFlinger::composeSurfaces() swap fb done  ------
W/APP     ( 1966): [01;31m[Kxzl[m[K: ===> ev hits user code: <4705088>  {4705085} since event: 3 ms
D/InputDispatcher(  193): <4705089.00> ########### [01;31m[Kxzl[m[K finishDispatchCycle: 4.00ms since event, 3.39ms since dispatch
W/APP     ( 1966): [01;31m[Kxzl[m[K: ===> ev hits user code: <4705098>  {4705094} since event: 4 ms
D/InputDispatcher(  193): <4705100.00> ########### [01;31m[Kxzl[m[K finishDispatchCycle: 5.10ms since event, 4.55ms since dispatch
W/APP     ( 1966): [01;31m[Kxzl[m[K: ===> ev hits user code: <4705108>  {4705104} since event: 4 ms
D/InputDispatcher(  193): <4705110.00> ########### [01;31m[Kxzl[m[K finishDispatchCycle: 5.25ms since event, 4.64ms since dispatch
W/APP     ( 1966): [01;31m[Kxzl[m[K: ===> done onDrawFrame: <4705077> 
W/GLSurfaceView( 1966): <4705111>  --- [01;31m[Kxzl[m[K --- AFTER GLSurfaceView DrawFrame
W/GLSurfaceView( 1966): <4705111>  --- [01;31m[Kxzl[m[K --- BEFORE GLSurfaceView swap frame
D/SurfaceTextureClient( 1966): <4705112.00> [01;31m[Kxzl[m[K SurfaceTextureClient::queueBuffer
D/SurfaceFlinger(  117): <4705112.00>  --- [01;31m[Kxzl[m[K Layer::onFrameQueued
D/SurfaceFlinger(  117): <4705112.00>  ----- [01;31m[Kxzl[m[K SurfaceFlinger::composeSurfaces compose done, prepare to swap fb ------
W/GLSurfaceView( 1966): <4705112>  --- [01;31m[Kxzl[m[K --- AFTER GLSurfaceView swap frame
W/GLSurfaceView( 1966): <4705112>  --- [01;31m[Kxzl[m[K --- BEFORE GLSurfaceView DrawFrame
W/APP     ( 1966): [01;31m[Kxzl[m[K: ===> entering onDrawFrame: <4705112> 
D/SurfaceFlinger(  117): <4705115.50>  ----- [01;31m[Kxzl[m[K SurfaceFlinger::composeSurfaces() swap fb done  ------
W/APP     ( 1966): [01;31m[Kxzl[m[K: ===> ev hits user code: <4705119>  {4705114} since event: 5 ms
D/InputDispatcher(  193): <4705120.50> ########### [01;31m[Kxzl[m[K finishDispatchCycle: 6.35ms since event, 5.74ms since dispatch
W/APP     ( 1966): [01;31m[Kxzl[m[K: ===> ev hits user code: <4705128>  {4705124} since event: 4 ms
D/InputDispatcher(  193): <4705130.00> ########### [01;31m[Kxzl[m[K finishDispatchCycle: 5.95ms since event, 5.34ms since dispatch
W/APP     ( 1966): [01;31m[Kxzl[m[K: ===> ev hits user code: <4705138>  {4705133} since event: 5 ms
D/InputDispatcher(  193): <4705139.50> ########### [01;31m[Kxzl[m[K finishDispatchCycle: 5.40ms since event, 4.79ms since dispatch
W/APP     ( 1966): [01;31m[Kxzl[m[K: ===> done onDrawFrame: <4705112> 
W/GLSurfaceView( 1966): <4705145>  --- [01;31m[Kxzl[m[K --- AFTER GLSurfaceView DrawFrame
W/GLSurfaceView( 1966): <4705146>  --- [01;31m[Kxzl[m[K --- BEFORE GLSurfaceView swap frame
D/SurfaceTextureClient( 1966): <4705147.00> [01;31m[Kxzl[m[K SurfaceTextureClient::queueBuffer
D/SurfaceFlinger(  117): <4705147.00>  --- [01;31m[Kxzl[m[K Layer::onFrameQueued
D/SurfaceFlinger(  117): <4705147.00>  ----- [01;31m[Kxzl[m[K SurfaceFlinger::composeSurfaces compose done, prepare to swap fb ------
W/GLSurfaceView( 1966): <4705147>  --- [01;31m[Kxzl[m[K --- AFTER GLSurfaceView swap frame
W/GLSurfaceView( 1966): <4705147>  --- [01;31m[Kxzl[m[K --- BEFORE GLSurfaceView DrawFrame
W/APP     ( 1966): [01;31m[Kxzl[m[K: ===> entering onDrawFrame: <4705148> 
D/SurfaceFlinger(  117): <4705150.00>  ----- [01;31m[Kxzl[m[K SurfaceFlinger::composeSurfaces() swap fb done  ------
W/APP     ( 1966): [01;31m[Kxzl[m[K: ===> ev hits user code: <4705153>  {4705143} since event: 10 ms
D/InputDispatcher(  193): <4705157.50> ########### [01;31m[Kxzl[m[K finishDispatchCycle: 13.92ms since event, 13.31ms since dispatch
W/APP     ( 1966): [01;31m[Kxzl[m[K: ===> ev hits user code: <4705161>  {4705153} since event: 8 ms
D/InputDispatcher(  193): <4705165.00> ########### [01;31m[Kxzl[m[K finishDispatchCycle: 11.44ms since event, 7.32ms since dispatch
W/APP     ( 1966): [01;31m[Kxzl[m[K: ===> ev hits user code: <4705168>  {4705163} since event: 5 ms
D/InputDispatcher(  193): <4705169.00> ########### [01;31m[Kxzl[m[K finishDispatchCycle: 6.01ms since event, 4.09ms since dispatch
W/APP     ( 1966): [01;31m[Kxzl[m[K: ===> ev hits user code: <4705176>  {4705172} since event: 4 ms
D/InputDispatcher(  193): <4705176.50> ########### [01;31m[Kxzl[m[K finishDispatchCycle: 3.63ms since event, 3.08ms since dispatch
W/APP     ( 1966): [01;31m[Kxzl[m[K: ===> done onDrawFrame: <4705148> 
W/GLSurfaceView( 1966): <4705181>  --- [01;31m[Kxzl[m[K --- AFTER GLSurfaceView DrawFrame
W/GLSurfaceView( 1966): <4705181>  --- [01;31m[Kxzl[m[K --- BEFORE GLSurfaceView swap frame
D/SurfaceTextureClient( 1966): <4705181.50> [01;31m[Kxzl[m[K SurfaceTextureClient::queueBuffer
D/SurfaceFlinger(  117): <4705181.50>  --- [01;31m[Kxzl[m[K Layer::onFrameQueued
D/SurfaceFlinger(  117): <4705182.50>  ----- [01;31m[Kxzl[m[K SurfaceFlinger::composeSurfaces compose done, prepare to swap fb ------
W/GLSurfaceView( 1966): <4705182>  --- [01;31m[Kxzl[m[K --- AFTER GLSurfaceView swap frame
W/GLSurfaceView( 1966): <4705182>  --- [01;31m[Kxzl[m[K --- BEFORE GLSurfaceView DrawFrame
W/APP     ( 1966): [01;31m[Kxzl[m[K: ===> entering onDrawFrame: <4705183> 
D/SurfaceFlinger(  117): <4705184.00>  ----- [01;31m[Kxzl[m[K SurfaceFlinger::composeSurfaces() swap fb done  ------
W/APP     ( 1966): [01;31m[Kxzl[m[K: ===> ev hits user code: <4705187>  {4705182} since event: 5 ms
D/InputDispatcher(  193): <4705188.50> ########### [01;31m[Kxzl[m[K finishDispatchCycle: 5.65ms since event, 5.13ms since dispatch
W/APP     ( 1966): [01;31m[Kxzl[m[K: ===> ev hits user code: <4705196>  {4705192} since event: 4 ms
D/InputDispatcher(  193): <4705197.50> ########### [01;31m[Kxzl[m[K finishDispatchCycle: 5.25ms since event, 4.70ms since dispatch
W/APP     ( 1966): [01;31m[Kxzl[m[K: ===> ev hits user code: <4705206>  {4705202} since event: 4 ms
D/InputDispatcher(  193): <4705208.00> ########### [01;31m[Kxzl[m[K finishDispatchCycle: 5.56ms since event, 4.94ms since dispatch
W/APP     ( 1966): [01;31m[Kxzl[m[K: ===> done onDrawFrame: <4705183> 
W/GLSurfaceView( 1966): <4705216>  --- [01;31m[Kxzl[m[K --- AFTER GLSurfaceView DrawFrame
W/GLSurfaceView( 1966): <4705217>  --- [01;31m[Kxzl[m[K --- BEFORE GLSurfaceView swap frame
W/APP     ( 1966): [01;31m[Kxzl[m[K: ===> ev hits user code: <4705216>  {4705211} since event: 5 ms
D/SurfaceTextureClient( 1966): <4705218.00> [01;31m[Kxzl[m[K SurfaceTextureClient::queueBuffer
D/SurfaceFlinger(  117): <4705218.00>  --- [01;31m[Kxzl[m[K Layer::onFrameQueued
D/InputDispatcher(  193): <4705218.50> ########### [01;31m[Kxzl[m[K finishDispatchCycle: 6.26ms since event, 5.65ms since dispatch
D/SurfaceFlinger(  117): <4705218.50>  ----- [01;31m[Kxzl[m[K SurfaceFlinger::composeSurfaces compose done, prepare to swap fb ------
W/GLSurfaceView( 1966): <4705218>  --- [01;31m[Kxzl[m[K --- AFTER GLSurfaceView swap frame
W/GLSurfaceView( 1966): <4705218>  --- [01;31m[Kxzl[m[K --- BEFORE GLSurfaceView DrawFrame
W/APP     ( 1966): [01;31m[Kxzl[m[K: ===> entering onDrawFrame: <4705219> 
W/APP     ( 1966): [01;31m[Kxzl[m[K: ===> ev hits user code: <4705226>  {4705221} since event: 5 ms
D/InputDispatcher(  193): <4705227.50> ########### [01;31m[Kxzl[m[K finishDispatchCycle: 5.58ms since event, 4.97ms since dispatch
D/SurfaceFlinger(  117): <4705234.50>  ----- [01;31m[Kxzl[m[K SurfaceFlinger::composeSurfaces() swap fb done  ------
W/APP     ( 1966): [01;31m[Kxzl[m[K: ===> ev hits user code: <4705236>  {4705231} since event: 5 ms
D/InputDispatcher(  193): <4705238.00> ########### [01;31m[Kxzl[m[K finishDispatchCycle: 6.38ms since event, 5.77ms since dispatch
W/APP     ( 1966): [01;31m[Kxzl[m[K: ===> ev hits user code: <4705245>  {4705241} since event: 4 ms
D/InputDispatcher(  193): <4705246.00> ########### [01;31m[Kxzl[m[K finishDispatchCycle: 5.31ms since event, 4.70ms since dispatch
W/APP     ( 1966): [01;31m[Kxzl[m[K: ===> done onDrawFrame: <4705219> 
W/GLSurfaceView( 1966): <4705252>  --- [01;31m[Kxzl[m[K --- AFTER GLSurfaceView DrawFrame
W/GLSurfaceView( 1966): <4705252>  --- [01;31m[Kxzl[m[K --- BEFORE GLSurfaceView swap frame
D/SurfaceTextureClient( 1966): <4705253.50> [01;31m[Kxzl[m[K SurfaceTextureClient::queueBuffer
D/SurfaceFlinger(  117): <4705253.50>  --- [01;31m[Kxzl[m[K Layer::onFrameQueued
D/SurfaceFlinger(  117): <4705253.50>  ----- [01;31m[Kxzl[m[K SurfaceFlinger::composeSurfaces compose done, prepare to swap fb ------
W/GLSurfaceView( 1966): <4705253>  --- [01;31m[Kxzl[m[K --- AFTER GLSurfaceView swap frame
W/GLSurfaceView( 1966): <4705254>  --- [01;31m[Kxzl[m[K --- BEFORE GLSurfaceView DrawFrame
W/APP     ( 1966): [01;31m[Kxzl[m[K: ===> entering onDrawFrame: <4705254> 
W/APP     ( 1966): [01;31m[Kxzl[m[K: ===> ev hits user code: <4705256>  {4705250} since event: 6 ms
D/InputDispatcher(  193): <4705256.50> ########### [01;31m[Kxzl[m[K finishDispatchCycle: 5.89ms since event, 5.31ms since dispatch
W/APP     ( 1966): [01;31m[Kxzl[m[K: ===> ev hits user code: <4705263>  {4705260} since event: 3 ms
D/InputDispatcher(  193): <4705264.00> ########### [01;31m[Kxzl[m[K finishDispatchCycle: 3.42ms since event, 2.81ms since dispatch
D/SurfaceFlinger(  117): <4705270.00>  ----- [01;31m[Kxzl[m[K SurfaceFlinger::composeSurfaces() swap fb done  ------
W/APP     ( 1966): [01;31m[Kxzl[m[K: ===> ev hits user code: <4705272>  {4705270} since event: 2 ms
D/InputDispatcher(  193): <4705273.50> ########### [01;31m[Kxzl[m[K finishDispatchCycle: 3.05ms since event, 2.44ms since dispatch
W/APP     ( 1966): [01;31m[Kxzl[m[K: ===> ev hits user code: <4705283>  {4705280} since event: 3 ms
D/InputDispatcher(  193): <4705284.00> ########### [01;31m[Kxzl[m[K finishDispatchCycle: 4.03ms since event, 3.42ms since dispatch
W/APP     ( 1966): [01;31m[Kxzl[m[K: ===> done onDrawFrame: <4705254> 
W/GLSurfaceView( 1966): <4705287>  --- [01;31m[Kxzl[m[K --- AFTER GLSurfaceView DrawFrame
W/GLSurfaceView( 1966): <4705287>  --- [01;31m[Kxzl[m[K --- BEFORE GLSurfaceView swap frame
D/SurfaceTextureClient( 1966): <4705288.00> [01;31m[Kxzl[m[K SurfaceTextureClient::queueBuffer
D/SurfaceFlinger(  117): <4705288.00>  --- [01;31m[Kxzl[m[K Layer::onFrameQueued
D/SurfaceFlinger(  117): <4705289.00>  ----- [01;31m[Kxzl[m[K SurfaceFlinger::composeSurfaces compose done, prepare to swap fb ------
W/GLSurfaceView( 1966): <4705289>  --- [01;31m[Kxzl[m[K --- AFTER GLSurfaceView swap frame
W/GLSurfaceView( 1966): <4705290>  --- [01;31m[Kxzl[m[K --- BEFORE GLSurfaceView DrawFrame
W/APP     ( 1966): [01;31m[Kxzl[m[K: ===> entering onDrawFrame: <4705290> 
W/APP     ( 1966): [01;31m[Kxzl[m[K: ===> ev hits user code: <4705293>  {4705289} since event: 4 ms
D/InputDispatcher(  193): <4705294.00> ########### [01;31m[Kxzl[m[K finishDispatchCycle: 4.09ms since event, 3.48ms since dispatch
D/SurfaceFlinger(  117): <4705302.50>  ----- [01;31m[Kxzl[m[K SurfaceFlinger::composeSurfaces() swap fb done  ------
W/APP     ( 1966): [01;31m[Kxzl[m[K: ===> ev hits user code: <4705302>  {4705299} since event: 3 ms
D/InputDispatcher(  193): <4705304.00> ########### [01;31m[Kxzl[m[K finishDispatchCycle: 4.12ms since event, 3.51ms since dispatch
W/APP     ( 1966): [01;31m[Kxzl[m[K: ===> ev hits user code: <4705312>  {4705309} since event: 3 ms
D/InputDispatcher(  193): <4705313.00> ########### [01;31m[Kxzl[m[K finishDispatchCycle: 3.45ms since event, 2.90ms since dispatch
W/APP     ( 1966): [01;31m[Kxzl[m[K: ===> ev hits user code: <4705321>  {4705319} since event: 2 ms
D/InputDispatcher(  193): <4705323.00> ########### [01;31m[Kxzl[m[K finishDispatchCycle: 3.51ms since event, 2.99ms since dispatch
W/APP     ( 1966): [01;31m[Kxzl[m[K: ===> done onDrawFrame: <4705290> 
W/GLSurfaceView( 1966): <4705323>  --- [01;31m[Kxzl[m[K --- AFTER GLSurfaceView DrawFrame
W/GLSurfaceView( 1966): <4705324>  --- [01;31m[Kxzl[m[K --- BEFORE GLSurfaceView swap frame
D/SurfaceTextureClient( 1966): <4705324.50> [01;31m[Kxzl[m[K SurfaceTextureClient::queueBuffer
D/SurfaceFlinger(  117): <4705325.00>  --- [01;31m[Kxzl[m[K Layer::onFrameQueued
D/SurfaceFlinger(  117): <4705325.00>  ----- [01;31m[Kxzl[m[K SurfaceFlinger::composeSurfaces compose done, prepare to swap fb ------
W/GLSurfaceView( 1966): <4705324>  --- [01;31m[Kxzl[m[K --- AFTER GLSurfaceView swap frame
W/GLSurfaceView( 1966): <4705325>  --- [01;31m[Kxzl[m[K --- BEFORE GLSurfaceView DrawFrame
W/APP     ( 1966): [01;31m[Kxzl[m[K: ===> entering onDrawFrame: <4705325> 
W/APP     ( 1966): [01;31m[Kxzl[m[K: ===> ev hits user code: <4705331>  {4705328} since event: 3 ms
D/InputDispatcher(  193): <4705332.00> ########### [01;31m[Kxzl[m[K finishDispatchCycle: 3.42ms since event, 2.87ms since dispatch
D/SurfaceFlinger(  117): <4705336.50>  ----- [01;31m[Kxzl[m[K SurfaceFlinger::composeSurfaces() swap fb done  ------
W/APP     ( 1966): [01;31m[Kxzl[m[K: ===> ev hits user code: <4705342>  {4705338} since event: 4 ms
D/InputDispatcher(  193): <4705343.00> ########### [01;31m[Kxzl[m[K finishDispatchCycle: 4.70ms since event, 4.00ms since dispatch
W/APP     ( 1966): [01;31m[Kxzl[m[K: ===> ev hits user code: <4705352>  {4705348} since event: 4 ms
D/InputDispatcher(  193): <4705353.00> ########### [01;31m[Kxzl[m[K finishDispatchCycle: 4.67ms since event, 4.00ms since dispatch
W/APP     ( 1966): [01;31m[Kxzl[m[K: ===> done onDrawFrame: <4705325> 
W/GLSurfaceView( 1966): <4705358>  --- [01;31m[Kxzl[m[K --- AFTER GLSurfaceView DrawFrame
W/GLSurfaceView( 1966): <4705359>  --- [01;31m[Kxzl[m[K --- BEFORE GLSurfaceView swap frame
D/SurfaceTextureClient( 1966): <4705359.50> [01;31m[Kxzl[m[K SurfaceTextureClient::queueBuffer
D/SurfaceFlinger(  117): <4705360.00>  --- [01;31m[Kxzl[m[K Layer::onFrameQueued
D/SurfaceFlinger(  117): <4705360.00>  ----- [01;31m[Kxzl[m[K SurfaceFlinger::composeSurfaces compose done, prepare to swap fb ------
W/GLSurfaceView( 1966): <4705360>  --- [01;31m[Kxzl[m[K --- AFTER GLSurfaceView swap frame
W/GLSurfaceView( 1966): <4705360>  --- [01;31m[Kxzl[m[K --- BEFORE GLSurfaceView DrawFrame
W/APP     ( 1966): [01;31m[Kxzl[m[K: ===> entering onDrawFrame: <4705360> 
W/APP     ( 1966): [01;31m[Kxzl[m[K: ===> ev hits user code: <4705368>  {4705358} since event: 10 ms
D/InputDispatcher(  193): <4705369.50> ########### [01;31m[Kxzl[m[K finishDispatchCycle: 11.23ms since event, 10.65ms since dispatch
D/SurfaceFlinger(  117): <4705370.50>  ----- [01;31m[Kxzl[m[K SurfaceFlinger::composeSurfaces() swap fb done  ------
W/APP     ( 1966): [01;31m[Kxzl[m[K: ===> ev hits user code: <4705371>  {4705367} since event: 4 ms
D/InputDispatcher(  193): <4705372.00> ########### [01;31m[Kxzl[m[K finishDispatchCycle: 4.30ms since event, 2.47ms since dispatch
W/APP     ( 1966): [01;31m[Kxzl[m[K: ===> ev hits user code: <4705378>  {4705376} since event: 2 ms
D/InputDispatcher(  193): <4705392.00> ########### [01;31m[Kxzl[m[K finishDispatchCycle: 15.84ms since event, 15.26ms since dispatch
W/APP     ( 1966): [01;31m[Kxzl[m[K: ===> done onDrawFrame: <4705360> 
W/GLSurfaceView( 1966): <4705393>  --- [01;31m[Kxzl[m[K --- AFTER GLSurfaceView DrawFrame
W/GLSurfaceView( 1966): <4705394>  --- [01;31m[Kxzl[m[K --- BEFORE GLSurfaceView swap frame
D/SurfaceTextureClient( 1966): <4705394.50> [01;31m[Kxzl[m[K SurfaceTextureClient::queueBuffer
D/SurfaceFlinger(  117): <4705394.50>  --- [01;31m[Kxzl[m[K Layer::onFrameQueued
D/SurfaceFlinger(  117): <4705395.00>  ----- [01;31m[Kxzl[m[K SurfaceFlinger::composeSurfaces compose done, prepare to swap fb ------
W/GLSurfaceView( 1966): <4705395>  --- [01;31m[Kxzl[m[K --- AFTER GLSurfaceView swap frame
W/GLSurfaceView( 1966): <4705395>  --- [01;31m[Kxzl[m[K --- BEFORE GLSurfaceView DrawFrame
W/APP     ( 1966): [01;31m[Kxzl[m[K: ===> entering onDrawFrame: <4705395> 
D/SurfaceFlinger(  117): <4705404.00>  ----- [01;31m[Kxzl[m[K SurfaceFlinger::composeSurfaces() swap fb done  ------
W/APP     ( 1966): [01;31m[Kxzl[m[K: ===> done onDrawFrame: <4705395> 
W/GLSurfaceView( 1966): <4705428>  --- [01;31m[Kxzl[m[K --- AFTER GLSurfaceView DrawFrame
W/GLSurfaceView( 1966): <4705429>  --- [01;31m[Kxzl[m[K --- BEFORE GLSurfaceView swap frame
D/SurfaceTextureClient( 1966): <4705429.50> [01;31m[Kxzl[m[K SurfaceTextureClient::queueBuffer
D/SurfaceFlinger(  117): <4705430.50>  --- [01;31m[Kxzl[m[K Layer::onFrameQueued
D/SurfaceFlinger(  117): <4705430.50>  ----- [01;31m[Kxzl[m[K SurfaceFlinger::composeSurfaces compose done, prepare to swap fb ------
W/GLSurfaceView( 1966): <4705430>  --- [01;31m[Kxzl[m[K --- AFTER GLSurfaceView swap frame
D/SurfaceFlinger(  117): <4705438.00>  ----- [01;31m[Kxzl[m[K SurfaceFlinger::composeSurfaces() swap fb done  ------
I/SurfaceFlinger(  117): ------- [01;31m[Kxzl[m[K SurfaceFlinger::repaintEverything()
D/SurfaceFlinger(  117): <4705682.50>  ----- [01;31m[Kxzl[m[K SurfaceFlinger::composeSurfaces compose done, prepare to swap fb ------
D/SurfaceFlinger(  117): <4705690.50>  ----- [01;31m[Kxzl[m[K SurfaceFlinger::composeSurfaces() swap fb done  ------
