W/GLSurfaceView( 1206): <1619715>  --- [01;31m[Kxzl[m[K --- BEFORE GLSurfaceView DrawFrame
W/APP     ( 1206): [01;31m[Kxzl[m[K: ===> ev hits user code: <1619715>  {1619710} since event: 5 ms
D/InputDispatcher(  193): <1619717.38> ########### [01;31m[Kxzl[m[K finishDispatchCycle: 7.26ms since event, 6.50ms since dispatch
W/APP     ( 1206): [01;31m[Kxzl[m[K: ===> entering onDrawFrame: <1619716> 
D/SurfaceFlinger(  117): <1619719.50>  ----- [01;31m[Kxzl[m[K SurfaceFlinger::composeSurfaces() swap fb done  ------
W/APP     ( 1206): [01;31m[Kxzl[m[K: ===> ev hits user code: <1619722>  {1619719} since event: 3 ms
D/InputDispatcher(  193): <1619723.75> ########### [01;31m[Kxzl[m[K finishDispatchCycle: 3.91ms since event, 3.27ms since dispatch
W/APP     ( 1206): [01;31m[Kxzl[m[K: ===> ev hits user code: <1619732>  {1619729} since event: 3 ms
D/InputDispatcher(  193): <1619733.75> ########### [01;31m[Kxzl[m[K finishDispatchCycle: 4.06ms since event, 3.42ms since dispatch
W/APP     ( 1206): [01;31m[Kxzl[m[K: ===> done onDrawFrame: <1619716> 
W/GLSurfaceView( 1206): <1619733>  --- [01;31m[Kxzl[m[K --- AFTER GLSurfaceView DrawFrame
W/GLSurfaceView( 1206): <1619734>  --- [01;31m[Kxzl[m[K --- BEFORE GLSurfaceView swap frame
D/SurfaceTextureClient( 1206): <1619736.00> [01;31m[Kxzl[m[K SurfaceTextureClient::queueBuffer
D/SurfaceFlinger(  117): <1619736.12>  --- [01;31m[Kxzl[m[K Layer::onFrameQueued
D/SurfaceFlinger(  117): <1619736.25>  ----- [01;31m[Kxzl[m[K SurfaceFlinger::composeSurfaces compose done, prepare to swap fb ------
D/SurfaceFlinger(  117): <1619736.50>  ----- [01;31m[Kxzl[m[K SurfaceFlinger::composeSurfaces() swap fb done  ------
W/GLSurfaceView( 1206): <1619737>  --- [01;31m[Kxzl[m[K --- AFTER GLSurfaceView swap frame
W/GLSurfaceView( 1206): <1619739>  --- [01;31m[Kxzl[m[K --- BEFORE GLSurfaceView DrawFrame
W/APP     ( 1206): [01;31m[Kxzl[m[K: ===> entering onDrawFrame: <1619741> 
W/APP     ( 1206): [01;31m[Kxzl[m[K: ===> ev hits user code: <1619743>  {1619739} since event: 4 ms
D/InputDispatcher(  193): <1619744.75> ########### [01;31m[Kxzl[m[K finishDispatchCycle: 5.19ms since event, 4.55ms since dispatch
W/APP     ( 1206): [01;31m[Kxzl[m[K: ===> ev hits user code: <1619753>  {1619749} since event: 4 ms
D/InputDispatcher(  193): <1619754.38> ########### [01;31m[Kxzl[m[K finishDispatchCycle: 5.16ms since event, 4.55ms since dispatch
W/APP     ( 1206): [01;31m[Kxzl[m[K: ===> done onDrawFrame: <1619741> 
W/GLSurfaceView( 1206): <1619756>  --- [01;31m[Kxzl[m[K --- AFTER GLSurfaceView DrawFrame
W/GLSurfaceView( 1206): <1619758>  --- [01;31m[Kxzl[m[K --- BEFORE GLSurfaceView swap frame
D/SurfaceTextureClient( 1206): <1619762.50> [01;31m[Kxzl[m[K SurfaceTextureClient::queueBuffer
D/SurfaceFlinger(  117): <1619762.88>  --- [01;31m[Kxzl[m[K Layer::onFrameQueued
D/SurfaceFlinger(  117): <1619763.12>  ----- [01;31m[Kxzl[m[K SurfaceFlinger::composeSurfaces compose done, prepare to swap fb ------
W/GLSurfaceView( 1206): <1619765>  --- [01;31m[Kxzl[m[K --- AFTER GLSurfaceView swap frame
W/APP     ( 1206): [01;31m[Kxzl[m[K: ===> ev hits user code: <1619765>  {1619758} since event: 7 ms
D/InputDispatcher(  193): <1619766.88> ########### [01;31m[Kxzl[m[K finishDispatchCycle: 8.00ms since event, 7.23ms since dispatch
D/SurfaceFlinger(  117): <1619770.50>  ----- [01;31m[Kxzl[m[K SurfaceFlinger::composeSurfaces() swap fb done  ------
W/GLSurfaceView( 1206): <1619768>  --- [01;31m[Kxzl[m[K --- BEFORE GLSurfaceView DrawFrame
W/APP     ( 1206): [01;31m[Kxzl[m[K: ===> entering onDrawFrame: <1619771> 
W/APP     ( 1206): [01;31m[Kxzl[m[K: ===> ev hits user code: <1619771>  {1619768} since event: 3 ms
D/InputDispatcher(  193): <1619788.00> ########### [01;31m[Kxzl[m[K finishDispatchCycle: 19.35ms since event, 18.71ms since dispatch
W/APP     ( 1206): [01;31m[Kxzl[m[K: ===> done onDrawFrame: <1619771> 
W/GLSurfaceView( 1206): <1619799>  --- [01;31m[Kxzl[m[K --- AFTER GLSurfaceView DrawFrame
W/GLSurfaceView( 1206): <1619800>  --- [01;31m[Kxzl[m[K --- BEFORE GLSurfaceView swap frame
D/SurfaceTextureClient( 1206): <1619800.88> [01;31m[Kxzl[m[K SurfaceTextureClient::queueBuffer
D/SurfaceFlinger(  117): <1619801.00>  --- [01;31m[Kxzl[m[K Layer::onFrameQueued
D/SurfaceFlinger(  117): <1619801.62>  ----- [01;31m[Kxzl[m[K SurfaceFlinger::composeSurfaces compose done, prepare to swap fb ------
D/SurfaceFlinger(  117): <1619804.25>  ----- [01;31m[Kxzl[m[K SurfaceFlinger::composeSurfaces() swap fb done  ------
W/GLSurfaceView( 1206): <1619813>  --- [01;31m[Kxzl[m[K --- AFTER GLSurfaceView swap frame
W/GLSurfaceView( 1206): <1619814>  --- [01;31m[Kxzl[m[K --- BEFORE GLSurfaceView DrawFrame
W/APP     ( 1206): [01;31m[Kxzl[m[K: ===> ev hits user code: <1619813>  {1619778} since event: 35 ms
D/InputDispatcher(  193): <1619816.50> ########### [01;31m[Kxzl[m[K finishDispatchCycle: 38.03ms since event, 28.17ms since dispatch
W/APP     ( 1206): [01;31m[Kxzl[m[K: ===> entering onDrawFrame: <1619814> 
W/APP     ( 1206): [01;31m[Kxzl[m[K: ===> ev hits user code: <1619821>  {1619807} since event: 14 ms
D/InputDispatcher(  193): <1619827.38> ########### [01;31m[Kxzl[m[K finishDispatchCycle: 39.34ms since event, 10.77ms since dispatch
W/APP     ( 1206): [01;31m[Kxzl[m[K: ===> done onDrawFrame: <1619814> 
W/GLSurfaceView( 1206): <1619830>  --- [01;31m[Kxzl[m[K --- AFTER GLSurfaceView DrawFrame
W/GLSurfaceView( 1206): <1619831>  --- [01;31m[Kxzl[m[K --- BEFORE GLSurfaceView swap frame
D/SurfaceTextureClient( 1206): <1619831.62> [01;31m[Kxzl[m[K SurfaceTextureClient::queueBuffer
D/SurfaceFlinger(  117): <1619831.62>  --- [01;31m[Kxzl[m[K Layer::onFrameQueued
D/SurfaceFlinger(  117): <1619832.00>  ----- [01;31m[Kxzl[m[K SurfaceFlinger::composeSurfaces compose done, prepare to swap fb ------
W/GLSurfaceView( 1206): <1619832>  --- [01;31m[Kxzl[m[K --- AFTER GLSurfaceView swap frame
W/GLSurfaceView( 1206): <1619833>  --- [01;31m[Kxzl[m[K --- BEFORE GLSurfaceView DrawFrame
W/APP     ( 1206): [01;31m[Kxzl[m[K: ===> entering onDrawFrame: <1619833> 
W/APP     ( 1206): [01;31m[Kxzl[m[K: ===> ev hits user code: <1619833>  {1619817} since event: 16 ms
D/InputDispatcher(  193): <1619835.12> ########### [01;31m[Kxzl[m[K finishDispatchCycle: 17.73ms since event, 7.54ms since dispatch
D/SurfaceFlinger(  117): <1619838.38>  ----- [01;31m[Kxzl[m[K SurfaceFlinger::composeSurfaces() swap fb done  ------
W/APP     ( 1206): [01;31m[Kxzl[m[K: ===> ev hits user code: <1619838>  {1619826} since event: 12 ms
D/InputDispatcher(  193): <1619839.75> ########### [01;31m[Kxzl[m[K finishDispatchCycle: 12.82ms since event, 4.58ms since dispatch
W/APP     ( 1206): [01;31m[Kxzl[m[K: ===> ev hits user code: <1619841>  {1619836} since event: 5 ms
D/InputDispatcher(  193): <1619842.38> ########### [01;31m[Kxzl[m[K finishDispatchCycle: 5.52ms since event, 2.56ms since dispatch
W/APP     ( 1206): [01;31m[Kxzl[m[K: ===> done onDrawFrame: <1619833> 
W/GLSurfaceView( 1206): <1619849>  --- [01;31m[Kxzl[m[K --- AFTER GLSurfaceView DrawFrame
W/GLSurfaceView( 1206): <1619851>  --- [01;31m[Kxzl[m[K --- BEFORE GLSurfaceView swap frame
D/SurfaceTextureClient( 1206): <1619853.12> [01;31m[Kxzl[m[K SurfaceTextureClient::queueBuffer
D/SurfaceFlinger(  117): <1619853.12>  --- [01;31m[Kxzl[m[K Layer::onFrameQueued
D/SurfaceFlinger(  117): <1619853.50>  ----- [01;31m[Kxzl[m[K SurfaceFlinger::composeSurfaces compose done, prepare to swap fb ------
W/APP     ( 1206): [01;31m[Kxzl[m[K: ===> ev hits user code: <1619852>  {1619846} since event: 6 ms
D/SurfaceFlinger(  117): <1619855.88>  ----- [01;31m[Kxzl[m[K SurfaceFlinger::composeSurfaces() swap fb done  ------
D/InputDispatcher(  193): <1619856.75> ########### [01;31m[Kxzl[m[K finishDispatchCycle: 10.32ms since event, 9.70ms since dispatch
W/GLSurfaceView( 1206): <1619859>  --- [01;31m[Kxzl[m[K --- AFTER GLSurfaceView swap frame
W/GLSurfaceView( 1206): <1619860>  --- [01;31m[Kxzl[m[K --- BEFORE GLSurfaceView DrawFrame
W/APP     ( 1206): [01;31m[Kxzl[m[K: ===> entering onDrawFrame: <1619860> 
W/APP     ( 1206): [01;31m[Kxzl[m[K: ===> ev hits user code: <1619862>  {1619856} since event: 6 ms
D/InputDispatcher(  193): <1619863.62> ########### [01;31m[Kxzl[m[K finishDispatchCycle: 7.11ms since event, 6.47ms since dispatch
W/APP     ( 1206): [01;31m[Kxzl[m[K: ===> ev hits user code: <1619867>  {1619865} since event: 2 ms
D/InputDispatcher(  193): <1619868.50> ########### [01;31m[Kxzl[m[K finishDispatchCycle: 2.59ms since event, 2.01ms since dispatch
W/APP     ( 1206): [01;31m[Kxzl[m[K: ===> done onDrawFrame: <1619860> 
W/GLSurfaceView( 1206): <1619874>  --- [01;31m[Kxzl[m[K --- AFTER GLSurfaceView DrawFrame
W/GLSurfaceView( 1206): <1619874>  --- [01;31m[Kxzl[m[K --- BEFORE GLSurfaceView swap frame
D/SurfaceTextureClient( 1206): <1619875.38> [01;31m[Kxzl[m[K SurfaceTextureClient::queueBuffer
D/SurfaceFlinger(  117): <1619875.50>  --- [01;31m[Kxzl[m[K Layer::onFrameQueued
D/SurfaceFlinger(  117): <1619875.75>  ----- [01;31m[Kxzl[m[K SurfaceFlinger::composeSurfaces compose done, prepare to swap fb ------
W/GLSurfaceView( 1206): <1619875>  --- [01;31m[Kxzl[m[K --- AFTER GLSurfaceView swap frame
W/GLSurfaceView( 1206): <1619876>  --- [01;31m[Kxzl[m[K --- BEFORE GLSurfaceView DrawFrame
W/APP     ( 1206): [01;31m[Kxzl[m[K: ===> entering onDrawFrame: <1619876> 
W/APP     ( 1206): [01;31m[Kxzl[m[K: ===> ev hits user code: <1619878>  {1619875} since event: 3 ms
D/InputDispatcher(  193): <1619879.12> ########### [01;31m[Kxzl[m[K finishDispatchCycle: 3.23ms since event, 2.69ms since dispatch
W/APP     ( 1206): [01;31m[Kxzl[m[K: ===> ev hits user code: <1619887>  {1619885} since event: 2 ms
D/InputDispatcher(  193): <1619888.12> ########### [01;31m[Kxzl[m[K finishDispatchCycle: 2.56ms since event, 1.98ms since dispatch
D/SurfaceFlinger(  117): <1619889.12>  ----- [01;31m[Kxzl[m[K SurfaceFlinger::composeSurfaces() swap fb done  ------
W/APP     ( 1206): [01;31m[Kxzl[m[K: ===> done onDrawFrame: <1619876> 
W/GLSurfaceView( 1206): <1619890>  --- [01;31m[Kxzl[m[K --- AFTER GLSurfaceView DrawFrame
W/GLSurfaceView( 1206): <1619890>  --- [01;31m[Kxzl[m[K --- BEFORE GLSurfaceView swap frame
D/SurfaceTextureClient( 1206): <1619891.88> [01;31m[Kxzl[m[K SurfaceTextureClient::queueBuffer
D/SurfaceFlinger(  117): <1619892.00>  --- [01;31m[Kxzl[m[K Layer::onFrameQueued
D/SurfaceFlinger(  117): <1619892.12>  ----- [01;31m[Kxzl[m[K SurfaceFlinger::composeSurfaces compose done, prepare to swap fb ------
W/GLSurfaceView( 1206): <1619892>  --- [01;31m[Kxzl[m[K --- AFTER GLSurfaceView swap frame
W/GLSurfaceView( 1206): <1619892>  --- [01;31m[Kxzl[m[K --- BEFORE GLSurfaceView DrawFrame
W/APP     ( 1206): [01;31m[Kxzl[m[K: ===> entering onDrawFrame: <1619893> 
W/APP     ( 1206): [01;31m[Kxzl[m[K: ===> ev hits user code: <1619898>  {1619895} since event: 3 ms
D/InputDispatcher(  193): <1619900.00> ########### [01;31m[Kxzl[m[K finishDispatchCycle: 4.52ms since event, 3.81ms since dispatch
D/SurfaceFlinger(  117): <1619906.88>  ----- [01;31m[Kxzl[m[K SurfaceFlinger::composeSurfaces() swap fb done  ------
W/APP     ( 1206): [01;31m[Kxzl[m[K: ===> done onDrawFrame: <1619893> 
W/GLSurfaceView( 1206): <1619907>  --- [01;31m[Kxzl[m[K --- AFTER GLSurfaceView DrawFrame
W/GLSurfaceView( 1206): <1619907>  --- [01;31m[Kxzl[m[K --- BEFORE GLSurfaceView swap frame
D/SurfaceTextureClient( 1206): <1619908.25> [01;31m[Kxzl[m[K SurfaceTextureClient::queueBuffer
D/SurfaceFlinger(  117): <1619908.25>  --- [01;31m[Kxzl[m[K Layer::onFrameQueued
D/SurfaceFlinger(  117): <1619908.50>  ----- [01;31m[Kxzl[m[K SurfaceFlinger::composeSurfaces compose done, prepare to swap fb ------
W/GLSurfaceView( 1206): <1619908>  --- [01;31m[Kxzl[m[K --- AFTER GLSurfaceView swap frame
W/GLSurfaceView( 1206): <1619908>  --- [01;31m[Kxzl[m[K --- BEFORE GLSurfaceView DrawFrame
W/APP     ( 1206): [01;31m[Kxzl[m[K: ===> entering onDrawFrame: <1619909> 
W/APP     ( 1206): [01;31m[Kxzl[m[K: ===> ev hits user code: <1619911>  {1619905} since event: 6 ms
D/InputDispatcher(  193): <1619912.00> ########### [01;31m[Kxzl[m[K finishDispatchCycle: 6.87ms since event, 6.16ms since dispatch
W/APP     ( 1206): [01;31m[Kxzl[m[K: ===> ev hits user code: <1619918>  {1619914} since event: 4 ms
D/InputDispatcher(  193): <1619920.25> ########### [01;31m[Kxzl[m[K finishDispatchCycle: 5.31ms since event, 4.67ms since dispatch
W/APP     ( 1206): [01;31m[Kxzl[m[K: ===> done onDrawFrame: <1619909> 
W/GLSurfaceView( 1206): <1619923>  --- [01;31m[Kxzl[m[K --- AFTER GLSurfaceView DrawFrame
W/GLSurfaceView( 1206): <1619923>  --- [01;31m[Kxzl[m[K --- BEFORE GLSurfaceView swap frame
D/SurfaceTextureClient( 1206): <1619924.00> [01;31m[Kxzl[m[K SurfaceTextureClient::queueBuffer
D/SurfaceFlinger(  117): <1619924.12>  ----- [01;31m[Kxzl[m[K SurfaceFlinger::composeSurfaces() swap fb done  ------
D/SurfaceFlinger(  117): <1619924.12>  --- [01;31m[Kxzl[m[K Layer::onFrameQueued
D/SurfaceFlinger(  117): <1619924.38>  ----- [01;31m[Kxzl[m[K SurfaceFlinger::composeSurfaces compose done, prepare to swap fb ------
W/GLSurfaceView( 1206): <1619924>  --- [01;31m[Kxzl[m[K --- AFTER GLSurfaceView swap frame
W/GLSurfaceView( 1206): <1619925>  --- [01;31m[Kxzl[m[K --- BEFORE GLSurfaceView DrawFrame
W/APP     ( 1206): [01;31m[Kxzl[m[K: ===> entering onDrawFrame: <1619925> 
W/APP     ( 1206): [01;31m[Kxzl[m[K: ===> ev hits user code: <1619928>  {1619924} since event: 4 ms
D/InputDispatcher(  193): <1619928.75> ########### [01;31m[Kxzl[m[K finishDispatchCycle: 4.21ms since event, 3.63ms since dispatch
W/APP     ( 1206): [01;31m[Kxzl[m[K: ===> ev hits user code: <1619936>  {1619934} since event: 2 ms
D/InputDispatcher(  193): <1619936.75> ########### [01;31m[Kxzl[m[K finishDispatchCycle: 2.59ms since event, 2.04ms since dispatch
W/APP     ( 1206): [01;31m[Kxzl[m[K: ===> done onDrawFrame: <1619925> 
W/GLSurfaceView( 1206): <1619939>  --- [01;31m[Kxzl[m[K --- AFTER GLSurfaceView DrawFrame
W/GLSurfaceView( 1206): <1619939>  --- [01;31m[Kxzl[m[K --- BEFORE GLSurfaceView swap frame
D/SurfaceTextureClient( 1206): <1619939.88> [01;31m[Kxzl[m[K SurfaceTextureClient::queueBuffer
D/SurfaceFlinger(  117): <1619940.00>  --- [01;31m[Kxzl[m[K Layer::onFrameQueued
D/SurfaceFlinger(  117): <1619940.00>  ----- [01;31m[Kxzl[m[K SurfaceFlinger::composeSurfaces() swap fb done  ------
D/SurfaceFlinger(  117): <1619940.12>  ----- [01;31m[Kxzl[m[K SurfaceFlinger::composeSurfaces compose done, prepare to swap fb ------
W/GLSurfaceView( 1206): <1619940>  --- [01;31m[Kxzl[m[K --- AFTER GLSurfaceView swap frame
W/GLSurfaceView( 1206): <1619940>  --- [01;31m[Kxzl[m[K --- BEFORE GLSurfaceView DrawFrame
W/APP     ( 1206): [01;31m[Kxzl[m[K: ===> entering onDrawFrame: <1619940> 
W/APP     ( 1206): [01;31m[Kxzl[m[K: ===> ev hits user code: <1619946>  {1619944} since event: 2 ms
D/InputDispatcher(  193): <1619946.75> ########### [01;31m[Kxzl[m[K finishDispatchCycle: 2.66ms since event, 2.08ms since dispatch
W/APP     ( 1206): [01;31m[Kxzl[m[K: ===> done onDrawFrame: <1619940> 
W/GLSurfaceView( 1206): <1619954>  --- [01;31m[Kxzl[m[K --- AFTER GLSurfaceView DrawFrame
W/GLSurfaceView( 1206): <1619954>  --- [01;31m[Kxzl[m[K --- BEFORE GLSurfaceView swap frame
D/SurfaceTextureClient( 1206): <1619955.62> [01;31m[Kxzl[m[K SurfaceTextureClient::queueBuffer
D/SurfaceFlinger(  117): <1619955.75>  --- [01;31m[Kxzl[m[K Layer::onFrameQueued
D/SurfaceFlinger(  117): <1619957.00>  ----- [01;31m[Kxzl[m[K SurfaceFlinger::composeSurfaces() swap fb done  ------
D/SurfaceFlinger(  117): <1619957.12>  ----- [01;31m[Kxzl[m[K SurfaceFlinger::composeSurfaces compose done, prepare to swap fb ------
W/GLSurfaceView( 1206): <1619957>  --- [01;31m[Kxzl[m[K --- AFTER GLSurfaceView swap frame
W/GLSurfaceView( 1206): <1619957>  --- [01;31m[Kxzl[m[K --- BEFORE GLSurfaceView DrawFrame
W/APP     ( 1206): [01;31m[Kxzl[m[K: ===> entering onDrawFrame: <1619957> 
W/APP     ( 1206): [01;31m[Kxzl[m[K: ===> ev hits user code: <1619958>  {1619953} since event: 5 ms
D/InputDispatcher(  193): <1619959.38> ########### [01;31m[Kxzl[m[K finishDispatchCycle: 5.46ms since event, 3.75ms since dispatch
W/APP     ( 1206): [01;31m[Kxzl[m[K: ===> ev hits user code: <1619966>  {1619963} since event: 3 ms
D/InputDispatcher(  193): <1619967.62> ########### [01;31m[Kxzl[m[K finishDispatchCycle: 3.97ms since event, 3.30ms since dispatch
W/APP     ( 1206): [01;31m[Kxzl[m[K: ===> done onDrawFrame: <1619957> 
W/GLSurfaceView( 1206): <1619971>  --- [01;31m[Kxzl[m[K --- AFTER GLSurfaceView DrawFrame
W/GLSurfaceView( 1206): <1619971>  --- [01;31m[Kxzl[m[K --- BEFORE GLSurfaceView swap frame
D/SurfaceTextureClient( 1206): <1619972.50> [01;31m[Kxzl[m[K SurfaceTextureClient::queueBuffer
D/SurfaceFlinger(  117): <1619972.50>  --- [01;31m[Kxzl[m[K Layer::onFrameQueued
D/SurfaceFlinger(  117): <1619974.75>  ----- [01;31m[Kxzl[m[K SurfaceFlinger::composeSurfaces() swap fb done  ------
D/SurfaceFlinger(  117): <1619975.00>  ----- [01;31m[Kxzl[m[K SurfaceFlinger::composeSurfaces compose done, prepare to swap fb ------
W/GLSurfaceView( 1206): <1619974>  --- [01;31m[Kxzl[m[K --- AFTER GLSurfaceView swap frame
W/GLSurfaceView( 1206): <1619975>  --- [01;31m[Kxzl[m[K --- BEFORE GLSurfaceView DrawFrame
W/APP     ( 1206): [01;31m[Kxzl[m[K: ===> entering onDrawFrame: <1619975> 
W/APP     ( 1206): [01;31m[Kxzl[m[K: ===> ev hits user code: <1619978>  {1619973} since event: 5 ms
D/InputDispatcher(  193): <1619979.25> ########### [01;31m[Kxzl[m[K finishDispatchCycle: 5.92ms since event, 5.34ms since dispatch
W/APP     ( 1206): [01;31m[Kxzl[m[K: ===> ev hits user code: <1619986>  {1619983} since event: 3 ms
D/InputDispatcher(  193): <1619987.25> ########### [01;31m[Kxzl[m[K finishDispatchCycle: 4.03ms since event, 3.42ms since dispatch
W/APP     ( 1206): [01;31m[Kxzl[m[K: ===> done onDrawFrame: <1619975> 
W/GLSurfaceView( 1206): <1619989>  --- [01;31m[Kxzl[m[K --- AFTER GLSurfaceView DrawFrame
W/GLSurfaceView( 1206): <1619990>  --- [01;31m[Kxzl[m[K --- BEFORE GLSurfaceView swap frame
D/SurfaceTextureClient( 1206): <1619990.62> [01;31m[Kxzl[m[K SurfaceTextureClient::queueBuffer
D/SurfaceFlinger(  117): <1619990.75>  --- [01;31m[Kxzl[m[K Layer::onFrameQueued
D/SurfaceFlinger(  117): <1619990.75>  ----- [01;31m[Kxzl[m[K SurfaceFlinger::composeSurfaces() swap fb done  ------
D/SurfaceFlinger(  117): <1619992.50>  ----- [01;31m[Kxzl[m[K SurfaceFlinger::composeSurfaces compose done, prepare to swap fb ------
W/GLSurfaceView( 1206): <1619992>  --- [01;31m[Kxzl[m[K --- AFTER GLSurfaceView swap frame
W/GLSurfaceView( 1206): <1619993>  --- [01;31m[Kxzl[m[K --- BEFORE GLSurfaceView DrawFrame
W/APP     ( 1206): [01;31m[Kxzl[m[K: ===> entering onDrawFrame: <1619993> 
W/APP     ( 1206): [01;31m[Kxzl[m[K: ===> ev hits user code: <1619996>  {1619992} since event: 4 ms
D/InputDispatcher(  193): <1619997.38> ########### [01;31m[Kxzl[m[K finishDispatchCycle: 4.43ms since event, 3.81ms since dispatch
D/SurfaceFlinger(  117): <1620007.88>  ----- [01;31m[Kxzl[m[K SurfaceFlinger::composeSurfaces() swap fb done  ------
W/APP     ( 1206): [01;31m[Kxzl[m[K: ===> done onDrawFrame: <1619993> 
W/GLSurfaceView( 1206): <1620007>  --- [01;31m[Kxzl[m[K --- AFTER GLSurfaceView DrawFrame
W/GLSurfaceView( 1206): <1620008>  --- [01;31m[Kxzl[m[K --- BEFORE GLSurfaceView swap frame
D/SurfaceTextureClient( 1206): <1620009.00> [01;31m[Kxzl[m[K SurfaceTextureClient::queueBuffer
D/SurfaceFlinger(  117): <1620009.12>  --- [01;31m[Kxzl[m[K Layer::onFrameQueued
D/SurfaceFlinger(  117): <1620009.25>  ----- [01;31m[Kxzl[m[K SurfaceFlinger::composeSurfaces compose done, prepare to swap fb ------
W/APP     ( 1206): [01;31m[Kxzl[m[K: ===> ev hits user code: <1620007>  {1620002} since event: 5 ms
D/InputDispatcher(  193): <1620010.50> ########### [01;31m[Kxzl[m[K finishDispatchCycle: 7.69ms since event, 7.05ms since dispatch
W/GLSurfaceView( 1206): <1620009>  --- [01;31m[Kxzl[m[K --- AFTER GLSurfaceView swap frame
W/GLSurfaceView( 1206): <1620010>  --- [01;31m[Kxzl[m[K --- BEFORE GLSurfaceView DrawFrame
W/APP     ( 1206): [01;31m[Kxzl[m[K: ===> entering onDrawFrame: <1620011> 
W/APP     ( 1206): [01;31m[Kxzl[m[K: ===> ev hits user code: <1620019>  {1620012} since event: 7 ms
D/InputDispatcher(  193): <1620021.88> ########### [01;31m[Kxzl[m[K finishDispatchCycle: 9.37ms since event, 8.64ms since dispatch
D/SurfaceFlinger(  117): <1620024.75>  ----- [01;31m[Kxzl[m[K SurfaceFlinger::composeSurfaces() swap fb done  ------
W/APP     ( 1206): [01;31m[Kxzl[m[K: ===> done onDrawFrame: <1620011> 
W/GLSurfaceView( 1206): <1620025>  --- [01;31m[Kxzl[m[K --- AFTER GLSurfaceView DrawFrame
W/GLSurfaceView( 1206): <1620025>  --- [01;31m[Kxzl[m[K --- BEFORE GLSurfaceView swap frame
D/SurfaceTextureClient( 1206): <1620026.50> [01;31m[Kxzl[m[K SurfaceTextureClient::queueBuffer
D/SurfaceFlinger(  117): <1620026.50>  --- [01;31m[Kxzl[m[K Layer::onFrameQueued
D/SurfaceFlinger(  117): <1620026.62>  ----- [01;31m[Kxzl[m[K SurfaceFlinger::composeSurfaces compose done, prepare to swap fb ------
W/GLSurfaceView( 1206): <1620026>  --- [01;31m[Kxzl[m[K --- AFTER GLSurfaceView swap frame
W/GLSurfaceView( 1206): <1620027>  --- [01;31m[Kxzl[m[K --- BEFORE GLSurfaceView DrawFrame
W/APP     ( 1206): [01;31m[Kxzl[m[K: ===> entering onDrawFrame: <1620028> 
W/APP     ( 1206): [01;31m[Kxzl[m[K: ===> ev hits user code: <1620030>  {1620022} since event: 8 ms
D/InputDispatcher(  193): <1620032.00> ########### [01;31m[Kxzl[m[K finishDispatchCycle: 9.80ms since event, 9.19ms since dispatch
D/SurfaceFlinger(  117): <1620042.88>  ----- [01;31m[Kxzl[m[K SurfaceFlinger::composeSurfaces() swap fb done  ------
W/APP     ( 1206): [01;31m[Kxzl[m[K: ===> done onDrawFrame: <1620028> 
W/GLSurfaceView( 1206): <1620043>  --- [01;31m[Kxzl[m[K --- AFTER GLSurfaceView DrawFrame
W/GLSurfaceView( 1206): <1620044>  --- [01;31m[Kxzl[m[K --- BEFORE GLSurfaceView swap frame
W/APP     ( 1206): [01;31m[Kxzl[m[K: ===> ev hits user code: <1620045>  {1620041} since event: 4 ms
D/SurfaceTextureClient( 1206): <1620045.88> [01;31m[Kxzl[m[K SurfaceTextureClient::queueBuffer
D/SurfaceFlinger(  117): <1620046.25>  --- [01;31m[Kxzl[m[K Layer::onFrameQueued
D/SurfaceFlinger(  117): <1620046.38>  ----- [01;31m[Kxzl[m[K SurfaceFlinger::composeSurfaces compose done, prepare to swap fb ------
W/GLSurfaceView( 1206): <1620046>  --- [01;31m[Kxzl[m[K --- AFTER GLSurfaceView swap frame
W/GLSurfaceView( 1206): <1620046>  --- [01;31m[Kxzl[m[K --- BEFORE GLSurfaceView DrawFrame
W/APP     ( 1206): [01;31m[Kxzl[m[K: ===> entering onDrawFrame: <1620047> 
D/InputDispatcher(  193): <1620047.38> ########### [01;31m[Kxzl[m[K finishDispatchCycle: 6.01ms since event, 5.43ms since dispatch
W/APP     ( 1206): [01;31m[Kxzl[m[K: ===> ev hits user code: <1620053>  {1620051} since event: 2 ms
D/InputDispatcher(  193): <1620054.00> ########### [01;31m[Kxzl[m[K finishDispatchCycle: 2.75ms since event, 2.14ms since dispatch
D/SurfaceFlinger(  117): <1620058.75>  ----- [01;31m[Kxzl[m[K SurfaceFlinger::composeSurfaces() swap fb done  ------
W/APP     ( 1206): [01;31m[Kxzl[m[K: ===> done onDrawFrame: <1620047> 
W/GLSurfaceView( 1206): <1620060>  --- [01;31m[Kxzl[m[K --- AFTER GLSurfaceView DrawFrame
W/GLSurfaceView( 1206): <1620061>  --- [01;31m[Kxzl[m[K --- BEFORE GLSurfaceView swap frame
D/SurfaceTextureClient( 1206): <1620061.88> [01;31m[Kxzl[m[K SurfaceTextureClient::queueBuffer
D/SurfaceFlinger(  117): <1620062.00>  --- [01;31m[Kxzl[m[K Layer::onFrameQueued
D/SurfaceFlinger(  117): <1620062.38>  ----- [01;31m[Kxzl[m[K SurfaceFlinger::composeSurfaces compose done, prepare to swap fb ------
W/GLSurfaceView( 1206): <1620062>  --- [01;31m[Kxzl[m[K --- AFTER GLSurfaceView swap frame
W/GLSurfaceView( 1206): <1620063>  --- [01;31m[Kxzl[m[K --- BEFORE GLSurfaceView DrawFrame
W/APP     ( 1206): [01;31m[Kxzl[m[K: ===> entering onDrawFrame: <1620063> 
W/APP     ( 1206): [01;31m[Kxzl[m[K: ===> ev hits user code: <1620065>  {1620060} since event: 5 ms
D/InputDispatcher(  193): <1620066.12> ########### [01;31m[Kxzl[m[K finishDispatchCycle: 5.31ms since event, 4.73ms since dispatch
W/APP     ( 1206): [01;31m[Kxzl[m[K: ===> ev hits user code: <1620074>  {1620070} since event: 4 ms
D/InputDispatcher(  193): <1620075.00> ########### [01;31m[Kxzl[m[K finishDispatchCycle: 4.09ms since event, 3.45ms since dispatch
D/SurfaceFlinger(  117): <1620075.62>  ----- [01;31m[Kxzl[m[K SurfaceFlinger::composeSurfaces() swap fb done  ------
W/APP     ( 1206): [01;31m[Kxzl[m[K: ===> done onDrawFrame: <1620063> 
W/GLSurfaceView( 1206): <1620077>  --- [01;31m[Kxzl[m[K --- AFTER GLSurfaceView DrawFrame
W/GLSurfaceView( 1206): <1620077>  --- [01;31m[Kxzl[m[K --- BEFORE GLSurfaceView swap frame
D/SurfaceTextureClient( 1206): <1620078.25> [01;31m[Kxzl[m[K SurfaceTextureClient::queueBuffer
D/SurfaceFlinger(  117): <1620078.38>  --- [01;31m[Kxzl[m[K Layer::onFrameQueued
D/SurfaceFlinger(  117): <1620078.50>  ----- [01;31m[Kxzl[m[K SurfaceFlinger::composeSurfaces compose done, prepare to swap fb ------
W/GLSurfaceView( 1206): <1620078>  --- [01;31m[Kxzl[m[K --- AFTER GLSurfaceView swap frame
W/GLSurfaceView( 1206): <1620078>  --- [01;31m[Kxzl[m[K --- BEFORE GLSurfaceView DrawFrame
W/APP     ( 1206): [01;31m[Kxzl[m[K: ===> entering onDrawFrame: <1620079> 
W/APP     ( 1206): [01;31m[Kxzl[m[K: ===> ev hits user code: <1620084>  {1620080} since event: 4 ms
D/InputDispatcher(  193): <1620085.12> ########### [01;31m[Kxzl[m[K finishDispatchCycle: 4.58ms since event, 3.97ms since dispatch
D/SurfaceFlinger(  117): <1620092.50>  ----- [01;31m[Kxzl[m[K SurfaceFlinger::composeSurfaces() swap fb done  ------
W/APP     ( 1206): [01;31m[Kxzl[m[K: ===> done onDrawFrame: <1620079> 
W/GLSurfaceView( 1206): <1620093>  --- [01;31m[Kxzl[m[K --- AFTER GLSurfaceView DrawFrame
W/GLSurfaceView( 1206): <1620094>  --- [01;31m[Kxzl[m[K --- BEFORE GLSurfaceView swap frame
D/SurfaceTextureClient( 1206): <1620095.12> [01;31m[Kxzl[m[K SurfaceTextureClient::queueBuffer
D/SurfaceFlinger(  117): <1620095.25>  --- [01;31m[Kxzl[m[K Layer::onFrameQueued
D/SurfaceFlinger(  117): <1620095.38>  ----- [01;31m[Kxzl[m[K SurfaceFlinger::composeSurfaces compose done, prepare to swap fb ------
W/GLSurfaceView( 1206): <1620095>  --- [01;31m[Kxzl[m[K --- AFTER GLSurfaceView swap frame
W/GLSurfaceView( 1206): <1620096>  --- [01;31m[Kxzl[m[K --- BEFORE GLSurfaceView DrawFrame
W/APP     ( 1206): [01;31m[Kxzl[m[K: ===> entering onDrawFrame: <1620096> 
W/APP     ( 1206): [01;31m[Kxzl[m[K: ===> ev hits user code: <1620099>  {1620090} since event: 9 ms
D/InputDispatcher(  193): <1620104.75> ########### [01;31m[Kxzl[m[K finishDispatchCycle: 14.34ms since event, 13.73ms since dispatch
D/SurfaceFlinger(  117): <1620109.88>  ----- [01;31m[Kxzl[m[K SurfaceFlinger::composeSurfaces() swap fb done  ------
W/APP     ( 1206): [01;31m[Kxzl[m[K: ===> done onDrawFrame: <1620096> 
W/GLSurfaceView( 1206): <1620111>  --- [01;31m[Kxzl[m[K --- AFTER GLSurfaceView DrawFrame
W/GLSurfaceView( 1206): <1620111>  --- [01;31m[Kxzl[m[K --- BEFORE GLSurfaceView swap frame
D/SurfaceTextureClient( 1206): <1620111.75> [01;31m[Kxzl[m[K SurfaceTextureClient::queueBuffer
D/SurfaceFlinger(  117): <1620111.75>  --- [01;31m[Kxzl[m[K Layer::onFrameQueued
D/SurfaceFlinger(  117): <1620111.88>  ----- [01;31m[Kxzl[m[K SurfaceFlinger::composeSurfaces compose done, prepare to swap fb ------
W/GLSurfaceView( 1206): <1620112>  --- [01;31m[Kxzl[m[K --- AFTER GLSurfaceView swap frame
W/GLSurfaceView( 1206): <1620112>  --- [01;31m[Kxzl[m[K --- BEFORE GLSurfaceView DrawFrame
W/APP     ( 1206): [01;31m[Kxzl[m[K: ===> entering onDrawFrame: <1620112> 
W/APP     ( 1206): [01;31m[Kxzl[m[K: ===> ev hits user code: <1620114>  {1620099} since event: 15 ms
D/InputDispatcher(  193): <1620115.00> ########### [01;31m[Kxzl[m[K finishDispatchCycle: 15.23ms since event, 10.28ms since dispatch
W/APP     ( 1206): [01;31m[Kxzl[m[K: ===> ev hits user code: <1620118>  {1620110} since event: 8 ms
D/InputDispatcher(  193): <1620119.75> ########### [01;31m[Kxzl[m[K finishDispatchCycle: 9.71ms since event, 4.55ms since dispatch
W/APP     ( 1206): [01;31m[Kxzl[m[K: ===> ev hits user code: <1620122>  {1620119} since event: 3 ms
D/InputDispatcher(  193): <1620123.38> ########### [01;31m[Kxzl[m[K finishDispatchCycle: 3.88ms since event, 3.33ms since dispatch
W/APP     ( 1206): [01;31m[Kxzl[m[K: ===> done onDrawFrame: <1620112> 
D/SurfaceFlinger(  117): <1620126.62>  ----- [01;31m[Kxzl[m[K SurfaceFlinger::composeSurfaces() swap fb done  ------
W/GLSurfaceView( 1206): <1620126>  --- [01;31m[Kxzl[m[K --- AFTER GLSurfaceView DrawFrame
W/GLSurfaceView( 1206): <1620126>  --- [01;31m[Kxzl[m[K --- BEFORE GLSurfaceView swap frame
D/SurfaceTextureClient( 1206): <1620127.12> [01;31m[Kxzl[m[K SurfaceTextureClient::queueBuffer
D/SurfaceFlinger(  117): <1620127.25>  --- [01;31m[Kxzl[m[K Layer::onFrameQueued
D/SurfaceFlinger(  117): <1620128.75>  ----- [01;31m[Kxzl[m[K SurfaceFlinger::composeSurfaces compose done, prepare to swap fb ------
W/GLSurfaceView( 1206): <1620128>  --- [01;31m[Kxzl[m[K --- AFTER GLSurfaceView swap frame
W/GLSurfaceView( 1206): <1620129>  --- [01;31m[Kxzl[m[K --- BEFORE GLSurfaceView DrawFrame
W/APP     ( 1206): [01;31m[Kxzl[m[K: ===> entering onDrawFrame: <1620129> 
W/APP     ( 1206): [01;31m[Kxzl[m[K: ===> ev hits user code: <1620133>  {1620129} since event: 4 ms
D/InputDispatcher(  193): <1620134.12> ########### [01;31m[Kxzl[m[K finishDispatchCycle: 4.85ms since event, 4.30ms since dispatch
W/APP     ( 1206): [01;31m[Kxzl[m[K: ===> ev hits user code: <1620141>  {1620138} since event: 3 ms
D/InputDispatcher(  193): <1620142.00> ########### [01;31m[Kxzl[m[K finishDispatchCycle: 3.11ms since event, 2.59ms since dispatch
W/APP     ( 1206): [01;31m[Kxzl[m[K: ===> done onDrawFrame: <1620129> 
D/SurfaceFlinger(  117): <1620143.50>  ----- [01;31m[Kxzl[m[K SurfaceFlinger::composeSurfaces() swap fb done  ------
W/GLSurfaceView( 1206): <1620143>  --- [01;31m[Kxzl[m[K --- AFTER GLSurfaceView DrawFrame
W/GLSurfaceView( 1206): <1620143>  --- [01;31m[Kxzl[m[K --- BEFORE GLSurfaceView swap frame
D/SurfaceTextureClient( 1206): <1620144.25> [01;31m[Kxzl[m[K SurfaceTextureClient::queueBuffer
D/SurfaceFlinger(  117): <1620144.38>  --- [01;31m[Kxzl[m[K Layer::onFrameQueued
D/SurfaceFlinger(  117): <1620144.50>  ----- [01;31m[Kxzl[m[K SurfaceFlinger::composeSurfaces compose done, prepare to swap fb ------
W/GLSurfaceView( 1206): <1620144>  --- [01;31m[Kxzl[m[K --- AFTER GLSurfaceView swap frame
W/GLSurfaceView( 1206): <1620145>  --- [01;31m[Kxzl[m[K --- BEFORE GLSurfaceView DrawFrame
W/APP     ( 1206): [01;31m[Kxzl[m[K: ===> entering onDrawFrame: <1620145> 
W/APP     ( 1206): [01;31m[Kxzl[m[K: ===> ev hits user code: <1620151>  {1620148} since event: 3 ms
D/InputDispatcher(  193): <1620151.75> ########### [01;31m[Kxzl[m[K finishDispatchCycle: 3.23ms since event, 2.59ms since dispatch
W/APP     ( 1206): [01;31m[Kxzl[m[K: ===> done onDrawFrame: <1620145> 
W/GLSurfaceView( 1206): <1620159>  --- [01;31m[Kxzl[m[K --- AFTER GLSurfaceView DrawFrame
W/GLSurfaceView( 1206): <1620159>  --- [01;31m[Kxzl[m[K --- BEFORE GLSurfaceView swap frame
D/SurfaceTextureClient( 1206): <1620160.38> [01;31m[Kxzl[m[K SurfaceTextureClient::queueBuffer
D/SurfaceFlinger(  117): <1620160.50>  ----- [01;31m[Kxzl[m[K SurfaceFlinger::composeSurfaces() swap fb done  ------
D/SurfaceFlinger(  117): <1620160.50>  --- [01;31m[Kxzl[m[K Layer::onFrameQueued
D/SurfaceFlinger(  117): <1620160.62>  ----- [01;31m[Kxzl[m[K SurfaceFlinger::composeSurfaces compose done, prepare to swap fb ------
W/GLSurfaceView( 1206): <1620160>  --- [01;31m[Kxzl[m[K --- AFTER GLSurfaceView swap frame
W/GLSurfaceView( 1206): <1620161>  --- [01;31m[Kxzl[m[K --- BEFORE GLSurfaceView DrawFrame
W/APP     ( 1206): [01;31m[Kxzl[m[K: ===> entering onDrawFrame: <1620161> 
W/APP     ( 1206): [01;31m[Kxzl[m[K: ===> ev hits user code: <1620163>  {1620158} since event: 5 ms
D/InputDispatcher(  193): <1620164.12> ########### [01;31m[Kxzl[m[K finishDispatchCycle: 5.59ms since event, 3.78ms since dispatch
W/APP     ( 1206): [01;31m[Kxzl[m[K: ===> ev hits user code: <1620170>  {1620168} since event: 2 ms
D/InputDispatcher(  193): <1620171.62> ########### [01;31m[Kxzl[m[K finishDispatchCycle: 3.39ms since event, 2.78ms since dispatch
W/APP     ( 1206): [01;31m[Kxzl[m[K: ===> done onDrawFrame: <1620161> 
W/GLSurfaceView( 1206): <1620175>  --- [01;31m[Kxzl[m[K --- AFTER GLSurfaceView DrawFrame
W/GLSurfaceView( 1206): <1620175>  --- [01;31m[Kxzl[m[K --- BEFORE GLSurfaceView swap frame
D/SurfaceTextureClient( 1206): <1620176.00> [01;31m[Kxzl[m[K SurfaceTextureClient::queueBuffer
D/SurfaceFlinger(  117): <1620176.00>  --- [01;31m[Kxzl[m[K Layer::onFrameQueued
D/SurfaceFlinger(  117): <1620177.75>  ----- [01;31m[Kxzl[m[K SurfaceFlinger::composeSurfaces() swap fb done  ------
D/SurfaceFlinger(  117): <1620177.88>  ----- [01;31m[Kxzl[m[K SurfaceFlinger::composeSurfaces compose done, prepare to swap fb ------
W/GLSurfaceView( 1206): <1620177>  --- [01;31m[Kxzl[m[K --- AFTER GLSurfaceView swap frame
W/GLSurfaceView( 1206): <1620178>  --- [01;31m[Kxzl[m[K --- BEFORE GLSurfaceView DrawFrame
W/APP     ( 1206): [01;31m[Kxzl[m[K: ===> entering onDrawFrame: <1620178> 
W/APP     ( 1206): [01;31m[Kxzl[m[K: ===> ev hits user code: <1620180>  {1620178} since event: 2 ms
D/InputDispatcher(  193): <1620181.50> ########### [01;31m[Kxzl[m[K finishDispatchCycle: 3.42ms since event, 2.84ms since dispatch
W/APP     ( 1206): [01;31m[Kxzl[m[K: ===> ev hits user code: <1620190>  {1620187} since event: 3 ms
D/InputDispatcher(  193): <1620191.38> ########### [01;31m[Kxzl[m[K finishDispatchCycle: 3.63ms since event, 3.08ms since dispatch
W/APP     ( 1206): [01;31m[Kxzl[m[K: ===> done onDrawFrame: <1620178> 
W/GLSurfaceView( 1206): <1620192>  --- [01;31m[Kxzl[m[K --- AFTER GLSurfaceView DrawFrame
W/GLSurfaceView( 1206): <1620192>  --- [01;31m[Kxzl[m[K --- BEFORE GLSurfaceView swap frame
D/SurfaceTextureClient( 1206): <1620193.12> [01;31m[Kxzl[m[K SurfaceTextureClient::queueBuffer
D/SurfaceFlinger(  117): <1620193.25>  --- [01;31m[Kxzl[m[K Layer::onFrameQueued
D/SurfaceFlinger(  117): <1620194.38>  ----- [01;31m[Kxzl[m[K SurfaceFlinger::composeSurfaces() swap fb done  ------
D/SurfaceFlinger(  117): <1620194.50>  ----- [01;31m[Kxzl[m[K SurfaceFlinger::composeSurfaces compose done, prepare to swap fb ------
W/GLSurfaceView( 1206): <1620194>  --- [01;31m[Kxzl[m[K --- AFTER GLSurfaceView swap frame
W/GLSurfaceView( 1206): <1620194>  --- [01;31m[Kxzl[m[K --- BEFORE GLSurfaceView DrawFrame
W/APP     ( 1206): [01;31m[Kxzl[m[K: ===> entering onDrawFrame: <1620194> 
W/APP     ( 1206): [01;31m[Kxzl[m[K: ===> ev hits user code: <1620200>  {1620197} since event: 3 ms
D/InputDispatcher(  193): <1620201.00> ########### [01;31m[Kxzl[m[K finishDispatchCycle: 3.57ms since event, 2.99ms since dispatch
W/APP     ( 1206): [01;31m[Kxzl[m[K: ===> done onDrawFrame: <1620194> 
W/GLSurfaceView( 1206): <1620209>  --- [01;31m[Kxzl[m[K --- AFTER GLSurfaceView DrawFrame
W/GLSurfaceView( 1206): <1620209>  --- [01;31m[Kxzl[m[K --- BEFORE GLSurfaceView swap frame
D/SurfaceTextureClient( 1206): <1620210.00> [01;31m[Kxzl[m[K SurfaceTextureClient::queueBuffer
D/SurfaceFlinger(  117): <1620210.12>  --- [01;31m[Kxzl[m[K Layer::onFrameQueued
D/SurfaceFlinger(  117): <1620211.25>  ----- [01;31m[Kxzl[m[K SurfaceFlinger::composeSurfaces() swap fb done  ------
D/SurfaceFlinger(  117): <1620211.38>  ----- [01;31m[Kxzl[m[K SurfaceFlinger::composeSurfaces compose done, prepare to swap fb ------
W/GLSurfaceView( 1206): <1620211>  --- [01;31m[Kxzl[m[K --- AFTER GLSurfaceView swap frame
W/GLSurfaceView( 1206): <1620212>  --- [01;31m[Kxzl[m[K --- BEFORE GLSurfaceView DrawFrame
W/APP     ( 1206): [01;31m[Kxzl[m[K: ===> entering onDrawFrame: <1620212> 
W/APP     ( 1206): [01;31m[Kxzl[m[K: ===> ev hits user code: <1620213>  {1620207} since event: 6 ms
D/InputDispatcher(  193): <1620214.75> ########### [01;31m[Kxzl[m[K finishDispatchCycle: 7.72ms since event, 7.02ms since dispatch
W/APP     ( 1206): [01;31m[Kxzl[m[K: ===> ev hits user code: <1620221>  {1620217} since event: 4 ms
D/InputDispatcher(  193): <1620223.38> ########### [01;31m[Kxzl[m[K finishDispatchCycle: 6.20ms since event, 5.52ms since dispatch
W/APP     ( 1206): [01;31m[Kxzl[m[K: ===> done onDrawFrame: <1620212> 
W/GLSurfaceView( 1206): <1620226>  --- [01;31m[Kxzl[m[K --- AFTER GLSurfaceView DrawFrame
W/GLSurfaceView( 1206): <1620227>  --- [01;31m[Kxzl[m[K --- BEFORE GLSurfaceView swap frame
D/SurfaceTextureClient( 1206): <1620227.88> [01;31m[Kxzl[m[K SurfaceTextureClient::queueBuffer
D/SurfaceFlinger(  117): <1620228.00>  --- [01;31m[Kxzl[m[K Layer::onFrameQueued
D/SurfaceFlinger(  117): <1620228.25>  ----- [01;31m[Kxzl[m[K SurfaceFlinger::composeSurfaces() swap fb done  ------
D/SurfaceFlinger(  117): <1620228.62>  ----- [01;31m[Kxzl[m[K SurfaceFlinger::composeSurfaces compose done, prepare to swap fb ------
W/GLSurfaceView( 1206): <1620228>  --- [01;31m[Kxzl[m[K --- AFTER GLSurfaceView swap frame
W/GLSurfaceView( 1206): <1620228>  --- [01;31m[Kxzl[m[K --- BEFORE GLSurfaceView DrawFrame
W/APP     ( 1206): [01;31m[Kxzl[m[K: ===> entering onDrawFrame: <1620229> 
W/APP     ( 1206): [01;31m[Kxzl[m[K: ===> ev hits user code: <1620231>  {1620226} since event: 5 ms
D/InputDispatcher(  193): <1620231.88> ########### [01;31m[Kxzl[m[K finishDispatchCycle: 5.13ms since event, 4.52ms since dispatch
W/APP     ( 1206): [01;31m[Kxzl[m[K: ===> ev hits user code: <1620240>  {1620237} since event: 3 ms
D/InputDispatcher(  193): <1620241.75> ########### [01;31m[Kxzl[m[K finishDispatchCycle: 3.85ms since event, 3.27ms since dispatch
W/APP     ( 1206): [01;31m[Kxzl[m[K: ===> done onDrawFrame: <1620229> 
W/GLSurfaceView( 1206): <1620243>  --- [01;31m[Kxzl[m[K --- AFTER GLSurfaceView DrawFrame
W/GLSurfaceView( 1206): <1620243>  --- [01;31m[Kxzl[m[K --- BEFORE GLSurfaceView swap frame
D/SurfaceTextureClient( 1206): <1620243.62> [01;31m[Kxzl[m[K SurfaceTextureClient::queueBuffer
D/SurfaceFlinger(  117): <1620243.62>  --- [01;31m[Kxzl[m[K Layer::onFrameQueued
D/SurfaceFlinger(  117): <1620245.75>  ----- [01;31m[Kxzl[m[K SurfaceFlinger::composeSurfaces() swap fb done  ------
D/SurfaceFlinger(  117): <1620245.88>  ----- [01;31m[Kxzl[m[K SurfaceFlinger::composeSurfaces compose done, prepare to swap fb ------
W/GLSurfaceView( 1206): <1620245>  --- [01;31m[Kxzl[m[K --- AFTER GLSurfaceView swap frame
W/GLSurfaceView( 1206): <1620246>  --- [01;31m[Kxzl[m[K --- BEFORE GLSurfaceView DrawFrame
W/APP     ( 1206): [01;31m[Kxzl[m[K: ===> entering onDrawFrame: <1620246> 
W/APP     ( 1206): [01;31m[Kxzl[m[K: ===> ev hits user code: <1620250>  {1620247} since event: 3 ms
D/InputDispatcher(  193): <1620251.75> ########### [01;31m[Kxzl[m[K finishDispatchCycle: 4.12ms since event, 3.54ms since dispatch
W/APP     ( 1206): [01;31m[Kxzl[m[K: ===> ev hits user code: <1620259>  {1620257} since event: 2 ms
W/APP     ( 1206): [01;31m[Kxzl[m[K: ===> done onDrawFrame: <1620246> 
W/GLSurfaceView( 1206): <1620260>  --- [01;31m[Kxzl[m[K --- AFTER GLSurfaceView DrawFrame
W/GLSurfaceView( 1206): <1620260>  --- [01;31m[Kxzl[m[K --- BEFORE GLSurfaceView swap frame
D/SurfaceTextureClient( 1206): <1620260.62> [01;31m[Kxzl[m[K SurfaceTextureClient::queueBuffer
D/SurfaceFlinger(  117): <1620260.75>  --- [01;31m[Kxzl[m[K Layer::onFrameQueued
D/InputDispatcher(  193): <1620261.12> ########### [01;31m[Kxzl[m[K finishDispatchCycle: 3.85ms since event, 3.23ms since dispatch
D/SurfaceFlinger(  117): <1620262.12>  ----- [01;31m[Kxzl[m[K SurfaceFlinger::composeSurfaces() swap fb done  ------
D/SurfaceFlinger(  117): <1620262.25>  ----- [01;31m[Kxzl[m[K SurfaceFlinger::composeSurfaces compose done, prepare to swap fb ------
W/GLSurfaceView( 1206): <1620262>  --- [01;31m[Kxzl[m[K --- AFTER GLSurfaceView swap frame
W/GLSurfaceView( 1206): <1620262>  --- [01;31m[Kxzl[m[K --- BEFORE GLSurfaceView DrawFrame
W/APP     ( 1206): [01;31m[Kxzl[m[K: ===> entering onDrawFrame: <1620262> 
W/APP     ( 1206): [01;31m[Kxzl[m[K: ===> ev hits user code: <1620269>  {1620267} since event: 2 ms
D/InputDispatcher(  193): <1620270.25> ########### [01;31m[Kxzl[m[K finishDispatchCycle: 3.21ms since event, 2.56ms since dispatch
W/APP     ( 1206): [01;31m[Kxzl[m[K: ===> done onDrawFrame: <1620262> 
W/GLSurfaceView( 1206): <1620276>  --- [01;31m[Kxzl[m[K --- AFTER GLSurfaceView DrawFrame
W/GLSurfaceView( 1206): <1620277>  --- [01;31m[Kxzl[m[K --- BEFORE GLSurfaceView swap frame
D/SurfaceTextureClient( 1206): <1620278.25> [01;31m[Kxzl[m[K SurfaceTextureClient::queueBuffer
D/SurfaceFlinger(  117): <1620278.38>  --- [01;31m[Kxzl[m[K Layer::onFrameQueued
D/SurfaceFlinger(  117): <1620279.00>  ----- [01;31m[Kxzl[m[K SurfaceFlinger::composeSurfaces() swap fb done  ------
D/SurfaceFlinger(  117): <1620279.25>  ----- [01;31m[Kxzl[m[K SurfaceFlinger::composeSurfaces compose done, prepare to swap fb ------
W/GLSurfaceView( 1206): <1620279>  --- [01;31m[Kxzl[m[K --- AFTER GLSurfaceView swap frame
W/GLSurfaceView( 1206): <1620280>  --- [01;31m[Kxzl[m[K --- BEFORE GLSurfaceView DrawFrame
W/APP     ( 1206): [01;31m[Kxzl[m[K: ===> entering onDrawFrame: <1620280> 
W/APP     ( 1206): [01;31m[Kxzl[m[K: ===> ev hits user code: <1620286>  {1620276} since event: 10 ms
D/InputDispatcher(  193): <1620288.62> ########### [01;31m[Kxzl[m[K finishDispatchCycle: 12.21ms since event, 11.60ms since dispatch
W/APP     ( 1206): [01;31m[Kxzl[m[K: ===> ev hits user code: <1620292>  {1620285} since event: 7 ms
D/InputDispatcher(  193): <1620293.38> ########### [01;31m[Kxzl[m[K finishDispatchCycle: 8.18ms since event, 4.49ms since dispatch
W/APP     ( 1206): [01;31m[Kxzl[m[K: ===> done onDrawFrame: <1620280> 
W/GLSurfaceView( 1206): <1620294>  --- [01;31m[Kxzl[m[K --- AFTER GLSurfaceView DrawFrame
W/GLSurfaceView( 1206): <1620294>  --- [01;31m[Kxzl[m[K --- BEFORE GLSurfaceView swap frame
D/SurfaceTextureClient( 1206): <1620295.12> [01;31m[Kxzl[m[K SurfaceTextureClient::queueBuffer
D/SurfaceFlinger(  117): <1620295.25>  --- [01;31m[Kxzl[m[K Layer::onFrameQueued
D/SurfaceFlinger(  117): <1620296.12>  ----- [01;31m[Kxzl[m[K SurfaceFlinger::composeSurfaces() swap fb done  ------
D/SurfaceFlinger(  117): <1620296.25>  ----- [01;31m[Kxzl[m[K SurfaceFlinger::composeSurfaces compose done, prepare to swap fb ------
W/GLSurfaceView( 1206): <1620296>  --- [01;31m[Kxzl[m[K --- AFTER GLSurfaceView swap frame
W/GLSurfaceView( 1206): <1620296>  --- [01;31m[Kxzl[m[K --- BEFORE GLSurfaceView DrawFrame
W/APP     ( 1206): [01;31m[Kxzl[m[K: ===> entering onDrawFrame: <1620297> 
W/APP     ( 1206): [01;31m[Kxzl[m[K: ===> done onDrawFrame: <1620297> 
W/GLSurfaceView( 1206): <1620311>  --- [01;31m[Kxzl[m[K --- AFTER GLSurfaceView DrawFrame
W/GLSurfaceView( 1206): <1620311>  --- [01;31m[Kxzl[m[K --- BEFORE GLSurfaceView swap frame
D/SurfaceTextureClient( 1206): <1620311.88> [01;31m[Kxzl[m[K SurfaceTextureClient::queueBuffer
D/SurfaceFlinger(  117): <1620311.88>  --- [01;31m[Kxzl[m[K Layer::onFrameQueued
D/SurfaceFlinger(  117): <1620313.00>  ----- [01;31m[Kxzl[m[K SurfaceFlinger::composeSurfaces() swap fb done  ------
D/SurfaceFlinger(  117): <1620313.25>  ----- [01;31m[Kxzl[m[K SurfaceFlinger::composeSurfaces compose done, prepare to swap fb ------
W/GLSurfaceView( 1206): <1620313>  --- [01;31m[Kxzl[m[K --- AFTER GLSurfaceView swap frame
D/SurfaceFlinger(  117): <1620330.00>  ----- [01;31m[Kxzl[m[K SurfaceFlinger::composeSurfaces() swap fb done  ------
I/SurfaceFlinger(  117): ------- [01;31m[Kxzl[m[K SurfaceFlinger::repaintEverything()
D/SurfaceFlinger(  117): <1620565.50>  ----- [01;31m[Kxzl[m[K SurfaceFlinger::composeSurfaces compose done, prepare to swap fb ------
D/SurfaceFlinger(  117): <1620573.25>  ----- [01;31m[Kxzl[m[K SurfaceFlinger::composeSurfaces() swap fb done  ------
