D/SurfaceTextureClient( 1206): <1618080.00> [01;31m[Kxzl[m[K SurfaceTextureClient::queueBuffer
D/SurfaceFlinger(  117): <1618080.00>  --- [01;31m[Kxzl[m[K Layer::onFrameQueued
D/SurfaceFlinger(  117): <1618080.12>  ----- [01;31m[Kxzl[m[K SurfaceFlinger::composeSurfaces compose done, prepare to swap fb ------
W/GLSurfaceView( 1206): <1618080>  --- [01;31m[Kxzl[m[K --- AFTER GLSurfaceView swap frame
W/GLSurfaceView( 1206): <1618081>  --- [01;31m[Kxzl[m[K --- BEFORE GLSurfaceView DrawFrame
W/APP     ( 1206): [01;31m[Kxzl[m[K: ===> entering onDrawFrame: <1618081> 
W/APP     ( 1206): [01;31m[Kxzl[m[K: ===> ev hits user code: <1618084>  {1618082} since event: 2 ms
D/InputDispatcher(  193): <1618085.38> ########### [01;31m[Kxzl[m[K finishDispatchCycle: 2.81ms since event, 2.14ms since dispatch
D/SurfaceFlinger(  117): <1618091.88>  ----- [01;31m[Kxzl[m[K SurfaceFlinger::composeSurfaces() swap fb done  ------
W/APP     ( 1206): [01;31m[Kxzl[m[K: ===> done onDrawFrame: <1618081> 
W/GLSurfaceView( 1206): <1618094>  --- [01;31m[Kxzl[m[K --- AFTER GLSurfaceView DrawFrame
W/GLSurfaceView( 1206): <1618095>  --- [01;31m[Kxzl[m[K --- BEFORE GLSurfaceView swap frame
D/SurfaceTextureClient( 1206): <1618095.62> [01;31m[Kxzl[m[K SurfaceTextureClient::queueBuffer
D/SurfaceFlinger(  117): <1618095.75>  --- [01;31m[Kxzl[m[K Layer::onFrameQueued
D/SurfaceFlinger(  117): <1618095.88>  ----- [01;31m[Kxzl[m[K SurfaceFlinger::composeSurfaces compose done, prepare to swap fb ------
W/GLSurfaceView( 1206): <1618096>  --- [01;31m[Kxzl[m[K --- AFTER GLSurfaceView swap frame
W/GLSurfaceView( 1206): <1618096>  --- [01;31m[Kxzl[m[K --- BEFORE GLSurfaceView DrawFrame
W/APP     ( 1206): [01;31m[Kxzl[m[K: ===> entering onDrawFrame: <1618096> 
W/APP     ( 1206): [01;31m[Kxzl[m[K: ===> ev hits user code: <1618094>  {1618092} since event: 2 ms
D/InputDispatcher(  193): <1618097.75> ########### [01;31m[Kxzl[m[K finishDispatchCycle: 5.55ms since event, 5.00ms since dispatch
W/APP     ( 1206): [01;31m[Kxzl[m[K: ===> ev hits user code: <1618104>  {1618101} since event: 3 ms
D/InputDispatcher(  193): <1618105.50> ########### [01;31m[Kxzl[m[K finishDispatchCycle: 3.60ms since event, 3.05ms since dispatch
D/SurfaceFlinger(  117): <1618108.75>  ----- [01;31m[Kxzl[m[K SurfaceFlinger::composeSurfaces() swap fb done  ------
W/APP     ( 1206): [01;31m[Kxzl[m[K: ===> done onDrawFrame: <1618096> 
W/GLSurfaceView( 1206): <1618110>  --- [01;31m[Kxzl[m[K --- AFTER GLSurfaceView DrawFrame
W/GLSurfaceView( 1206): <1618110>  --- [01;31m[Kxzl[m[K --- BEFORE GLSurfaceView swap frame
D/SurfaceTextureClient( 1206): <1618111.75> [01;31m[Kxzl[m[K SurfaceTextureClient::queueBuffer
D/SurfaceFlinger(  117): <1618111.75>  --- [01;31m[Kxzl[m[K Layer::onFrameQueued
D/SurfaceFlinger(  117): <1618113.12>  ----- [01;31m[Kxzl[m[K SurfaceFlinger::composeSurfaces compose done, prepare to swap fb ------
W/GLSurfaceView( 1206): <1618113>  --- [01;31m[Kxzl[m[K --- AFTER GLSurfaceView swap frame
W/GLSurfaceView( 1206): <1618113>  --- [01;31m[Kxzl[m[K --- BEFORE GLSurfaceView DrawFrame
W/APP     ( 1206): [01;31m[Kxzl[m[K: ===> entering onDrawFrame: <1618113> 
W/APP     ( 1206): [01;31m[Kxzl[m[K: ===> ev hits user code: <1618115>  {1618111} since event: 4 ms
D/InputDispatcher(  193): <1618115.62> ########### [01;31m[Kxzl[m[K finishDispatchCycle: 4.18ms since event, 3.60ms since dispatch
W/APP     ( 1206): [01;31m[Kxzl[m[K: ===> ev hits user code: <1618124>  {1618121} since event: 3 ms
D/SurfaceFlinger(  117): <1618125.75>  ----- [01;31m[Kxzl[m[K SurfaceFlinger::composeSurfaces() swap fb done  ------
W/APP     ( 1206): [01;31m[Kxzl[m[K: ===> done onDrawFrame: <1618113> 
W/GLSurfaceView( 1206): <1618127>  --- [01;31m[Kxzl[m[K --- AFTER GLSurfaceView DrawFrame
W/GLSurfaceView( 1206): <1618127>  --- [01;31m[Kxzl[m[K --- BEFORE GLSurfaceView swap frame
D/SurfaceTextureClient( 1206): <1618128.50> [01;31m[Kxzl[m[K SurfaceTextureClient::queueBuffer
D/SurfaceFlinger(  117): <1618128.50>  --- [01;31m[Kxzl[m[K Layer::onFrameQueued
D/SurfaceFlinger(  117): <1618128.75>  ----- [01;31m[Kxzl[m[K SurfaceFlinger::composeSurfaces compose done, prepare to swap fb ------
W/GLSurfaceView( 1206): <1618129>  --- [01;31m[Kxzl[m[K --- AFTER GLSurfaceView swap frame
W/GLSurfaceView( 1206): <1618129>  --- [01;31m[Kxzl[m[K --- BEFORE GLSurfaceView DrawFrame
W/APP     ( 1206): [01;31m[Kxzl[m[K: ===> entering onDrawFrame: <1618130> 
D/InputDispatcher(  193): <1618132.62> ########### [01;31m[Kxzl[m[K finishDispatchCycle: 11.17ms since event, 10.44ms since dispatch
W/APP     ( 1206): [01;31m[Kxzl[m[K: ===> ev hits user code: <1618134>  {1618131} since event: 3 ms
D/InputDispatcher(  193): <1618135.62> ########### [01;31m[Kxzl[m[K finishDispatchCycle: 4.39ms since event, 2.87ms since dispatch
D/SurfaceFlinger(  117): <1618142.62>  ----- [01;31m[Kxzl[m[K SurfaceFlinger::composeSurfaces() swap fb done  ------
W/APP     ( 1206): [01;31m[Kxzl[m[K: ===> done onDrawFrame: <1618130> 
W/GLSurfaceView( 1206): <1618144>  --- [01;31m[Kxzl[m[K --- AFTER GLSurfaceView DrawFrame
W/GLSurfaceView( 1206): <1618144>  --- [01;31m[Kxzl[m[K --- BEFORE GLSurfaceView swap frame
D/SurfaceTextureClient( 1206): <1618144.88> [01;31m[Kxzl[m[K SurfaceTextureClient::queueBuffer
D/SurfaceFlinger(  117): <1618145.00>  --- [01;31m[Kxzl[m[K Layer::onFrameQueued
D/SurfaceFlinger(  117): <1618145.12>  ----- [01;31m[Kxzl[m[K SurfaceFlinger::composeSurfaces compose done, prepare to swap fb ------
W/GLSurfaceView( 1206): <1618145>  --- [01;31m[Kxzl[m[K --- AFTER GLSurfaceView swap frame
W/GLSurfaceView( 1206): <1618146>  --- [01;31m[Kxzl[m[K --- BEFORE GLSurfaceView DrawFrame
W/APP     ( 1206): [01;31m[Kxzl[m[K: ===> entering onDrawFrame: <1618146> 
W/APP     ( 1206): [01;31m[Kxzl[m[K: ===> ev hits user code: <1618147>  {1618141} since event: 6 ms
D/InputDispatcher(  193): <1618148.75> ########### [01;31m[Kxzl[m[K finishDispatchCycle: 7.69ms since event, 7.02ms since dispatch
W/APP     ( 1206): [01;31m[Kxzl[m[K: ===> ev hits user code: <1618154>  {1618152} since event: 2 ms
D/InputDispatcher(  193): <1618155.25> ########### [01;31m[Kxzl[m[K finishDispatchCycle: 3.11ms since event, 2.44ms since dispatch
D/SurfaceFlinger(  117): <1618160.38>  ----- [01;31m[Kxzl[m[K SurfaceFlinger::composeSurfaces() swap fb done  ------
W/APP     ( 1206): [01;31m[Kxzl[m[K: ===> done onDrawFrame: <1618146> 
W/GLSurfaceView( 1206): <1618160>  --- [01;31m[Kxzl[m[K --- AFTER GLSurfaceView DrawFrame
W/GLSurfaceView( 1206): <1618160>  --- [01;31m[Kxzl[m[K --- BEFORE GLSurfaceView swap frame
D/SurfaceTextureClient( 1206): <1618161.88> [01;31m[Kxzl[m[K SurfaceTextureClient::queueBuffer
D/SurfaceFlinger(  117): <1618161.88>  --- [01;31m[Kxzl[m[K Layer::onFrameQueued
D/SurfaceFlinger(  117): <1618162.62>  ----- [01;31m[Kxzl[m[K SurfaceFlinger::composeSurfaces compose done, prepare to swap fb ------
W/GLSurfaceView( 1206): <1618162>  --- [01;31m[Kxzl[m[K --- AFTER GLSurfaceView swap frame
W/GLSurfaceView( 1206): <1618163>  --- [01;31m[Kxzl[m[K --- BEFORE GLSurfaceView DrawFrame
W/APP     ( 1206): [01;31m[Kxzl[m[K: ===> entering onDrawFrame: <1618163> 
W/APP     ( 1206): [01;31m[Kxzl[m[K: ===> ev hits user code: <1618166>  {1618160} since event: 6 ms
D/InputDispatcher(  193): <1618167.50> ########### [01;31m[Kxzl[m[K finishDispatchCycle: 6.87ms since event, 5.10ms since dispatch
W/APP     ( 1206): [01;31m[Kxzl[m[K: ===> ev hits user code: <1618173>  {1618170} since event: 3 ms
D/InputDispatcher(  193): <1618173.88> ########### [01;31m[Kxzl[m[K finishDispatchCycle: 3.63ms since event, 2.11ms since dispatch
D/SurfaceFlinger(  117): <1618176.62>  ----- [01;31m[Kxzl[m[K SurfaceFlinger::composeSurfaces() swap fb done  ------
W/APP     ( 1206): [01;31m[Kxzl[m[K: ===> done onDrawFrame: <1618163> 
W/GLSurfaceView( 1206): <1618177>  --- [01;31m[Kxzl[m[K --- AFTER GLSurfaceView DrawFrame
W/GLSurfaceView( 1206): <1618177>  --- [01;31m[Kxzl[m[K --- BEFORE GLSurfaceView swap frame
D/SurfaceTextureClient( 1206): <1618177.88> [01;31m[Kxzl[m[K SurfaceTextureClient::queueBuffer
D/SurfaceFlinger(  117): <1618178.00>  --- [01;31m[Kxzl[m[K Layer::onFrameQueued
D/SurfaceFlinger(  117): <1618178.12>  ----- [01;31m[Kxzl[m[K SurfaceFlinger::composeSurfaces compose done, prepare to swap fb ------
W/GLSurfaceView( 1206): <1618178>  --- [01;31m[Kxzl[m[K --- AFTER GLSurfaceView swap frame
W/GLSurfaceView( 1206): <1618178>  --- [01;31m[Kxzl[m[K --- BEFORE GLSurfaceView DrawFrame
W/APP     ( 1206): [01;31m[Kxzl[m[K: ===> entering onDrawFrame: <1618179> 
W/APP     ( 1206): [01;31m[Kxzl[m[K: ===> ev hits user code: <1618184>  {1618180} since event: 4 ms
D/InputDispatcher(  193): <1618185.75> ########### [01;31m[Kxzl[m[K finishDispatchCycle: 5.62ms since event, 3.85ms since dispatch
W/APP     ( 1206): [01;31m[Kxzl[m[K: ===> done onDrawFrame: <1618179> 
D/SurfaceFlinger(  117): <1618193.50>  ----- [01;31m[Kxzl[m[K SurfaceFlinger::composeSurfaces() swap fb done  ------
W/GLSurfaceView( 1206): <1618193>  --- [01;31m[Kxzl[m[K --- AFTER GLSurfaceView DrawFrame
W/GLSurfaceView( 1206): <1618193>  --- [01;31m[Kxzl[m[K --- BEFORE GLSurfaceView swap frame
D/SurfaceTextureClient( 1206): <1618194.62> [01;31m[Kxzl[m[K SurfaceTextureClient::queueBuffer
D/SurfaceFlinger(  117): <1618194.75>  --- [01;31m[Kxzl[m[K Layer::onFrameQueued
D/SurfaceFlinger(  117): <1618194.88>  ----- [01;31m[Kxzl[m[K SurfaceFlinger::composeSurfaces compose done, prepare to swap fb ------
W/APP     ( 1206): [01;31m[Kxzl[m[K: ===> ev hits user code: <1618195>  {1618189} since event: 6 ms
W/GLSurfaceView( 1206): <1618195>  --- [01;31m[Kxzl[m[K --- AFTER GLSurfaceView swap frame
D/InputDispatcher(  193): <1618196.12> ########### [01;31m[Kxzl[m[K finishDispatchCycle: 6.38ms since event, 4.82ms since dispatch
W/GLSurfaceView( 1206): <1618196>  --- [01;31m[Kxzl[m[K --- BEFORE GLSurfaceView DrawFrame
W/APP     ( 1206): [01;31m[Kxzl[m[K: ===> entering onDrawFrame: <1618196> 
W/APP     ( 1206): [01;31m[Kxzl[m[K: ===> ev hits user code: <1618202>  {1618199} since event: 3 ms
D/InputDispatcher(  193): <1618203.12> ########### [01;31m[Kxzl[m[K finishDispatchCycle: 3.54ms since event, 2.04ms since dispatch
W/APP     ( 1206): [01;31m[Kxzl[m[K: ===> done onDrawFrame: <1618196> 
W/GLSurfaceView( 1206): <1618210>  --- [01;31m[Kxzl[m[K --- AFTER GLSurfaceView DrawFrame
W/GLSurfaceView( 1206): <1618210>  --- [01;31m[Kxzl[m[K --- BEFORE GLSurfaceView swap frame
D/SurfaceFlinger(  117): <1618211.12>  ----- [01;31m[Kxzl[m[K SurfaceFlinger::composeSurfaces() swap fb done  ------
D/SurfaceTextureClient( 1206): <1618211.62> [01;31m[Kxzl[m[K SurfaceTextureClient::queueBuffer
D/SurfaceFlinger(  117): <1618211.62>  --- [01;31m[Kxzl[m[K Layer::onFrameQueued
D/SurfaceFlinger(  117): <1618211.75>  ----- [01;31m[Kxzl[m[K SurfaceFlinger::composeSurfaces compose done, prepare to swap fb ------
W/GLSurfaceView( 1206): <1618212>  --- [01;31m[Kxzl[m[K --- AFTER GLSurfaceView swap frame
W/GLSurfaceView( 1206): <1618212>  --- [01;31m[Kxzl[m[K --- BEFORE GLSurfaceView DrawFrame
W/APP     ( 1206): [01;31m[Kxzl[m[K: ===> entering onDrawFrame: <1618213> 
W/APP     ( 1206): [01;31m[Kxzl[m[K: ===> ev hits user code: <1618213>  {1618209} since event: 4 ms
D/InputDispatcher(  193): <1618214.25> ########### [01;31m[Kxzl[m[K finishDispatchCycle: 4.97ms since event, 3.39ms since dispatch
W/APP     ( 1206): [01;31m[Kxzl[m[K: ===> ev hits user code: <1618222>  {1618219} since event: 3 ms
D/InputDispatcher(  193): <1618222.75> ########### [01;31m[Kxzl[m[K finishDispatchCycle: 3.63ms since event, 2.11ms since dispatch
W/APP     ( 1206): [01;31m[Kxzl[m[K: ===> done onDrawFrame: <1618213> 
W/GLSurfaceView( 1206): <1618227>  --- [01;31m[Kxzl[m[K --- AFTER GLSurfaceView DrawFrame
W/GLSurfaceView( 1206): <1618227>  --- [01;31m[Kxzl[m[K --- BEFORE GLSurfaceView swap frame
D/SurfaceTextureClient( 1206): <1618228.50> [01;31m[Kxzl[m[K SurfaceTextureClient::queueBuffer
D/SurfaceFlinger(  117): <1618228.75>  ----- [01;31m[Kxzl[m[K SurfaceFlinger::composeSurfaces() swap fb done  ------
D/SurfaceFlinger(  117): <1618229.12>  --- [01;31m[Kxzl[m[K Layer::onFrameQueued
D/SurfaceFlinger(  117): <1618231.12>  ----- [01;31m[Kxzl[m[K SurfaceFlinger::composeSurfaces compose done, prepare to swap fb ------
W/GLSurfaceView( 1206): <1618231>  --- [01;31m[Kxzl[m[K --- AFTER GLSurfaceView swap frame
W/GLSurfaceView( 1206): <1618232>  --- [01;31m[Kxzl[m[K --- BEFORE GLSurfaceView DrawFrame
W/APP     ( 1206): [01;31m[Kxzl[m[K: ===> entering onDrawFrame: <1618232> 
W/APP     ( 1206): [01;31m[Kxzl[m[K: ===> ev hits user code: <1618236>  {1618229} since event: 7 ms
D/InputDispatcher(  193): <1618242.38> ########### [01;31m[Kxzl[m[K finishDispatchCycle: 13.18ms since event, 11.57ms since dispatch
D/SurfaceFlinger(  117): <1618244.38>  ----- [01;31m[Kxzl[m[K SurfaceFlinger::composeSurfaces() swap fb done  ------
W/APP     ( 1206): [01;31m[Kxzl[m[K: ===> ev hits user code: <1618245>  {1618238} since event: 7 ms
W/APP     ( 1206): [01;31m[Kxzl[m[K: ===> done onDrawFrame: <1618232> 
W/GLSurfaceView( 1206): <1618247>  --- [01;31m[Kxzl[m[K --- AFTER GLSurfaceView DrawFrame
W/GLSurfaceView( 1206): <1618248>  --- [01;31m[Kxzl[m[K --- BEFORE GLSurfaceView swap frame
D/SurfaceTextureClient( 1206): <1618250.38> [01;31m[Kxzl[m[K SurfaceTextureClient::queueBuffer
D/SurfaceFlinger(  117): <1618250.75>  --- [01;31m[Kxzl[m[K Layer::onFrameQueued
D/SurfaceFlinger(  117): <1618250.88>  ----- [01;31m[Kxzl[m[K SurfaceFlinger::composeSurfaces compose done, prepare to swap fb ------
D/InputDispatcher(  193): <1618251.50> ########### [01;31m[Kxzl[m[K finishDispatchCycle: 12.73ms since event, 8.94ms since dispatch
W/GLSurfaceView( 1206): <1618253>  --- [01;31m[Kxzl[m[K --- AFTER GLSurfaceView swap frame
W/GLSurfaceView( 1206): <1618253>  --- [01;31m[Kxzl[m[K --- BEFORE GLSurfaceView DrawFrame
W/APP     ( 1206): [01;31m[Kxzl[m[K: ===> entering onDrawFrame: <1618253> 
W/APP     ( 1206): [01;31m[Kxzl[m[K: ===> ev hits user code: <1618256>  {1618248} since event: 8 ms
D/InputDispatcher(  193): <1618260.50> ########### [01;31m[Kxzl[m[K finishDispatchCycle: 12.12ms since event, 8.79ms since dispatch
D/SurfaceFlinger(  117): <1618261.50>  ----- [01;31m[Kxzl[m[K SurfaceFlinger::composeSurfaces() swap fb done  ------
W/APP     ( 1206): [01;31m[Kxzl[m[K: ===> ev hits user code: <1618262>  {1618258} since event: 4 ms
D/InputDispatcher(  193): <1618263.38> ########### [01;31m[Kxzl[m[K finishDispatchCycle: 5.34ms since event, 2.81ms since dispatch
W/APP     ( 1206): [01;31m[Kxzl[m[K: ===> done onDrawFrame: <1618253> 
W/GLSurfaceView( 1206): <1618268>  --- [01;31m[Kxzl[m[K --- AFTER GLSurfaceView DrawFrame
W/GLSurfaceView( 1206): <1618269>  --- [01;31m[Kxzl[m[K --- BEFORE GLSurfaceView swap frame
D/SurfaceTextureClient( 1206): <1618270.00> [01;31m[Kxzl[m[K SurfaceTextureClient::queueBuffer
D/SurfaceFlinger(  117): <1618270.12>  --- [01;31m[Kxzl[m[K Layer::onFrameQueued
D/SurfaceFlinger(  117): <1618270.25>  ----- [01;31m[Kxzl[m[K SurfaceFlinger::composeSurfaces compose done, prepare to swap fb ------
W/GLSurfaceView( 1206): <1618270>  --- [01;31m[Kxzl[m[K --- AFTER GLSurfaceView swap frame
W/GLSurfaceView( 1206): <1618271>  --- [01;31m[Kxzl[m[K --- BEFORE GLSurfaceView DrawFrame
W/APP     ( 1206): [01;31m[Kxzl[m[K: ===> entering onDrawFrame: <1618271> 
W/APP     ( 1206): [01;31m[Kxzl[m[K: ===> ev hits user code: <1618278>  {1618267} since event: 11 ms
D/SurfaceFlinger(  117): <1618279.50>  ----- [01;31m[Kxzl[m[K SurfaceFlinger::composeSurfaces() swap fb done  ------
D/InputDispatcher(  193): <1618280.38> ########### [01;31m[Kxzl[m[K finishDispatchCycle: 12.45ms since event, 10.93ms since dispatch
W/APP     ( 1206): [01;31m[Kxzl[m[K: ===> ev hits user code: <1618282>  {1618277} since event: 5 ms
D/InputDispatcher(  193): <1618284.12> ########### [01;31m[Kxzl[m[K finishDispatchCycle: 6.32ms since event, 3.60ms since dispatch
W/APP     ( 1206): [01;31m[Kxzl[m[K: ===> done onDrawFrame: <1618271> 
W/GLSurfaceView( 1206): <1618285>  --- [01;31m[Kxzl[m[K --- AFTER GLSurfaceView DrawFrame
W/GLSurfaceView( 1206): <1618285>  --- [01;31m[Kxzl[m[K --- BEFORE GLSurfaceView swap frame
D/SurfaceTextureClient( 1206): <1618286.88> [01;31m[Kxzl[m[K SurfaceTextureClient::queueBuffer
D/SurfaceFlinger(  117): <1618287.25>  --- [01;31m[Kxzl[m[K Layer::onFrameQueued
D/SurfaceFlinger(  117): <1618288.88>  ----- [01;31m[Kxzl[m[K SurfaceFlinger::composeSurfaces compose done, prepare to swap fb ------
W/GLSurfaceView( 1206): <1618289>  --- [01;31m[Kxzl[m[K --- AFTER GLSurfaceView swap frame
W/GLSurfaceView( 1206): <1618290>  --- [01;31m[Kxzl[m[K --- BEFORE GLSurfaceView DrawFrame
W/APP     ( 1206): [01;31m[Kxzl[m[K: ===> entering onDrawFrame: <1618290> 
W/APP     ( 1206): [01;31m[Kxzl[m[K: ===> ev hits user code: <1618292>  {1618287} since event: 5 ms
D/InputDispatcher(  193): <1618292.75> ########### [01;31m[Kxzl[m[K finishDispatchCycle: 5.49ms since event, 3.97ms since dispatch
D/SurfaceFlinger(  117): <1618296.62>  ----- [01;31m[Kxzl[m[K SurfaceFlinger::composeSurfaces() swap fb done  ------
W/APP     ( 1206): [01;31m[Kxzl[m[K: ===> ev hits user code: <1618300>  {1618297} since event: 3 ms
D/InputDispatcher(  193): <1618300.88> ########### [01;31m[Kxzl[m[K finishDispatchCycle: 3.75ms since event, 2.23ms since dispatch
W/APP     ( 1206): [01;31m[Kxzl[m[K: ===> done onDrawFrame: <1618290> 
W/GLSurfaceView( 1206): <1618304>  --- [01;31m[Kxzl[m[K --- AFTER GLSurfaceView DrawFrame
W/GLSurfaceView( 1206): <1618304>  --- [01;31m[Kxzl[m[K --- BEFORE GLSurfaceView swap frame
D/SurfaceTextureClient( 1206): <1618305.00> [01;31m[Kxzl[m[K SurfaceTextureClient::queueBuffer
D/SurfaceFlinger(  117): <1618305.12>  --- [01;31m[Kxzl[m[K Layer::onFrameQueued
D/SurfaceFlinger(  117): <1618305.25>  ----- [01;31m[Kxzl[m[K SurfaceFlinger::composeSurfaces compose done, prepare to swap fb ------
W/GLSurfaceView( 1206): <1618305>  --- [01;31m[Kxzl[m[K --- AFTER GLSurfaceView swap frame
W/GLSurfaceView( 1206): <1618306>  --- [01;31m[Kxzl[m[K --- BEFORE GLSurfaceView DrawFrame
W/APP     ( 1206): [01;31m[Kxzl[m[K: ===> entering onDrawFrame: <1618306> 
W/APP     ( 1206): [01;31m[Kxzl[m[K: ===> ev hits user code: <1618309>  {1618306} since event: 3 ms
D/InputDispatcher(  193): <1618311.25> ########### [01;31m[Kxzl[m[K finishDispatchCycle: 4.52ms since event, 3.02ms since dispatch
D/SurfaceFlinger(  117): <1618312.25>  ----- [01;31m[Kxzl[m[K SurfaceFlinger::composeSurfaces() swap fb done  ------
W/APP     ( 1206): [01;31m[Kxzl[m[K: ===> done onDrawFrame: <1618306> 
W/GLSurfaceView( 1206): <1618321>  --- [01;31m[Kxzl[m[K --- AFTER GLSurfaceView DrawFrame
W/GLSurfaceView( 1206): <1618321>  --- [01;31m[Kxzl[m[K --- BEFORE GLSurfaceView swap frame
D/SurfaceTextureClient( 1206): <1618322.38> [01;31m[Kxzl[m[K SurfaceTextureClient::queueBuffer
D/SurfaceFlinger(  117): <1618322.38>  --- [01;31m[Kxzl[m[K Layer::onFrameQueued
D/SurfaceFlinger(  117): <1618322.50>  ----- [01;31m[Kxzl[m[K SurfaceFlinger::composeSurfaces compose done, prepare to swap fb ------
W/GLSurfaceView( 1206): <1618323>  --- [01;31m[Kxzl[m[K --- AFTER GLSurfaceView swap frame
W/GLSurfaceView( 1206): <1618323>  --- [01;31m[Kxzl[m[K --- BEFORE GLSurfaceView DrawFrame
W/APP     ( 1206): [01;31m[Kxzl[m[K: ===> entering onDrawFrame: <1618323> 
W/APP     ( 1206): [01;31m[Kxzl[m[K: ===> ev hits user code: <1618319>  {1618316} since event: 3 ms
D/InputDispatcher(  193): <1618325.88> ########### [01;31m[Kxzl[m[K finishDispatchCycle: 9.25ms since event, 7.75ms since dispatch
D/SurfaceFlinger(  117): <1618329.25>  ----- [01;31m[Kxzl[m[K SurfaceFlinger::composeSurfaces() swap fb done  ------
W/APP     ( 1206): [01;31m[Kxzl[m[K: ===> ev hits user code: <1618330>  {1618326} since event: 4 ms
D/InputDispatcher(  193): <1618332.88> ########### [01;31m[Kxzl[m[K finishDispatchCycle: 6.44ms since event, 4.91ms since dispatch
W/APP     ( 1206): [01;31m[Kxzl[m[K: ===> done onDrawFrame: <1618323> 
W/GLSurfaceView( 1206): <1618337>  --- [01;31m[Kxzl[m[K --- AFTER GLSurfaceView DrawFrame
W/GLSurfaceView( 1206): <1618338>  --- [01;31m[Kxzl[m[K --- BEFORE GLSurfaceView swap frame
D/SurfaceTextureClient( 1206): <1618338.75> [01;31m[Kxzl[m[K SurfaceTextureClient::queueBuffer
D/SurfaceFlinger(  117): <1618338.88>  --- [01;31m[Kxzl[m[K Layer::onFrameQueued
D/SurfaceFlinger(  117): <1618339.12>  ----- [01;31m[Kxzl[m[K SurfaceFlinger::composeSurfaces compose done, prepare to swap fb ------
W/GLSurfaceView( 1206): <1618340>  --- [01;31m[Kxzl[m[K --- AFTER GLSurfaceView swap frame
W/GLSurfaceView( 1206): <1618340>  --- [01;31m[Kxzl[m[K --- BEFORE GLSurfaceView DrawFrame
W/APP     ( 1206): [01;31m[Kxzl[m[K: ===> entering onDrawFrame: <1618340> 
W/APP     ( 1206): [01;31m[Kxzl[m[K: ===> ev hits user code: <1618341>  {1618337} since event: 4 ms
D/InputDispatcher(  193): <1618342.12> ########### [01;31m[Kxzl[m[K finishDispatchCycle: 4.64ms since event, 2.96ms since dispatch
D/SurfaceFlinger(  117): <1618347.25>  ----- [01;31m[Kxzl[m[K SurfaceFlinger::composeSurfaces() swap fb done  ------
W/APP     ( 1206): [01;31m[Kxzl[m[K: ===> ev hits user code: <1618349>  {1618347} since event: 2 ms
D/InputDispatcher(  193): <1618350.00> ########### [01;31m[Kxzl[m[K finishDispatchCycle: 2.75ms since event, 2.08ms since dispatch
W/APP     ( 1206): [01;31m[Kxzl[m[K: ===> done onDrawFrame: <1618340> 
W/GLSurfaceView( 1206): <1618354>  --- [01;31m[Kxzl[m[K --- AFTER GLSurfaceView DrawFrame
W/GLSurfaceView( 1206): <1618355>  --- [01;31m[Kxzl[m[K --- BEFORE GLSurfaceView swap frame
D/SurfaceTextureClient( 1206): <1618355.50> [01;31m[Kxzl[m[K SurfaceTextureClient::queueBuffer
D/SurfaceFlinger(  117): <1618355.50>  --- [01;31m[Kxzl[m[K Layer::onFrameQueued
D/SurfaceFlinger(  117): <1618355.62>  ----- [01;31m[Kxzl[m[K SurfaceFlinger::composeSurfaces compose done, prepare to swap fb ------
W/GLSurfaceView( 1206): <1618356>  --- [01;31m[Kxzl[m[K --- AFTER GLSurfaceView swap frame
W/GLSurfaceView( 1206): <1618356>  --- [01;31m[Kxzl[m[K --- BEFORE GLSurfaceView DrawFrame
W/APP     ( 1206): [01;31m[Kxzl[m[K: ===> entering onDrawFrame: <1618356> 
W/APP     ( 1206): [01;31m[Kxzl[m[K: ===> ev hits user code: <1618359>  {1618356} since event: 3 ms
D/InputDispatcher(  193): <1618360.75> ########### [01;31m[Kxzl[m[K finishDispatchCycle: 4.03ms since event, 3.48ms since dispatch
D/SurfaceFlinger(  117): <1618363.12>  ----- [01;31m[Kxzl[m[K SurfaceFlinger::composeSurfaces() swap fb done  ------
W/APP     ( 1206): [01;31m[Kxzl[m[K: ===> ev hits user code: <1618369>  {1618365} since event: 4 ms
D/InputDispatcher(  193): <1618370.00> ########### [01;31m[Kxzl[m[K finishDispatchCycle: 4.88ms since event, 3.39ms since dispatch
W/APP     ( 1206): [01;31m[Kxzl[m[K: ===> done onDrawFrame: <1618356> 
W/GLSurfaceView( 1206): <1618370>  --- [01;31m[Kxzl[m[K --- AFTER GLSurfaceView DrawFrame
W/GLSurfaceView( 1206): <1618370>  --- [01;31m[Kxzl[m[K --- BEFORE GLSurfaceView swap frame
D/SurfaceTextureClient( 1206): <1618371.62> [01;31m[Kxzl[m[K SurfaceTextureClient::queueBuffer
D/SurfaceFlinger(  117): <1618371.62>  --- [01;31m[Kxzl[m[K Layer::onFrameQueued
D/SurfaceFlinger(  117): <1618371.88>  ----- [01;31m[Kxzl[m[K SurfaceFlinger::composeSurfaces compose done, prepare to swap fb ------
W/GLSurfaceView( 1206): <1618372>  --- [01;31m[Kxzl[m[K --- AFTER GLSurfaceView swap frame
W/GLSurfaceView( 1206): <1618373>  --- [01;31m[Kxzl[m[K --- BEFORE GLSurfaceView DrawFrame
W/APP     ( 1206): [01;31m[Kxzl[m[K: ===> entering onDrawFrame: <1618373> 
W/APP     ( 1206): [01;31m[Kxzl[m[K: ===> ev hits user code: <1618378>  {1618374} since event: 4 ms
D/InputDispatcher(  193): <1618379.25> ########### [01;31m[Kxzl[m[K finishDispatchCycle: 4.39ms since event, 2.78ms since dispatch
D/SurfaceFlinger(  117): <1618380.00>  ----- [01;31m[Kxzl[m[K SurfaceFlinger::composeSurfaces() swap fb done  ------
W/APP     ( 1206): [01;31m[Kxzl[m[K: ===> done onDrawFrame: <1618373> 
W/GLSurfaceView( 1206): <1618387>  --- [01;31m[Kxzl[m[K --- AFTER GLSurfaceView DrawFrame
W/GLSurfaceView( 1206): <1618387>  --- [01;31m[Kxzl[m[K --- BEFORE GLSurfaceView swap frame
D/SurfaceTextureClient( 1206): <1618388.38> [01;31m[Kxzl[m[K SurfaceTextureClient::queueBuffer
D/SurfaceFlinger(  117): <1618388.50>  --- [01;31m[Kxzl[m[K Layer::onFrameQueued
D/SurfaceFlinger(  117): <1618388.75>  ----- [01;31m[Kxzl[m[K SurfaceFlinger::composeSurfaces compose done, prepare to swap fb ------
W/GLSurfaceView( 1206): <1618388>  --- [01;31m[Kxzl[m[K --- AFTER GLSurfaceView swap frame
W/GLSurfaceView( 1206): <1618389>  --- [01;31m[Kxzl[m[K --- BEFORE GLSurfaceView DrawFrame
W/APP     ( 1206): [01;31m[Kxzl[m[K: ===> entering onDrawFrame: <1618389> 
W/APP     ( 1206): [01;31m[Kxzl[m[K: ===> ev hits user code: <1618392>  {1618384} since event: 8 ms
D/InputDispatcher(  193): <1618396.25> ########### [01;31m[Kxzl[m[K finishDispatchCycle: 11.60ms since event, 10.01ms since dispatch
D/SurfaceFlinger(  117): <1618397.00>  ----- [01;31m[Kxzl[m[K SurfaceFlinger::composeSurfaces() swap fb done  ------
W/APP     ( 1206): [01;31m[Kxzl[m[K: ===> ev hits user code: <1618399>  {1618394} since event: 5 ms
W/APP     ( 1206): [01;31m[Kxzl[m[K: ===> done onDrawFrame: <1618389> 
W/GLSurfaceView( 1206): <1618406>  --- [01;31m[Kxzl[m[K --- AFTER GLSurfaceView DrawFrame
W/GLSurfaceView( 1206): <1618406>  --- [01;31m[Kxzl[m[K --- BEFORE GLSurfaceView swap frame
D/SurfaceTextureClient( 1206): <1618406.88> [01;31m[Kxzl[m[K SurfaceTextureClient::queueBuffer
D/SurfaceFlinger(  117): <1618406.88>  --- [01;31m[Kxzl[m[K Layer::onFrameQueued
D/SurfaceFlinger(  117): <1618407.00>  ----- [01;31m[Kxzl[m[K SurfaceFlinger::composeSurfaces compose done, prepare to swap fb ------
W/GLSurfaceView( 1206): <1618407>  --- [01;31m[Kxzl[m[K --- AFTER GLSurfaceView swap frame
W/GLSurfaceView( 1206): <1618407>  --- [01;31m[Kxzl[m[K --- BEFORE GLSurfaceView DrawFrame
W/APP     ( 1206): [01;31m[Kxzl[m[K: ===> entering onDrawFrame: <1618408> 
D/InputDispatcher(  193): <1618408.88> ########### [01;31m[Kxzl[m[K finishDispatchCycle: 14.31ms since event, 12.42ms since dispatch
D/SurfaceFlinger(  117): <1618415.12>  ----- [01;31m[Kxzl[m[K SurfaceFlinger::composeSurfaces() swap fb done  ------
W/APP     ( 1206): [01;31m[Kxzl[m[K: ===> ev hits user code: <1618417>  {1618404} since event: 13 ms
D/InputDispatcher(  193): <1618418.62> ########### [01;31m[Kxzl[m[K finishDispatchCycle: 14.50ms since event, 9.64ms since dispatch
W/APP     ( 1206): [01;31m[Kxzl[m[K: ===> done onDrawFrame: <1618408> 
W/APP     ( 1206): [01;31m[Kxzl[m[K: ===> ev hits user code: <1618424>  {1618413} since event: 11 ms
W/GLSurfaceView( 1206): <1618426>  --- [01;31m[Kxzl[m[K --- AFTER GLSurfaceView DrawFrame
D/InputDispatcher(  193): <1618427.50> ########### [01;31m[Kxzl[m[K finishDispatchCycle: 13.73ms since event, 8.73ms since dispatch
W/GLSurfaceView( 1206): <1618427>  --- [01;31m[Kxzl[m[K --- BEFORE GLSurfaceView swap frame
D/SurfaceTextureClient( 1206): <1618429.75> [01;31m[Kxzl[m[K SurfaceTextureClient::queueBuffer
D/SurfaceFlinger(  117): <1618430.38>  --- [01;31m[Kxzl[m[K Layer::onFrameQueued
D/SurfaceFlinger(  117): <1618430.62>  ----- [01;31m[Kxzl[m[K SurfaceFlinger::composeSurfaces compose done, prepare to swap fb ------
D/SurfaceFlinger(  117): <1618430.88>  ----- [01;31m[Kxzl[m[K SurfaceFlinger::composeSurfaces() swap fb done  ------
W/APP     ( 1206): [01;31m[Kxzl[m[K: ===> ev hits user code: <1618432>  {1618423} since event: 9 ms
D/InputDispatcher(  193): <1618434.75> ########### [01;31m[Kxzl[m[K finishDispatchCycle: 11.05ms since event, 7.02ms since dispatch
W/GLSurfaceView( 1206): <1618434>  --- [01;31m[Kxzl[m[K --- AFTER GLSurfaceView swap frame
W/GLSurfaceView( 1206): <1618435>  --- [01;31m[Kxzl[m[K --- BEFORE GLSurfaceView DrawFrame
W/APP     ( 1206): [01;31m[Kxzl[m[K: ===> entering onDrawFrame: <1618435> 
W/APP     ( 1206): [01;31m[Kxzl[m[K: ===> ev hits user code: <1618437>  {1618433} since event: 4 ms
D/InputDispatcher(  193): <1618437.88> ########### [01;31m[Kxzl[m[K finishDispatchCycle: 4.67ms since event, 3.05ms since dispatch
W/APP     ( 1206): [01;31m[Kxzl[m[K: ===> done onDrawFrame: <1618435> 
W/GLSurfaceView( 1206): <1618449>  --- [01;31m[Kxzl[m[K --- AFTER GLSurfaceView DrawFrame
W/GLSurfaceView( 1206): <1618449>  --- [01;31m[Kxzl[m[K --- BEFORE GLSurfaceView swap frame
D/SurfaceTextureClient( 1206): <1618450.62> [01;31m[Kxzl[m[K SurfaceTextureClient::queueBuffer
D/SurfaceFlinger(  117): <1618450.75>  --- [01;31m[Kxzl[m[K Layer::onFrameQueued
D/SurfaceFlinger(  117): <1618450.88>  ----- [01;31m[Kxzl[m[K SurfaceFlinger::composeSurfaces compose done, prepare to swap fb ------
W/GLSurfaceView( 1206): <1618454>  --- [01;31m[Kxzl[m[K --- AFTER GLSurfaceView swap frame
W/GLSurfaceView( 1206): <1618455>  --- [01;31m[Kxzl[m[K --- BEFORE GLSurfaceView DrawFrame
W/APP     ( 1206): [01;31m[Kxzl[m[K: ===> entering onDrawFrame: <1618455> 
W/APP     ( 1206): [01;31m[Kxzl[m[K: ===> ev hits user code: <1618449>  {1618443} since event: 6 ms
D/InputDispatcher(  193): <1618458.25> ########### [01;31m[Kxzl[m[K finishDispatchCycle: 15.14ms since event, 13.58ms since dispatch
D/SurfaceFlinger(  117): <1618464.88>  ----- [01;31m[Kxzl[m[K SurfaceFlinger::composeSurfaces() swap fb done  ------
W/APP     ( 1206): [01;31m[Kxzl[m[K: ===> ev hits user code: <1618468>  {1618452} since event: 16 ms
W/APP     ( 1206): [01;31m[Kxzl[m[K: ===> done onDrawFrame: <1618455> 
W/GLSurfaceView( 1206): <1618469>  --- [01;31m[Kxzl[m[K --- AFTER GLSurfaceView DrawFrame
W/GLSurfaceView( 1206): <1618469>  --- [01;31m[Kxzl[m[K --- BEFORE GLSurfaceView swap frame
D/SurfaceTextureClient( 1206): <1618469.88> [01;31m[Kxzl[m[K SurfaceTextureClient::queueBuffer
D/SurfaceFlinger(  117): <1618469.88>  --- [01;31m[Kxzl[m[K Layer::onFrameQueued
D/SurfaceFlinger(  117): <1618470.00>  ----- [01;31m[Kxzl[m[K SurfaceFlinger::composeSurfaces compose done, prepare to swap fb ------
W/GLSurfaceView( 1206): <1618470>  --- [01;31m[Kxzl[m[K --- AFTER GLSurfaceView swap frame
W/GLSurfaceView( 1206): <1618470>  --- [01;31m[Kxzl[m[K --- BEFORE GLSurfaceView DrawFrame
W/APP     ( 1206): [01;31m[Kxzl[m[K: ===> entering onDrawFrame: <1618470> 
D/InputDispatcher(  193): <1618473.88> ########### [01;31m[Kxzl[m[K finishDispatchCycle: 21.15ms since event, 15.47ms since dispatch
W/APP     ( 1206): [01;31m[Kxzl[m[K: ===> ev hits user code: <1618478>  {1618464} since event: 14 ms
D/InputDispatcher(  193): <1618479.00> ########### [01;31m[Kxzl[m[K finishDispatchCycle: 14.89ms since event, 4.91ms since dispatch
D/SurfaceFlinger(  117): <1618481.75>  ----- [01;31m[Kxzl[m[K SurfaceFlinger::composeSurfaces() swap fb done  ------
W/APP     ( 1206): [01;31m[Kxzl[m[K: ===> ev hits user code: <1618482>  {1618473} since event: 9 ms
D/InputDispatcher(  193): <1618483.62> ########### [01;31m[Kxzl[m[K finishDispatchCycle: 9.71ms since event, 4.46ms since dispatch
W/APP     ( 1206): [01;31m[Kxzl[m[K: ===> done onDrawFrame: <1618470> 
W/GLSurfaceView( 1206): <1618485>  --- [01;31m[Kxzl[m[K --- AFTER GLSurfaceView DrawFrame
W/GLSurfaceView( 1206): <1618485>  --- [01;31m[Kxzl[m[K --- BEFORE GLSurfaceView swap frame
D/SurfaceTextureClient( 1206): <1618485.88> [01;31m[Kxzl[m[K SurfaceTextureClient::queueBuffer
D/SurfaceFlinger(  117): <1618486.00>  --- [01;31m[Kxzl[m[K Layer::onFrameQueued
D/SurfaceFlinger(  117): <1618486.12>  ----- [01;31m[Kxzl[m[K SurfaceFlinger::composeSurfaces compose done, prepare to swap fb ------
W/GLSurfaceView( 1206): <1618486>  --- [01;31m[Kxzl[m[K --- AFTER GLSurfaceView swap frame
W/GLSurfaceView( 1206): <1618486>  --- [01;31m[Kxzl[m[K --- BEFORE GLSurfaceView DrawFrame
W/APP     ( 1206): [01;31m[Kxzl[m[K: ===> entering onDrawFrame: <1618487> 
W/APP     ( 1206): [01;31m[Kxzl[m[K: ===> ev hits user code: <1618488>  {1618483} since event: 5 ms
D/InputDispatcher(  193): <1618491.38> ########### [01;31m[Kxzl[m[K finishDispatchCycle: 7.75ms since event, 7.17ms since dispatch
W/APP     ( 1206): [01;31m[Kxzl[m[K: ===> ev hits user code: <1618495>  {1618493} since event: 2 ms
D/InputDispatcher(  193): <1618497.50> ########### [01;31m[Kxzl[m[K finishDispatchCycle: 4.15ms since event, 3.57ms since dispatch
D/SurfaceFlinger(  117): <1618498.75>  ----- [01;31m[Kxzl[m[K SurfaceFlinger::composeSurfaces() swap fb done  ------
W/APP     ( 1206): [01;31m[Kxzl[m[K: ===> done onDrawFrame: <1618487> 
W/GLSurfaceView( 1206): <1618501>  --- [01;31m[Kxzl[m[K --- AFTER GLSurfaceView DrawFrame
W/GLSurfaceView( 1206): <1618502>  --- [01;31m[Kxzl[m[K --- BEFORE GLSurfaceView swap frame
D/SurfaceTextureClient( 1206): <1618503.00> [01;31m[Kxzl[m[K SurfaceTextureClient::queueBuffer
D/SurfaceFlinger(  117): <1618503.12>  --- [01;31m[Kxzl[m[K Layer::onFrameQueued
D/SurfaceFlinger(  117): <1618503.25>  ----- [01;31m[Kxzl[m[K SurfaceFlinger::composeSurfaces compose done, prepare to swap fb ------
W/GLSurfaceView( 1206): <1618504>  --- [01;31m[Kxzl[m[K --- AFTER GLSurfaceView swap frame
W/GLSurfaceView( 1206): <1618505>  --- [01;31m[Kxzl[m[K --- BEFORE GLSurfaceView DrawFrame
W/APP     ( 1206): [01;31m[Kxzl[m[K: ===> entering onDrawFrame: <1618505> 
W/APP     ( 1206): [01;31m[Kxzl[m[K: ===> ev hits user code: <1618507>  {1618503} since event: 4 ms
D/InputDispatcher(  193): <1618508.50> ########### [01;31m[Kxzl[m[K finishDispatchCycle: 5.37ms since event, 4.70ms since dispatch
D/SurfaceFlinger(  117): <1618515.75>  ----- [01;31m[Kxzl[m[K SurfaceFlinger::composeSurfaces() swap fb done  ------
W/APP     ( 1206): [01;31m[Kxzl[m[K: ===> ev hits user code: <1618517>  {1618512} since event: 5 ms
D/InputDispatcher(  193): <1618518.62> ########### [01;31m[Kxzl[m[K finishDispatchCycle: 5.98ms since event, 5.31ms since dispatch
W/APP     ( 1206): [01;31m[Kxzl[m[K: ===> done onDrawFrame: <1618505> 
W/GLSurfaceView( 1206): <1618524>  --- [01;31m[Kxzl[m[K --- AFTER GLSurfaceView DrawFrame
W/GLSurfaceView( 1206): <1618524>  --- [01;31m[Kxzl[m[K --- BEFORE GLSurfaceView swap frame
D/SurfaceTextureClient( 1206): <1618525.25> [01;31m[Kxzl[m[K SurfaceTextureClient::queueBuffer
D/SurfaceFlinger(  117): <1618525.38>  --- [01;31m[Kxzl[m[K Layer::onFrameQueued
D/SurfaceFlinger(  117): <1618525.50>  ----- [01;31m[Kxzl[m[K SurfaceFlinger::composeSurfaces compose done, prepare to swap fb ------
W/GLSurfaceView( 1206): <1618526>  --- [01;31m[Kxzl[m[K --- AFTER GLSurfaceView swap frame
W/GLSurfaceView( 1206): <1618526>  --- [01;31m[Kxzl[m[K --- BEFORE GLSurfaceView DrawFrame
W/APP     ( 1206): [01;31m[Kxzl[m[K: ===> entering onDrawFrame: <1618527> 
W/APP     ( 1206): [01;31m[Kxzl[m[K: ===> ev hits user code: <1618529>  {1618522} since event: 7 ms
D/InputDispatcher(  193): <1618530.62> ########### [01;31m[Kxzl[m[K finishDispatchCycle: 8.09ms since event, 7.23ms since dispatch
D/SurfaceFlinger(  117): <1618532.62>  ----- [01;31m[Kxzl[m[K SurfaceFlinger::composeSurfaces() swap fb done  ------
W/APP     ( 1206): [01;31m[Kxzl[m[K: ===> ev hits user code: <1618537>  {1618532} since event: 5 ms
D/InputDispatcher(  193): <1618538.00> ########### [01;31m[Kxzl[m[K finishDispatchCycle: 5.52ms since event, 4.85ms since dispatch
W/APP     ( 1206): [01;31m[Kxzl[m[K: ===> done onDrawFrame: <1618527> 
W/GLSurfaceView( 1206): <1618543>  --- [01;31m[Kxzl[m[K --- AFTER GLSurfaceView DrawFrame
W/GLSurfaceView( 1206): <1618543>  --- [01;31m[Kxzl[m[K --- BEFORE GLSurfaceView swap frame
D/SurfaceTextureClient( 1206): <1618544.00> [01;31m[Kxzl[m[K SurfaceTextureClient::queueBuffer
D/SurfaceFlinger(  117): <1618544.12>  --- [01;31m[Kxzl[m[K Layer::onFrameQueued
D/SurfaceFlinger(  117): <1618544.25>  ----- [01;31m[Kxzl[m[K SurfaceFlinger::composeSurfaces compose done, prepare to swap fb ------
W/GLSurfaceView( 1206): <1618544>  --- [01;31m[Kxzl[m[K --- AFTER GLSurfaceView swap frame
W/GLSurfaceView( 1206): <1618545>  --- [01;31m[Kxzl[m[K --- BEFORE GLSurfaceView DrawFrame
W/APP     ( 1206): [01;31m[Kxzl[m[K: ===> entering onDrawFrame: <1618546> 
W/APP     ( 1206): [01;31m[Kxzl[m[K: ===> ev hits user code: <1618548>  {1618542} since event: 6 ms
D/SurfaceFlinger(  117): <1618549.88>  ----- [01;31m[Kxzl[m[K SurfaceFlinger::composeSurfaces() swap fb done  ------
D/InputDispatcher(  193): <1618549.88> ########### [01;31m[Kxzl[m[K finishDispatchCycle: 7.72ms since event, 7.08ms since dispatch
W/APP     ( 1206): [01;31m[Kxzl[m[K: ===> ev hits user code: <1618555>  {1618551} since event: 4 ms
D/InputDispatcher(  193): <1618556.12> ########### [01;31m[Kxzl[m[K finishDispatchCycle: 4.15ms since event, 3.39ms since dispatch
W/APP     ( 1206): [01;31m[Kxzl[m[K: ===> done onDrawFrame: <1618546> 
W/GLSurfaceView( 1206): <1618562>  --- [01;31m[Kxzl[m[K --- AFTER GLSurfaceView DrawFrame
W/GLSurfaceView( 1206): <1618563>  --- [01;31m[Kxzl[m[K --- BEFORE GLSurfaceView swap frame
D/SurfaceTextureClient( 1206): <1618563.50> [01;31m[Kxzl[m[K SurfaceTextureClient::queueBuffer
D/SurfaceFlinger(  117): <1618563.75>  --- [01;31m[Kxzl[m[K Layer::onFrameQueued
D/SurfaceFlinger(  117): <1618563.88>  ----- [01;31m[Kxzl[m[K SurfaceFlinger::composeSurfaces compose done, prepare to swap fb ------
W/GLSurfaceView( 1206): <1618564>  --- [01;31m[Kxzl[m[K --- AFTER GLSurfaceView swap frame
W/GLSurfaceView( 1206): <1618564>  --- [01;31m[Kxzl[m[K --- BEFORE GLSurfaceView DrawFrame
W/APP     ( 1206): [01;31m[Kxzl[m[K: ===> entering onDrawFrame: <1618564> 
D/SurfaceFlinger(  117): <1618566.62>  ----- [01;31m[Kxzl[m[K SurfaceFlinger::composeSurfaces() swap fb done  ------
W/APP     ( 1206): [01;31m[Kxzl[m[K: ===> ev hits user code: <1618568>  {1618561} since event: 7 ms
D/InputDispatcher(  193): <1618569.25> ########### [01;31m[Kxzl[m[K finishDispatchCycle: 7.48ms since event, 6.81ms since dispatch
W/APP     ( 1206): [01;31m[Kxzl[m[K: ===> ev hits user code: <1618576>  {1618571} since event: 5 ms
D/InputDispatcher(  193): <1618577.25> ########### [01;31m[Kxzl[m[K finishDispatchCycle: 5.98ms since event, 5.10ms since dispatch
W/APP     ( 1206): [01;31m[Kxzl[m[K: ===> done onDrawFrame: <1618564> 
W/GLSurfaceView( 1206): <1618581>  --- [01;31m[Kxzl[m[K --- AFTER GLSurfaceView DrawFrame
W/GLSurfaceView( 1206): <1618582>  --- [01;31m[Kxzl[m[K --- BEFORE GLSurfaceView swap frame
D/SurfaceTextureClient( 1206): <1618582.62> [01;31m[Kxzl[m[K SurfaceTextureClient::queueBuffer
D/SurfaceFlinger(  117): <1618582.75>  --- [01;31m[Kxzl[m[K Layer::onFrameQueued
D/SurfaceFlinger(  117): <1618582.75>  ----- [01;31m[Kxzl[m[K SurfaceFlinger::composeSurfaces compose done, prepare to swap fb ------
W/GLSurfaceView( 1206): <1618582>  --- [01;31m[Kxzl[m[K --- AFTER GLSurfaceView swap frame
D/SurfaceFlinger(  117): <1618583.50>  ----- [01;31m[Kxzl[m[K SurfaceFlinger::composeSurfaces() swap fb done  ------
W/GLSurfaceView( 1206): <1618583>  --- [01;31m[Kxzl[m[K --- BEFORE GLSurfaceView DrawFrame
W/APP     ( 1206): [01;31m[Kxzl[m[K: ===> entering onDrawFrame: <1618583> 
W/APP     ( 1206): [01;31m[Kxzl[m[K: ===> ev hits user code: <1618585>  {1618579} since event: 6 ms
D/InputDispatcher(  193): <1618586.38> ########### [01;31m[Kxzl[m[K finishDispatchCycle: 6.47ms since event, 4.91ms since dispatch
W/APP     ( 1206): [01;31m[Kxzl[m[K: ===> ev hits user code: <1618592>  {1618589} since event: 3 ms
D/InputDispatcher(  193): <1618592.88> ########### [01;31m[Kxzl[m[K finishDispatchCycle: 3.51ms since event, 2.01ms since dispatch
W/APP     ( 1206): [01;31m[Kxzl[m[K: ===> done onDrawFrame: <1618583> 
W/GLSurfaceView( 1206): <1618598>  --- [01;31m[Kxzl[m[K --- AFTER GLSurfaceView DrawFrame
W/GLSurfaceView( 1206): <1618601>  --- [01;31m[Kxzl[m[K --- BEFORE GLSurfaceView swap frame
D/SurfaceTextureClient( 1206): <1618601.50> [01;31m[Kxzl[m[K SurfaceTextureClient::queueBuffer
D/SurfaceFlinger(  117): <1618601.62>  --- [01;31m[Kxzl[m[K Layer::onFrameQueued
D/SurfaceFlinger(  117): <1618601.75>  ----- [01;31m[Kxzl[m[K SurfaceFlinger::composeSurfaces compose done, prepare to swap fb ------
W/GLSurfaceView( 1206): <1618601>  --- [01;31m[Kxzl[m[K --- AFTER GLSurfaceView swap frame
W/GLSurfaceView( 1206): <1618602>  --- [01;31m[Kxzl[m[K --- BEFORE GLSurfaceView DrawFrame
W/APP     ( 1206): [01;31m[Kxzl[m[K: ===> entering onDrawFrame: <1618602> 
W/APP     ( 1206): [01;31m[Kxzl[m[K: ===> ev hits user code: <1618604>  {1618599} since event: 5 ms
D/InputDispatcher(  193): <1618605.88> ########### [01;31m[Kxzl[m[K finishDispatchCycle: 6.75ms since event, 5.19ms since dispatch
W/APP     ( 1206): [01;31m[Kxzl[m[K: ===> ev hits user code: <1618612>  {1618609} since event: 3 ms
D/InputDispatcher(  193): <1618613.25> ########### [01;31m[Kxzl[m[K finishDispatchCycle: 4.18ms since event, 2.59ms since dispatch
W/APP     ( 1206): [01;31m[Kxzl[m[K: ===> done onDrawFrame: <1618602> 
D/SurfaceFlinger(  117): <1618618.38>  ----- [01;31m[Kxzl[m[K SurfaceFlinger::composeSurfaces() swap fb done  ------
W/GLSurfaceView( 1206): <1618616>  --- [01;31m[Kxzl[m[K --- AFTER GLSurfaceView DrawFrame
W/GLSurfaceView( 1206): <1618618>  --- [01;31m[Kxzl[m[K --- BEFORE GLSurfaceView swap frame
D/SurfaceTextureClient( 1206): <1618621.25> [01;31m[Kxzl[m[K SurfaceTextureClient::queueBuffer
D/SurfaceFlinger(  117): <1618621.38>  --- [01;31m[Kxzl[m[K Layer::onFrameQueued
D/SurfaceFlinger(  117): <1618621.50>  ----- [01;31m[Kxzl[m[K SurfaceFlinger::composeSurfaces compose done, prepare to swap fb ------
W/GLSurfaceView( 1206): <1618621>  --- [01;31m[Kxzl[m[K --- AFTER GLSurfaceView swap frame
W/GLSurfaceView( 1206): <1618622>  --- [01;31m[Kxzl[m[K --- BEFORE GLSurfaceView DrawFrame
W/APP     ( 1206): [01;31m[Kxzl[m[K: ===> entering onDrawFrame: <1618622> 
W/APP     ( 1206): [01;31m[Kxzl[m[K: ===> ev hits user code: <1618625>  {1618618} since event: 7 ms
D/InputDispatcher(  193): <1618628.50> ########### [01;31m[Kxzl[m[K finishDispatchCycle: 9.52ms since event, 7.90ms since dispatch
W/APP     ( 1206): [01;31m[Kxzl[m[K: ===> ev hits user code: <1618632>  {1618628} since event: 4 ms
D/InputDispatcher(  193): <1618633.00> ########### [01;31m[Kxzl[m[K finishDispatchCycle: 4.58ms since event, 2.87ms since dispatch
D/SurfaceFlinger(  117): <1618634.38>  ----- [01;31m[Kxzl[m[K SurfaceFlinger::composeSurfaces() swap fb done  ------
W/APP     ( 1206): [01;31m[Kxzl[m[K: ===> done onDrawFrame: <1618622> 
W/GLSurfaceView( 1206): <1618637>  --- [01;31m[Kxzl[m[K --- AFTER GLSurfaceView DrawFrame
W/GLSurfaceView( 1206): <1618639>  --- [01;31m[Kxzl[m[K --- BEFORE GLSurfaceView swap frame
D/SurfaceTextureClient( 1206): <1618640.38> [01;31m[Kxzl[m[K SurfaceTextureClient::queueBuffer
D/SurfaceFlinger(  117): <1618640.38>  --- [01;31m[Kxzl[m[K Layer::onFrameQueued
D/SurfaceFlinger(  117): <1618640.50>  ----- [01;31m[Kxzl[m[K SurfaceFlinger::composeSurfaces compose done, prepare to swap fb ------
W/GLSurfaceView( 1206): <1618640>  --- [01;31m[Kxzl[m[K --- AFTER GLSurfaceView swap frame
W/GLSurfaceView( 1206): <1618641>  --- [01;31m[Kxzl[m[K --- BEFORE GLSurfaceView DrawFrame
W/APP     ( 1206): [01;31m[Kxzl[m[K: ===> entering onDrawFrame: <1618641> 
W/APP     ( 1206): [01;31m[Kxzl[m[K: ===> ev hits user code: <1618649>  {1618638} since event: 11 ms
D/InputDispatcher(  193): <1618650.62> ########### [01;31m[Kxzl[m[K finishDispatchCycle: 12.45ms since event, 10.89ms since dispatch
D/SurfaceFlinger(  117): <1618651.38>  ----- [01;31m[Kxzl[m[K SurfaceFlinger::composeSurfaces() swap fb done  ------
W/APP     ( 1206): [01;31m[Kxzl[m[K: ===> done onDrawFrame: <1618641> 
W/GLSurfaceView( 1206): <1618657>  --- [01;31m[Kxzl[m[K --- AFTER GLSurfaceView DrawFrame
W/GLSurfaceView( 1206): <1618657>  --- [01;31m[Kxzl[m[K --- BEFORE GLSurfaceView swap frame
D/SurfaceTextureClient( 1206): <1618659.50> [01;31m[Kxzl[m[K SurfaceTextureClient::queueBuffer
D/SurfaceFlinger(  117): <1618659.62>  --- [01;31m[Kxzl[m[K Layer::onFrameQueued
D/SurfaceFlinger(  117): <1618659.75>  ----- [01;31m[Kxzl[m[K SurfaceFlinger::composeSurfaces compose done, prepare to swap fb ------
W/GLSurfaceView( 1206): <1618659>  --- [01;31m[Kxzl[m[K --- AFTER GLSurfaceView swap frame
W/GLSurfaceView( 1206): <1618660>  --- [01;31m[Kxzl[m[K --- BEFORE GLSurfaceView DrawFrame
W/APP     ( 1206): [01;31m[Kxzl[m[K: ===> entering onDrawFrame: <1618660> 
W/APP     ( 1206): [01;31m[Kxzl[m[K: ===> ev hits user code: <1618654>  {1618647} since event: 7 ms
D/InputDispatcher(  193): <1618661.38> ########### [01;31m[Kxzl[m[K finishDispatchCycle: 13.67ms since event, 10.74ms since dispatch
W/APP     ( 1206): [01;31m[Kxzl[m[K: ===> ev hits user code: <1618663>  {1618657} since event: 6 ms
D/InputDispatcher(  193): <1618664.50> ########### [01;31m[Kxzl[m[K finishDispatchCycle: 7.05ms since event, 2.99ms since dispatch
D/SurfaceFlinger(  117): <1618668.62>  ----- [01;31m[Kxzl[m[K SurfaceFlinger::composeSurfaces() swap fb done  ------
W/APP     ( 1206): [01;31m[Kxzl[m[K: ===> ev hits user code: <1618672>  {1618667} since event: 5 ms
D/InputDispatcher(  193): <1618673.50> ########### [01;31m[Kxzl[m[K finishDispatchCycle: 6.20ms since event, 4.67ms since dispatch
W/APP     ( 1206): [01;31m[Kxzl[m[K: ===> done onDrawFrame: <1618660> 
W/GLSurfaceView( 1206): <1618674>  --- [01;31m[Kxzl[m[K --- AFTER GLSurfaceView DrawFrame
W/GLSurfaceView( 1206): <1618674>  --- [01;31m[Kxzl[m[K --- BEFORE GLSurfaceView swap frame
D/SurfaceTextureClient( 1206): <1618675.12> [01;31m[Kxzl[m[K SurfaceTextureClient::queueBuffer
D/SurfaceFlinger(  117): <1618676.50>  --- [01;31m[Kxzl[m[K Layer::onFrameQueued
D/SurfaceFlinger(  117): <1618676.62>  ----- [01;31m[Kxzl[m[K SurfaceFlinger::composeSurfaces compose done, prepare to swap fb ------
W/GLSurfaceView( 1206): <1618676>  --- [01;31m[Kxzl[m[K --- AFTER GLSurfaceView swap frame
W/GLSurfaceView( 1206): <1618678>  --- [01;31m[Kxzl[m[K --- BEFORE GLSurfaceView DrawFrame
W/APP     ( 1206): [01;31m[Kxzl[m[K: ===> entering onDrawFrame: <1618679> 
W/APP     ( 1206): [01;31m[Kxzl[m[K: ===> ev hits user code: <1618682>  {1618677} since event: 5 ms
D/InputDispatcher(  193): <1618682.88> ########### [01;31m[Kxzl[m[K finishDispatchCycle: 5.74ms since event, 4.18ms since dispatch
D/SurfaceFlinger(  117): <1618686.12>  ----- [01;31m[Kxzl[m[K SurfaceFlinger::composeSurfaces() swap fb done  ------
W/APP     ( 1206): [01;31m[Kxzl[m[K: ===> ev hits user code: <1618690>  {1618686} since event: 4 ms
D/InputDispatcher(  193): <1618691.38> ########### [01;31m[Kxzl[m[K finishDispatchCycle: 4.70ms since event, 3.14ms since dispatch
W/APP     ( 1206): [01;31m[Kxzl[m[K: ===> done onDrawFrame: <1618679> 
W/GLSurfaceView( 1206): <1618692>  --- [01;31m[Kxzl[m[K --- AFTER GLSurfaceView DrawFrame
W/GLSurfaceView( 1206): <1618693>  --- [01;31m[Kxzl[m[K --- BEFORE GLSurfaceView swap frame
D/SurfaceTextureClient( 1206): <1618693.88> [01;31m[Kxzl[m[K SurfaceTextureClient::queueBuffer
D/SurfaceFlinger(  117): <1618693.88>  --- [01;31m[Kxzl[m[K Layer::onFrameQueued
D/SurfaceFlinger(  117): <1618694.12>  ----- [01;31m[Kxzl[m[K SurfaceFlinger::composeSurfaces compose done, prepare to swap fb ------
W/GLSurfaceView( 1206): <1618695>  --- [01;31m[Kxzl[m[K --- AFTER GLSurfaceView swap frame
W/GLSurfaceView( 1206): <1618698>  --- [01;31m[Kxzl[m[K --- BEFORE GLSurfaceView DrawFrame
W/APP     ( 1206): [01;31m[Kxzl[m[K: ===> entering onDrawFrame: <1618698> 
W/APP     ( 1206): [01;31m[Kxzl[m[K: ===> ev hits user code: <1618700>  {1618696} since event: 4 ms
D/InputDispatcher(  193): <1618700.88> ########### [01;31m[Kxzl[m[K finishDispatchCycle: 4.46ms since event, 2.93ms since dispatch
D/SurfaceFlinger(  117): <1618702.25>  ----- [01;31m[Kxzl[m[K SurfaceFlinger::composeSurfaces() swap fb done  ------
W/APP     ( 1206): [01;31m[Kxzl[m[K: ===> ev hits user code: <1618709>  {1618706} since event: 3 ms
D/InputDispatcher(  193): <1618709.88> ########### [01;31m[Kxzl[m[K finishDispatchCycle: 3.60ms since event, 2.08ms since dispatch
