W/APP     ( 1206): [01;31m[Kxzl[m[K: ===> done onDrawFrame: <1618698> 
W/GLSurfaceView( 1206): <1618712>  --- [01;31m[Kxzl[m[K --- AFTER GLSurfaceView DrawFrame
W/GLSurfaceView( 1206): <1618713>  --- [01;31m[Kxzl[m[K --- BEFORE GLSurfaceView swap frame
D/SurfaceTextureClient( 1206): <1618717.75> [01;31m[Kxzl[m[K SurfaceTextureClient::queueBuffer
D/SurfaceFlinger(  117): <1618717.88>  --- [01;31m[Kxzl[m[K Layer::onFrameQueued
D/SurfaceFlinger(  117): <1618718.12>  ----- [01;31m[Kxzl[m[K SurfaceFlinger::composeSurfaces compose done, prepare to swap fb ------
D/SurfaceFlinger(  117): <1618719.12>  ----- [01;31m[Kxzl[m[K SurfaceFlinger::composeSurfaces() swap fb done  ------
W/APP     ( 1206): [01;31m[Kxzl[m[K: ===> ev hits user code: <1618721>  {1618716} since event: 5 ms
D/InputDispatcher(  193): <1618721.88> ########### [01;31m[Kxzl[m[K finishDispatchCycle: 5.86ms since event, 4.33ms since dispatch
W/APP     ( 1206): [01;31m[Kxzl[m[K: ===> done onDrawFrame: <1619096> 
W/GLSurfaceView( 1206): <1619111>  --- [01;31m[Kxzl[m[K --- AFTER GLSurfaceView DrawFrame
W/GLSurfaceView( 1206): <1619111>  --- [01;31m[Kxzl[m[K --- BEFORE GLSurfaceView swap frame
D/SurfaceTextureClient( 1206): <1619112.25> [01;31m[Kxzl[m[K SurfaceTextureClient::queueBuffer
D/SurfaceFlinger(  117): <1619112.38>  --- [01;31m[Kxzl[m[K Layer::onFrameQueued
D/SurfaceFlinger(  117): <1619112.50>  ----- [01;31m[Kxzl[m[K SurfaceFlinger::composeSurfaces compose done, prepare to swap fb ------
W/GLSurfaceView( 1206): <1619113>  --- [01;31m[Kxzl[m[K --- AFTER GLSurfaceView swap frame
W/GLSurfaceView( 1206): <1619113>  --- [01;31m[Kxzl[m[K --- BEFORE GLSurfaceView DrawFrame
W/APP     ( 1206): [01;31m[Kxzl[m[K: ===> entering onDrawFrame: <1619113> 
W/APP     ( 1206): [01;31m[Kxzl[m[K: ===> ev hits user code: <1619118>  {1619115} since event: 3 ms
D/InputDispatcher(  193): <1619119.88> ########### [01;31m[Kxzl[m[K finishDispatchCycle: 3.91ms since event, 3.27ms since dispatch
D/SurfaceFlinger(  117): <1619127.00>  ----- [01;31m[Kxzl[m[K SurfaceFlinger::composeSurfaces() swap fb done  ------
W/APP     ( 1206): [01;31m[Kxzl[m[K: ===> done onDrawFrame: <1619113> 
W/GLSurfaceView( 1206): <1619127>  --- [01;31m[Kxzl[m[K --- AFTER GLSurfaceView DrawFrame
W/GLSurfaceView( 1206): <1619127>  --- [01;31m[Kxzl[m[K --- BEFORE GLSurfaceView swap frame
D/SurfaceTextureClient( 1206): <1619128.38> [01;31m[Kxzl[m[K SurfaceTextureClient::queueBuffer
D/SurfaceFlinger(  117): <1619128.50>  --- [01;31m[Kxzl[m[K Layer::onFrameQueued
D/SurfaceFlinger(  117): <1619128.62>  ----- [01;31m[Kxzl[m[K SurfaceFlinger::composeSurfaces compose done, prepare to swap fb ------
W/GLSurfaceView( 1206): <1619129>  --- [01;31m[Kxzl[m[K --- AFTER GLSurfaceView swap frame
W/GLSurfaceView( 1206): <1619129>  --- [01;31m[Kxzl[m[K --- BEFORE GLSurfaceView DrawFrame
W/APP     ( 1206): [01;31m[Kxzl[m[K: ===> entering onDrawFrame: <1619130> 
W/APP     ( 1206): [01;31m[Kxzl[m[K: ===> ev hits user code: <1619131>  {1619125} since event: 6 ms
D/InputDispatcher(  193): <1619132.62> ########### [01;31m[Kxzl[m[K finishDispatchCycle: 7.05ms since event, 6.41ms since dispatch
W/APP     ( 1206): [01;31m[Kxzl[m[K: ===> ev hits user code: <1619139>  {1619135} since event: 4 ms
D/InputDispatcher(  193): <1619140.38> ########### [01;31m[Kxzl[m[K finishDispatchCycle: 4.61ms since event, 3.88ms since dispatch
D/SurfaceFlinger(  117): <1619144.62>  ----- [01;31m[Kxzl[m[K SurfaceFlinger::composeSurfaces() swap fb done  ------
W/APP     ( 1206): [01;31m[Kxzl[m[K: ===> done onDrawFrame: <1619130> 
W/GLSurfaceView( 1206): <1619146>  --- [01;31m[Kxzl[m[K --- AFTER GLSurfaceView DrawFrame
W/GLSurfaceView( 1206): <1619146>  --- [01;31m[Kxzl[m[K --- BEFORE GLSurfaceView swap frame
D/SurfaceTextureClient( 1206): <1619147.50> [01;31m[Kxzl[m[K SurfaceTextureClient::queueBuffer
D/SurfaceFlinger(  117): <1619147.62>  --- [01;31m[Kxzl[m[K Layer::onFrameQueued
D/SurfaceFlinger(  117): <1619147.88>  ----- [01;31m[Kxzl[m[K SurfaceFlinger::composeSurfaces compose done, prepare to swap fb ------
W/APP     ( 1206): [01;31m[Kxzl[m[K: ===> ev hits user code: <1619150>  {1619145} since event: 5 ms
D/InputDispatcher(  193): <1619151.12> ########### [01;31m[Kxzl[m[K finishDispatchCycle: 6.13ms since event, 5.40ms since dispatch
W/GLSurfaceView( 1206): <1619151>  --- [01;31m[Kxzl[m[K --- AFTER GLSurfaceView swap frame
W/GLSurfaceView( 1206): <1619151>  --- [01;31m[Kxzl[m[K --- BEFORE GLSurfaceView DrawFrame
W/APP     ( 1206): [01;31m[Kxzl[m[K: ===> entering onDrawFrame: <1619152> 
W/APP     ( 1206): [01;31m[Kxzl[m[K: ===> ev hits user code: <1619157>  {1619154} since event: 3 ms
D/InputDispatcher(  193): <1619158.75> ########### [01;31m[Kxzl[m[K finishDispatchCycle: 3.91ms since event, 3.20ms since dispatch
D/SurfaceFlinger(  117): <1619160.12>  ----- [01;31m[Kxzl[m[K SurfaceFlinger::composeSurfaces() swap fb done  ------
W/APP     ( 1206): [01;31m[Kxzl[m[K: ===> done onDrawFrame: <1619152> 
W/GLSurfaceView( 1206): <1619166>  --- [01;31m[Kxzl[m[K --- AFTER GLSurfaceView DrawFrame
W/GLSurfaceView( 1206): <1619166>  --- [01;31m[Kxzl[m[K --- BEFORE GLSurfaceView swap frame
D/SurfaceTextureClient( 1206): <1619167.50> [01;31m[Kxzl[m[K SurfaceTextureClient::queueBuffer
D/SurfaceFlinger(  117): <1619167.50>  --- [01;31m[Kxzl[m[K Layer::onFrameQueued
D/SurfaceFlinger(  117): <1619167.75>  ----- [01;31m[Kxzl[m[K SurfaceFlinger::composeSurfaces compose done, prepare to swap fb ------
W/GLSurfaceView( 1206): <1619167>  --- [01;31m[Kxzl[m[K --- AFTER GLSurfaceView swap frame
W/GLSurfaceView( 1206): <1619168>  --- [01;31m[Kxzl[m[K --- BEFORE GLSurfaceView DrawFrame
W/APP     ( 1206): [01;31m[Kxzl[m[K: ===> entering onDrawFrame: <1619168> 
W/APP     ( 1206): [01;31m[Kxzl[m[K: ===> ev hits user code: <1619170>  {1619166} since event: 4 ms
D/InputDispatcher(  193): <1619171.00> ########### [01;31m[Kxzl[m[K finishDispatchCycle: 4.76ms since event, 4.15ms since dispatch
D/SurfaceFlinger(  117): <1619177.00>  ----- [01;31m[Kxzl[m[K SurfaceFlinger::composeSurfaces() swap fb done  ------
W/APP     ( 1206): [01;31m[Kxzl[m[K: ===> ev hits user code: <1619179>  {1619175} since event: 4 ms
D/InputDispatcher(  193): <1619181.25> ########### [01;31m[Kxzl[m[K finishDispatchCycle: 5.71ms since event, 5.07ms since dispatch
W/APP     ( 1206): [01;31m[Kxzl[m[K: ===> done onDrawFrame: <1619168> 
W/GLSurfaceView( 1206): <1619183>  --- [01;31m[Kxzl[m[K --- AFTER GLSurfaceView DrawFrame
W/GLSurfaceView( 1206): <1619184>  --- [01;31m[Kxzl[m[K --- BEFORE GLSurfaceView swap frame
D/SurfaceTextureClient( 1206): <1619184.50> [01;31m[Kxzl[m[K SurfaceTextureClient::queueBuffer
D/SurfaceFlinger(  117): <1619184.50>  --- [01;31m[Kxzl[m[K Layer::onFrameQueued
D/SurfaceFlinger(  117): <1619185.75>  ----- [01;31m[Kxzl[m[K SurfaceFlinger::composeSurfaces compose done, prepare to swap fb ------
W/GLSurfaceView( 1206): <1619186>  --- [01;31m[Kxzl[m[K --- AFTER GLSurfaceView swap frame
W/GLSurfaceView( 1206): <1619186>  --- [01;31m[Kxzl[m[K --- BEFORE GLSurfaceView DrawFrame
W/APP     ( 1206): [01;31m[Kxzl[m[K: ===> entering onDrawFrame: <1619186> 
W/APP     ( 1206): [01;31m[Kxzl[m[K: ===> ev hits user code: <1619188>  {1619185} since event: 3 ms
D/InputDispatcher(  193): <1619188.75> ########### [01;31m[Kxzl[m[K finishDispatchCycle: 3.36ms since event, 2.75ms since dispatch
D/SurfaceFlinger(  117): <1619195.12>  ----- [01;31m[Kxzl[m[K SurfaceFlinger::composeSurfaces() swap fb done  ------
W/APP     ( 1206): [01;31m[Kxzl[m[K: ===> ev hits user code: <1619195>  {1619193} since event: 2 ms
D/InputDispatcher(  193): <1619196.25> ########### [01;31m[Kxzl[m[K finishDispatchCycle: 2.50ms since event, 1.92ms since dispatch
W/APP     ( 1206): [01;31m[Kxzl[m[K: ===> done onDrawFrame: <1619186> 
W/GLSurfaceView( 1206): <1619200>  --- [01;31m[Kxzl[m[K --- AFTER GLSurfaceView DrawFrame
W/GLSurfaceView( 1206): <1619200>  --- [01;31m[Kxzl[m[K --- BEFORE GLSurfaceView swap frame
D/SurfaceTextureClient( 1206): <1619201.00> [01;31m[Kxzl[m[K SurfaceTextureClient::queueBuffer
D/SurfaceFlinger(  117): <1619201.00>  --- [01;31m[Kxzl[m[K Layer::onFrameQueued
D/SurfaceFlinger(  117): <1619201.12>  ----- [01;31m[Kxzl[m[K SurfaceFlinger::composeSurfaces compose done, prepare to swap fb ------
W/GLSurfaceView( 1206): <1619201>  --- [01;31m[Kxzl[m[K --- AFTER GLSurfaceView swap frame
W/GLSurfaceView( 1206): <1619201>  --- [01;31m[Kxzl[m[K --- BEFORE GLSurfaceView DrawFrame
W/APP     ( 1206): [01;31m[Kxzl[m[K: ===> entering onDrawFrame: <1619201> 
W/APP     ( 1206): [01;31m[Kxzl[m[K: ===> ev hits user code: <1619205>  {1619203} since event: 2 ms
D/InputDispatcher(  193): <1619206.00> ########### [01;31m[Kxzl[m[K finishDispatchCycle: 2.63ms since event, 2.01ms since dispatch
D/SurfaceFlinger(  117): <1619210.88>  ----- [01;31m[Kxzl[m[K SurfaceFlinger::composeSurfaces() swap fb done  ------
W/APP     ( 1206): [01;31m[Kxzl[m[K: ===> done onDrawFrame: <1619201> 
W/GLSurfaceView( 1206): <1619216>  --- [01;31m[Kxzl[m[K --- AFTER GLSurfaceView DrawFrame
W/GLSurfaceView( 1206): <1619216>  --- [01;31m[Kxzl[m[K --- BEFORE GLSurfaceView swap frame
D/SurfaceTextureClient( 1206): <1619217.12> [01;31m[Kxzl[m[K SurfaceTextureClient::queueBuffer
D/SurfaceFlinger(  117): <1619217.12>  --- [01;31m[Kxzl[m[K Layer::onFrameQueued
D/SurfaceFlinger(  117): <1619217.38>  ----- [01;31m[Kxzl[m[K SurfaceFlinger::composeSurfaces compose done, prepare to swap fb ------
W/GLSurfaceView( 1206): <1619217>  --- [01;31m[Kxzl[m[K --- AFTER GLSurfaceView swap frame
W/GLSurfaceView( 1206): <1619217>  --- [01;31m[Kxzl[m[K --- BEFORE GLSurfaceView DrawFrame
W/APP     ( 1206): [01;31m[Kxzl[m[K: ===> entering onDrawFrame: <1619218> 
W/APP     ( 1206): [01;31m[Kxzl[m[K: ===> ev hits user code: <1619225>  {1619214} since event: 11 ms
D/InputDispatcher(  193): <1619226.50> ########### [01;31m[Kxzl[m[K finishDispatchCycle: 11.51ms since event, 10.86ms since dispatch
D/SurfaceFlinger(  117): <1619227.88>  ----- [01;31m[Kxzl[m[K SurfaceFlinger::composeSurfaces() swap fb done  ------
W/APP     ( 1206): [01;31m[Kxzl[m[K: ===> ev hits user code: <1619228>  {1619224} since event: 4 ms
D/InputDispatcher(  193): <1619228.88> ########### [01;31m[Kxzl[m[K finishDispatchCycle: 4.36ms since event, 1.92ms since dispatch
W/APP     ( 1206): [01;31m[Kxzl[m[K: ===> done onDrawFrame: <1619218> 
W/GLSurfaceView( 1206): <1619232>  --- [01;31m[Kxzl[m[K --- AFTER GLSurfaceView DrawFrame
W/GLSurfaceView( 1206): <1619232>  --- [01;31m[Kxzl[m[K --- BEFORE GLSurfaceView swap frame
D/SurfaceTextureClient( 1206): <1619232.88> [01;31m[Kxzl[m[K SurfaceTextureClient::queueBuffer
D/SurfaceFlinger(  117): <1619232.88>  --- [01;31m[Kxzl[m[K Layer::onFrameQueued
D/SurfaceFlinger(  117): <1619234.25>  ----- [01;31m[Kxzl[m[K SurfaceFlinger::composeSurfaces compose done, prepare to swap fb ------
W/GLSurfaceView( 1206): <1619234>  --- [01;31m[Kxzl[m[K --- AFTER GLSurfaceView swap frame
W/GLSurfaceView( 1206): <1619234>  --- [01;31m[Kxzl[m[K --- BEFORE GLSurfaceView DrawFrame
W/APP     ( 1206): [01;31m[Kxzl[m[K: ===> entering onDrawFrame: <1619235> 
W/APP     ( 1206): [01;31m[Kxzl[m[K: ===> ev hits user code: <1619236>  {1619234} since event: 2 ms
D/InputDispatcher(  193): <1619237.38> ########### [01;31m[Kxzl[m[K finishDispatchCycle: 3.20ms since event, 2.62ms since dispatch
D/SurfaceFlinger(  117): <1619244.75>  ----- [01;31m[Kxzl[m[K SurfaceFlinger::composeSurfaces() swap fb done  ------
W/APP     ( 1206): [01;31m[Kxzl[m[K: ===> ev hits user code: <1619246>  {1619243} since event: 3 ms
D/InputDispatcher(  193): <1619247.75> ########### [01;31m[Kxzl[m[K finishDispatchCycle: 3.91ms since event, 3.36ms since dispatch
W/APP     ( 1206): [01;31m[Kxzl[m[K: ===> done onDrawFrame: <1619235> 
W/GLSurfaceView( 1206): <1619248>  --- [01;31m[Kxzl[m[K --- AFTER GLSurfaceView DrawFrame
W/GLSurfaceView( 1206): <1619249>  --- [01;31m[Kxzl[m[K --- BEFORE GLSurfaceView swap frame
D/SurfaceTextureClient( 1206): <1619249.50> [01;31m[Kxzl[m[K SurfaceTextureClient::queueBuffer
D/SurfaceFlinger(  117): <1619249.62>  --- [01;31m[Kxzl[m[K Layer::onFrameQueued
D/SurfaceFlinger(  117): <1619249.75>  ----- [01;31m[Kxzl[m[K SurfaceFlinger::composeSurfaces compose done, prepare to swap fb ------
W/GLSurfaceView( 1206): <1619249>  --- [01;31m[Kxzl[m[K --- AFTER GLSurfaceView swap frame
W/GLSurfaceView( 1206): <1619250>  --- [01;31m[Kxzl[m[K --- BEFORE GLSurfaceView DrawFrame
W/APP     ( 1206): [01;31m[Kxzl[m[K: ===> entering onDrawFrame: <1619250> 
W/APP     ( 1206): [01;31m[Kxzl[m[K: ===> ev hits user code: <1619255>  {1619253} since event: 2 ms
D/InputDispatcher(  193): <1619255.88> ########### [01;31m[Kxzl[m[K finishDispatchCycle: 2.47ms since event, 1.92ms since dispatch
D/SurfaceFlinger(  117): <1619261.75>  ----- [01;31m[Kxzl[m[K SurfaceFlinger::composeSurfaces() swap fb done  ------
W/APP     ( 1206): [01;31m[Kxzl[m[K: ===> done onDrawFrame: <1619250> 
W/GLSurfaceView( 1206): <1619264>  --- [01;31m[Kxzl[m[K --- AFTER GLSurfaceView DrawFrame
W/GLSurfaceView( 1206): <1619265>  --- [01;31m[Kxzl[m[K --- BEFORE GLSurfaceView swap frame
D/SurfaceTextureClient( 1206): <1619265.62> [01;31m[Kxzl[m[K SurfaceTextureClient::queueBuffer
D/SurfaceFlinger(  117): <1619265.75>  --- [01;31m[Kxzl[m[K Layer::onFrameQueued
D/SurfaceFlinger(  117): <1619266.00>  ----- [01;31m[Kxzl[m[K SurfaceFlinger::composeSurfaces compose done, prepare to swap fb ------
W/GLSurfaceView( 1206): <1619266>  --- [01;31m[Kxzl[m[K --- AFTER GLSurfaceView swap frame
W/GLSurfaceView( 1206): <1619266>  --- [01;31m[Kxzl[m[K --- BEFORE GLSurfaceView DrawFrame
W/APP     ( 1206): [01;31m[Kxzl[m[K: ===> entering onDrawFrame: <1619266> 
W/APP     ( 1206): [01;31m[Kxzl[m[K: ===> ev hits user code: <1619268>  {1619263} since event: 5 ms
D/InputDispatcher(  193): <1619269.25> ########### [01;31m[Kxzl[m[K finishDispatchCycle: 5.55ms since event, 4.39ms since dispatch
W/APP     ( 1206): [01;31m[Kxzl[m[K: ===> ev hits user code: <1619275>  {1619273} since event: 2 ms
D/InputDispatcher(  193): <1619276.50> ########### [01;31m[Kxzl[m[K finishDispatchCycle: 3.30ms since event, 2.69ms since dispatch
D/SurfaceFlinger(  117): <1619278.75>  ----- [01;31m[Kxzl[m[K SurfaceFlinger::composeSurfaces() swap fb done  ------
W/APP     ( 1206): [01;31m[Kxzl[m[K: ===> done onDrawFrame: <1619266> 
W/GLSurfaceView( 1206): <1619280>  --- [01;31m[Kxzl[m[K --- AFTER GLSurfaceView DrawFrame
W/GLSurfaceView( 1206): <1619280>  --- [01;31m[Kxzl[m[K --- BEFORE GLSurfaceView swap frame
D/SurfaceTextureClient( 1206): <1619281.50> [01;31m[Kxzl[m[K SurfaceTextureClient::queueBuffer
D/SurfaceFlinger(  117): <1619281.50>  --- [01;31m[Kxzl[m[K Layer::onFrameQueued
D/SurfaceFlinger(  117): <1619283.00>  ----- [01;31m[Kxzl[m[K SurfaceFlinger::composeSurfaces compose done, prepare to swap fb ------
W/GLSurfaceView( 1206): <1619282>  --- [01;31m[Kxzl[m[K --- AFTER GLSurfaceView swap frame
W/GLSurfaceView( 1206): <1619283>  --- [01;31m[Kxzl[m[K --- BEFORE GLSurfaceView DrawFrame
W/APP     ( 1206): [01;31m[Kxzl[m[K: ===> entering onDrawFrame: <1619283> 
W/APP     ( 1206): [01;31m[Kxzl[m[K: ===> ev hits user code: <1619288>  {1619282} since event: 6 ms
D/InputDispatcher(  193): <1619289.12> ########### [01;31m[Kxzl[m[K finishDispatchCycle: 6.29ms since event, 5.68ms since dispatch
W/APP     ( 1206): [01;31m[Kxzl[m[K: ===> ev hits user code: <1619295>  {1619292} since event: 3 ms
D/SurfaceFlinger(  117): <1619295.75>  ----- [01;31m[Kxzl[m[K SurfaceFlinger::composeSurfaces() swap fb done  ------
D/InputDispatcher(  193): <1619295.75> ########### [01;31m[Kxzl[m[K finishDispatchCycle: 3.08ms since event, 2.44ms since dispatch
W/APP     ( 1206): [01;31m[Kxzl[m[K: ===> done onDrawFrame: <1619283> 
W/GLSurfaceView( 1206): <1619297>  --- [01;31m[Kxzl[m[K --- AFTER GLSurfaceView DrawFrame
W/GLSurfaceView( 1206): <1619298>  --- [01;31m[Kxzl[m[K --- BEFORE GLSurfaceView swap frame
D/SurfaceTextureClient( 1206): <1619298.75> [01;31m[Kxzl[m[K SurfaceTextureClient::queueBuffer
D/SurfaceFlinger(  117): <1619298.75>  --- [01;31m[Kxzl[m[K Layer::onFrameQueued
D/SurfaceFlinger(  117): <1619300.38>  ----- [01;31m[Kxzl[m[K SurfaceFlinger::composeSurfaces compose done, prepare to swap fb ------
W/GLSurfaceView( 1206): <1619300>  --- [01;31m[Kxzl[m[K --- AFTER GLSurfaceView swap frame
W/GLSurfaceView( 1206): <1619300>  --- [01;31m[Kxzl[m[K --- BEFORE GLSurfaceView DrawFrame
W/APP     ( 1206): [01;31m[Kxzl[m[K: ===> entering onDrawFrame: <1619301> 
W/APP     ( 1206): [01;31m[Kxzl[m[K: ===> ev hits user code: <1619306>  {1619302} since event: 4 ms
D/InputDispatcher(  193): <1619307.75> ########### [01;31m[Kxzl[m[K finishDispatchCycle: 5.52ms since event, 4.91ms since dispatch
D/SurfaceFlinger(  117): <1619312.62>  ----- [01;31m[Kxzl[m[K SurfaceFlinger::composeSurfaces() swap fb done  ------
W/APP     ( 1206): [01;31m[Kxzl[m[K: ===> done onDrawFrame: <1619301> 
W/GLSurfaceView( 1206): <1619315>  --- [01;31m[Kxzl[m[K --- AFTER GLSurfaceView DrawFrame
W/GLSurfaceView( 1206): <1619315>  --- [01;31m[Kxzl[m[K --- BEFORE GLSurfaceView swap frame
D/SurfaceTextureClient( 1206): <1619316.00> [01;31m[Kxzl[m[K SurfaceTextureClient::queueBuffer
D/SurfaceFlinger(  117): <1619316.12>  --- [01;31m[Kxzl[m[K Layer::onFrameQueued
D/SurfaceFlinger(  117): <1619316.25>  ----- [01;31m[Kxzl[m[K SurfaceFlinger::composeSurfaces compose done, prepare to swap fb ------
W/GLSurfaceView( 1206): <1619316>  --- [01;31m[Kxzl[m[K --- AFTER GLSurfaceView swap frame
W/GLSurfaceView( 1206): <1619316>  --- [01;31m[Kxzl[m[K --- BEFORE GLSurfaceView DrawFrame
W/APP     ( 1206): [01;31m[Kxzl[m[K: ===> entering onDrawFrame: <1619317> 
W/APP     ( 1206): [01;31m[Kxzl[m[K: ===> ev hits user code: <1619322>  {1619311} since event: 11 ms
D/InputDispatcher(  193): <1619324.00> ########### [01;31m[Kxzl[m[K finishDispatchCycle: 12.18ms since event, 11.51ms since dispatch
W/APP     ( 1206): [01;31m[Kxzl[m[K: ===> ev hits user code: <1619327>  {1619321} since event: 6 ms
D/SurfaceFlinger(  117): <1619329.62>  ----- [01;31m[Kxzl[m[K SurfaceFlinger::composeSurfaces() swap fb done  ------
W/APP     ( 1206): [01;31m[Kxzl[m[K: ===> done onDrawFrame: <1619317> 
W/GLSurfaceView( 1206): <1619331>  --- [01;31m[Kxzl[m[K --- AFTER GLSurfaceView DrawFrame
W/GLSurfaceView( 1206): <1619332>  --- [01;31m[Kxzl[m[K --- BEFORE GLSurfaceView swap frame
D/SurfaceTextureClient( 1206): <1619332.75> [01;31m[Kxzl[m[K SurfaceTextureClient::queueBuffer
D/SurfaceFlinger(  117): <1619332.88>  --- [01;31m[Kxzl[m[K Layer::onFrameQueued
D/SurfaceFlinger(  117): <1619333.00>  ----- [01;31m[Kxzl[m[K SurfaceFlinger::composeSurfaces compose done, prepare to swap fb ------
W/GLSurfaceView( 1206): <1619333>  --- [01;31m[Kxzl[m[K --- AFTER GLSurfaceView swap frame
W/GLSurfaceView( 1206): <1619333>  --- [01;31m[Kxzl[m[K --- BEFORE GLSurfaceView DrawFrame
W/APP     ( 1206): [01;31m[Kxzl[m[K: ===> entering onDrawFrame: <1619333> 
D/InputDispatcher(  193): <1619333.88> ########### [01;31m[Kxzl[m[K finishDispatchCycle: 11.99ms since event, 9.67ms since dispatch
W/APP     ( 1206): [01;31m[Kxzl[m[K: ===> ev hits user code: <1619335>  {1619331} since event: 4 ms
D/InputDispatcher(  193): <1619336.12> ########### [01;31m[Kxzl[m[K finishDispatchCycle: 4.79ms since event, 2.11ms since dispatch
W/APP     ( 1206): [01;31m[Kxzl[m[K: ===> ev hits user code: <1619344>  {1619341} since event: 3 ms
D/InputDispatcher(  193): <1619345.50> ########### [01;31m[Kxzl[m[K finishDispatchCycle: 4.30ms since event, 3.75ms since dispatch
D/SurfaceFlinger(  117): <1619346.62>  ----- [01;31m[Kxzl[m[K SurfaceFlinger::composeSurfaces() swap fb done  ------
W/APP     ( 1206): [01;31m[Kxzl[m[K: ===> done onDrawFrame: <1619333> 
W/GLSurfaceView( 1206): <1619347>  --- [01;31m[Kxzl[m[K --- AFTER GLSurfaceView DrawFrame
W/GLSurfaceView( 1206): <1619347>  --- [01;31m[Kxzl[m[K --- BEFORE GLSurfaceView swap frame
D/SurfaceTextureClient( 1206): <1619347.88> [01;31m[Kxzl[m[K SurfaceTextureClient::queueBuffer
D/SurfaceFlinger(  117): <1619347.88>  --- [01;31m[Kxzl[m[K Layer::onFrameQueued
D/SurfaceFlinger(  117): <1619349.25>  ----- [01;31m[Kxzl[m[K SurfaceFlinger::composeSurfaces compose done, prepare to swap fb ------
W/GLSurfaceView( 1206): <1619349>  --- [01;31m[Kxzl[m[K --- AFTER GLSurfaceView swap frame
W/GLSurfaceView( 1206): <1619349>  --- [01;31m[Kxzl[m[K --- BEFORE GLSurfaceView DrawFrame
W/APP     ( 1206): [01;31m[Kxzl[m[K: ===> entering onDrawFrame: <1619349> 
W/APP     ( 1206): [01;31m[Kxzl[m[K: ===> ev hits user code: <1619355>  {1619351} since event: 4 ms
D/InputDispatcher(  193): <1619356.38> ########### [01;31m[Kxzl[m[K finishDispatchCycle: 5.34ms since event, 4.70ms since dispatch
W/APP     ( 1206): [01;31m[Kxzl[m[K: ===> done onDrawFrame: <1619349> 
D/SurfaceFlinger(  117): <1619363.62>  ----- [01;31m[Kxzl[m[K SurfaceFlinger::composeSurfaces() swap fb done  ------
W/GLSurfaceView( 1206): <1619363>  --- [01;31m[Kxzl[m[K --- AFTER GLSurfaceView DrawFrame
W/GLSurfaceView( 1206): <1619364>  --- [01;31m[Kxzl[m[K --- BEFORE GLSurfaceView swap frame
D/SurfaceTextureClient( 1206): <1619364.88> [01;31m[Kxzl[m[K SurfaceTextureClient::queueBuffer
D/SurfaceFlinger(  117): <1619364.88>  --- [01;31m[Kxzl[m[K Layer::onFrameQueued
D/SurfaceFlinger(  117): <1619365.25>  ----- [01;31m[Kxzl[m[K SurfaceFlinger::composeSurfaces compose done, prepare to swap fb ------
W/GLSurfaceView( 1206): <1619365>  --- [01;31m[Kxzl[m[K --- AFTER GLSurfaceView swap frame
W/GLSurfaceView( 1206): <1619366>  --- [01;31m[Kxzl[m[K --- BEFORE GLSurfaceView DrawFrame
W/APP     ( 1206): [01;31m[Kxzl[m[K: ===> entering onDrawFrame: <1619366> 
W/APP     ( 1206): [01;31m[Kxzl[m[K: ===> ev hits user code: <1619366>  {1619360} since event: 6 ms
D/InputDispatcher(  193): <1619370.25> ########### [01;31m[Kxzl[m[K finishDispatchCycle: 9.64ms since event, 9.03ms since dispatch
W/APP     ( 1206): [01;31m[Kxzl[m[K: ===> ev hits user code: <1619372>  {1619370} since event: 2 ms
D/InputDispatcher(  193): <1619373.38> ########### [01;31m[Kxzl[m[K finishDispatchCycle: 3.05ms since event, 2.47ms since dispatch
D/SurfaceFlinger(  117): <1619380.38>  ----- [01;31m[Kxzl[m[K SurfaceFlinger::composeSurfaces() swap fb done  ------
W/APP     ( 1206): [01;31m[Kxzl[m[K: ===> done onDrawFrame: <1619366> 
W/GLSurfaceView( 1206): <1619380>  --- [01;31m[Kxzl[m[K --- AFTER GLSurfaceView DrawFrame
W/GLSurfaceView( 1206): <1619381>  --- [01;31m[Kxzl[m[K --- BEFORE GLSurfaceView swap frame
D/SurfaceTextureClient( 1206): <1619381.88> [01;31m[Kxzl[m[K SurfaceTextureClient::queueBuffer
D/SurfaceFlinger(  117): <1619382.00>  --- [01;31m[Kxzl[m[K Layer::onFrameQueued
D/SurfaceFlinger(  117): <1619382.12>  ----- [01;31m[Kxzl[m[K SurfaceFlinger::composeSurfaces compose done, prepare to swap fb ------
W/GLSurfaceView( 1206): <1619382>  --- [01;31m[Kxzl[m[K --- AFTER GLSurfaceView swap frame
W/GLSurfaceView( 1206): <1619382>  --- [01;31m[Kxzl[m[K --- BEFORE GLSurfaceView DrawFrame
W/APP     ( 1206): [01;31m[Kxzl[m[K: ===> entering onDrawFrame: <1619382> 
W/APP     ( 1206): [01;31m[Kxzl[m[K: ===> ev hits user code: <1619385>  {1619380} since event: 5 ms
D/InputDispatcher(  193): <1619388.12> ########### [01;31m[Kxzl[m[K finishDispatchCycle: 7.87ms since event, 7.32ms since dispatch
W/APP     ( 1206): [01;31m[Kxzl[m[K: ===> ev hits user code: <1619393>  {1619389} since event: 4 ms
D/InputDispatcher(  193): <1619394.50> ########### [01;31m[Kxzl[m[K finishDispatchCycle: 4.61ms since event, 4.03ms since dispatch
W/APP     ( 1206): [01;31m[Kxzl[m[K: ===> done onDrawFrame: <1619382> 
W/GLSurfaceView( 1206): <1619396>  --- [01;31m[Kxzl[m[K --- AFTER GLSurfaceView DrawFrame
W/GLSurfaceView( 1206): <1619397>  --- [01;31m[Kxzl[m[K --- BEFORE GLSurfaceView swap frame
D/SurfaceTextureClient( 1206): <1619397.50> [01;31m[Kxzl[m[K SurfaceTextureClient::queueBuffer
D/SurfaceFlinger(  117): <1619397.50>  --- [01;31m[Kxzl[m[K Layer::onFrameQueued
D/SurfaceFlinger(  117): <1619397.88>  ----- [01;31m[Kxzl[m[K SurfaceFlinger::composeSurfaces() swap fb done  ------
D/SurfaceFlinger(  117): <1619398.00>  ----- [01;31m[Kxzl[m[K SurfaceFlinger::composeSurfaces compose done, prepare to swap fb ------
W/GLSurfaceView( 1206): <1619398>  --- [01;31m[Kxzl[m[K --- AFTER GLSurfaceView swap frame
W/GLSurfaceView( 1206): <1619398>  --- [01;31m[Kxzl[m[K --- BEFORE GLSurfaceView DrawFrame
W/APP     ( 1206): [01;31m[Kxzl[m[K: ===> entering onDrawFrame: <1619399> 
W/APP     ( 1206): [01;31m[Kxzl[m[K: ===> ev hits user code: <1619403>  {1619398} since event: 5 ms
D/InputDispatcher(  193): <1619404.75> ########### [01;31m[Kxzl[m[K finishDispatchCycle: 6.50ms since event, 5.89ms since dispatch
W/APP     ( 1206): [01;31m[Kxzl[m[K: ===> done onDrawFrame: <1619399> 
W/APP     ( 1206): [01;31m[Kxzl[m[K: ===> ev hits user code: <1619412>  {1619408} since event: 4 ms
W/GLSurfaceView( 1206): <1619413>  --- [01;31m[Kxzl[m[K --- AFTER GLSurfaceView DrawFrame
D/SurfaceFlinger(  117): <1619414.38>  ----- [01;31m[Kxzl[m[K SurfaceFlinger::composeSurfaces() swap fb done  ------
D/InputDispatcher(  193): <1619414.62> ########### [01;31m[Kxzl[m[K finishDispatchCycle: 6.47ms since event, 5.83ms since dispatch
W/GLSurfaceView( 1206): <1619414>  --- [01;31m[Kxzl[m[K --- BEFORE GLSurfaceView swap frame
D/SurfaceTextureClient( 1206): <1619415.12> [01;31m[Kxzl[m[K SurfaceTextureClient::queueBuffer
D/SurfaceFlinger(  117): <1619415.25>  --- [01;31m[Kxzl[m[K Layer::onFrameQueued
D/SurfaceFlinger(  117): <1619415.38>  ----- [01;31m[Kxzl[m[K SurfaceFlinger::composeSurfaces compose done, prepare to swap fb ------
W/GLSurfaceView( 1206): <1619415>  --- [01;31m[Kxzl[m[K --- AFTER GLSurfaceView swap frame
W/GLSurfaceView( 1206): <1619415>  --- [01;31m[Kxzl[m[K --- BEFORE GLSurfaceView DrawFrame
W/APP     ( 1206): [01;31m[Kxzl[m[K: ===> entering onDrawFrame: <1619416> 
W/APP     ( 1206): [01;31m[Kxzl[m[K: ===> ev hits user code: <1619422>  {1619417} since event: 5 ms
D/InputDispatcher(  193): <1619423.88> ########### [01;31m[Kxzl[m[K finishDispatchCycle: 6.23ms since event, 5.62ms since dispatch
W/APP     ( 1206): [01;31m[Kxzl[m[K: ===> done onDrawFrame: <1619416> 
W/GLSurfaceView( 1206): <1619430>  --- [01;31m[Kxzl[m[K --- AFTER GLSurfaceView DrawFrame
W/GLSurfaceView( 1206): <1619430>  --- [01;31m[Kxzl[m[K --- BEFORE GLSurfaceView swap frame
D/SurfaceFlinger(  117): <1619431.25>  ----- [01;31m[Kxzl[m[K SurfaceFlinger::composeSurfaces() swap fb done  ------
D/SurfaceTextureClient( 1206): <1619431.38> [01;31m[Kxzl[m[K SurfaceTextureClient::queueBuffer
D/SurfaceFlinger(  117): <1619431.50>  --- [01;31m[Kxzl[m[K Layer::onFrameQueued
D/SurfaceFlinger(  117): <1619431.62>  ----- [01;31m[Kxzl[m[K SurfaceFlinger::composeSurfaces compose done, prepare to swap fb ------
W/GLSurfaceView( 1206): <1619431>  --- [01;31m[Kxzl[m[K --- AFTER GLSurfaceView swap frame
W/GLSurfaceView( 1206): <1619432>  --- [01;31m[Kxzl[m[K --- BEFORE GLSurfaceView DrawFrame
W/APP     ( 1206): [01;31m[Kxzl[m[K: ===> entering onDrawFrame: <1619432> 
W/APP     ( 1206): [01;31m[Kxzl[m[K: ===> ev hits user code: <1619435>  {1619427} since event: 8 ms
D/InputDispatcher(  193): <1619439.12> ########### [01;31m[Kxzl[m[K finishDispatchCycle: 11.44ms since event, 10.83ms since dispatch
W/APP     ( 1206): [01;31m[Kxzl[m[K: ===> ev hits user code: <1619441>  {1619437} since event: 4 ms
D/InputDispatcher(  193): <1619442.00> ########### [01;31m[Kxzl[m[K finishDispatchCycle: 4.52ms since event, 2.69ms since dispatch
W/APP     ( 1206): [01;31m[Kxzl[m[K: ===> done onDrawFrame: <1619432> 
W/GLSurfaceView( 1206): <1619447>  --- [01;31m[Kxzl[m[K --- AFTER GLSurfaceView DrawFrame
W/GLSurfaceView( 1206): <1619447>  --- [01;31m[Kxzl[m[K --- BEFORE GLSurfaceView swap frame
D/SurfaceTextureClient( 1206): <1619448.00> [01;31m[Kxzl[m[K SurfaceTextureClient::queueBuffer
D/SurfaceFlinger(  117): <1619448.00>  --- [01;31m[Kxzl[m[K Layer::onFrameQueued
D/SurfaceFlinger(  117): <1619448.75>  ----- [01;31m[Kxzl[m[K SurfaceFlinger::composeSurfaces() swap fb done  ------
D/SurfaceFlinger(  117): <1619448.88>  ----- [01;31m[Kxzl[m[K SurfaceFlinger::composeSurfaces compose done, prepare to swap fb ------
W/GLSurfaceView( 1206): <1619448>  --- [01;31m[Kxzl[m[K --- AFTER GLSurfaceView swap frame
W/GLSurfaceView( 1206): <1619449>  --- [01;31m[Kxzl[m[K --- BEFORE GLSurfaceView DrawFrame
W/APP     ( 1206): [01;31m[Kxzl[m[K: ===> entering onDrawFrame: <1619449> 
W/APP     ( 1206): [01;31m[Kxzl[m[K: ===> ev hits user code: <1619452>  {1619448} since event: 4 ms
D/InputDispatcher(  193): <1619453.00> ########### [01;31m[Kxzl[m[K finishDispatchCycle: 4.39ms since event, 3.78ms since dispatch
W/APP     ( 1206): [01;31m[Kxzl[m[K: ===> ev hits user code: <1619460>  {1619458} since event: 2 ms
D/InputDispatcher(  193): <1619461.50> ########### [01;31m[Kxzl[m[K finishDispatchCycle: 3.33ms since event, 2.69ms since dispatch
W/APP     ( 1206): [01;31m[Kxzl[m[K: ===> done onDrawFrame: <1619449> 
W/GLSurfaceView( 1206): <1619463>  --- [01;31m[Kxzl[m[K --- AFTER GLSurfaceView DrawFrame
W/GLSurfaceView( 1206): <1619464>  --- [01;31m[Kxzl[m[K --- BEFORE GLSurfaceView swap frame
D/SurfaceTextureClient( 1206): <1619464.50> [01;31m[Kxzl[m[K SurfaceTextureClient::queueBuffer
D/SurfaceFlinger(  117): <1619464.62>  --- [01;31m[Kxzl[m[K Layer::onFrameQueued
D/SurfaceFlinger(  117): <1619466.00>  ----- [01;31m[Kxzl[m[K SurfaceFlinger::composeSurfaces() swap fb done  ------
D/SurfaceFlinger(  117): <1619466.38>  ----- [01;31m[Kxzl[m[K SurfaceFlinger::composeSurfaces compose done, prepare to swap fb ------
W/GLSurfaceView( 1206): <1619466>  --- [01;31m[Kxzl[m[K --- AFTER GLSurfaceView swap frame
W/GLSurfaceView( 1206): <1619466>  --- [01;31m[Kxzl[m[K --- BEFORE GLSurfaceView DrawFrame
W/APP     ( 1206): [01;31m[Kxzl[m[K: ===> entering onDrawFrame: <1619466> 
W/APP     ( 1206): [01;31m[Kxzl[m[K: ===> ev hits user code: <1619470>  {1619467} since event: 3 ms
D/InputDispatcher(  193): <1619471.38> ########### [01;31m[Kxzl[m[K finishDispatchCycle: 3.39ms since event, 2.75ms since dispatch
W/APP     ( 1206): [01;31m[Kxzl[m[K: ===> done onDrawFrame: <1619466> 
W/GLSurfaceView( 1206): <1619481>  --- [01;31m[Kxzl[m[K --- AFTER GLSurfaceView DrawFrame
D/SurfaceFlinger(  117): <1619482.12>  ----- [01;31m[Kxzl[m[K SurfaceFlinger::composeSurfaces() swap fb done  ------
W/GLSurfaceView( 1206): <1619482>  --- [01;31m[Kxzl[m[K --- BEFORE GLSurfaceView swap frame
D/SurfaceTextureClient( 1206): <1619482.75> [01;31m[Kxzl[m[K SurfaceTextureClient::queueBuffer
D/SurfaceFlinger(  117): <1619482.88>  --- [01;31m[Kxzl[m[K Layer::onFrameQueued
D/SurfaceFlinger(  117): <1619483.00>  ----- [01;31m[Kxzl[m[K SurfaceFlinger::composeSurfaces compose done, prepare to swap fb ------
W/GLSurfaceView( 1206): <1619483>  --- [01;31m[Kxzl[m[K --- AFTER GLSurfaceView swap frame
W/GLSurfaceView( 1206): <1619485>  --- [01;31m[Kxzl[m[K --- BEFORE GLSurfaceView DrawFrame
W/APP     ( 1206): [01;31m[Kxzl[m[K: ===> entering onDrawFrame: <1619487> 
W/APP     ( 1206): [01;31m[Kxzl[m[K: ===> ev hits user code: <1619483>  {1619477} since event: 6 ms
D/InputDispatcher(  193): <1619490.50> ########### [01;31m[Kxzl[m[K finishDispatchCycle: 12.73ms since event, 12.08ms since dispatch
W/APP     ( 1206): [01;31m[Kxzl[m[K: ===> ev hits user code: <1619497>  {1619487} since event: 10 ms
D/InputDispatcher(  193): <1619498.88> ########### [01;31m[Kxzl[m[K finishDispatchCycle: 11.54ms since event, 8.18ms since dispatch
D/SurfaceFlinger(  117): <1619499.25>  ----- [01;31m[Kxzl[m[K SurfaceFlinger::composeSurfaces() swap fb done  ------
W/APP     ( 1206): [01;31m[Kxzl[m[K: ===> done onDrawFrame: <1619487> 
W/GLSurfaceView( 1206): <1619502>  --- [01;31m[Kxzl[m[K --- AFTER GLSurfaceView DrawFrame
W/GLSurfaceView( 1206): <1619502>  --- [01;31m[Kxzl[m[K --- BEFORE GLSurfaceView swap frame
D/SurfaceTextureClient( 1206): <1619503.25> [01;31m[Kxzl[m[K SurfaceTextureClient::queueBuffer
D/SurfaceFlinger(  117): <1619503.38>  --- [01;31m[Kxzl[m[K Layer::onFrameQueued
W/GLSurfaceView( 1206): <1619503>  --- [01;31m[Kxzl[m[K --- AFTER GLSurfaceView swap frame
W/GLSurfaceView( 1206): <1619503>  --- [01;31m[Kxzl[m[K --- BEFORE GLSurfaceView DrawFrame
W/APP     ( 1206): [01;31m[Kxzl[m[K: ===> entering onDrawFrame: <1619504> 
D/SurfaceFlinger(  117): <1619504.88>  ----- [01;31m[Kxzl[m[K SurfaceFlinger::composeSurfaces compose done, prepare to swap fb ------
W/APP     ( 1206): [01;31m[Kxzl[m[K: ===> ev hits user code: <1619504>  {1619497} since event: 7 ms
D/InputDispatcher(  193): <1619505.50> ########### [01;31m[Kxzl[m[K finishDispatchCycle: 8.39ms since event, 6.47ms since dispatch
W/APP     ( 1206): [01;31m[Kxzl[m[K: ===> ev hits user code: <1619509>  {1619506} since event: 3 ms
D/InputDispatcher(  193): <1619509.75> ########### [01;31m[Kxzl[m[K finishDispatchCycle: 3.05ms since event, 2.38ms since dispatch
D/SurfaceFlinger(  117): <1619516.50>  ----- [01;31m[Kxzl[m[K SurfaceFlinger::composeSurfaces() swap fb done  ------
W/APP     ( 1206): [01;31m[Kxzl[m[K: ===> done onDrawFrame: <1619504> 
W/GLSurfaceView( 1206): <1619517>  --- [01;31m[Kxzl[m[K --- AFTER GLSurfaceView DrawFrame
W/GLSurfaceView( 1206): <1619517>  --- [01;31m[Kxzl[m[K --- BEFORE GLSurfaceView swap frame
D/SurfaceTextureClient( 1206): <1619518.38> [01;31m[Kxzl[m[K SurfaceTextureClient::queueBuffer
D/SurfaceFlinger(  117): <1619518.38>  --- [01;31m[Kxzl[m[K Layer::onFrameQueued
D/SurfaceFlinger(  117): <1619518.50>  ----- [01;31m[Kxzl[m[K SurfaceFlinger::composeSurfaces compose done, prepare to swap fb ------
W/GLSurfaceView( 1206): <1619518>  --- [01;31m[Kxzl[m[K --- AFTER GLSurfaceView swap frame
W/GLSurfaceView( 1206): <1619518>  --- [01;31m[Kxzl[m[K --- BEFORE GLSurfaceView DrawFrame
W/APP     ( 1206): [01;31m[Kxzl[m[K: ===> entering onDrawFrame: <1619519> 
W/APP     ( 1206): [01;31m[Kxzl[m[K: ===> ev hits user code: <1619520>  {1619516} since event: 4 ms
D/InputDispatcher(  193): <1619521.12> ########### [01;31m[Kxzl[m[K finishDispatchCycle: 4.70ms since event, 4.09ms since dispatch
W/APP     ( 1206): [01;31m[Kxzl[m[K: ===> ev hits user code: <1619528>  {1619526} since event: 2 ms
D/InputDispatcher(  193): <1619528.75> ########### [01;31m[Kxzl[m[K finishDispatchCycle: 2.47ms since event, 1.92ms since dispatch
W/APP     ( 1206): [01;31m[Kxzl[m[K: ===> done onDrawFrame: <1619519> 
W/GLSurfaceView( 1206): <1619532>  --- [01;31m[Kxzl[m[K --- AFTER GLSurfaceView DrawFrame
W/GLSurfaceView( 1206): <1619533>  --- [01;31m[Kxzl[m[K --- BEFORE GLSurfaceView swap frame
D/SurfaceTextureClient( 1206): <1619533.50> [01;31m[Kxzl[m[K SurfaceTextureClient::queueBuffer
D/SurfaceFlinger(  117): <1619533.62>  --- [01;31m[Kxzl[m[K Layer::onFrameQueued
D/SurfaceFlinger(  117): <1619534.12>  ----- [01;31m[Kxzl[m[K SurfaceFlinger::composeSurfaces() swap fb done  ------
D/SurfaceFlinger(  117): <1619534.25>  ----- [01;31m[Kxzl[m[K SurfaceFlinger::composeSurfaces compose done, prepare to swap fb ------
W/GLSurfaceView( 1206): <1619534>  --- [01;31m[Kxzl[m[K --- AFTER GLSurfaceView swap frame
W/GLSurfaceView( 1206): <1619534>  --- [01;31m[Kxzl[m[K --- BEFORE GLSurfaceView DrawFrame
W/APP     ( 1206): [01;31m[Kxzl[m[K: ===> entering onDrawFrame: <1619534> 
W/APP     ( 1206): [01;31m[Kxzl[m[K: ===> ev hits user code: <1619538>  {1619536} since event: 2 ms
D/InputDispatcher(  193): <1619538.62> ########### [01;31m[Kxzl[m[K finishDispatchCycle: 2.59ms since event, 2.01ms since dispatch
W/APP     ( 1206): [01;31m[Kxzl[m[K: ===> done onDrawFrame: <1619534> 
W/GLSurfaceView( 1206): <1619548>  --- [01;31m[Kxzl[m[K --- AFTER GLSurfaceView DrawFrame
W/GLSurfaceView( 1206): <1619548>  --- [01;31m[Kxzl[m[K --- BEFORE GLSurfaceView swap frame
D/SurfaceTextureClient( 1206): <1619549.38> [01;31m[Kxzl[m[K SurfaceTextureClient::queueBuffer
D/SurfaceFlinger(  117): <1619549.50>  --- [01;31m[Kxzl[m[K Layer::onFrameQueued
D/SurfaceFlinger(  117): <1619550.00>  ----- [01;31m[Kxzl[m[K SurfaceFlinger::composeSurfaces() swap fb done  ------
D/SurfaceFlinger(  117): <1619550.12>  ----- [01;31m[Kxzl[m[K SurfaceFlinger::composeSurfaces compose done, prepare to swap fb ------
W/GLSurfaceView( 1206): <1619550>  --- [01;31m[Kxzl[m[K --- AFTER GLSurfaceView swap frame
W/GLSurfaceView( 1206): <1619550>  --- [01;31m[Kxzl[m[K --- BEFORE GLSurfaceView DrawFrame
W/APP     ( 1206): [01;31m[Kxzl[m[K: ===> entering onDrawFrame: <1619550> 
W/APP     ( 1206): [01;31m[Kxzl[m[K: ===> ev hits user code: <1619551>  {1619545} since event: 6 ms
D/InputDispatcher(  193): <1619552.00> ########### [01;31m[Kxzl[m[K finishDispatchCycle: 6.10ms since event, 5.52ms since dispatch
W/APP     ( 1206): [01;31m[Kxzl[m[K: ===> ev hits user code: <1619557>  {1619555} since event: 2 ms
D/InputDispatcher(  193): <1619558.62> ########### [01;31m[Kxzl[m[K finishDispatchCycle: 3.05ms since event, 2.38ms since dispatch
W/APP     ( 1206): [01;31m[Kxzl[m[K: ===> done onDrawFrame: <1619550> 
W/GLSurfaceView( 1206): <1619564>  --- [01;31m[Kxzl[m[K --- AFTER GLSurfaceView DrawFrame
W/GLSurfaceView( 1206): <1619564>  --- [01;31m[Kxzl[m[K --- BEFORE GLSurfaceView swap frame
D/SurfaceTextureClient( 1206): <1619565.25> [01;31m[Kxzl[m[K SurfaceTextureClient::queueBuffer
D/SurfaceFlinger(  117): <1619565.25>  --- [01;31m[Kxzl[m[K Layer::onFrameQueued
D/SurfaceFlinger(  117): <1619566.88>  ----- [01;31m[Kxzl[m[K SurfaceFlinger::composeSurfaces() swap fb done  ------
D/SurfaceFlinger(  117): <1619567.00>  ----- [01;31m[Kxzl[m[K SurfaceFlinger::composeSurfaces compose done, prepare to swap fb ------
W/GLSurfaceView( 1206): <1619567>  --- [01;31m[Kxzl[m[K --- AFTER GLSurfaceView swap frame
W/GLSurfaceView( 1206): <1619567>  --- [01;31m[Kxzl[m[K --- BEFORE GLSurfaceView DrawFrame
W/APP     ( 1206): [01;31m[Kxzl[m[K: ===> entering onDrawFrame: <1619567> 
W/APP     ( 1206): [01;31m[Kxzl[m[K: ===> ev hits user code: <1619568>  {1619565} since event: 3 ms
D/InputDispatcher(  193): <1619569.25> ########### [01;31m[Kxzl[m[K finishDispatchCycle: 3.85ms since event, 3.27ms since dispatch
W/APP     ( 1206): [01;31m[Kxzl[m[K: ===> ev hits user code: <1619577>  {1619575} since event: 2 ms
D/InputDispatcher(  193): <1619577.62> ########### [01;31m[Kxzl[m[K finishDispatchCycle: 2.59ms since event, 2.01ms since dispatch
W/APP     ( 1206): [01;31m[Kxzl[m[K: ===> done onDrawFrame: <1619567> 
W/GLSurfaceView( 1206): <1619581>  --- [01;31m[Kxzl[m[K --- AFTER GLSurfaceView DrawFrame
W/GLSurfaceView( 1206): <1619581>  --- [01;31m[Kxzl[m[K --- BEFORE GLSurfaceView swap frame
D/SurfaceTextureClient( 1206): <1619582.00> [01;31m[Kxzl[m[K SurfaceTextureClient::queueBuffer
D/SurfaceFlinger(  117): <1619582.00>  --- [01;31m[Kxzl[m[K Layer::onFrameQueued
D/SurfaceFlinger(  117): <1619584.75>  ----- [01;31m[Kxzl[m[K SurfaceFlinger::composeSurfaces() swap fb done  ------
D/SurfaceFlinger(  117): <1619584.88>  ----- [01;31m[Kxzl[m[K SurfaceFlinger::composeSurfaces compose done, prepare to swap fb ------
W/GLSurfaceView( 1206): <1619585>  --- [01;31m[Kxzl[m[K --- AFTER GLSurfaceView swap frame
W/GLSurfaceView( 1206): <1619585>  --- [01;31m[Kxzl[m[K --- BEFORE GLSurfaceView DrawFrame
W/APP     ( 1206): [01;31m[Kxzl[m[K: ===> entering onDrawFrame: <1619585> 
W/APP     ( 1206): [01;31m[Kxzl[m[K: ===> ev hits user code: <1619589>  {1619584} since event: 5 ms
D/InputDispatcher(  193): <1619590.88> ########### [01;31m[Kxzl[m[K finishDispatchCycle: 6.13ms since event, 5.55ms since dispatch
W/APP     ( 1206): [01;31m[Kxzl[m[K: ===> ev hits user code: <1619597>  {1619594} since event: 3 ms
D/InputDispatcher(  193): <1619598.38> ########### [01;31m[Kxzl[m[K finishDispatchCycle: 3.54ms since event, 2.93ms since dispatch
W/APP     ( 1206): [01;31m[Kxzl[m[K: ===> done onDrawFrame: <1619585> 
W/GLSurfaceView( 1206): <1619600>  --- [01;31m[Kxzl[m[K --- AFTER GLSurfaceView DrawFrame
W/GLSurfaceView( 1206): <1619600>  --- [01;31m[Kxzl[m[K --- BEFORE GLSurfaceView swap frame
D/SurfaceTextureClient( 1206): <1619600.88> [01;31m[Kxzl[m[K SurfaceTextureClient::queueBuffer
D/SurfaceFlinger(  117): <1619601.12>  --- [01;31m[Kxzl[m[K Layer::onFrameQueued
D/SurfaceFlinger(  117): <1619602.62>  ----- [01;31m[Kxzl[m[K SurfaceFlinger::composeSurfaces() swap fb done  ------
D/SurfaceFlinger(  117): <1619602.75>  ----- [01;31m[Kxzl[m[K SurfaceFlinger::composeSurfaces compose done, prepare to swap fb ------
W/GLSurfaceView( 1206): <1619602>  --- [01;31m[Kxzl[m[K --- AFTER GLSurfaceView swap frame
W/GLSurfaceView( 1206): <1619603>  --- [01;31m[Kxzl[m[K --- BEFORE GLSurfaceView DrawFrame
W/APP     ( 1206): [01;31m[Kxzl[m[K: ===> entering onDrawFrame: <1619604> 
W/APP     ( 1206): [01;31m[Kxzl[m[K: ===> ev hits user code: <1619606>  {1619603} since event: 3 ms
D/InputDispatcher(  193): <1619607.00> ########### [01;31m[Kxzl[m[K finishDispatchCycle: 4.06ms since event, 3.42ms since dispatch
W/APP     ( 1206): [01;31m[Kxzl[m[K: ===> ev hits user code: <1619614>  {1619612} since event: 2 ms
D/InputDispatcher(  193): <1619615.50> ########### [01;31m[Kxzl[m[K finishDispatchCycle: 2.72ms since event, 2.14ms since dispatch
D/SurfaceFlinger(  117): <1619617.75>  ----- [01;31m[Kxzl[m[K SurfaceFlinger::composeSurfaces() swap fb done  ------
W/APP     ( 1206): [01;31m[Kxzl[m[K: ===> done onDrawFrame: <1619604> 
W/GLSurfaceView( 1206): <1619617>  --- [01;31m[Kxzl[m[K --- AFTER GLSurfaceView DrawFrame
W/GLSurfaceView( 1206): <1619618>  --- [01;31m[Kxzl[m[K --- BEFORE GLSurfaceView swap frame
D/SurfaceTextureClient( 1206): <1619618.50> [01;31m[Kxzl[m[K SurfaceTextureClient::queueBuffer
D/SurfaceFlinger(  117): <1619618.50>  --- [01;31m[Kxzl[m[K Layer::onFrameQueued
D/SurfaceFlinger(  117): <1619618.75>  ----- [01;31m[Kxzl[m[K SurfaceFlinger::composeSurfaces compose done, prepare to swap fb ------
W/GLSurfaceView( 1206): <1619618>  --- [01;31m[Kxzl[m[K --- AFTER GLSurfaceView swap frame
W/GLSurfaceView( 1206): <1619619>  --- [01;31m[Kxzl[m[K --- BEFORE GLSurfaceView DrawFrame
W/APP     ( 1206): [01;31m[Kxzl[m[K: ===> entering onDrawFrame: <1619619> 
W/APP     ( 1206): [01;31m[Kxzl[m[K: ===> ev hits user code: <1619624>  {1619622} since event: 2 ms
D/InputDispatcher(  193): <1619625.00> ########### [01;31m[Kxzl[m[K finishDispatchCycle: 2.59ms since event, 2.01ms since dispatch
W/APP     ( 1206): [01;31m[Kxzl[m[K: ===> done onDrawFrame: <1619619> 
W/GLSurfaceView( 1206): <1619633>  --- [01;31m[Kxzl[m[K --- AFTER GLSurfaceView DrawFrame
W/GLSurfaceView( 1206): <1619633>  --- [01;31m[Kxzl[m[K --- BEFORE GLSurfaceView swap frame
D/SurfaceTextureClient( 1206): <1619633.88> [01;31m[Kxzl[m[K SurfaceTextureClient::queueBuffer
D/SurfaceFlinger(  117): <1619634.00>  --- [01;31m[Kxzl[m[K Layer::onFrameQueued
D/SurfaceFlinger(  117): <1619634.75>  ----- [01;31m[Kxzl[m[K SurfaceFlinger::composeSurfaces() swap fb done  ------
D/SurfaceFlinger(  117): <1619634.75>  ----- [01;31m[Kxzl[m[K SurfaceFlinger::composeSurfaces compose done, prepare to swap fb ------
W/GLSurfaceView( 1206): <1619634>  --- [01;31m[Kxzl[m[K --- AFTER GLSurfaceView swap frame
W/GLSurfaceView( 1206): <1619635>  --- [01;31m[Kxzl[m[K --- BEFORE GLSurfaceView DrawFrame
W/APP     ( 1206): [01;31m[Kxzl[m[K: ===> entering onDrawFrame: <1619635> 
W/APP     ( 1206): [01;31m[Kxzl[m[K: ===> ev hits user code: <1619636>  {1619632} since event: 4 ms
D/InputDispatcher(  193): <1619638.00> ########### [01;31m[Kxzl[m[K finishDispatchCycle: 5.65ms since event, 4.09ms since dispatch
W/APP     ( 1206): [01;31m[Kxzl[m[K: ===> ev hits user code: <1619646>  {1619642} since event: 4 ms
D/InputDispatcher(  193): <1619647.12> ########### [01;31m[Kxzl[m[K finishDispatchCycle: 4.76ms since event, 4.00ms since dispatch
D/SurfaceFlinger(  117): <1619651.75>  ----- [01;31m[Kxzl[m[K SurfaceFlinger::composeSurfaces() swap fb done  ------
W/APP     ( 1206): [01;31m[Kxzl[m[K: ===> done onDrawFrame: <1619635> 
W/GLSurfaceView( 1206): <1619653>  --- [01;31m[Kxzl[m[K --- AFTER GLSurfaceView DrawFrame
W/GLSurfaceView( 1206): <1619654>  --- [01;31m[Kxzl[m[K --- BEFORE GLSurfaceView swap frame
D/SurfaceTextureClient( 1206): <1619655.25> [01;31m[Kxzl[m[K SurfaceTextureClient::queueBuffer
D/SurfaceFlinger(  117): <1619655.50>  --- [01;31m[Kxzl[m[K Layer::onFrameQueued
D/SurfaceFlinger(  117): <1619655.88>  ----- [01;31m[Kxzl[m[K SurfaceFlinger::composeSurfaces compose done, prepare to swap fb ------
W/GLSurfaceView( 1206): <1619656>  --- [01;31m[Kxzl[m[K --- AFTER GLSurfaceView swap frame
W/GLSurfaceView( 1206): <1619657>  --- [01;31m[Kxzl[m[K --- BEFORE GLSurfaceView DrawFrame
W/APP     ( 1206): [01;31m[Kxzl[m[K: ===> ev hits user code: <1619660>  {1619651} since event: 9 ms
D/InputDispatcher(  193): <1619661.12> ########### [01;31m[Kxzl[m[K finishDispatchCycle: 9.28ms since event, 8.33ms since dispatch
W/APP     ( 1206): [01;31m[Kxzl[m[K: ===> entering onDrawFrame: <1619659> 
W/APP     ( 1206): [01;31m[Kxzl[m[K: ===> ev hits user code: <1619664>  {1619661} since event: 3 ms
D/InputDispatcher(  193): <1619665.62> ########### [01;31m[Kxzl[m[K finishDispatchCycle: 4.15ms since event, 3.51ms since dispatch
D/SurfaceFlinger(  117): <1619668.75>  ----- [01;31m[Kxzl[m[K SurfaceFlinger::composeSurfaces() swap fb done  ------
W/APP     ( 1206): [01;31m[Kxzl[m[K: ===> ev hits user code: <1619674>  {1619671} since event: 3 ms
D/InputDispatcher(  193): <1619675.00> ########### [01;31m[Kxzl[m[K finishDispatchCycle: 3.85ms since event, 3.02ms since dispatch
W/APP     ( 1206): [01;31m[Kxzl[m[K: ===> done onDrawFrame: <1619659> 
W/GLSurfaceView( 1206): <1619677>  --- [01;31m[Kxzl[m[K --- AFTER GLSurfaceView DrawFrame
W/GLSurfaceView( 1206): <1619678>  --- [01;31m[Kxzl[m[K --- BEFORE GLSurfaceView swap frame
D/SurfaceTextureClient( 1206): <1619678.88> [01;31m[Kxzl[m[K SurfaceTextureClient::queueBuffer
D/SurfaceFlinger(  117): <1619679.00>  --- [01;31m[Kxzl[m[K Layer::onFrameQueued
D/SurfaceFlinger(  117): <1619680.62>  ----- [01;31m[Kxzl[m[K SurfaceFlinger::composeSurfaces compose done, prepare to swap fb ------
W/GLSurfaceView( 1206): <1619683>  --- [01;31m[Kxzl[m[K --- AFTER GLSurfaceView swap frame
W/GLSurfaceView( 1206): <1619684>  --- [01;31m[Kxzl[m[K --- BEFORE GLSurfaceView DrawFrame
D/SurfaceFlinger(  117): <1619685.62>  ----- [01;31m[Kxzl[m[K SurfaceFlinger::composeSurfaces() swap fb done  ------
W/APP     ( 1206): [01;31m[Kxzl[m[K: ===> ev hits user code: <1619684>  {1619681} since event: 3 ms
D/InputDispatcher(  193): <1619686.38> ########### [01;31m[Kxzl[m[K finishDispatchCycle: 5.19ms since event, 4.58ms since dispatch
W/APP     ( 1206): [01;31m[Kxzl[m[K: ===> entering onDrawFrame: <1619685> 
W/APP     ( 1206): [01;31m[Kxzl[m[K: ===> ev hits user code: <1619693>  {1619690} since event: 3 ms
D/InputDispatcher(  193): <1619694.62> ########### [01;31m[Kxzl[m[K finishDispatchCycle: 3.72ms since event, 3.11ms since dispatch
W/APP     ( 1206): [01;31m[Kxzl[m[K: ===> done onDrawFrame: <1619685> 
W/GLSurfaceView( 1206): <1619703>  --- [01;31m[Kxzl[m[K --- AFTER GLSurfaceView DrawFrame
W/GLSurfaceView( 1206): <1619704>  --- [01;31m[Kxzl[m[K --- BEFORE GLSurfaceView swap frame
W/APP     ( 1206): [01;31m[Kxzl[m[K: ===> ev hits user code: <1619705>  {1619700} since event: 5 ms
D/SurfaceTextureClient( 1206): <1619707.25> [01;31m[Kxzl[m[K SurfaceTextureClient::queueBuffer
D/SurfaceFlinger(  117): <1619707.38>  --- [01;31m[Kxzl[m[K Layer::onFrameQueued
D/InputDispatcher(  193): <1619707.50> ########### [01;31m[Kxzl[m[K finishDispatchCycle: 7.05ms since event, 6.32ms since dispatch
D/SurfaceFlinger(  117): <1619707.62>  ----- [01;31m[Kxzl[m[K SurfaceFlinger::composeSurfaces compose done, prepare to swap fb ------
W/GLSurfaceView( 1206): <1619712>  --- [01;31m[Kxzl[m[K --- AFTER GLSurfaceView swap frame
