D/InputDispatcher(  193): <1617465.88> ########### [01;31m[Kxzl[m[K finishDispatchCycle: 6.81ms since event, 5.28ms since dispatch
W/APP     ( 1206): [01;31m[Kxzl[m[K: ===> ev hits user code: <1617472>  {1617468} since event: 4 ms
D/InputDispatcher(  193): <1617473.12> ########### [01;31m[Kxzl[m[K finishDispatchCycle: 4.36ms since event, 2.87ms since dispatch
W/APP     ( 1206): [01;31m[Kxzl[m[K: ===> done onDrawFrame: <1617462> 
W/GLSurfaceView( 1206): <1617478>  --- [01;31m[Kxzl[m[K --- AFTER GLSurfaceView DrawFrame
W/GLSurfaceView( 1206): <1617480>  --- [01;31m[Kxzl[m[K --- BEFORE GLSurfaceView swap frame
D/SurfaceTextureClient( 1206): <1617481.75> [01;31m[Kxzl[m[K SurfaceTextureClient::queueBuffer
D/SurfaceFlinger(  117): <1617482.00>  --- [01;31m[Kxzl[m[K Layer::onFrameQueued
D/SurfaceFlinger(  117): <1617482.12>  ----- [01;31m[Kxzl[m[K SurfaceFlinger::composeSurfaces compose done, prepare to swap fb ------
W/GLSurfaceView( 1206): <1617482>  --- [01;31m[Kxzl[m[K --- AFTER GLSurfaceView swap frame
W/GLSurfaceView( 1206): <1617483>  --- [01;31m[Kxzl[m[K --- BEFORE GLSurfaceView DrawFrame
W/APP     ( 1206): [01;31m[Kxzl[m[K: ===> entering onDrawFrame: <1617484> 
W/APP     ( 1206): [01;31m[Kxzl[m[K: ===> ev hits user code: <1617487>  {1617478} since event: 9 ms
D/InputDispatcher(  193): <1617491.50> ########### [01;31m[Kxzl[m[K finishDispatchCycle: 13.00ms since event, 11.47ms since dispatch
W/APP     ( 1206): [01;31m[Kxzl[m[K: ===> ev hits user code: <1617494>  {1617488} since event: 6 ms
D/InputDispatcher(  193): <1617495.62> ########### [01;31m[Kxzl[m[K finishDispatchCycle: 7.48ms since event, 3.85ms since dispatch
D/SurfaceFlinger(  117): <1617499.50>  ----- [01;31m[Kxzl[m[K SurfaceFlinger::composeSurfaces() swap fb done  ------
W/APP     ( 1206): [01;31m[Kxzl[m[K: ===> done onDrawFrame: <1617484> 
W/GLSurfaceView( 1206): <1617500>  --- [01;31m[Kxzl[m[K --- AFTER GLSurfaceView DrawFrame
W/GLSurfaceView( 1206): <1617500>  --- [01;31m[Kxzl[m[K --- BEFORE GLSurfaceView swap frame
D/SurfaceTextureClient( 1206): <1617501.62> [01;31m[Kxzl[m[K SurfaceTextureClient::queueBuffer
D/SurfaceFlinger(  117): <1617501.75>  --- [01;31m[Kxzl[m[K Layer::onFrameQueued
D/SurfaceFlinger(  117): <1617501.88>  ----- [01;31m[Kxzl[m[K SurfaceFlinger::composeSurfaces compose done, prepare to swap fb ------
W/GLSurfaceView( 1206): <1617502>  --- [01;31m[Kxzl[m[K --- AFTER GLSurfaceView swap frame
W/GLSurfaceView( 1206): <1617502>  --- [01;31m[Kxzl[m[K --- BEFORE GLSurfaceView DrawFrame
W/APP     ( 1206): [01;31m[Kxzl[m[K: ===> entering onDrawFrame: <1617502> 
W/APP     ( 1206): [01;31m[Kxzl[m[K: ===> ev hits user code: <1617504>  {1617498} since event: 6 ms
D/InputDispatcher(  193): <1617505.12> ########### [01;31m[Kxzl[m[K finishDispatchCycle: 7.14ms since event, 5.55ms since dispatch
W/APP     ( 1206): [01;31m[Kxzl[m[K: ===> ev hits user code: <1617511>  {1617507} since event: 4 ms
D/InputDispatcher(  193): <1617512.38> ########### [01;31m[Kxzl[m[K finishDispatchCycle: 4.70ms since event, 3.14ms since dispatch
D/SurfaceFlinger(  117): <1617516.88>  ----- [01;31m[Kxzl[m[K SurfaceFlinger::composeSurfaces() swap fb done  ------
W/APP     ( 1206): [01;31m[Kxzl[m[K: ===> done onDrawFrame: <1617502> 
W/GLSurfaceView( 1206): <1617517>  --- [01;31m[Kxzl[m[K --- AFTER GLSurfaceView DrawFrame
W/GLSurfaceView( 1206): <1617518>  --- [01;31m[Kxzl[m[K --- BEFORE GLSurfaceView swap frame
D/SurfaceTextureClient( 1206): <1617518.50> [01;31m[Kxzl[m[K SurfaceTextureClient::queueBuffer
D/SurfaceFlinger(  117): <1617518.50>  --- [01;31m[Kxzl[m[K Layer::onFrameQueued
D/SurfaceFlinger(  117): <1617518.88>  ----- [01;31m[Kxzl[m[K SurfaceFlinger::composeSurfaces compose done, prepare to swap fb ------
W/GLSurfaceView( 1206): <1617519>  --- [01;31m[Kxzl[m[K --- AFTER GLSurfaceView swap frame
W/GLSurfaceView( 1206): <1617519>  --- [01;31m[Kxzl[m[K --- BEFORE GLSurfaceView DrawFrame
W/APP     ( 1206): [01;31m[Kxzl[m[K: ===> entering onDrawFrame: <1617520> 
W/APP     ( 1206): [01;31m[Kxzl[m[K: ===> ev hits user code: <1617521>  {1617517} since event: 4 ms
D/InputDispatcher(  193): <1617522.62> ########### [01;31m[Kxzl[m[K finishDispatchCycle: 5.28ms since event, 3.54ms since dispatch
W/APP     ( 1206): [01;31m[Kxzl[m[K: ===> ev hits user code: <1617530>  {1617527} since event: 3 ms
D/InputDispatcher(  193): <1617531.50> ########### [01;31m[Kxzl[m[K finishDispatchCycle: 4.43ms since event, 2.87ms since dispatch
D/SurfaceFlinger(  117): <1617532.25>  ----- [01;31m[Kxzl[m[K SurfaceFlinger::composeSurfaces() swap fb done  ------
W/APP     ( 1206): [01;31m[Kxzl[m[K: ===> done onDrawFrame: <1617520> 
W/GLSurfaceView( 1206): <1617534>  --- [01;31m[Kxzl[m[K --- AFTER GLSurfaceView DrawFrame
W/GLSurfaceView( 1206): <1617534>  --- [01;31m[Kxzl[m[K --- BEFORE GLSurfaceView swap frame
D/SurfaceTextureClient( 1206): <1617535.00> [01;31m[Kxzl[m[K SurfaceTextureClient::queueBuffer
D/SurfaceFlinger(  117): <1617535.00>  --- [01;31m[Kxzl[m[K Layer::onFrameQueued
D/SurfaceFlinger(  117): <1617536.38>  ----- [01;31m[Kxzl[m[K SurfaceFlinger::composeSurfaces compose done, prepare to swap fb ------
W/GLSurfaceView( 1206): <1617536>  --- [01;31m[Kxzl[m[K --- AFTER GLSurfaceView swap frame
W/GLSurfaceView( 1206): <1617538>  --- [01;31m[Kxzl[m[K --- BEFORE GLSurfaceView DrawFrame
W/APP     ( 1206): [01;31m[Kxzl[m[K: ===> entering onDrawFrame: <1617539> 
W/APP     ( 1206): [01;31m[Kxzl[m[K: ===> ev hits user code: <1617541>  {1617536} since event: 5 ms
D/InputDispatcher(  193): <1617544.38> ########### [01;31m[Kxzl[m[K finishDispatchCycle: 7.51ms since event, 5.89ms since dispatch
D/SurfaceFlinger(  117): <1617549.38>  ----- [01;31m[Kxzl[m[K SurfaceFlinger::composeSurfaces() swap fb done  ------
W/APP     ( 1206): [01;31m[Kxzl[m[K: ===> ev hits user code: <1617551>  {1617546} since event: 5 ms
D/InputDispatcher(  193): <1617553.75> ########### [01;31m[Kxzl[m[K finishDispatchCycle: 7.05ms since event, 5.46ms since dispatch
W/APP     ( 1206): [01;31m[Kxzl[m[K: ===> done onDrawFrame: <1617539> 
W/GLSurfaceView( 1206): <1617558>  --- [01;31m[Kxzl[m[K --- AFTER GLSurfaceView DrawFrame
W/GLSurfaceView( 1206): <1617558>  --- [01;31m[Kxzl[m[K --- BEFORE GLSurfaceView swap frame
D/SurfaceTextureClient( 1206): <1617559.00> [01;31m[Kxzl[m[K SurfaceTextureClient::queueBuffer
D/SurfaceFlinger(  117): <1617559.12>  --- [01;31m[Kxzl[m[K Layer::onFrameQueued
D/SurfaceFlinger(  117): <1617559.38>  ----- [01;31m[Kxzl[m[K SurfaceFlinger::composeSurfaces compose done, prepare to swap fb ------
W/GLSurfaceView( 1206): <1617560>  --- [01;31m[Kxzl[m[K --- AFTER GLSurfaceView swap frame
W/GLSurfaceView( 1206): <1617561>  --- [01;31m[Kxzl[m[K --- BEFORE GLSurfaceView DrawFrame
W/APP     ( 1206): [01;31m[Kxzl[m[K: ===> entering onDrawFrame: <1617562> 
D/SurfaceFlinger(  117): <1617568.62>  ----- [01;31m[Kxzl[m[K SurfaceFlinger::composeSurfaces() swap fb done  ------
W/APP     ( 1206): [01;31m[Kxzl[m[K: ===> ev hits user code: <1617570>  {1617556} since event: 14 ms
D/InputDispatcher(  193): <1617571.00> ########### [01;31m[Kxzl[m[K finishDispatchCycle: 14.71ms since event, 13.09ms since dispatch
W/APP     ( 1206): [01;31m[Kxzl[m[K: ===> done onDrawFrame: <1617562> 
W/GLSurfaceView( 1206): <1617578>  --- [01;31m[Kxzl[m[K --- AFTER GLSurfaceView DrawFrame
W/GLSurfaceView( 1206): <1617579>  --- [01;31m[Kxzl[m[K --- BEFORE GLSurfaceView swap frame
D/SurfaceTextureClient( 1206): <1617580.12> [01;31m[Kxzl[m[K SurfaceTextureClient::queueBuffer
D/SurfaceFlinger(  117): <1617580.25>  --- [01;31m[Kxzl[m[K Layer::onFrameQueued
D/SurfaceFlinger(  117): <1617580.38>  ----- [01;31m[Kxzl[m[K SurfaceFlinger::composeSurfaces compose done, prepare to swap fb ------
W/GLSurfaceView( 1206): <1617580>  --- [01;31m[Kxzl[m[K --- AFTER GLSurfaceView swap frame
W/GLSurfaceView( 1206): <1617580>  --- [01;31m[Kxzl[m[K --- BEFORE GLSurfaceView DrawFrame
W/APP     ( 1206): [01;31m[Kxzl[m[K: ===> entering onDrawFrame: <1617580> 
D/SurfaceFlinger(  117): <1617583.12>  ----- [01;31m[Kxzl[m[K SurfaceFlinger::composeSurfaces() swap fb done  ------
W/APP     ( 1206): [01;31m[Kxzl[m[K: ===> ev hits user code: <1617582>  {1617566} since event: 16 ms
D/InputDispatcher(  193): <1617586.75> ########### [01;31m[Kxzl[m[K finishDispatchCycle: 20.75ms since event, 15.69ms since dispatch
W/APP     ( 1206): [01;31m[Kxzl[m[K: ===> ev hits user code: <1617588>  {1617585} since event: 3 ms
D/InputDispatcher(  193): <1617589.12> ########### [01;31m[Kxzl[m[K finishDispatchCycle: 13.31ms since event, 2.20ms since dispatch
W/APP     ( 1206): [01;31m[Kxzl[m[K: ===> done onDrawFrame: <1617580> 
W/GLSurfaceView( 1206): <1617594>  --- [01;31m[Kxzl[m[K --- AFTER GLSurfaceView DrawFrame
W/GLSurfaceView( 1206): <1617595>  --- [01;31m[Kxzl[m[K --- BEFORE GLSurfaceView swap frame
D/SurfaceTextureClient( 1206): <1617596.00> [01;31m[Kxzl[m[K SurfaceTextureClient::queueBuffer
D/SurfaceFlinger(  117): <1617596.00>  --- [01;31m[Kxzl[m[K Layer::onFrameQueued
D/SurfaceFlinger(  117): <1617596.75>  ----- [01;31m[Kxzl[m[K SurfaceFlinger::composeSurfaces compose done, prepare to swap fb ------
W/GLSurfaceView( 1206): <1617597>  --- [01;31m[Kxzl[m[K --- AFTER GLSurfaceView swap frame
W/GLSurfaceView( 1206): <1617597>  --- [01;31m[Kxzl[m[K --- BEFORE GLSurfaceView DrawFrame
W/APP     ( 1206): [01;31m[Kxzl[m[K: ===> entering onDrawFrame: <1617597> 
W/APP     ( 1206): [01;31m[Kxzl[m[K: ===> ev hits user code: <1617599>  {1617595} since event: 4 ms
D/InputDispatcher(  193): <1617600.00> ########### [01;31m[Kxzl[m[K finishDispatchCycle: 4.79ms since event, 3.23ms since dispatch
D/SurfaceFlinger(  117): <1617600.12>  ----- [01;31m[Kxzl[m[K SurfaceFlinger::composeSurfaces() swap fb done  ------
W/APP     ( 1206): [01;31m[Kxzl[m[K: ===> ev hits user code: <1617607>  {1617605} since event: 2 ms
D/InputDispatcher(  193): <1617608.88> ########### [01;31m[Kxzl[m[K finishDispatchCycle: 3.72ms since event, 3.02ms since dispatch
W/APP     ( 1206): [01;31m[Kxzl[m[K: ===> done onDrawFrame: <1617597> 
W/GLSurfaceView( 1206): <1617611>  --- [01;31m[Kxzl[m[K --- AFTER GLSurfaceView DrawFrame
W/GLSurfaceView( 1206): <1617611>  --- [01;31m[Kxzl[m[K --- BEFORE GLSurfaceView swap frame
D/SurfaceTextureClient( 1206): <1617612.38> [01;31m[Kxzl[m[K SurfaceTextureClient::queueBuffer
D/SurfaceFlinger(  117): <1617612.50>  --- [01;31m[Kxzl[m[K Layer::onFrameQueued
D/SurfaceFlinger(  117): <1617612.62>  ----- [01;31m[Kxzl[m[K SurfaceFlinger::composeSurfaces compose done, prepare to swap fb ------
W/GLSurfaceView( 1206): <1617613>  --- [01;31m[Kxzl[m[K --- AFTER GLSurfaceView swap frame
W/GLSurfaceView( 1206): <1617613>  --- [01;31m[Kxzl[m[K --- BEFORE GLSurfaceView DrawFrame
W/APP     ( 1206): [01;31m[Kxzl[m[K: ===> entering onDrawFrame: <1617613> 
D/SurfaceFlinger(  117): <1617617.12>  ----- [01;31m[Kxzl[m[K SurfaceFlinger::composeSurfaces() swap fb done  ------
W/APP     ( 1206): [01;31m[Kxzl[m[K: ===> ev hits user code: <1617617>  {1617614} since event: 3 ms
D/InputDispatcher(  193): <1617620.50> ########### [01;31m[Kxzl[m[K finishDispatchCycle: 5.55ms since event, 4.88ms since dispatch
W/APP     ( 1206): [01;31m[Kxzl[m[K: ===> done onDrawFrame: <1617613> 
W/GLSurfaceView( 1206): <1617627>  --- [01;31m[Kxzl[m[K --- AFTER GLSurfaceView DrawFrame
W/GLSurfaceView( 1206): <1617628>  --- [01;31m[Kxzl[m[K --- BEFORE GLSurfaceView swap frame
D/SurfaceTextureClient( 1206): <1617628.88> [01;31m[Kxzl[m[K SurfaceTextureClient::queueBuffer
D/SurfaceFlinger(  117): <1617629.00>  --- [01;31m[Kxzl[m[K Layer::onFrameQueued
D/SurfaceFlinger(  117): <1617629.12>  ----- [01;31m[Kxzl[m[K SurfaceFlinger::composeSurfaces compose done, prepare to swap fb ------
W/GLSurfaceView( 1206): <1617629>  --- [01;31m[Kxzl[m[K --- AFTER GLSurfaceView swap frame
W/GLSurfaceView( 1206): <1617630>  --- [01;31m[Kxzl[m[K --- BEFORE GLSurfaceView DrawFrame
W/APP     ( 1206): [01;31m[Kxzl[m[K: ===> entering onDrawFrame: <1617630> 
W/APP     ( 1206): [01;31m[Kxzl[m[K: ===> ev hits user code: <1617631>  {1617624} since event: 7 ms
D/InputDispatcher(  193): <1617632.12> ########### [01;31m[Kxzl[m[K finishDispatchCycle: 7.45ms since event, 6.62ms since dispatch
D/SurfaceFlinger(  117): <1617634.00>  ----- [01;31m[Kxzl[m[K SurfaceFlinger::composeSurfaces() swap fb done  ------
W/APP     ( 1206): [01;31m[Kxzl[m[K: ===> ev hits user code: <1617637>  {1617634} since event: 3 ms
D/InputDispatcher(  193): <1617638.25> ########### [01;31m[Kxzl[m[K finishDispatchCycle: 3.72ms since event, 2.96ms since dispatch
W/APP     ( 1206): [01;31m[Kxzl[m[K: ===> done onDrawFrame: <1617630> 
W/GLSurfaceView( 1206): <1617645>  --- [01;31m[Kxzl[m[K --- AFTER GLSurfaceView DrawFrame
W/GLSurfaceView( 1206): <1617645>  --- [01;31m[Kxzl[m[K --- BEFORE GLSurfaceView swap frame
D/SurfaceTextureClient( 1206): <1617646.38> [01;31m[Kxzl[m[K SurfaceTextureClient::queueBuffer
D/SurfaceFlinger(  117): <1617646.50>  --- [01;31m[Kxzl[m[K Layer::onFrameQueued
D/SurfaceFlinger(  117): <1617646.62>  ----- [01;31m[Kxzl[m[K SurfaceFlinger::composeSurfaces compose done, prepare to swap fb ------
W/GLSurfaceView( 1206): <1617647>  --- [01;31m[Kxzl[m[K --- AFTER GLSurfaceView swap frame
W/GLSurfaceView( 1206): <1617647>  --- [01;31m[Kxzl[m[K --- BEFORE GLSurfaceView DrawFrame
W/APP     ( 1206): [01;31m[Kxzl[m[K: ===> entering onDrawFrame: <1617647> 
W/APP     ( 1206): [01;31m[Kxzl[m[K: ===> ev hits user code: <1617650>  {1617644} since event: 6 ms
D/InputDispatcher(  193): <1617650.75> ########### [01;31m[Kxzl[m[K finishDispatchCycle: 6.68ms since event, 6.07ms since dispatch
D/SurfaceFlinger(  117): <1617651.25>  ----- [01;31m[Kxzl[m[K SurfaceFlinger::composeSurfaces() swap fb done  ------
W/APP     ( 1206): [01;31m[Kxzl[m[K: ===> ev hits user code: <1617656>  {1617653} since event: 3 ms
D/InputDispatcher(  193): <1617656.75> ########### [01;31m[Kxzl[m[K finishDispatchCycle: 3.08ms since event, 2.50ms since dispatch
W/APP     ( 1206): [01;31m[Kxzl[m[K: ===> done onDrawFrame: <1617647> 
W/GLSurfaceView( 1206): <1617661>  --- [01;31m[Kxzl[m[K --- AFTER GLSurfaceView DrawFrame
W/GLSurfaceView( 1206): <1617661>  --- [01;31m[Kxzl[m[K --- BEFORE GLSurfaceView swap frame
D/SurfaceTextureClient( 1206): <1617662.62> [01;31m[Kxzl[m[K SurfaceTextureClient::queueBuffer
D/SurfaceFlinger(  117): <1617662.62>  --- [01;31m[Kxzl[m[K Layer::onFrameQueued
D/SurfaceFlinger(  117): <1617663.12>  ----- [01;31m[Kxzl[m[K SurfaceFlinger::composeSurfaces compose done, prepare to swap fb ------
W/GLSurfaceView( 1206): <1617663>  --- [01;31m[Kxzl[m[K --- AFTER GLSurfaceView swap frame
W/GLSurfaceView( 1206): <1617663>  --- [01;31m[Kxzl[m[K --- BEFORE GLSurfaceView DrawFrame
W/APP     ( 1206): [01;31m[Kxzl[m[K: ===> entering onDrawFrame: <1617664> 
W/APP     ( 1206): [01;31m[Kxzl[m[K: ===> ev hits user code: <1617666>  {1617663} since event: 3 ms
D/InputDispatcher(  193): <1617667.00> ########### [01;31m[Kxzl[m[K finishDispatchCycle: 3.45ms since event, 2.87ms since dispatch
D/SurfaceFlinger(  117): <1617668.00>  ----- [01;31m[Kxzl[m[K SurfaceFlinger::composeSurfaces() swap fb done  ------
W/APP     ( 1206): [01;31m[Kxzl[m[K: ===> ev hits user code: <1617675>  {1617673} since event: 2 ms
W/APP     ( 1206): [01;31m[Kxzl[m[K: ===> done onDrawFrame: <1617664> 
W/GLSurfaceView( 1206): <1617678>  --- [01;31m[Kxzl[m[K --- AFTER GLSurfaceView DrawFrame
W/GLSurfaceView( 1206): <1617678>  --- [01;31m[Kxzl[m[K --- BEFORE GLSurfaceView swap frame
D/SurfaceTextureClient( 1206): <1617679.38> [01;31m[Kxzl[m[K SurfaceTextureClient::queueBuffer
D/SurfaceFlinger(  117): <1617679.38>  --- [01;31m[Kxzl[m[K Layer::onFrameQueued
D/SurfaceFlinger(  117): <1617679.50>  ----- [01;31m[Kxzl[m[K SurfaceFlinger::composeSurfaces compose done, prepare to swap fb ------
W/GLSurfaceView( 1206): <1617680>  --- [01;31m[Kxzl[m[K --- AFTER GLSurfaceView swap frame
W/GLSurfaceView( 1206): <1617680>  --- [01;31m[Kxzl[m[K --- BEFORE GLSurfaceView DrawFrame
W/APP     ( 1206): [01;31m[Kxzl[m[K: ===> entering onDrawFrame: <1617680> 
D/InputDispatcher(  193): <1617681.62> ########### [01;31m[Kxzl[m[K finishDispatchCycle: 8.09ms since event, 7.45ms since dispatch
D/SurfaceFlinger(  117): <1617685.00>  ----- [01;31m[Kxzl[m[K SurfaceFlinger::composeSurfaces() swap fb done  ------
W/APP     ( 1206): [01;31m[Kxzl[m[K: ===> ev hits user code: <1617685>  {1617683} since event: 2 ms
D/InputDispatcher(  193): <1617686.38> ########### [01;31m[Kxzl[m[K finishDispatchCycle: 3.27ms since event, 2.59ms since dispatch
W/APP     ( 1206): [01;31m[Kxzl[m[K: ===> done onDrawFrame: <1617680> 
W/GLSurfaceView( 1206): <1617694>  --- [01;31m[Kxzl[m[K --- AFTER GLSurfaceView DrawFrame
W/GLSurfaceView( 1206): <1617694>  --- [01;31m[Kxzl[m[K --- BEFORE GLSurfaceView swap frame
D/SurfaceTextureClient( 1206): <1617695.38> [01;31m[Kxzl[m[K SurfaceTextureClient::queueBuffer
D/SurfaceFlinger(  117): <1617695.38>  --- [01;31m[Kxzl[m[K Layer::onFrameQueued
D/SurfaceFlinger(  117): <1617695.50>  ----- [01;31m[Kxzl[m[K SurfaceFlinger::composeSurfaces compose done, prepare to swap fb ------
W/GLSurfaceView( 1206): <1617696>  --- [01;31m[Kxzl[m[K --- AFTER GLSurfaceView swap frame
W/GLSurfaceView( 1206): <1617696>  --- [01;31m[Kxzl[m[K --- BEFORE GLSurfaceView DrawFrame
W/APP     ( 1206): [01;31m[Kxzl[m[K: ===> entering onDrawFrame: <1617696> 
W/APP     ( 1206): [01;31m[Kxzl[m[K: ===> ev hits user code: <1617698>  {1617692} since event: 6 ms
D/InputDispatcher(  193): <1617699.00> ########### [01;31m[Kxzl[m[K finishDispatchCycle: 6.04ms since event, 5.40ms since dispatch
D/SurfaceFlinger(  117): <1617702.00>  ----- [01;31m[Kxzl[m[K SurfaceFlinger::composeSurfaces() swap fb done  ------
W/APP     ( 1206): [01;31m[Kxzl[m[K: ===> ev hits user code: <1617705>  {1617702} since event: 3 ms
D/InputDispatcher(  193): <1617705.75> ########### [01;31m[Kxzl[m[K finishDispatchCycle: 2.99ms since event, 2.41ms since dispatch
W/APP     ( 1206): [01;31m[Kxzl[m[K: ===> done onDrawFrame: <1617696> 
W/GLSurfaceView( 1206): <1617710>  --- [01;31m[Kxzl[m[K --- AFTER GLSurfaceView DrawFrame
W/GLSurfaceView( 1206): <1617710>  --- [01;31m[Kxzl[m[K --- BEFORE GLSurfaceView swap frame
D/SurfaceTextureClient( 1206): <1617711.12> [01;31m[Kxzl[m[K SurfaceTextureClient::queueBuffer
D/SurfaceFlinger(  117): <1617711.25>  --- [01;31m[Kxzl[m[K Layer::onFrameQueued
D/SurfaceFlinger(  117): <1617711.88>  ----- [01;31m[Kxzl[m[K SurfaceFlinger::composeSurfaces compose done, prepare to swap fb ------
W/GLSurfaceView( 1206): <1617711>  --- [01;31m[Kxzl[m[K --- AFTER GLSurfaceView swap frame
W/GLSurfaceView( 1206): <1617712>  --- [01;31m[Kxzl[m[K --- BEFORE GLSurfaceView DrawFrame
W/APP     ( 1206): [01;31m[Kxzl[m[K: ===> entering onDrawFrame: <1617712> 
W/APP     ( 1206): [01;31m[Kxzl[m[K: ===> ev hits user code: <1617715>  {1617712} since event: 3 ms
D/InputDispatcher(  193): <1617715.75> ########### [01;31m[Kxzl[m[K finishDispatchCycle: 3.51ms since event, 2.96ms since dispatch
D/SurfaceFlinger(  117): <1617718.75>  ----- [01;31m[Kxzl[m[K SurfaceFlinger::composeSurfaces() swap fb done  ------
W/APP     ( 1206): [01;31m[Kxzl[m[K: ===> ev hits user code: <1617724>  {1617722} since event: 2 ms
D/InputDispatcher(  193): <1617725.62> ########### [01;31m[Kxzl[m[K finishDispatchCycle: 3.36ms since event, 2.69ms since dispatch
W/APP     ( 1206): [01;31m[Kxzl[m[K: ===> done onDrawFrame: <1617712> 
W/GLSurfaceView( 1206): <1617727>  --- [01;31m[Kxzl[m[K --- AFTER GLSurfaceView DrawFrame
W/GLSurfaceView( 1206): <1617727>  --- [01;31m[Kxzl[m[K --- BEFORE GLSurfaceView swap frame
D/SurfaceTextureClient( 1206): <1617727.88> [01;31m[Kxzl[m[K SurfaceTextureClient::queueBuffer
D/SurfaceFlinger(  117): <1617728.00>  --- [01;31m[Kxzl[m[K Layer::onFrameQueued
D/SurfaceFlinger(  117): <1617728.12>  ----- [01;31m[Kxzl[m[K SurfaceFlinger::composeSurfaces compose done, prepare to swap fb ------
W/GLSurfaceView( 1206): <1617728>  --- [01;31m[Kxzl[m[K --- AFTER GLSurfaceView swap frame
W/GLSurfaceView( 1206): <1617728>  --- [01;31m[Kxzl[m[K --- BEFORE GLSurfaceView DrawFrame
W/APP     ( 1206): [01;31m[Kxzl[m[K: ===> entering onDrawFrame: <1617729> 
D/SurfaceFlinger(  117): <1617735.88>  ----- [01;31m[Kxzl[m[K SurfaceFlinger::composeSurfaces() swap fb done  ------
W/APP     ( 1206): [01;31m[Kxzl[m[K: ===> ev hits user code: <1617734>  {1617731} since event: 3 ms
D/InputDispatcher(  193): <1617737.25> ########### [01;31m[Kxzl[m[K finishDispatchCycle: 5.28ms since event, 4.70ms since dispatch
W/APP     ( 1206): [01;31m[Kxzl[m[K: ===> done onDrawFrame: <1617729> 
W/GLSurfaceView( 1206): <1617743>  --- [01;31m[Kxzl[m[K --- AFTER GLSurfaceView DrawFrame
W/GLSurfaceView( 1206): <1617743>  --- [01;31m[Kxzl[m[K --- BEFORE GLSurfaceView swap frame
D/SurfaceTextureClient( 1206): <1617744.25> [01;31m[Kxzl[m[K SurfaceTextureClient::queueBuffer
D/SurfaceFlinger(  117): <1617744.25>  --- [01;31m[Kxzl[m[K Layer::onFrameQueued
D/SurfaceFlinger(  117): <1617744.38>  ----- [01;31m[Kxzl[m[K SurfaceFlinger::composeSurfaces compose done, prepare to swap fb ------
W/GLSurfaceView( 1206): <1617744>  --- [01;31m[Kxzl[m[K --- AFTER GLSurfaceView swap frame
W/GLSurfaceView( 1206): <1617745>  --- [01;31m[Kxzl[m[K --- BEFORE GLSurfaceView DrawFrame
W/APP     ( 1206): [01;31m[Kxzl[m[K: ===> entering onDrawFrame: <1617745> 
W/APP     ( 1206): [01;31m[Kxzl[m[K: ===> ev hits user code: <1617746>  {1617741} since event: 5 ms
D/InputDispatcher(  193): <1617747.62> ########### [01;31m[Kxzl[m[K finishDispatchCycle: 5.86ms since event, 5.13ms since dispatch
D/SurfaceFlinger(  117): <1617752.88>  ----- [01;31m[Kxzl[m[K SurfaceFlinger::composeSurfaces() swap fb done  ------
W/APP     ( 1206): [01;31m[Kxzl[m[K: ===> ev hits user code: <1617754>  {1617751} since event: 3 ms
D/InputDispatcher(  193): <1617755.38> ########### [01;31m[Kxzl[m[K finishDispatchCycle: 3.91ms since event, 3.11ms since dispatch
W/APP     ( 1206): [01;31m[Kxzl[m[K: ===> done onDrawFrame: <1617745> 
W/GLSurfaceView( 1206): <1617759>  --- [01;31m[Kxzl[m[K --- AFTER GLSurfaceView DrawFrame
W/GLSurfaceView( 1206): <1617759>  --- [01;31m[Kxzl[m[K --- BEFORE GLSurfaceView swap frame
D/SurfaceTextureClient( 1206): <1617760.25> [01;31m[Kxzl[m[K SurfaceTextureClient::queueBuffer
D/SurfaceFlinger(  117): <1617760.38>  --- [01;31m[Kxzl[m[K Layer::onFrameQueued
D/SurfaceFlinger(  117): <1617760.62>  ----- [01;31m[Kxzl[m[K SurfaceFlinger::composeSurfaces compose done, prepare to swap fb ------
W/GLSurfaceView( 1206): <1617762>  --- [01;31m[Kxzl[m[K --- AFTER GLSurfaceView swap frame
W/GLSurfaceView( 1206): <1617762>  --- [01;31m[Kxzl[m[K --- BEFORE GLSurfaceView DrawFrame
W/APP     ( 1206): [01;31m[Kxzl[m[K: ===> entering onDrawFrame: <1617762> 
W/APP     ( 1206): [01;31m[Kxzl[m[K: ===> ev hits user code: <1617765>  {1617761} since event: 4 ms
D/InputDispatcher(  193): <1617766.00> ########### [01;31m[Kxzl[m[K finishDispatchCycle: 4.91ms since event, 4.30ms since dispatch
D/SurfaceFlinger(  117): <1617770.25>  ----- [01;31m[Kxzl[m[K SurfaceFlinger::composeSurfaces() swap fb done  ------
W/APP     ( 1206): [01;31m[Kxzl[m[K: ===> ev hits user code: <1617773>  {1617770} since event: 3 ms
D/InputDispatcher(  193): <1617774.62> ########### [01;31m[Kxzl[m[K finishDispatchCycle: 3.79ms since event, 3.11ms since dispatch
W/APP     ( 1206): [01;31m[Kxzl[m[K: ===> done onDrawFrame: <1617762> 
W/GLSurfaceView( 1206): <1617776>  --- [01;31m[Kxzl[m[K --- AFTER GLSurfaceView DrawFrame
W/GLSurfaceView( 1206): <1617777>  --- [01;31m[Kxzl[m[K --- BEFORE GLSurfaceView swap frame
D/SurfaceTextureClient( 1206): <1617777.50> [01;31m[Kxzl[m[K SurfaceTextureClient::queueBuffer
D/SurfaceFlinger(  117): <1617777.50>  --- [01;31m[Kxzl[m[K Layer::onFrameQueued
D/SurfaceFlinger(  117): <1617777.62>  ----- [01;31m[Kxzl[m[K SurfaceFlinger::composeSurfaces compose done, prepare to swap fb ------
W/GLSurfaceView( 1206): <1617778>  --- [01;31m[Kxzl[m[K --- AFTER GLSurfaceView swap frame
W/GLSurfaceView( 1206): <1617778>  --- [01;31m[Kxzl[m[K --- BEFORE GLSurfaceView DrawFrame
W/APP     ( 1206): [01;31m[Kxzl[m[K: ===> entering onDrawFrame: <1617778> 
W/APP     ( 1206): [01;31m[Kxzl[m[K: ===> ev hits user code: <1617783>  {1617780} since event: 3 ms
D/InputDispatcher(  193): <1617784.25> ########### [01;31m[Kxzl[m[K finishDispatchCycle: 3.75ms since event, 3.14ms since dispatch
D/SurfaceFlinger(  117): <1617786.75>  ----- [01;31m[Kxzl[m[K SurfaceFlinger::composeSurfaces() swap fb done  ------
W/APP     ( 1206): [01;31m[Kxzl[m[K: ===> done onDrawFrame: <1617778> 
W/GLSurfaceView( 1206): <1617792>  --- [01;31m[Kxzl[m[K --- AFTER GLSurfaceView DrawFrame
W/GLSurfaceView( 1206): <1617793>  --- [01;31m[Kxzl[m[K --- BEFORE GLSurfaceView swap frame
D/SurfaceTextureClient( 1206): <1617793.75> [01;31m[Kxzl[m[K SurfaceTextureClient::queueBuffer
D/SurfaceFlinger(  117): <1617793.88>  --- [01;31m[Kxzl[m[K Layer::onFrameQueued
D/SurfaceFlinger(  117): <1617794.00>  ----- [01;31m[Kxzl[m[K SurfaceFlinger::composeSurfaces compose done, prepare to swap fb ------
W/GLSurfaceView( 1206): <1617794>  --- [01;31m[Kxzl[m[K --- AFTER GLSurfaceView swap frame
W/GLSurfaceView( 1206): <1617795>  --- [01;31m[Kxzl[m[K --- BEFORE GLSurfaceView DrawFrame
W/APP     ( 1206): [01;31m[Kxzl[m[K: ===> entering onDrawFrame: <1617795> 
W/APP     ( 1206): [01;31m[Kxzl[m[K: ===> ev hits user code: <1617797>  {1617790} since event: 7 ms
D/InputDispatcher(  193): <1617798.00> ########### [01;31m[Kxzl[m[K finishDispatchCycle: 7.45ms since event, 6.81ms since dispatch
W/APP     ( 1206): [01;31m[Kxzl[m[K: ===> ev hits user code: <1617802>  {1617800} since event: 2 ms
D/SurfaceFlinger(  117): <1617803.62>  ----- [01;31m[Kxzl[m[K SurfaceFlinger::composeSurfaces() swap fb done  ------
D/InputDispatcher(  193): <1617805.12> ########### [01;31m[Kxzl[m[K finishDispatchCycle: 5.16ms since event, 4.39ms since dispatch
W/APP     ( 1206): [01;31m[Kxzl[m[K: ===> done onDrawFrame: <1617795> 
W/GLSurfaceView( 1206): <1617809>  --- [01;31m[Kxzl[m[K --- AFTER GLSurfaceView DrawFrame
W/GLSurfaceView( 1206): <1617809>  --- [01;31m[Kxzl[m[K --- BEFORE GLSurfaceView swap frame
D/SurfaceTextureClient( 1206): <1617810.88> [01;31m[Kxzl[m[K SurfaceTextureClient::queueBuffer
D/SurfaceFlinger(  117): <1617811.00>  --- [01;31m[Kxzl[m[K Layer::onFrameQueued
D/SurfaceFlinger(  117): <1617811.25>  ----- [01;31m[Kxzl[m[K SurfaceFlinger::composeSurfaces compose done, prepare to swap fb ------
W/GLSurfaceView( 1206): <1617811>  --- [01;31m[Kxzl[m[K --- AFTER GLSurfaceView swap frame
W/GLSurfaceView( 1206): <1617811>  --- [01;31m[Kxzl[m[K --- BEFORE GLSurfaceView DrawFrame
W/APP     ( 1206): [01;31m[Kxzl[m[K: ===> entering onDrawFrame: <1617811> 
W/APP     ( 1206): [01;31m[Kxzl[m[K: ===> ev hits user code: <1617814>  {1617809} since event: 5 ms
D/InputDispatcher(  193): <1617816.38> ########### [01;31m[Kxzl[m[K finishDispatchCycle: 6.59ms since event, 5.95ms since dispatch
D/SurfaceFlinger(  117): <1617820.88>  ----- [01;31m[Kxzl[m[K SurfaceFlinger::composeSurfaces() swap fb done  ------
W/APP     ( 1206): [01;31m[Kxzl[m[K: ===> ev hits user code: <1617823>  {1617819} since event: 4 ms
D/InputDispatcher(  193): <1617825.12> ########### [01;31m[Kxzl[m[K finishDispatchCycle: 5.71ms since event, 5.10ms since dispatch
W/APP     ( 1206): [01;31m[Kxzl[m[K: ===> done onDrawFrame: <1617811> 
W/GLSurfaceView( 1206): <1617825>  --- [01;31m[Kxzl[m[K --- AFTER GLSurfaceView DrawFrame
W/GLSurfaceView( 1206): <1617826>  --- [01;31m[Kxzl[m[K --- BEFORE GLSurfaceView swap frame
D/SurfaceTextureClient( 1206): <1617826.75> [01;31m[Kxzl[m[K SurfaceTextureClient::queueBuffer
D/SurfaceFlinger(  117): <1617826.88>  --- [01;31m[Kxzl[m[K Layer::onFrameQueued
W/GLSurfaceView( 1206): <1617827>  --- [01;31m[Kxzl[m[K --- AFTER GLSurfaceView swap frame
W/GLSurfaceView( 1206): <1617828>  --- [01;31m[Kxzl[m[K --- BEFORE GLSurfaceView DrawFrame
W/APP     ( 1206): [01;31m[Kxzl[m[K: ===> entering onDrawFrame: <1617828> 
D/SurfaceFlinger(  117): <1617827.12>  ----- [01;31m[Kxzl[m[K SurfaceFlinger::composeSurfaces compose done, prepare to swap fb ------
W/APP     ( 1206): [01;31m[Kxzl[m[K: ===> ev hits user code: <1617832>  {1617829} since event: 3 ms
D/InputDispatcher(  193): <1617833.88> ########### [01;31m[Kxzl[m[K finishDispatchCycle: 4.73ms since event, 4.09ms since dispatch
D/SurfaceFlinger(  117): <1617838.25>  ----- [01;31m[Kxzl[m[K SurfaceFlinger::composeSurfaces() swap fb done  ------
W/APP     ( 1206): [01;31m[Kxzl[m[K: ===> ev hits user code: <1617841>  {1617838} since event: 3 ms
W/APP     ( 1206): [01;31m[Kxzl[m[K: ===> done onDrawFrame: <1617828> 
W/GLSurfaceView( 1206): <1617842>  --- [01;31m[Kxzl[m[K --- AFTER GLSurfaceView DrawFrame
W/GLSurfaceView( 1206): <1617842>  --- [01;31m[Kxzl[m[K --- BEFORE GLSurfaceView swap frame
D/SurfaceTextureClient( 1206): <1617843.50> [01;31m[Kxzl[m[K SurfaceTextureClient::queueBuffer
D/SurfaceFlinger(  117): <1617843.50>  --- [01;31m[Kxzl[m[K Layer::onFrameQueued
D/SurfaceFlinger(  117): <1617843.62>  ----- [01;31m[Kxzl[m[K SurfaceFlinger::composeSurfaces compose done, prepare to swap fb ------
W/GLSurfaceView( 1206): <1617844>  --- [01;31m[Kxzl[m[K --- AFTER GLSurfaceView swap frame
W/GLSurfaceView( 1206): <1617844>  --- [01;31m[Kxzl[m[K --- BEFORE GLSurfaceView DrawFrame
W/APP     ( 1206): [01;31m[Kxzl[m[K: ===> entering onDrawFrame: <1617844> 
D/InputDispatcher(  193): <1617847.62> ########### [01;31m[Kxzl[m[K finishDispatchCycle: 8.82ms since event, 8.12ms since dispatch
W/APP     ( 1206): [01;31m[Kxzl[m[K: ===> ev hits user code: <1617851>  {1617848} since event: 3 ms
D/InputDispatcher(  193): <1617851.88> ########### [01;31m[Kxzl[m[K finishDispatchCycle: 3.11ms since event, 2.41ms since dispatch
D/SurfaceFlinger(  117): <1617854.50>  ----- [01;31m[Kxzl[m[K SurfaceFlinger::composeSurfaces() swap fb done  ------
W/APP     ( 1206): [01;31m[Kxzl[m[K: ===> done onDrawFrame: <1617844> 
W/GLSurfaceView( 1206): <1617858>  --- [01;31m[Kxzl[m[K --- AFTER GLSurfaceView DrawFrame
W/GLSurfaceView( 1206): <1617859>  --- [01;31m[Kxzl[m[K --- BEFORE GLSurfaceView swap frame
D/SurfaceTextureClient( 1206): <1617860.25> [01;31m[Kxzl[m[K SurfaceTextureClient::queueBuffer
D/SurfaceFlinger(  117): <1617860.25>  --- [01;31m[Kxzl[m[K Layer::onFrameQueued
D/SurfaceFlinger(  117): <1617860.50>  ----- [01;31m[Kxzl[m[K SurfaceFlinger::composeSurfaces compose done, prepare to swap fb ------
W/GLSurfaceView( 1206): <1617860>  --- [01;31m[Kxzl[m[K --- AFTER GLSurfaceView swap frame
W/GLSurfaceView( 1206): <1617861>  --- [01;31m[Kxzl[m[K --- BEFORE GLSurfaceView DrawFrame
W/APP     ( 1206): [01;31m[Kxzl[m[K: ===> entering onDrawFrame: <1617861> 
W/APP     ( 1206): [01;31m[Kxzl[m[K: ===> ev hits user code: <1617863>  {1617858} since event: 5 ms
D/InputDispatcher(  193): <1617863.62> ########### [01;31m[Kxzl[m[K finishDispatchCycle: 5.31ms since event, 4.61ms since dispatch
D/SurfaceFlinger(  117): <1617871.50>  ----- [01;31m[Kxzl[m[K SurfaceFlinger::composeSurfaces() swap fb done  ------
W/APP     ( 1206): [01;31m[Kxzl[m[K: ===> ev hits user code: <1617871>  {1617868} since event: 3 ms
D/InputDispatcher(  193): <1617872.25> ########### [01;31m[Kxzl[m[K finishDispatchCycle: 4.03ms since event, 3.39ms since dispatch
W/APP     ( 1206): [01;31m[Kxzl[m[K: ===> done onDrawFrame: <1617861> 
W/GLSurfaceView( 1206): <1617875>  --- [01;31m[Kxzl[m[K --- AFTER GLSurfaceView DrawFrame
W/GLSurfaceView( 1206): <1617875>  --- [01;31m[Kxzl[m[K --- BEFORE GLSurfaceView swap frame
D/SurfaceTextureClient( 1206): <1617876.38> [01;31m[Kxzl[m[K SurfaceTextureClient::queueBuffer
D/SurfaceFlinger(  117): <1617876.50>  --- [01;31m[Kxzl[m[K Layer::onFrameQueued
D/SurfaceFlinger(  117): <1617877.50>  ----- [01;31m[Kxzl[m[K SurfaceFlinger::composeSurfaces compose done, prepare to swap fb ------
W/GLSurfaceView( 1206): <1617877>  --- [01;31m[Kxzl[m[K --- AFTER GLSurfaceView swap frame
W/GLSurfaceView( 1206): <1617878>  --- [01;31m[Kxzl[m[K --- BEFORE GLSurfaceView DrawFrame
W/APP     ( 1206): [01;31m[Kxzl[m[K: ===> entering onDrawFrame: <1617879> 
W/APP     ( 1206): [01;31m[Kxzl[m[K: ===> ev hits user code: <1617881>  {1617877} since event: 4 ms
D/InputDispatcher(  193): <1617882.38> ########### [01;31m[Kxzl[m[K finishDispatchCycle: 4.46ms since event, 3.85ms since dispatch
D/SurfaceFlinger(  117): <1617889.38>  ----- [01;31m[Kxzl[m[K SurfaceFlinger::composeSurfaces() swap fb done  ------
W/APP     ( 1206): [01;31m[Kxzl[m[K: ===> ev hits user code: <1617890>  {1617887} since event: 3 ms
D/InputDispatcher(  193): <1617891.62> ########### [01;31m[Kxzl[m[K finishDispatchCycle: 3.85ms since event, 3.23ms since dispatch
W/APP     ( 1206): [01;31m[Kxzl[m[K: ===> done onDrawFrame: <1617879> 
W/GLSurfaceView( 1206): <1617893>  --- [01;31m[Kxzl[m[K --- AFTER GLSurfaceView DrawFrame
W/GLSurfaceView( 1206): <1617893>  --- [01;31m[Kxzl[m[K --- BEFORE GLSurfaceView swap frame
D/SurfaceTextureClient( 1206): <1617894.25> [01;31m[Kxzl[m[K SurfaceTextureClient::queueBuffer
D/SurfaceFlinger(  117): <1617894.38>  --- [01;31m[Kxzl[m[K Layer::onFrameQueued
D/SurfaceFlinger(  117): <1617894.62>  ----- [01;31m[Kxzl[m[K SurfaceFlinger::composeSurfaces compose done, prepare to swap fb ------
W/GLSurfaceView( 1206): <1617895>  --- [01;31m[Kxzl[m[K --- AFTER GLSurfaceView swap frame
W/GLSurfaceView( 1206): <1617895>  --- [01;31m[Kxzl[m[K --- BEFORE GLSurfaceView DrawFrame
W/APP     ( 1206): [01;31m[Kxzl[m[K: ===> entering onDrawFrame: <1617895> 
W/APP     ( 1206): [01;31m[Kxzl[m[K: ===> ev hits user code: <1617900>  {1617897} since event: 3 ms
D/InputDispatcher(  193): <1617901.25> ########### [01;31m[Kxzl[m[K finishDispatchCycle: 3.82ms since event, 3.17ms since dispatch
D/SurfaceFlinger(  117): <1617906.62>  ----- [01;31m[Kxzl[m[K SurfaceFlinger::composeSurfaces() swap fb done  ------
W/APP     ( 1206): [01;31m[Kxzl[m[K: ===> done onDrawFrame: <1617895> 
W/GLSurfaceView( 1206): <1617909>  --- [01;31m[Kxzl[m[K --- AFTER GLSurfaceView DrawFrame
W/GLSurfaceView( 1206): <1617910>  --- [01;31m[Kxzl[m[K --- BEFORE GLSurfaceView swap frame
D/SurfaceTextureClient( 1206): <1617910.88> [01;31m[Kxzl[m[K SurfaceTextureClient::queueBuffer
D/SurfaceFlinger(  117): <1617911.00>  --- [01;31m[Kxzl[m[K Layer::onFrameQueued
D/SurfaceFlinger(  117): <1617911.12>  ----- [01;31m[Kxzl[m[K SurfaceFlinger::composeSurfaces compose done, prepare to swap fb ------
W/GLSurfaceView( 1206): <1617911>  --- [01;31m[Kxzl[m[K --- AFTER GLSurfaceView swap frame
W/GLSurfaceView( 1206): <1617912>  --- [01;31m[Kxzl[m[K --- BEFORE GLSurfaceView DrawFrame
W/APP     ( 1206): [01;31m[Kxzl[m[K: ===> entering onDrawFrame: <1617912> 
W/APP     ( 1206): [01;31m[Kxzl[m[K: ===> ev hits user code: <1617920>  {1617907} since event: 13 ms
D/InputDispatcher(  193): <1617921.25> ########### [01;31m[Kxzl[m[K finishDispatchCycle: 14.13ms since event, 13.49ms since dispatch
D/SurfaceFlinger(  117): <1617922.38>  ----- [01;31m[Kxzl[m[K SurfaceFlinger::composeSurfaces() swap fb done  ------
W/APP     ( 1206): [01;31m[Kxzl[m[K: ===> done onDrawFrame: <1617912> 
W/GLSurfaceView( 1206): <1617926>  --- [01;31m[Kxzl[m[K --- AFTER GLSurfaceView DrawFrame
W/GLSurfaceView( 1206): <1617927>  --- [01;31m[Kxzl[m[K --- BEFORE GLSurfaceView swap frame
D/SurfaceTextureClient( 1206): <1617928.38> [01;31m[Kxzl[m[K SurfaceTextureClient::queueBuffer
D/SurfaceFlinger(  117): <1617928.50>  --- [01;31m[Kxzl[m[K Layer::onFrameQueued
D/SurfaceFlinger(  117): <1617928.62>  ----- [01;31m[Kxzl[m[K SurfaceFlinger::composeSurfaces compose done, prepare to swap fb ------
W/GLSurfaceView( 1206): <1617929>  --- [01;31m[Kxzl[m[K --- AFTER GLSurfaceView swap frame
W/GLSurfaceView( 1206): <1617929>  --- [01;31m[Kxzl[m[K --- BEFORE GLSurfaceView DrawFrame
W/APP     ( 1206): [01;31m[Kxzl[m[K: ===> entering onDrawFrame: <1617929> 
W/APP     ( 1206): [01;31m[Kxzl[m[K: ===> ev hits user code: <1617924>  {1617917} since event: 7 ms
D/InputDispatcher(  193): <1617930.62> ########### [01;31m[Kxzl[m[K finishDispatchCycle: 13.64ms since event, 9.19ms since dispatch
W/APP     ( 1206): [01;31m[Kxzl[m[K: ===> ev hits user code: <1617932>  {1617926} since event: 6 ms
D/InputDispatcher(  193): <1617933.12> ########### [01;31m[Kxzl[m[K finishDispatchCycle: 6.50ms since event, 2.35ms since dispatch
W/APP     ( 1206): [01;31m[Kxzl[m[K: ===> ev hits user code: <1617938>  {1617936} since event: 2 ms
D/SurfaceFlinger(  117): <1617939.25>  ----- [01;31m[Kxzl[m[K SurfaceFlinger::composeSurfaces() swap fb done  ------
D/InputDispatcher(  193): <1617939.62> ########### [01;31m[Kxzl[m[K finishDispatchCycle: 3.21ms since event, 2.53ms since dispatch
W/APP     ( 1206): [01;31m[Kxzl[m[K: ===> done onDrawFrame: <1617929> 
W/GLSurfaceView( 1206): <1617943>  --- [01;31m[Kxzl[m[K --- AFTER GLSurfaceView DrawFrame
W/GLSurfaceView( 1206): <1617943>  --- [01;31m[Kxzl[m[K --- BEFORE GLSurfaceView swap frame
D/SurfaceTextureClient( 1206): <1617944.38> [01;31m[Kxzl[m[K SurfaceTextureClient::queueBuffer
D/SurfaceFlinger(  117): <1617944.50>  --- [01;31m[Kxzl[m[K Layer::onFrameQueued
D/SurfaceFlinger(  117): <1617945.88>  ----- [01;31m[Kxzl[m[K SurfaceFlinger::composeSurfaces compose done, prepare to swap fb ------
W/GLSurfaceView( 1206): <1617945>  --- [01;31m[Kxzl[m[K --- AFTER GLSurfaceView swap frame
W/GLSurfaceView( 1206): <1617946>  --- [01;31m[Kxzl[m[K --- BEFORE GLSurfaceView DrawFrame
W/APP     ( 1206): [01;31m[Kxzl[m[K: ===> entering onDrawFrame: <1617947> 
W/APP     ( 1206): [01;31m[Kxzl[m[K: ===> ev hits user code: <1617948>  {1617946} since event: 2 ms
D/InputDispatcher(  193): <1617949.88> ########### [01;31m[Kxzl[m[K finishDispatchCycle: 3.60ms since event, 3.02ms since dispatch
D/SurfaceFlinger(  117): <1617957.38>  ----- [01;31m[Kxzl[m[K SurfaceFlinger::composeSurfaces() swap fb done  ------
W/APP     ( 1206): [01;31m[Kxzl[m[K: ===> ev hits user code: <1617958>  {1617955} since event: 3 ms
D/InputDispatcher(  193): <1617959.38> ########### [01;31m[Kxzl[m[K finishDispatchCycle: 3.39ms since event, 2.81ms since dispatch
W/APP     ( 1206): [01;31m[Kxzl[m[K: ===> done onDrawFrame: <1617947> 
W/GLSurfaceView( 1206): <1617961>  --- [01;31m[Kxzl[m[K --- AFTER GLSurfaceView DrawFrame
W/GLSurfaceView( 1206): <1617962>  --- [01;31m[Kxzl[m[K --- BEFORE GLSurfaceView swap frame
D/SurfaceTextureClient( 1206): <1617962.75> [01;31m[Kxzl[m[K SurfaceTextureClient::queueBuffer
D/SurfaceFlinger(  117): <1617962.88>  --- [01;31m[Kxzl[m[K Layer::onFrameQueued
D/SurfaceFlinger(  117): <1617963.00>  ----- [01;31m[Kxzl[m[K SurfaceFlinger::composeSurfaces compose done, prepare to swap fb ------
W/GLSurfaceView( 1206): <1617963>  --- [01;31m[Kxzl[m[K --- AFTER GLSurfaceView swap frame
W/GLSurfaceView( 1206): <1617964>  --- [01;31m[Kxzl[m[K --- BEFORE GLSurfaceView DrawFrame
W/APP     ( 1206): [01;31m[Kxzl[m[K: ===> entering onDrawFrame: <1617964> 
W/APP     ( 1206): [01;31m[Kxzl[m[K: ===> ev hits user code: <1617968>  {1617965} since event: 3 ms
D/InputDispatcher(  193): <1617969.38> ########### [01;31m[Kxzl[m[K finishDispatchCycle: 3.75ms since event, 3.11ms since dispatch
D/SurfaceFlinger(  117): <1617973.12>  ----- [01;31m[Kxzl[m[K SurfaceFlinger::composeSurfaces() swap fb done  ------
W/APP     ( 1206): [01;31m[Kxzl[m[K: ===> done onDrawFrame: <1617964> 
W/GLSurfaceView( 1206): <1617978>  --- [01;31m[Kxzl[m[K --- AFTER GLSurfaceView DrawFrame
W/GLSurfaceView( 1206): <1617978>  --- [01;31m[Kxzl[m[K --- BEFORE GLSurfaceView swap frame
D/SurfaceTextureClient( 1206): <1617979.25> [01;31m[Kxzl[m[K SurfaceTextureClient::queueBuffer
D/SurfaceFlinger(  117): <1617979.38>  --- [01;31m[Kxzl[m[K Layer::onFrameQueued
D/SurfaceFlinger(  117): <1617979.50>  ----- [01;31m[Kxzl[m[K SurfaceFlinger::composeSurfaces compose done, prepare to swap fb ------
W/GLSurfaceView( 1206): <1617980>  --- [01;31m[Kxzl[m[K --- AFTER GLSurfaceView swap frame
W/GLSurfaceView( 1206): <1617980>  --- [01;31m[Kxzl[m[K --- BEFORE GLSurfaceView DrawFrame
W/APP     ( 1206): [01;31m[Kxzl[m[K: ===> entering onDrawFrame: <1617980> 
W/APP     ( 1206): [01;31m[Kxzl[m[K: ===> ev hits user code: <1617982>  {1617975} since event: 7 ms
D/InputDispatcher(  193): <1617983.12> ########### [01;31m[Kxzl[m[K finishDispatchCycle: 7.54ms since event, 6.81ms since dispatch
W/APP     ( 1206): [01;31m[Kxzl[m[K: ===> ev hits user code: <1617987>  {1617985} since event: 2 ms
D/InputDispatcher(  193): <1617988.50> ########### [01;31m[Kxzl[m[K finishDispatchCycle: 3.17ms since event, 2.50ms since dispatch
D/SurfaceFlinger(  117): <1617990.12>  ----- [01;31m[Kxzl[m[K SurfaceFlinger::composeSurfaces() swap fb done  ------
W/APP     ( 1206): [01;31m[Kxzl[m[K: ===> done onDrawFrame: <1617980> 
W/GLSurfaceView( 1206): <1617994>  --- [01;31m[Kxzl[m[K --- AFTER GLSurfaceView DrawFrame
W/GLSurfaceView( 1206): <1617995>  --- [01;31m[Kxzl[m[K --- BEFORE GLSurfaceView swap frame
D/SurfaceTextureClient( 1206): <1617996.50> [01;31m[Kxzl[m[K SurfaceTextureClient::queueBuffer
D/SurfaceFlinger(  117): <1617996.62>  --- [01;31m[Kxzl[m[K Layer::onFrameQueued
D/SurfaceFlinger(  117): <1617996.75>  ----- [01;31m[Kxzl[m[K SurfaceFlinger::composeSurfaces compose done, prepare to swap fb ------
W/GLSurfaceView( 1206): <1617997>  --- [01;31m[Kxzl[m[K --- AFTER GLSurfaceView swap frame
W/GLSurfaceView( 1206): <1617997>  --- [01;31m[Kxzl[m[K --- BEFORE GLSurfaceView DrawFrame
W/APP     ( 1206): [01;31m[Kxzl[m[K: ===> entering onDrawFrame: <1617997> 
W/APP     ( 1206): [01;31m[Kxzl[m[K: ===> ev hits user code: <1617999>  {1617995} since event: 4 ms
D/InputDispatcher(  193): <1618000.00> ########### [01;31m[Kxzl[m[K finishDispatchCycle: 4.94ms since event, 4.39ms since dispatch
D/SurfaceFlinger(  117): <1618007.00>  ----- [01;31m[Kxzl[m[K SurfaceFlinger::composeSurfaces() swap fb done  ------
W/APP     ( 1206): [01;31m[Kxzl[m[K: ===> ev hits user code: <1618006>  {1618004} since event: 2 ms
D/InputDispatcher(  193): <1618008.00> ########### [01;31m[Kxzl[m[K finishDispatchCycle: 3.45ms since event, 2.75ms since dispatch
W/APP     ( 1206): [01;31m[Kxzl[m[K: ===> done onDrawFrame: <1617997> 
W/GLSurfaceView( 1206): <1618011>  --- [01;31m[Kxzl[m[K --- AFTER GLSurfaceView DrawFrame
W/GLSurfaceView( 1206): <1618011>  --- [01;31m[Kxzl[m[K --- BEFORE GLSurfaceView swap frame
D/SurfaceTextureClient( 1206): <1618012.38> [01;31m[Kxzl[m[K SurfaceTextureClient::queueBuffer
D/SurfaceFlinger(  117): <1618012.38>  --- [01;31m[Kxzl[m[K Layer::onFrameQueued
D/SurfaceFlinger(  117): <1618014.00>  ----- [01;31m[Kxzl[m[K SurfaceFlinger::composeSurfaces compose done, prepare to swap fb ------
W/GLSurfaceView( 1206): <1618013>  --- [01;31m[Kxzl[m[K --- AFTER GLSurfaceView swap frame
W/GLSurfaceView( 1206): <1618014>  --- [01;31m[Kxzl[m[K --- BEFORE GLSurfaceView DrawFrame
W/APP     ( 1206): [01;31m[Kxzl[m[K: ===> entering onDrawFrame: <1618015> 
W/APP     ( 1206): [01;31m[Kxzl[m[K: ===> ev hits user code: <1618018>  {1618014} since event: 4 ms
D/InputDispatcher(  193): <1618019.00> ########### [01;31m[Kxzl[m[K finishDispatchCycle: 4.49ms since event, 3.91ms since dispatch
D/SurfaceFlinger(  117): <1618024.12>  ----- [01;31m[Kxzl[m[K SurfaceFlinger::composeSurfaces() swap fb done  ------
W/APP     ( 1206): [01;31m[Kxzl[m[K: ===> ev hits user code: <1618027>  {1618024} since event: 3 ms
D/InputDispatcher(  193): <1618028.75> ########### [01;31m[Kxzl[m[K finishDispatchCycle: 4.52ms since event, 3.91ms since dispatch
W/APP     ( 1206): [01;31m[Kxzl[m[K: ===> done onDrawFrame: <1618015> 
W/GLSurfaceView( 1206): <1618029>  --- [01;31m[Kxzl[m[K --- AFTER GLSurfaceView DrawFrame
W/GLSurfaceView( 1206): <1618029>  --- [01;31m[Kxzl[m[K --- BEFORE GLSurfaceView swap frame
D/SurfaceTextureClient( 1206): <1618030.62> [01;31m[Kxzl[m[K SurfaceTextureClient::queueBuffer
D/SurfaceFlinger(  117): <1618030.75>  --- [01;31m[Kxzl[m[K Layer::onFrameQueued
D/SurfaceFlinger(  117): <1618030.88>  ----- [01;31m[Kxzl[m[K SurfaceFlinger::composeSurfaces compose done, prepare to swap fb ------
W/GLSurfaceView( 1206): <1618031>  --- [01;31m[Kxzl[m[K --- AFTER GLSurfaceView swap frame
W/GLSurfaceView( 1206): <1618032>  --- [01;31m[Kxzl[m[K --- BEFORE GLSurfaceView DrawFrame
W/APP     ( 1206): [01;31m[Kxzl[m[K: ===> entering onDrawFrame: <1618032> 
W/APP     ( 1206): [01;31m[Kxzl[m[K: ===> ev hits user code: <1618036>  {1618033} since event: 3 ms
D/InputDispatcher(  193): <1618037.00> ########### [01;31m[Kxzl[m[K finishDispatchCycle: 3.11ms since event, 2.53ms since dispatch
D/SurfaceFlinger(  117): <1618041.00>  ----- [01;31m[Kxzl[m[K SurfaceFlinger::composeSurfaces() swap fb done  ------
W/APP     ( 1206): [01;31m[Kxzl[m[K: ===> done onDrawFrame: <1618032> 
W/GLSurfaceView( 1206): <1618046>  --- [01;31m[Kxzl[m[K --- AFTER GLSurfaceView DrawFrame
W/GLSurfaceView( 1206): <1618046>  --- [01;31m[Kxzl[m[K --- BEFORE GLSurfaceView swap frame
D/SurfaceTextureClient( 1206): <1618047.38> [01;31m[Kxzl[m[K SurfaceTextureClient::queueBuffer
D/SurfaceFlinger(  117): <1618047.50>  --- [01;31m[Kxzl[m[K Layer::onFrameQueued
D/SurfaceFlinger(  117): <1618047.62>  ----- [01;31m[Kxzl[m[K SurfaceFlinger::composeSurfaces compose done, prepare to swap fb ------
W/GLSurfaceView( 1206): <1618048>  --- [01;31m[Kxzl[m[K --- AFTER GLSurfaceView swap frame
W/GLSurfaceView( 1206): <1618048>  --- [01;31m[Kxzl[m[K --- BEFORE GLSurfaceView DrawFrame
W/APP     ( 1206): [01;31m[Kxzl[m[K: ===> entering onDrawFrame: <1618048> 
W/APP     ( 1206): [01;31m[Kxzl[m[K: ===> ev hits user code: <1618049>  {1618043} since event: 6 ms
D/InputDispatcher(  193): <1618050.25> ########### [01;31m[Kxzl[m[K finishDispatchCycle: 6.62ms since event, 6.07ms since dispatch
W/APP     ( 1206): [01;31m[Kxzl[m[K: ===> ev hits user code: <1618055>  {1618053} since event: 2 ms
D/InputDispatcher(  193): <1618056.50> ########### [01;31m[Kxzl[m[K finishDispatchCycle: 3.08ms since event, 2.35ms since dispatch
D/SurfaceFlinger(  117): <1618057.88>  ----- [01;31m[Kxzl[m[K SurfaceFlinger::composeSurfaces() swap fb done  ------
W/APP     ( 1206): [01;31m[Kxzl[m[K: ===> done onDrawFrame: <1618048> 
W/GLSurfaceView( 1206): <1618062>  --- [01;31m[Kxzl[m[K --- AFTER GLSurfaceView DrawFrame
W/GLSurfaceView( 1206): <1618063>  --- [01;31m[Kxzl[m[K --- BEFORE GLSurfaceView swap frame
D/SurfaceTextureClient( 1206): <1618064.25> [01;31m[Kxzl[m[K SurfaceTextureClient::queueBuffer
D/SurfaceFlinger(  117): <1618064.25>  --- [01;31m[Kxzl[m[K Layer::onFrameQueued
D/SurfaceFlinger(  117): <1618064.38>  ----- [01;31m[Kxzl[m[K SurfaceFlinger::composeSurfaces compose done, prepare to swap fb ------
W/GLSurfaceView( 1206): <1618065>  --- [01;31m[Kxzl[m[K --- AFTER GLSurfaceView swap frame
W/GLSurfaceView( 1206): <1618065>  --- [01;31m[Kxzl[m[K --- BEFORE GLSurfaceView DrawFrame
W/APP     ( 1206): [01;31m[Kxzl[m[K: ===> entering onDrawFrame: <1618065> 
W/APP     ( 1206): [01;31m[Kxzl[m[K: ===> ev hits user code: <1618067>  {1618062} since event: 5 ms
D/InputDispatcher(  193): <1618067.88> ########### [01;31m[Kxzl[m[K finishDispatchCycle: 4.94ms since event, 4.36ms since dispatch
D/SurfaceFlinger(  117): <1618074.88>  ----- [01;31m[Kxzl[m[K SurfaceFlinger::composeSurfaces() swap fb done  ------
W/APP     ( 1206): [01;31m[Kxzl[m[K: ===> ev hits user code: <1618075>  {1618072} since event: 3 ms
D/InputDispatcher(  193): <1618075.88> ########### [01;31m[Kxzl[m[K finishDispatchCycle: 3.17ms since event, 2.50ms since dispatch
W/APP     ( 1206): [01;31m[Kxzl[m[K: ===> done onDrawFrame: <1618065> 
W/GLSurfaceView( 1206): <1618079>  --- [01;31m[Kxzl[m[K --- AFTER GLSurfaceView DrawFrame
W/GLSurfaceView( 1206): <1618079>  --- [01;31m[Kxzl[m[K --- BEFORE GLSurfaceView swap frame
