D/SurfaceFlinger(  117): <95062.80>  ----- [01;31m[Kxzl[m[K SurfaceFlinger::composeSurfaces() swap fb done  ------
W/GLSurfaceView(  749): <95063>  --- [01;31m[Kxzl[m[K --- AFTER GLSurfaceView swap frame
W/GLSurfaceView(  749): <95063>  --- [01;31m[Kxzl[m[K --- BEFORE GLSurfaceView DrawFrame
W/APP     (  749): [01;31m[Kxzl[m[K: ===> entering onDrawFrame: <95063> 
W/APP     (  749): [01;31m[Kxzl[m[K: ===> done onDrawFrame: <95063> 
W/GLSurfaceView(  749): <95063>  --- [01;31m[Kxzl[m[K --- AFTER GLSurfaceView DrawFrame
W/GLSurfaceView(  749): <95063>  --- [01;31m[Kxzl[m[K --- BEFORE GLSurfaceView swap frame
D/SurfaceTextureClient(  749): <95063.69> [01;31m[Kxzl[m[K SurfaceTextureClient::queueBuffer
D/SurfaceFlinger(  117): <95063.79>  --- [01;31m[Kxzl[m[K Layer::onFrameQueued
W/APP     (  749): [01;31m[Kxzl[m[K: ===> ev hits user code: <95070>  {95069} since event: 1 ms
D/InputDispatcher(  190): <95070.71> ########### [01;31m[Kxzl[m[K finishDispatchCycle: 1.07ms since event, 0.37ms since dispatch
D/SurfaceFlinger(  117): <95073.05>  ----- [01;31m[Kxzl[m[K SurfaceFlinger::composeSurfaces compose done, prepare to swap fb ------
D/SurfaceFlinger(  117): <95079.77>  ----- [01;31m[Kxzl[m[K SurfaceFlinger::composeSurfaces() swap fb done  ------
W/GLSurfaceView(  749): <95079>  --- [01;31m[Kxzl[m[K --- AFTER GLSurfaceView swap frame
W/GLSurfaceView(  749): <95080>  --- [01;31m[Kxzl[m[K --- BEFORE GLSurfaceView DrawFrame
W/APP     (  749): [01;31m[Kxzl[m[K: ===> entering onDrawFrame: <95080> 
W/APP     (  749): [01;31m[Kxzl[m[K: ===> done onDrawFrame: <95080> 
W/GLSurfaceView(  749): <95080>  --- [01;31m[Kxzl[m[K --- AFTER GLSurfaceView DrawFrame
W/GLSurfaceView(  749): <95080>  --- [01;31m[Kxzl[m[K --- BEFORE GLSurfaceView swap frame
W/APP     (  749): [01;31m[Kxzl[m[K: ===> ev hits user code: <95080>  {95079} since event: 1 ms
D/InputDispatcher(  190): <95081.00> ########### [01;31m[Kxzl[m[K finishDispatchCycle: 1.47ms since event, 0.76ms since dispatch
D/SurfaceTextureClient(  749): <95081.09> [01;31m[Kxzl[m[K SurfaceTextureClient::queueBuffer
D/SurfaceFlinger(  117): <95081.18>  --- [01;31m[Kxzl[m[K Layer::onFrameQueued
D/SurfaceFlinger(  117): <95090.02>  ----- [01;31m[Kxzl[m[K SurfaceFlinger::composeSurfaces compose done, prepare to swap fb ------
W/APP     (  749): [01;31m[Kxzl[m[K: ===> ev hits user code: <95090>  {95089} since event: 1 ms
D/InputDispatcher(  190): <95091.03> ########### [01;31m[Kxzl[m[K finishDispatchCycle: 1.46ms since event, 0.73ms since dispatch
D/SurfaceFlinger(  117): <95096.98>  ----- [01;31m[Kxzl[m[K SurfaceFlinger::composeSurfaces() swap fb done  ------
W/GLSurfaceView(  749): <95097>  --- [01;31m[Kxzl[m[K --- AFTER GLSurfaceView swap frame
W/GLSurfaceView(  749): <95097>  --- [01;31m[Kxzl[m[K --- BEFORE GLSurfaceView DrawFrame
W/APP     (  749): [01;31m[Kxzl[m[K: ===> entering onDrawFrame: <95097> 
W/APP     (  749): [01;31m[Kxzl[m[K: ===> done onDrawFrame: <95097> 
W/GLSurfaceView(  749): <95097>  --- [01;31m[Kxzl[m[K --- AFTER GLSurfaceView DrawFrame
W/GLSurfaceView(  749): <95097>  --- [01;31m[Kxzl[m[K --- BEFORE GLSurfaceView swap frame
D/SurfaceTextureClient(  749): <95097.99> [01;31m[Kxzl[m[K SurfaceTextureClient::queueBuffer
D/SurfaceFlinger(  117): <95098.09>  --- [01;31m[Kxzl[m[K Layer::onFrameQueued
W/APP     (  749): [01;31m[Kxzl[m[K: ===> ev hits user code: <95100>  {95098} since event: 2 ms
D/InputDispatcher(  190): <95100.37> ########### [01;31m[Kxzl[m[K finishDispatchCycle: 1.37ms since event, 0.61ms since dispatch
D/SurfaceFlinger(  117): <95108.86>  ----- [01;31m[Kxzl[m[K SurfaceFlinger::composeSurfaces compose done, prepare to swap fb ------
W/APP     (  749): [01;31m[Kxzl[m[K: ===> ev hits user code: <95110>  {95108} since event: 2 ms
D/InputDispatcher(  190): <95110.75> ########### [01;31m[Kxzl[m[K finishDispatchCycle: 1.92ms since event, 0.92ms since dispatch
D/SurfaceFlinger(  117): <95113.67>  ----- [01;31m[Kxzl[m[K SurfaceFlinger::composeSurfaces() swap fb done  ------
W/GLSurfaceView(  749): <95113>  --- [01;31m[Kxzl[m[K --- AFTER GLSurfaceView swap frame
W/GLSurfaceView(  749): <95114>  --- [01;31m[Kxzl[m[K --- BEFORE GLSurfaceView DrawFrame
W/APP     (  749): [01;31m[Kxzl[m[K: ===> entering onDrawFrame: <95114> 
W/APP     (  749): [01;31m[Kxzl[m[K: ===> done onDrawFrame: <95114> 
W/GLSurfaceView(  749): <95114>  --- [01;31m[Kxzl[m[K --- AFTER GLSurfaceView DrawFrame
W/GLSurfaceView(  749): <95114>  --- [01;31m[Kxzl[m[K --- BEFORE GLSurfaceView swap frame
D/SurfaceTextureClient(  749): <95114.84> [01;31m[Kxzl[m[K SurfaceTextureClient::queueBuffer
D/SurfaceFlinger(  117): <95114.96>  --- [01;31m[Kxzl[m[K Layer::onFrameQueued
W/APP     (  749): [01;31m[Kxzl[m[K: ===> ev hits user code: <95119>  {95118} since event: 1 ms
D/InputDispatcher(  190): <95120.09> ########### [01;31m[Kxzl[m[K finishDispatchCycle: 1.43ms since event, 0.67ms since dispatch
D/SurfaceFlinger(  117): <95123.96>  ----- [01;31m[Kxzl[m[K SurfaceFlinger::composeSurfaces compose done, prepare to swap fb ------
W/APP     (  749): [01;31m[Kxzl[m[K: ===> ev hits user code: <95129>  {95128} since event: 1 ms
D/InputDispatcher(  190): <95129.48> ########### [01;31m[Kxzl[m[K finishDispatchCycle: 1.19ms since event, 0.55ms since dispatch
D/SurfaceFlinger(  117): <95130.62>  ----- [01;31m[Kxzl[m[K SurfaceFlinger::composeSurfaces() swap fb done  ------
W/GLSurfaceView(  749): <95130>  --- [01;31m[Kxzl[m[K --- AFTER GLSurfaceView swap frame
W/GLSurfaceView(  749): <95130>  --- [01;31m[Kxzl[m[K --- BEFORE GLSurfaceView DrawFrame
W/APP     (  749): [01;31m[Kxzl[m[K: ===> entering onDrawFrame: <95131> 
W/APP     (  749): [01;31m[Kxzl[m[K: ===> done onDrawFrame: <95131> 
W/GLSurfaceView(  749): <95131>  --- [01;31m[Kxzl[m[K --- AFTER GLSurfaceView DrawFrame
W/GLSurfaceView(  749): <95131>  --- [01;31m[Kxzl[m[K --- BEFORE GLSurfaceView swap frame
D/SurfaceTextureClient(  749): <95131.53> [01;31m[Kxzl[m[K SurfaceTextureClient::queueBuffer
D/SurfaceFlinger(  117): <95131.59>  --- [01;31m[Kxzl[m[K Layer::onFrameQueued
W/APP     (  749): [01;31m[Kxzl[m[K: ===> ev hits user code: <95139>  {95137} since event: 2 ms
D/InputDispatcher(  190): <95139.20> ########### [01;31m[Kxzl[m[K finishDispatchCycle: 1.34ms since event, 0.67ms since dispatch
D/SurfaceFlinger(  117): <95140.88>  ----- [01;31m[Kxzl[m[K SurfaceFlinger::composeSurfaces compose done, prepare to swap fb ------
D/SurfaceFlinger(  117): <95147.67>  ----- [01;31m[Kxzl[m[K SurfaceFlinger::composeSurfaces() swap fb done  ------
W/GLSurfaceView(  749): <95147>  --- [01;31m[Kxzl[m[K --- AFTER GLSurfaceView swap frame
W/GLSurfaceView(  749): <95147>  --- [01;31m[Kxzl[m[K --- BEFORE GLSurfaceView DrawFrame
W/APP     (  749): [01;31m[Kxzl[m[K: ===> entering onDrawFrame: <95147> 
W/APP     (  749): [01;31m[Kxzl[m[K: ===> done onDrawFrame: <95147> 
W/GLSurfaceView(  749): <95148>  --- [01;31m[Kxzl[m[K --- AFTER GLSurfaceView DrawFrame
W/GLSurfaceView(  749): <95148>  --- [01;31m[Kxzl[m[K --- BEFORE GLSurfaceView swap frame
D/SurfaceTextureClient(  749): <95148.66> [01;31m[Kxzl[m[K SurfaceTextureClient::queueBuffer
D/SurfaceFlinger(  117): <95148.71>  --- [01;31m[Kxzl[m[K Layer::onFrameQueued
W/APP     (  749): [01;31m[Kxzl[m[K: ===> ev hits user code: <95148>  {95147} since event: 1 ms
D/InputDispatcher(  190): <95149.08> ########### [01;31m[Kxzl[m[K finishDispatchCycle: 1.43ms since event, 0.58ms since dispatch
D/SurfaceFlinger(  117): <95157.90>  ----- [01;31m[Kxzl[m[K SurfaceFlinger::composeSurfaces compose done, prepare to swap fb ------
W/APP     (  749): [01;31m[Kxzl[m[K: ===> ev hits user code: <95158>  {95157} since event: 1 ms
D/InputDispatcher(  190): <95159.18> ########### [01;31m[Kxzl[m[K finishDispatchCycle: 1.62ms since event, 0.76ms since dispatch
D/SurfaceFlinger(  117): <95165.46>  ----- [01;31m[Kxzl[m[K SurfaceFlinger::composeSurfaces() swap fb done  ------
W/GLSurfaceView(  749): <95165>  --- [01;31m[Kxzl[m[K --- AFTER GLSurfaceView swap frame
W/GLSurfaceView(  749): <95165>  --- [01;31m[Kxzl[m[K --- BEFORE GLSurfaceView DrawFrame
W/APP     (  749): [01;31m[Kxzl[m[K: ===> entering onDrawFrame: <95165> 
W/APP     (  749): [01;31m[Kxzl[m[K: ===> done onDrawFrame: <95165> 
W/GLSurfaceView(  749): <95166>  --- [01;31m[Kxzl[m[K --- AFTER GLSurfaceView DrawFrame
W/GLSurfaceView(  749): <95166>  --- [01;31m[Kxzl[m[K --- BEFORE GLSurfaceView swap frame
D/SurfaceTextureClient(  749): <95167.48> [01;31m[Kxzl[m[K SurfaceTextureClient::queueBuffer
D/SurfaceFlinger(  117): <95167.57>  --- [01;31m[Kxzl[m[K Layer::onFrameQueued
W/APP     (  749): [01;31m[Kxzl[m[K: ===> ev hits user code: <95168>  {95167} since event: 1 ms
D/InputDispatcher(  190): <95168.82> ########### [01;31m[Kxzl[m[K finishDispatchCycle: 1.34ms since event, 0.58ms since dispatch
D/SurfaceFlinger(  117): <95177.16>  ----- [01;31m[Kxzl[m[K SurfaceFlinger::composeSurfaces compose done, prepare to swap fb ------
W/APP     (  749): [01;31m[Kxzl[m[K: ===> ev hits user code: <95178>  {95177} since event: 1 ms
D/InputDispatcher(  190): <95178.59> ########### [01;31m[Kxzl[m[K finishDispatchCycle: 1.46ms since event, 0.46ms since dispatch
D/SurfaceFlinger(  117): <95181.52>  ----- [01;31m[Kxzl[m[K SurfaceFlinger::composeSurfaces() swap fb done  ------
W/GLSurfaceView(  749): <95181>  --- [01;31m[Kxzl[m[K --- AFTER GLSurfaceView swap frame
W/GLSurfaceView(  749): <95181>  --- [01;31m[Kxzl[m[K --- BEFORE GLSurfaceView DrawFrame
W/APP     (  749): [01;31m[Kxzl[m[K: ===> entering onDrawFrame: <95181> 
W/APP     (  749): [01;31m[Kxzl[m[K: ===> done onDrawFrame: <95181> 
W/GLSurfaceView(  749): <95182>  --- [01;31m[Kxzl[m[K --- AFTER GLSurfaceView DrawFrame
W/GLSurfaceView(  749): <95182>  --- [01;31m[Kxzl[m[K --- BEFORE GLSurfaceView swap frame
D/SurfaceTextureClient(  749): <95182.95> [01;31m[Kxzl[m[K SurfaceTextureClient::queueBuffer
D/SurfaceFlinger(  117): <95183.05>  --- [01;31m[Kxzl[m[K Layer::onFrameQueued
W/APP     (  749): [01;31m[Kxzl[m[K: ===> ev hits user code: <95187>  {95186} since event: 1 ms
D/InputDispatcher(  190): <95187.96> ########### [01;31m[Kxzl[m[K finishDispatchCycle: 1.16ms since event, 0.49ms since dispatch
D/SurfaceFlinger(  117): <95191.77>  ----- [01;31m[Kxzl[m[K SurfaceFlinger::composeSurfaces compose done, prepare to swap fb ------
W/APP     (  749): [01;31m[Kxzl[m[K: ===> ev hits user code: <95197>  {95196} since event: 1 ms
D/InputDispatcher(  190): <95197.51> ########### [01;31m[Kxzl[m[K finishDispatchCycle: 0.98ms since event, 0.40ms since dispatch
D/SurfaceFlinger(  117): <95198.45>  ----- [01;31m[Kxzl[m[K SurfaceFlinger::composeSurfaces() swap fb done  ------
W/GLSurfaceView(  749): <95198>  --- [01;31m[Kxzl[m[K --- AFTER GLSurfaceView swap frame
W/GLSurfaceView(  749): <95198>  --- [01;31m[Kxzl[m[K --- BEFORE GLSurfaceView DrawFrame
W/APP     (  749): [01;31m[Kxzl[m[K: ===> entering onDrawFrame: <95198> 
W/APP     (  749): [01;31m[Kxzl[m[K: ===> done onDrawFrame: <95198> 
W/GLSurfaceView(  749): <95199>  --- [01;31m[Kxzl[m[K --- AFTER GLSurfaceView DrawFrame
W/GLSurfaceView(  749): <95199>  --- [01;31m[Kxzl[m[K --- BEFORE GLSurfaceView swap frame
D/SurfaceTextureClient(  749): <95199.67> [01;31m[Kxzl[m[K SurfaceTextureClient::queueBuffer
D/SurfaceFlinger(  117): <95199.77>  --- [01;31m[Kxzl[m[K Layer::onFrameQueued
W/APP     (  749): [01;31m[Kxzl[m[K: ===> ev hits user code: <95207>  {95206} since event: 1 ms
D/InputDispatcher(  190): <95207.24> ########### [01;31m[Kxzl[m[K finishDispatchCycle: 1.01ms since event, 0.40ms since dispatch
D/SurfaceFlinger(  117): <95208.68>  ----- [01;31m[Kxzl[m[K SurfaceFlinger::composeSurfaces compose done, prepare to swap fb ------
D/SurfaceFlinger(  117): <95216.06>  ----- [01;31m[Kxzl[m[K SurfaceFlinger::composeSurfaces() swap fb done  ------
W/GLSurfaceView(  749): <95216>  --- [01;31m[Kxzl[m[K --- AFTER GLSurfaceView swap frame
W/GLSurfaceView(  749): <95216>  --- [01;31m[Kxzl[m[K --- BEFORE GLSurfaceView DrawFrame
W/APP     (  749): [01;31m[Kxzl[m[K: ===> entering onDrawFrame: <95216> 
W/APP     (  749): [01;31m[Kxzl[m[K: ===> done onDrawFrame: <95216> 
W/GLSurfaceView(  749): <95216>  --- [01;31m[Kxzl[m[K --- AFTER GLSurfaceView DrawFrame
W/GLSurfaceView(  749): <95216>  --- [01;31m[Kxzl[m[K --- BEFORE GLSurfaceView swap frame
D/SurfaceTextureClient(  749): <95217.10> [01;31m[Kxzl[m[K SurfaceTextureClient::queueBuffer
D/SurfaceFlinger(  117): <95217.22>  --- [01;31m[Kxzl[m[K Layer::onFrameQueued
W/APP     (  749): [01;31m[Kxzl[m[K: ===> ev hits user code: <95217>  {95216} since event: 1 ms
D/InputDispatcher(  190): <95217.47> ########### [01;31m[Kxzl[m[K finishDispatchCycle: 1.44ms since event, 0.58ms since dispatch
D/SurfaceFlinger(  117): <95226.47>  ----- [01;31m[Kxzl[m[K SurfaceFlinger::composeSurfaces compose done, prepare to swap fb ------
W/APP     (  749): [01;31m[Kxzl[m[K: ===> ev hits user code: <95226>  {95225} since event: 1 ms
D/InputDispatcher(  190): <95227.32> ########### [01;31m[Kxzl[m[K finishDispatchCycle: 1.65ms since event, 0.95ms since dispatch
D/SurfaceFlinger(  117): <95233.46>  ----- [01;31m[Kxzl[m[K SurfaceFlinger::composeSurfaces() swap fb done  ------
W/GLSurfaceView(  749): <95233>  --- [01;31m[Kxzl[m[K --- AFTER GLSurfaceView swap frame
W/GLSurfaceView(  749): <95233>  --- [01;31m[Kxzl[m[K --- BEFORE GLSurfaceView DrawFrame
W/APP     (  749): [01;31m[Kxzl[m[K: ===> entering onDrawFrame: <95233> 
W/APP     (  749): [01;31m[Kxzl[m[K: ===> done onDrawFrame: <95233> 
W/GLSurfaceView(  749): <95234>  --- [01;31m[Kxzl[m[K --- AFTER GLSurfaceView DrawFrame
W/GLSurfaceView(  749): <95234>  --- [01;31m[Kxzl[m[K --- BEFORE GLSurfaceView swap frame
D/SurfaceTextureClient(  749): <95234.59> [01;31m[Kxzl[m[K SurfaceTextureClient::queueBuffer
D/SurfaceFlinger(  117): <95234.71>  --- [01;31m[Kxzl[m[K Layer::onFrameQueued
W/APP     (  749): [01;31m[Kxzl[m[K: ===> ev hits user code: <95236>  {95235} since event: 1 ms
D/InputDispatcher(  190): <95236.88> ########### [01;31m[Kxzl[m[K finishDispatchCycle: 1.37ms since event, 0.64ms since dispatch
D/SurfaceFlinger(  117): <95243.84>  ----- [01;31m[Kxzl[m[K SurfaceFlinger::composeSurfaces compose done, prepare to swap fb ------
W/APP     (  749): [01;31m[Kxzl[m[K: ===> ev hits user code: <95246>  {95245} since event: 1 ms
D/InputDispatcher(  190): <95246.77> ########### [01;31m[Kxzl[m[K finishDispatchCycle: 1.37ms since event, 0.61ms since dispatch
D/SurfaceFlinger(  117): <95249.33>  ----- [01;31m[Kxzl[m[K SurfaceFlinger::composeSurfaces() swap fb done  ------
W/GLSurfaceView(  749): <95249>  --- [01;31m[Kxzl[m[K --- AFTER GLSurfaceView swap frame
W/GLSurfaceView(  749): <95249>  --- [01;31m[Kxzl[m[K --- BEFORE GLSurfaceView DrawFrame
W/APP     (  749): [01;31m[Kxzl[m[K: ===> entering onDrawFrame: <95249> 
W/APP     (  749): [01;31m[Kxzl[m[K: ===> done onDrawFrame: <95249> 
W/GLSurfaceView(  749): <95250>  --- [01;31m[Kxzl[m[K --- AFTER GLSurfaceView DrawFrame
W/GLSurfaceView(  749): <95250>  --- [01;31m[Kxzl[m[K --- BEFORE GLSurfaceView swap frame
D/SurfaceTextureClient(  749): <95250.45> [01;31m[Kxzl[m[K SurfaceTextureClient::queueBuffer
D/SurfaceFlinger(  117): <95250.55>  --- [01;31m[Kxzl[m[K Layer::onFrameQueued
W/APP     (  749): [01;31m[Kxzl[m[K: ===> ev hits user code: <95256>  {95255} since event: 1 ms
D/InputDispatcher(  190): <95256.47> ########### [01;31m[Kxzl[m[K finishDispatchCycle: 1.43ms since event, 0.70ms since dispatch
D/SurfaceFlinger(  117): <95259.59>  ----- [01;31m[Kxzl[m[K SurfaceFlinger::composeSurfaces compose done, prepare to swap fb ------
D/SurfaceFlinger(  117): <95266.30>  ----- [01;31m[Kxzl[m[K SurfaceFlinger::composeSurfaces() swap fb done  ------
W/GLSurfaceView(  749): <95266>  --- [01;31m[Kxzl[m[K --- AFTER GLSurfaceView swap frame
W/GLSurfaceView(  749): <95266>  --- [01;31m[Kxzl[m[K --- BEFORE GLSurfaceView DrawFrame
W/APP     (  749): [01;31m[Kxzl[m[K: ===> entering onDrawFrame: <95266> 
W/APP     (  749): [01;31m[Kxzl[m[K: ===> ev hits user code: <95266>  {95264} since event: 2 ms
W/APP     (  749): [01;31m[Kxzl[m[K: ===> done onDrawFrame: <95266> 
W/GLSurfaceView(  749): <95267>  --- [01;31m[Kxzl[m[K --- AFTER GLSurfaceView DrawFrame
D/InputDispatcher(  190): <95267.19> ########### [01;31m[Kxzl[m[K finishDispatchCycle: 2.32ms since event, 1.62ms since dispatch
W/GLSurfaceView(  749): <95267>  --- [01;31m[Kxzl[m[K --- BEFORE GLSurfaceView swap frame
D/SurfaceTextureClient(  749): <95267.45> [01;31m[Kxzl[m[K SurfaceTextureClient::queueBuffer
D/SurfaceFlinger(  117): <95267.58>  --- [01;31m[Kxzl[m[K Layer::onFrameQueued
W/APP     (  749): [01;31m[Kxzl[m[K: ===> ev hits user code: <95275>  {95274} since event: 1 ms
D/InputDispatcher(  190): <95275.82> ########### [01;31m[Kxzl[m[K finishDispatchCycle: 1.25ms since event, 0.55ms since dispatch
D/SurfaceFlinger(  117): <95276.55>  ----- [01;31m[Kxzl[m[K SurfaceFlinger::composeSurfaces compose done, prepare to swap fb ------
D/SurfaceFlinger(  117): <95284.42>  ----- [01;31m[Kxzl[m[K SurfaceFlinger::composeSurfaces() swap fb done  ------
W/GLSurfaceView(  749): <95284>  --- [01;31m[Kxzl[m[K --- AFTER GLSurfaceView swap frame
W/GLSurfaceView(  749): <95284>  --- [01;31m[Kxzl[m[K --- BEFORE GLSurfaceView DrawFrame
W/APP     (  749): [01;31m[Kxzl[m[K: ===> entering onDrawFrame: <95284> 
W/APP     (  749): [01;31m[Kxzl[m[K: ===> done onDrawFrame: <95284> 
W/GLSurfaceView(  749): <95285>  --- [01;31m[Kxzl[m[K --- AFTER GLSurfaceView DrawFrame
W/GLSurfaceView(  749): <95285>  --- [01;31m[Kxzl[m[K --- BEFORE GLSurfaceView swap frame
D/SurfaceTextureClient(  749): <95285.46> [01;31m[Kxzl[m[K SurfaceTextureClient::queueBuffer
D/SurfaceFlinger(  117): <95285.55>  --- [01;31m[Kxzl[m[K Layer::onFrameQueued
W/APP     (  749): [01;31m[Kxzl[m[K: ===> ev hits user code: <95285>  {95284} since event: 1 ms
D/InputDispatcher(  190): <95285.98> ########### [01;31m[Kxzl[m[K finishDispatchCycle: 1.59ms since event, 0.73ms since dispatch
D/SurfaceFlinger(  117): <95294.86>  ----- [01;31m[Kxzl[m[K SurfaceFlinger::composeSurfaces compose done, prepare to swap fb ------
W/APP     (  749): [01;31m[Kxzl[m[K: ===> ev hits user code: <95295>  {95294} since event: 1 ms
D/InputDispatcher(  190): <95295.77> ########### [01;31m[Kxzl[m[K finishDispatchCycle: 1.77ms since event, 1.01ms since dispatch
D/SurfaceFlinger(  117): <95300.20>  ----- [01;31m[Kxzl[m[K SurfaceFlinger::composeSurfaces() swap fb done  ------
W/GLSurfaceView(  749): <95301>  --- [01;31m[Kxzl[m[K --- AFTER GLSurfaceView swap frame
W/GLSurfaceView(  749): <95302>  --- [01;31m[Kxzl[m[K --- BEFORE GLSurfaceView DrawFrame
W/APP     (  749): [01;31m[Kxzl[m[K: ===> entering onDrawFrame: <95302> 
W/APP     (  749): [01;31m[Kxzl[m[K: ===> done onDrawFrame: <95302> 
W/GLSurfaceView(  749): <95302>  --- [01;31m[Kxzl[m[K --- AFTER GLSurfaceView DrawFrame
W/GLSurfaceView(  749): <95302>  --- [01;31m[Kxzl[m[K --- BEFORE GLSurfaceView swap frame
D/SurfaceTextureClient(  749): <95302.77> [01;31m[Kxzl[m[K SurfaceTextureClient::queueBuffer
D/SurfaceFlinger(  117): <95302.85>  --- [01;31m[Kxzl[m[K Layer::onFrameQueued
W/APP     (  749): [01;31m[Kxzl[m[K: ===> ev hits user code: <95305>  {95303} since event: 2 ms
D/InputDispatcher(  190): <95305.75> ########### [01;31m[Kxzl[m[K finishDispatchCycle: 1.86ms since event, 0.89ms since dispatch
D/SurfaceFlinger(  117): <95313.57>  ----- [01;31m[Kxzl[m[K SurfaceFlinger::composeSurfaces compose done, prepare to swap fb ------
W/APP     (  749): [01;31m[Kxzl[m[K: ===> ev hits user code: <95315>  {95313} since event: 2 ms
D/InputDispatcher(  190): <95315.18> ########### [01;31m[Kxzl[m[K finishDispatchCycle: 1.68ms since event, 1.01ms since dispatch
D/SurfaceFlinger(  117): <95317.14>  ----- [01;31m[Kxzl[m[K SurfaceFlinger::composeSurfaces() swap fb done  ------
W/GLSurfaceView(  749): <95317>  --- [01;31m[Kxzl[m[K --- AFTER GLSurfaceView swap frame
W/GLSurfaceView(  749): <95317>  --- [01;31m[Kxzl[m[K --- BEFORE GLSurfaceView DrawFrame
W/APP     (  749): [01;31m[Kxzl[m[K: ===> entering onDrawFrame: <95317> 
W/APP     (  749): [01;31m[Kxzl[m[K: ===> done onDrawFrame: <95317> 
W/GLSurfaceView(  749): <95317>  --- [01;31m[Kxzl[m[K --- AFTER GLSurfaceView DrawFrame
W/GLSurfaceView(  749): <95318>  --- [01;31m[Kxzl[m[K --- BEFORE GLSurfaceView swap frame
D/SurfaceTextureClient(  749): <95318.41> [01;31m[Kxzl[m[K SurfaceTextureClient::queueBuffer
D/SurfaceFlinger(  117): <95318.52>  --- [01;31m[Kxzl[m[K Layer::onFrameQueued
W/APP     (  749): [01;31m[Kxzl[m[K: ===> ev hits user code: <95324>  {95323} since event: 1 ms
D/InputDispatcher(  190): <95324.68> ########### [01;31m[Kxzl[m[K finishDispatchCycle: 1.50ms since event, 0.70ms since dispatch
D/SurfaceFlinger(  117): <95327.40>  ----- [01;31m[Kxzl[m[K SurfaceFlinger::composeSurfaces compose done, prepare to swap fb ------
W/APP     (  749): [01;31m[Kxzl[m[K: ===> ev hits user code: <95333>  {95332} since event: 1 ms
D/SurfaceFlinger(  117): <95334.10>  ----- [01;31m[Kxzl[m[K SurfaceFlinger::composeSurfaces() swap fb done  ------
W/GLSurfaceView(  749): <95334>  --- [01;31m[Kxzl[m[K --- AFTER GLSurfaceView swap frame
D/InputDispatcher(  190): <95334.53> ########### [01;31m[Kxzl[m[K finishDispatchCycle: 1.80ms since event, 1.04ms since dispatch
W/GLSurfaceView(  749): <95334>  --- [01;31m[Kxzl[m[K --- BEFORE GLSurfaceView DrawFrame
W/APP     (  749): [01;31m[Kxzl[m[K: ===> entering onDrawFrame: <95334> 
W/APP     (  749): [01;31m[Kxzl[m[K: ===> done onDrawFrame: <95334> 
W/GLSurfaceView(  749): <95334>  --- [01;31m[Kxzl[m[K --- AFTER GLSurfaceView DrawFrame
W/GLSurfaceView(  749): <95335>  --- [01;31m[Kxzl[m[K --- BEFORE GLSurfaceView swap frame
D/SurfaceTextureClient(  749): <95335.29> [01;31m[Kxzl[m[K SurfaceTextureClient::queueBuffer
D/SurfaceFlinger(  117): <95335.41>  --- [01;31m[Kxzl[m[K Layer::onFrameQueued
W/APP     (  749): [01;31m[Kxzl[m[K: ===> ev hits user code: <95343>  {95342} since event: 1 ms
D/InputDispatcher(  190): <95343.66> ########### [01;31m[Kxzl[m[K finishDispatchCycle: 1.13ms since event, 0.49ms since dispatch
D/SurfaceFlinger(  117): <95344.36>  ----- [01;31m[Kxzl[m[K SurfaceFlinger::composeSurfaces compose done, prepare to swap fb ------
D/SurfaceFlinger(  117): <95352.39>  ----- [01;31m[Kxzl[m[K SurfaceFlinger::composeSurfaces() swap fb done  ------
W/GLSurfaceView(  749): <95352>  --- [01;31m[Kxzl[m[K --- AFTER GLSurfaceView swap frame
W/GLSurfaceView(  749): <95352>  --- [01;31m[Kxzl[m[K --- BEFORE GLSurfaceView DrawFrame
W/APP     (  749): [01;31m[Kxzl[m[K: ===> entering onDrawFrame: <95352> 
W/APP     (  749): [01;31m[Kxzl[m[K: ===> done onDrawFrame: <95352> 
W/GLSurfaceView(  749): <95352>  --- [01;31m[Kxzl[m[K --- AFTER GLSurfaceView DrawFrame
W/GLSurfaceView(  749): <95352>  --- [01;31m[Kxzl[m[K --- BEFORE GLSurfaceView swap frame
D/SurfaceTextureClient(  749): <95353.21> [01;31m[Kxzl[m[K SurfaceTextureClient::queueBuffer
W/APP     (  749): [01;31m[Kxzl[m[K: ===> ev hits user code: <95354>  {95352} since event: 2 ms
D/InputDispatcher(  190): <95354.12> ########### [01;31m[Kxzl[m[K finishDispatchCycle: 1.77ms since event, 0.73ms since dispatch
D/SurfaceFlinger(  117): <95354.40>  --- [01;31m[Kxzl[m[K Layer::onFrameQueued
D/SurfaceFlinger(  117): <95362.61>  ----- [01;31m[Kxzl[m[K SurfaceFlinger::composeSurfaces compose done, prepare to swap fb ------
W/APP     (  749): [01;31m[Kxzl[m[K: ===> ev hits user code: <95363>  {95361} since event: 2 ms
D/InputDispatcher(  190): <95363.34> ########### [01;31m[Kxzl[m[K finishDispatchCycle: 1.47ms since event, 0.82ms since dispatch
D/SurfaceFlinger(  117): <95368.05>  ----- [01;31m[Kxzl[m[K SurfaceFlinger::composeSurfaces() swap fb done  ------
W/GLSurfaceView(  749): <95368>  --- [01;31m[Kxzl[m[K --- AFTER GLSurfaceView swap frame
W/GLSurfaceView(  749): <95368>  --- [01;31m[Kxzl[m[K --- BEFORE GLSurfaceView DrawFrame
W/APP     (  749): [01;31m[Kxzl[m[K: ===> entering onDrawFrame: <95368> 
W/APP     (  749): [01;31m[Kxzl[m[K: ===> done onDrawFrame: <95368> 
W/GLSurfaceView(  749): <95368>  --- [01;31m[Kxzl[m[K --- AFTER GLSurfaceView DrawFrame
W/GLSurfaceView(  749): <95368>  --- [01;31m[Kxzl[m[K --- BEFORE GLSurfaceView swap frame
D/SurfaceTextureClient(  749): <95369.05> [01;31m[Kxzl[m[K SurfaceTextureClient::queueBuffer
D/SurfaceFlinger(  117): <95369.17>  --- [01;31m[Kxzl[m[K Layer::onFrameQueued
W/APP     (  749): [01;31m[Kxzl[m[K: ===> ev hits user code: <95373>  {95371} since event: 2 ms
D/InputDispatcher(  190): <95373.27> ########### [01;31m[Kxzl[m[K finishDispatchCycle: 1.31ms since event, 0.58ms since dispatch
D/SurfaceFlinger(  117): <95379.55>  ----- [01;31m[Kxzl[m[K SurfaceFlinger::composeSurfaces compose done, prepare to swap fb ------
W/APP     (  749): [01;31m[Kxzl[m[K: ===> ev hits user code: <95382>  {95381} since event: 1 ms
D/InputDispatcher(  190): <95383.42> ########### [01;31m[Kxzl[m[K finishDispatchCycle: 1.83ms since event, 1.13ms since dispatch
D/SurfaceFlinger(  117): <95385.07>  ----- [01;31m[Kxzl[m[K SurfaceFlinger::composeSurfaces() swap fb done  ------
W/GLSurfaceView(  749): <95385>  --- [01;31m[Kxzl[m[K --- AFTER GLSurfaceView swap frame
W/GLSurfaceView(  749): <95385>  --- [01;31m[Kxzl[m[K --- BEFORE GLSurfaceView DrawFrame
W/APP     (  749): [01;31m[Kxzl[m[K: ===> entering onDrawFrame: <95385> 
W/APP     (  749): [01;31m[Kxzl[m[K: ===> done onDrawFrame: <95385> 
W/GLSurfaceView(  749): <95385>  --- [01;31m[Kxzl[m[K --- AFTER GLSurfaceView DrawFrame
W/GLSurfaceView(  749): <95385>  --- [01;31m[Kxzl[m[K --- BEFORE GLSurfaceView swap frame
D/SurfaceTextureClient(  749): <95385.98> [01;31m[Kxzl[m[K SurfaceTextureClient::queueBuffer
D/SurfaceFlinger(  117): <95386.05>  --- [01;31m[Kxzl[m[K Layer::onFrameQueued
W/APP     (  749): [01;31m[Kxzl[m[K: ===> ev hits user code: <95392>  {95391} since event: 1 ms
D/InputDispatcher(  190): <95392.37> ########### [01;31m[Kxzl[m[K finishDispatchCycle: 1.22ms since event, 0.61ms since dispatch
D/SurfaceFlinger(  117): <95395.27>  ----- [01;31m[Kxzl[m[K SurfaceFlinger::composeSurfaces compose done, prepare to swap fb ------
D/SurfaceFlinger(  117): <95401.88>  ----- [01;31m[Kxzl[m[K SurfaceFlinger::composeSurfaces() swap fb done  ------
W/APP     (  749): [01;31m[Kxzl[m[K: ===> ev hits user code: <95402>  {95401} since event: 1 ms
W/GLSurfaceView(  749): <95402>  --- [01;31m[Kxzl[m[K --- AFTER GLSurfaceView swap frame
W/GLSurfaceView(  749): <95402>  --- [01;31m[Kxzl[m[K --- BEFORE GLSurfaceView DrawFrame
W/APP     (  749): [01;31m[Kxzl[m[K: ===> entering onDrawFrame: <95402> 
W/APP     (  749): [01;31m[Kxzl[m[K: ===> done onDrawFrame: <95402> 
W/GLSurfaceView(  749): <95402>  --- [01;31m[Kxzl[m[K --- AFTER GLSurfaceView DrawFrame
W/GLSurfaceView(  749): <95402>  --- [01;31m[Kxzl[m[K --- BEFORE GLSurfaceView swap frame
D/InputDispatcher(  190): <95402.80> ########### [01;31m[Kxzl[m[K finishDispatchCycle: 1.77ms since event, 1.13ms since dispatch
D/SurfaceTextureClient(  749): <95402.89> [01;31m[Kxzl[m[K SurfaceTextureClient::queueBuffer
D/SurfaceFlinger(  117): <95402.98>  --- [01;31m[Kxzl[m[K Layer::onFrameQueued
W/APP     (  749): [01;31m[Kxzl[m[K: ===> ev hits user code: <95411>  {95410} since event: 1 ms
D/InputDispatcher(  190): <95412.02> ########### [01;31m[Kxzl[m[K finishDispatchCycle: 1.13ms since event, 0.49ms since dispatch
D/SurfaceFlinger(  117): <95412.11>  ----- [01;31m[Kxzl[m[K SurfaceFlinger::composeSurfaces compose done, prepare to swap fb ------
D/SurfaceFlinger(  117): <95418.85>  ----- [01;31m[Kxzl[m[K SurfaceFlinger::composeSurfaces() swap fb done  ------
W/GLSurfaceView(  749): <95420>  --- [01;31m[Kxzl[m[K --- AFTER GLSurfaceView swap frame
W/GLSurfaceView(  749): <95420>  --- [01;31m[Kxzl[m[K --- BEFORE GLSurfaceView DrawFrame
W/APP     (  749): [01;31m[Kxzl[m[K: ===> entering onDrawFrame: <95420> 
W/APP     (  749): [01;31m[Kxzl[m[K: ===> done onDrawFrame: <95420> 
W/GLSurfaceView(  749): <95420>  --- [01;31m[Kxzl[m[K --- AFTER GLSurfaceView DrawFrame
W/GLSurfaceView(  749): <95421>  --- [01;31m[Kxzl[m[K --- BEFORE GLSurfaceView swap frame
D/SurfaceTextureClient(  749): <95421.33> [01;31m[Kxzl[m[K SurfaceTextureClient::queueBuffer
D/SurfaceFlinger(  117): <95421.41>  --- [01;31m[Kxzl[m[K Layer::onFrameQueued
W/APP     (  749): [01;31m[Kxzl[m[K: ===> ev hits user code: <95421>  {95420} since event: 1 ms
D/InputDispatcher(  190): <95421.94> ########### [01;31m[Kxzl[m[K finishDispatchCycle: 1.56ms since event, 0.61ms since dispatch
D/SurfaceFlinger(  117): <95430.82>  ----- [01;31m[Kxzl[m[K SurfaceFlinger::composeSurfaces compose done, prepare to swap fb ------
W/APP     (  749): [01;31m[Kxzl[m[K: ===> ev hits user code: <95432>  {95430} since event: 2 ms
D/InputDispatcher(  190): <95432.16> ########### [01;31m[Kxzl[m[K finishDispatchCycle: 1.92ms since event, 0.46ms since dispatch
D/SurfaceFlinger(  117): <95435.85>  ----- [01;31m[Kxzl[m[K SurfaceFlinger::composeSurfaces() swap fb done  ------
W/GLSurfaceView(  749): <95436>  --- [01;31m[Kxzl[m[K --- AFTER GLSurfaceView swap frame
W/GLSurfaceView(  749): <95436>  --- [01;31m[Kxzl[m[K --- BEFORE GLSurfaceView DrawFrame
W/APP     (  749): [01;31m[Kxzl[m[K: ===> entering onDrawFrame: <95436> 
W/APP     (  749): [01;31m[Kxzl[m[K: ===> done onDrawFrame: <95436> 
W/GLSurfaceView(  749): <95436>  --- [01;31m[Kxzl[m[K --- AFTER GLSurfaceView DrawFrame
W/GLSurfaceView(  749): <95436>  --- [01;31m[Kxzl[m[K --- BEFORE GLSurfaceView swap frame
D/SurfaceTextureClient(  749): <95436.89> [01;31m[Kxzl[m[K SurfaceTextureClient::queueBuffer
D/SurfaceFlinger(  117): <95438.27>  --- [01;31m[Kxzl[m[K Layer::onFrameQueued
W/APP     (  749): [01;31m[Kxzl[m[K: ===> ev hits user code: <95441>  {95440} since event: 1 ms
D/InputDispatcher(  190): <95441.52> ########### [01;31m[Kxzl[m[K finishDispatchCycle: 1.22ms since event, 0.49ms since dispatch
D/SurfaceFlinger(  117): <95446.07>  ----- [01;31m[Kxzl[m[K SurfaceFlinger::composeSurfaces compose done, prepare to swap fb ------
W/APP     (  749): [01;31m[Kxzl[m[K: ===> ev hits user code: <95450>  {95449} since event: 1 ms
D/InputDispatcher(  190): <95450.93> ########### [01;31m[Kxzl[m[K finishDispatchCycle: 1.10ms since event, 0.46ms since dispatch
D/SurfaceFlinger(  117): <95452.79>  ----- [01;31m[Kxzl[m[K SurfaceFlinger::composeSurfaces() swap fb done  ------
W/GLSurfaceView(  749): <95453>  --- [01;31m[Kxzl[m[K --- AFTER GLSurfaceView swap frame
W/GLSurfaceView(  749): <95453>  --- [01;31m[Kxzl[m[K --- BEFORE GLSurfaceView DrawFrame
W/APP     (  749): [01;31m[Kxzl[m[K: ===> entering onDrawFrame: <95453> 
W/APP     (  749): [01;31m[Kxzl[m[K: ===> done onDrawFrame: <95453> 
W/GLSurfaceView(  749): <95453>  --- [01;31m[Kxzl[m[K --- AFTER GLSurfaceView DrawFrame
W/GLSurfaceView(  749): <95453>  --- [01;31m[Kxzl[m[K --- BEFORE GLSurfaceView swap frame
D/SurfaceTextureClient(  749): <95453.67> [01;31m[Kxzl[m[K SurfaceTextureClient::queueBuffer
D/SurfaceFlinger(  117): <95453.77>  --- [01;31m[Kxzl[m[K Layer::onFrameQueued
W/APP     (  749): [01;31m[Kxzl[m[K: ===> ev hits user code: <95460>  {95459} since event: 1 ms
D/InputDispatcher(  190): <95460.72> ########### [01;31m[Kxzl[m[K finishDispatchCycle: 1.16ms since event, 0.52ms since dispatch
D/SurfaceFlinger(  117): <95463.02>  ----- [01;31m[Kxzl[m[K SurfaceFlinger::composeSurfaces compose done, prepare to swap fb ------
D/SurfaceFlinger(  117): <95469.76>  ----- [01;31m[Kxzl[m[K SurfaceFlinger::composeSurfaces() swap fb done  ------
W/APP     (  749): [01;31m[Kxzl[m[K: ===> ev hits user code: <95470>  {95469} since event: 1 ms
D/InputDispatcher(  190): <95470.43> ########### [01;31m[Kxzl[m[K finishDispatchCycle: 1.28ms since event, 0.64ms since dispatch
W/GLSurfaceView(  749): <95470>  --- [01;31m[Kxzl[m[K --- AFTER GLSurfaceView swap frame
W/GLSurfaceView(  749): <95470>  --- [01;31m[Kxzl[m[K --- BEFORE GLSurfaceView DrawFrame
W/APP     (  749): [01;31m[Kxzl[m[K: ===> entering onDrawFrame: <95470> 
W/APP     (  749): [01;31m[Kxzl[m[K: ===> done onDrawFrame: <95470> 
W/GLSurfaceView(  749): <95470>  --- [01;31m[Kxzl[m[K --- AFTER GLSurfaceView DrawFrame
W/GLSurfaceView(  749): <95470>  --- [01;31m[Kxzl[m[K --- BEFORE GLSurfaceView swap frame
D/SurfaceTextureClient(  749): <95471.19> [01;31m[Kxzl[m[K SurfaceTextureClient::queueBuffer
D/SurfaceFlinger(  117): <95471.28>  --- [01;31m[Kxzl[m[K Layer::onFrameQueued
D/SurfaceFlinger(  117): <95479.95>  ----- [01;31m[Kxzl[m[K SurfaceFlinger::composeSurfaces compose done, prepare to swap fb ------
W/APP     (  749): [01;31m[Kxzl[m[K: ===> ev hits user code: <95480>  {95479} since event: 1 ms
D/InputDispatcher(  190): <95480.56> ########### [01;31m[Kxzl[m[K finishDispatchCycle: 1.25ms since event, 0.55ms since dispatch
D/SurfaceFlinger(  117): <95486.88>  ----- [01;31m[Kxzl[m[K SurfaceFlinger::composeSurfaces() swap fb done  ------
W/GLSurfaceView(  749): <95487>  --- [01;31m[Kxzl[m[K --- AFTER GLSurfaceView swap frame
W/GLSurfaceView(  749): <95487>  --- [01;31m[Kxzl[m[K --- BEFORE GLSurfaceView DrawFrame
W/APP     (  749): [01;31m[Kxzl[m[K: ===> entering onDrawFrame: <95487> 
W/APP     (  749): [01;31m[Kxzl[m[K: ===> done onDrawFrame: <95487> 
W/GLSurfaceView(  749): <95487>  --- [01;31m[Kxzl[m[K --- AFTER GLSurfaceView DrawFrame
W/GLSurfaceView(  749): <95488>  --- [01;31m[Kxzl[m[K --- BEFORE GLSurfaceView swap frame
D/SurfaceTextureClient(  749): <95489.02> [01;31m[Kxzl[m[K SurfaceTextureClient::queueBuffer
D/SurfaceFlinger(  117): <95489.14>  --- [01;31m[Kxzl[m[K Layer::onFrameQueued
W/APP     (  749): [01;31m[Kxzl[m[K: ===> ev hits user code: <95490>  {95488} since event: 2 ms
D/InputDispatcher(  190): <95490.51> ########### [01;31m[Kxzl[m[K finishDispatchCycle: 1.65ms since event, 0.58ms since dispatch
D/SurfaceFlinger(  117): <95498.38>  ----- [01;31m[Kxzl[m[K SurfaceFlinger::composeSurfaces compose done, prepare to swap fb ------
W/APP     (  749): [01;31m[Kxzl[m[K: ===> ev hits user code: <95499>  {95498} since event: 1 ms
D/InputDispatcher(  190): <95499.91> ########### [01;31m[Kxzl[m[K finishDispatchCycle: 1.56ms since event, 0.67ms since dispatch
D/SurfaceFlinger(  117): <95503.66>  ----- [01;31m[Kxzl[m[K SurfaceFlinger::composeSurfaces() swap fb done  ------
W/GLSurfaceView(  749): <95503>  --- [01;31m[Kxzl[m[K --- AFTER GLSurfaceView swap frame
W/GLSurfaceView(  749): <95503>  --- [01;31m[Kxzl[m[K --- BEFORE GLSurfaceView DrawFrame
W/APP     (  749): [01;31m[Kxzl[m[K: ===> entering onDrawFrame: <95503> 
W/APP     (  749): [01;31m[Kxzl[m[K: ===> done onDrawFrame: <95503> 
W/GLSurfaceView(  749): <95504>  --- [01;31m[Kxzl[m[K --- AFTER GLSurfaceView DrawFrame
W/GLSurfaceView(  749): <95504>  --- [01;31m[Kxzl[m[K --- BEFORE GLSurfaceView swap frame
D/SurfaceTextureClient(  749): <95504.55> [01;31m[Kxzl[m[K SurfaceTextureClient::queueBuffer
D/SurfaceFlinger(  117): <95506.16>  --- [01;31m[Kxzl[m[K Layer::onFrameQueued
W/APP     (  749): [01;31m[Kxzl[m[K: ===> ev hits user code: <95509>  {95508} since event: 1 ms
D/InputDispatcher(  190): <95509.34> ########### [01;31m[Kxzl[m[K finishDispatchCycle: 1.13ms since event, 0.49ms since dispatch
D/SurfaceFlinger(  117): <95513.85>  ----- [01;31m[Kxzl[m[K SurfaceFlinger::composeSurfaces compose done, prepare to swap fb ------
W/APP     (  749): [01;31m[Kxzl[m[K: ===> ev hits user code: <95518>  {95517} since event: 1 ms
D/InputDispatcher(  190): <95518.98> ########### [01;31m[Kxzl[m[K finishDispatchCycle: 1.13ms since event, 0.52ms since dispatch
D/SurfaceFlinger(  117): <95520.59>  ----- [01;31m[Kxzl[m[K SurfaceFlinger::composeSurfaces() swap fb done  ------
W/GLSurfaceView(  749): <95520>  --- [01;31m[Kxzl[m[K --- AFTER GLSurfaceView swap frame
W/GLSurfaceView(  749): <95520>  --- [01;31m[Kxzl[m[K --- BEFORE GLSurfaceView DrawFrame
W/APP     (  749): [01;31m[Kxzl[m[K: ===> entering onDrawFrame: <95520> 
W/APP     (  749): [01;31m[Kxzl[m[K: ===> done onDrawFrame: <95520> 
W/GLSurfaceView(  749): <95521>  --- [01;31m[Kxzl[m[K --- AFTER GLSurfaceView DrawFrame
W/GLSurfaceView(  749): <95521>  --- [01;31m[Kxzl[m[K --- BEFORE GLSurfaceView swap frame
D/SurfaceTextureClient(  749): <95521.48> [01;31m[Kxzl[m[K SurfaceTextureClient::queueBuffer
D/SurfaceFlinger(  117): <95521.58>  --- [01;31m[Kxzl[m[K Layer::onFrameQueued
W/APP     (  749): [01;31m[Kxzl[m[K: ===> ev hits user code: <95528>  {95527} since event: 1 ms
D/InputDispatcher(  190): <95529.12> ########### [01;31m[Kxzl[m[K finishDispatchCycle: 1.31ms since event, 0.58ms since dispatch
D/SurfaceFlinger(  117): <95530.85>  ----- [01;31m[Kxzl[m[K SurfaceFlinger::composeSurfaces compose done, prepare to swap fb ------
D/SurfaceFlinger(  117): <95537.59>  ----- [01;31m[Kxzl[m[K SurfaceFlinger::composeSurfaces() swap fb done  ------
W/GLSurfaceView(  749): <95537>  --- [01;31m[Kxzl[m[K --- AFTER GLSurfaceView swap frame
W/GLSurfaceView(  749): <95537>  --- [01;31m[Kxzl[m[K --- BEFORE GLSurfaceView DrawFrame
W/APP     (  749): [01;31m[Kxzl[m[K: ===> entering onDrawFrame: <95537> 
W/APP     (  749): [01;31m[Kxzl[m[K: ===> done onDrawFrame: <95537> 
W/APP     (  749): [01;31m[Kxzl[m[K: ===> ev hits user code: <95538>  {95537} since event: 1 ms
D/InputDispatcher(  190): <95539.15> ########### [01;31m[Kxzl[m[K finishDispatchCycle: 1.59ms since event, 0.67ms since dispatch
W/GLSurfaceView(  749): <95539>  --- [01;31m[Kxzl[m[K --- AFTER GLSurfaceView DrawFrame
W/GLSurfaceView(  749): <95539>  --- [01;31m[Kxzl[m[K --- BEFORE GLSurfaceView swap frame
D/SurfaceTextureClient(  749): <95539.70> [01;31m[Kxzl[m[K SurfaceTextureClient::queueBuffer
D/SurfaceFlinger(  117): <95539.80>  --- [01;31m[Kxzl[m[K Layer::onFrameQueued
D/SurfaceFlinger(  117): <95547.85>  ----- [01;31m[Kxzl[m[K SurfaceFlinger::composeSurfaces compose done, prepare to swap fb ------
W/APP     (  749): [01;31m[Kxzl[m[K: ===> ev hits user code: <95548>  {95547} since event: 1 ms
D/InputDispatcher(  190): <95548.52> ########### [01;31m[Kxzl[m[K finishDispatchCycle: 1.28ms since event, 0.58ms since dispatch
D/SurfaceFlinger(  117): <95555.05>  ----- [01;31m[Kxzl[m[K SurfaceFlinger::composeSurfaces() swap fb done  ------
W/GLSurfaceView(  749): <95555>  --- [01;31m[Kxzl[m[K --- AFTER GLSurfaceView swap frame
W/GLSurfaceView(  749): <95555>  --- [01;31m[Kxzl[m[K --- BEFORE GLSurfaceView DrawFrame
W/APP     (  749): [01;31m[Kxzl[m[K: ===> entering onDrawFrame: <95555> 
W/APP     (  749): [01;31m[Kxzl[m[K: ===> done onDrawFrame: <95555> 
W/GLSurfaceView(  749): <95555>  --- [01;31m[Kxzl[m[K --- AFTER GLSurfaceView DrawFrame
W/GLSurfaceView(  749): <95556>  --- [01;31m[Kxzl[m[K --- BEFORE GLSurfaceView swap frame
D/SurfaceTextureClient(  749): <95556.30> [01;31m[Kxzl[m[K SurfaceTextureClient::queueBuffer
D/SurfaceFlinger(  117): <95556.40>  --- [01;31m[Kxzl[m[K Layer::onFrameQueued
W/APP     (  749): [01;31m[Kxzl[m[K: ===> ev hits user code: <95558>  {95557} since event: 1 ms
D/InputDispatcher(  190): <95558.50> ########### [01;31m[Kxzl[m[K finishDispatchCycle: 1.44ms since event, 0.55ms since dispatch
D/SurfaceFlinger(  117): <95566.71>  ----- [01;31m[Kxzl[m[K SurfaceFlinger::composeSurfaces compose done, prepare to swap fb ------
W/APP     (  749): [01;31m[Kxzl[m[K: ===> ev hits user code: <95567>  {95566} since event: 1 ms
D/InputDispatcher(  190): <95567.96> ########### [01;31m[Kxzl[m[K finishDispatchCycle: 1.31ms since event, 0.58ms since dispatch
D/SurfaceFlinger(  117): <95571.47>  ----- [01;31m[Kxzl[m[K SurfaceFlinger::composeSurfaces() swap fb done  ------
W/GLSurfaceView(  749): <95571>  --- [01;31m[Kxzl[m[K --- AFTER GLSurfaceView swap frame
W/GLSurfaceView(  749): <95571>  --- [01;31m[Kxzl[m[K --- BEFORE GLSurfaceView DrawFrame
W/APP     (  749): [01;31m[Kxzl[m[K: ===> entering onDrawFrame: <95571> 
W/APP     (  749): [01;31m[Kxzl[m[K: ===> done onDrawFrame: <95571> 
W/GLSurfaceView(  749): <95572>  --- [01;31m[Kxzl[m[K --- AFTER GLSurfaceView DrawFrame
W/GLSurfaceView(  749): <95572>  --- [01;31m[Kxzl[m[K --- BEFORE GLSurfaceView swap frame
D/SurfaceTextureClient(  749): <95572.66> [01;31m[Kxzl[m[K SurfaceTextureClient::queueBuffer
D/SurfaceFlinger(  117): <95572.79>  --- [01;31m[Kxzl[m[K Layer::onFrameQueued
W/APP     (  749): [01;31m[Kxzl[m[K: ===> ev hits user code: <95577>  {95576} since event: 1 ms
D/InputDispatcher(  190): <95577.67> ########### [01;31m[Kxzl[m[K finishDispatchCycle: 1.31ms since event, 0.61ms since dispatch
D/SurfaceFlinger(  117): <95581.76>  ----- [01;31m[Kxzl[m[K SurfaceFlinger::composeSurfaces compose done, prepare to swap fb ------
W/APP     (  749): [01;31m[Kxzl[m[K: ===> ev hits user code: <95587>  {95586} since event: 1 ms
D/InputDispatcher(  190): <95587.80> ########### [01;31m[Kxzl[m[K finishDispatchCycle: 1.13ms since event, 0.46ms since dispatch
D/SurfaceFlinger(  117): <95588.41>  ----- [01;31m[Kxzl[m[K SurfaceFlinger::composeSurfaces() swap fb done  ------
W/GLSurfaceView(  749): <95588>  --- [01;31m[Kxzl[m[K --- AFTER GLSurfaceView swap frame
W/GLSurfaceView(  749): <95588>  --- [01;31m[Kxzl[m[K --- BEFORE GLSurfaceView DrawFrame
W/APP     (  749): [01;31m[Kxzl[m[K: ===> entering onDrawFrame: <95588> 
W/APP     (  749): [01;31m[Kxzl[m[K: ===> done onDrawFrame: <95588> 
W/GLSurfaceView(  749): <95588>  --- [01;31m[Kxzl[m[K --- AFTER GLSurfaceView DrawFrame
W/GLSurfaceView(  749): <95589>  --- [01;31m[Kxzl[m[K --- BEFORE GLSurfaceView swap frame
D/SurfaceTextureClient(  749): <95589.23> [01;31m[Kxzl[m[K SurfaceTextureClient::queueBuffer
D/SurfaceFlinger(  117): <95589.33>  --- [01;31m[Kxzl[m[K Layer::onFrameQueued
W/APP     (  749): [01;31m[Kxzl[m[K: ===> ev hits user code: <95596>  {95595} since event: 1 ms
D/InputDispatcher(  190): <95596.92> ########### [01;31m[Kxzl[m[K finishDispatchCycle: 1.04ms since event, 0.43ms since dispatch
D/SurfaceFlinger(  117): <95598.63>  ----- [01;31m[Kxzl[m[K SurfaceFlinger::composeSurfaces compose done, prepare to swap fb ------
D/SurfaceFlinger(  117): <95605.38>  ----- [01;31m[Kxzl[m[K SurfaceFlinger::composeSurfaces() swap fb done  ------
W/GLSurfaceView(  749): <95605>  --- [01;31m[Kxzl[m[K --- AFTER GLSurfaceView swap frame
W/GLSurfaceView(  749): <95605>  --- [01;31m[Kxzl[m[K --- BEFORE GLSurfaceView DrawFrame
W/APP     (  749): [01;31m[Kxzl[m[K: ===> ev hits user code: <96834>  {96833} since event: 1 ms
D/InputDispatcher(  190): <96834.78> ########### [01;31m[Kxzl[m[K finishDispatchCycle: 1.22ms since event, 0.55ms since dispatch
D/SurfaceFlinger(  117): <96836.67>  ----- [01;31m[Kxzl[m[K SurfaceFlinger::composeSurfaces compose done, prepare to swap fb ------
D/SurfaceFlinger(  117): <96843.69>  ----- [01;31m[Kxzl[m[K SurfaceFlinger::composeSurfaces() swap fb done  ------
W/GLSurfaceView(  749): <96844>  --- [01;31m[Kxzl[m[K --- AFTER GLSurfaceView swap frame
W/APP     (  749): [01;31m[Kxzl[m[K: ===> ev hits user code: <96845>  {96843} since event: 2 ms
D/InputDispatcher(  190): <96845.61> ########### [01;31m[Kxzl[m[K finishDispatchCycle: 1.86ms since event, 0.92ms since dispatch
W/GLSurfaceView(  749): <96845>  --- [01;31m[Kxzl[m[K --- BEFORE GLSurfaceView DrawFrame
W/APP     (  749): [01;31m[Kxzl[m[K: ===> entering onDrawFrame: <96845> 
W/APP     (  749): [01;31m[Kxzl[m[K: ===> done onDrawFrame: <96845> 
W/GLSurfaceView(  749): <96846>  --- [01;31m[Kxzl[m[K --- AFTER GLSurfaceView DrawFrame
W/GLSurfaceView(  749): <96846>  --- [01;31m[Kxzl[m[K --- BEFORE GLSurfaceView swap frame
D/SurfaceTextureClient(  749): <96847.23> [01;31m[Kxzl[m[K SurfaceTextureClient::queueBuffer
D/SurfaceFlinger(  117): <96847.47>  --- [01;31m[Kxzl[m[K Layer::onFrameQueued
D/SurfaceFlinger(  117): <96854.16>  ----- [01;31m[Kxzl[m[K SurfaceFlinger::composeSurfaces compose done, prepare to swap fb ------
W/APP     (  749): [01;31m[Kxzl[m[K: ===> ev hits user code: <96855>  {96853} since event: 2 ms
D/InputDispatcher(  190): <96856.23> ########### [01;31m[Kxzl[m[K finishDispatchCycle: 2.59ms since event, 1.50ms since dispatch
D/SurfaceFlinger(  117): <96860.93>  ----- [01;31m[Kxzl[m[K SurfaceFlinger::composeSurfaces() swap fb done  ------
W/GLSurfaceView(  749): <96861>  --- [01;31m[Kxzl[m[K --- AFTER GLSurfaceView swap frame
W/GLSurfaceView(  749): <96861>  --- [01;31m[Kxzl[m[K --- BEFORE GLSurfaceView DrawFrame
W/APP     (  749): [01;31m[Kxzl[m[K: ===> entering onDrawFrame: <96861> 
W/APP     (  749): [01;31m[Kxzl[m[K: ===> done onDrawFrame: <96861> 
W/GLSurfaceView(  749): <96862>  --- [01;31m[Kxzl[m[K --- AFTER GLSurfaceView DrawFrame
W/GLSurfaceView(  749): <96862>  --- [01;31m[Kxzl[m[K --- BEFORE GLSurfaceView swap frame
D/SurfaceTextureClient(  749): <96862.91> [01;31m[Kxzl[m[K SurfaceTextureClient::queueBuffer
D/SurfaceFlinger(  117): <96863.12>  --- [01;31m[Kxzl[m[K Layer::onFrameQueued
W/APP     (  749): [01;31m[Kxzl[m[K: ===> ev hits user code: <96864>  {96863} since event: 1 ms
D/InputDispatcher(  190): <96865.27> ########### [01;31m[Kxzl[m[K finishDispatchCycle: 2.01ms since event, 1.04ms since dispatch
D/SurfaceFlinger(  117): <96871.34>  ----- [01;31m[Kxzl[m[K SurfaceFlinger::composeSurfaces compose done, prepare to swap fb ------
W/APP     (  749): [01;31m[Kxzl[m[K: ===> ev hits user code: <96874>  {96873} since event: 1 ms
D/InputDispatcher(  190): <96875.15> ########### [01;31m[Kxzl[m[K finishDispatchCycle: 2.11ms since event, 1.07ms since dispatch
D/SurfaceFlinger(  117): <96877.08>  ----- [01;31m[Kxzl[m[K SurfaceFlinger::composeSurfaces() swap fb done  ------
W/GLSurfaceView(  749): <96877>  --- [01;31m[Kxzl[m[K --- AFTER GLSurfaceView swap frame
W/GLSurfaceView(  749): <96877>  --- [01;31m[Kxzl[m[K --- BEFORE GLSurfaceView DrawFrame
W/APP     (  749): [01;31m[Kxzl[m[K: ===> entering onDrawFrame: <96877> 
W/APP     (  749): [01;31m[Kxzl[m[K: ===> done onDrawFrame: <96877> 
W/GLSurfaceView(  749): <96878>  --- [01;31m[Kxzl[m[K --- AFTER GLSurfaceView DrawFrame
W/GLSurfaceView(  749): <96878>  --- [01;31m[Kxzl[m[K --- BEFORE GLSurfaceView swap frame
D/SurfaceTextureClient(  749): <96878.84> [01;31m[Kxzl[m[K SurfaceTextureClient::queueBuffer
D/SurfaceFlinger(  117): <96879.06>  --- [01;31m[Kxzl[m[K Layer::onFrameQueued
W/APP     (  749): [01;31m[Kxzl[m[K: ===> ev hits user code: <96884>  {96882} since event: 2 ms
D/InputDispatcher(  190): <96884.27> ########### [01;31m[Kxzl[m[K finishDispatchCycle: 1.65ms since event, 0.49ms since dispatch
D/SurfaceFlinger(  117): <96887.42>  ----- [01;31m[Kxzl[m[K SurfaceFlinger::composeSurfaces compose done, prepare to swap fb ------
W/APP     (  749): [01;31m[Kxzl[m[K: ===> ev hits user code: <96893>  {96892} since event: 1 ms
D/InputDispatcher(  190): <96893.19> ########### [01;31m[Kxzl[m[K finishDispatchCycle: 1.13ms since event, 0.46ms since dispatch
D/SurfaceFlinger(  117): <96893.98>  ----- [01;31m[Kxzl[m[K SurfaceFlinger::composeSurfaces() swap fb done  ------
W/GLSurfaceView(  749): <96894>  --- [01;31m[Kxzl[m[K --- AFTER GLSurfaceView swap frame
W/GLSurfaceView(  749): <96894>  --- [01;31m[Kxzl[m[K --- BEFORE GLSurfaceView DrawFrame
W/APP     (  749): [01;31m[Kxzl[m[K: ===> entering onDrawFrame: <96894> 
W/APP     (  749): [01;31m[Kxzl[m[K: ===> done onDrawFrame: <96894> 
W/GLSurfaceView(  749): <96894>  --- [01;31m[Kxzl[m[K --- AFTER GLSurfaceView DrawFrame
W/GLSurfaceView(  749): <96894>  --- [01;31m[Kxzl[m[K --- BEFORE GLSurfaceView swap frame
D/SurfaceTextureClient(  749): <96894.89> [01;31m[Kxzl[m[K SurfaceTextureClient::queueBuffer
D/SurfaceFlinger(  117): <96895.02>  --- [01;31m[Kxzl[m[K Layer::onFrameQueued
W/APP     (  749): [01;31m[Kxzl[m[K: ===> ev hits user code: <96902>  {96901} since event: 1 ms
D/InputDispatcher(  190): <96903.05> ########### [01;31m[Kxzl[m[K finishDispatchCycle: 1.22ms since event, 0.52ms since dispatch
