D/SurfaceFlinger(  117): <98753.76>  ----- [01;31m[Kxzl[m[K SurfaceFlinger::composeSurfaces compose done, prepare to swap fb ------
W/APP     (  749): [01;31m[Kxzl[m[K: ===> ev hits user code: <98753>  {98752} since event: 1 ms
D/InputDispatcher(  190): <98753.88> ########### [01;31m[Kxzl[m[K finishDispatchCycle: 1.01ms since event, 0.40ms since dispatch
D/SurfaceFlinger(  117): <98759.06>  ----- [01;31m[Kxzl[m[K SurfaceFlinger::composeSurfaces() swap fb done  ------
W/GLSurfaceView(  749): <98759>  --- [01;31m[Kxzl[m[K --- AFTER GLSurfaceView swap frame
W/GLSurfaceView(  749): <98759>  --- [01;31m[Kxzl[m[K --- BEFORE GLSurfaceView DrawFrame
W/APP     (  749): [01;31m[Kxzl[m[K: ===> entering onDrawFrame: <98759> 
W/APP     (  749): [01;31m[Kxzl[m[K: ===> done onDrawFrame: <98759> 
W/GLSurfaceView(  749): <98760>  --- [01;31m[Kxzl[m[K --- AFTER GLSurfaceView DrawFrame
W/GLSurfaceView(  749): <98760>  --- [01;31m[Kxzl[m[K --- BEFORE GLSurfaceView swap frame
D/SurfaceTextureClient(  749): <98760.96> [01;31m[Kxzl[m[K SurfaceTextureClient::queueBuffer
D/SurfaceFlinger(  117): <98761.05>  --- [01;31m[Kxzl[m[K Layer::onFrameQueued
W/APP     (  749): [01;31m[Kxzl[m[K: ===> ev hits user code: <98763>  {98762} since event: 1 ms
D/InputDispatcher(  190): <98763.65> ########### [01;31m[Kxzl[m[K finishDispatchCycle: 1.04ms since event, 0.43ms since dispatch
D/SurfaceFlinger(  117): <98769.26>  ----- [01;31m[Kxzl[m[K SurfaceFlinger::composeSurfaces compose done, prepare to swap fb ------
W/APP     (  749): [01;31m[Kxzl[m[K: ===> ev hits user code: <98773>  {98772} since event: 1 ms
D/InputDispatcher(  190): <98773.25> ########### [01;31m[Kxzl[m[K finishDispatchCycle: 0.92ms since event, 0.34ms since dispatch
D/SurfaceFlinger(  117): <98776.03>  ----- [01;31m[Kxzl[m[K SurfaceFlinger::composeSurfaces() swap fb done  ------
W/GLSurfaceView(  749): <98776>  --- [01;31m[Kxzl[m[K --- AFTER GLSurfaceView swap frame
W/GLSurfaceView(  749): <98776>  --- [01;31m[Kxzl[m[K --- BEFORE GLSurfaceView DrawFrame
W/APP     (  749): [01;31m[Kxzl[m[K: ===> entering onDrawFrame: <98776> 
W/APP     (  749): [01;31m[Kxzl[m[K: ===> done onDrawFrame: <98776> 
W/GLSurfaceView(  749): <98776>  --- [01;31m[Kxzl[m[K --- AFTER GLSurfaceView DrawFrame
W/GLSurfaceView(  749): <98776>  --- [01;31m[Kxzl[m[K --- BEFORE GLSurfaceView swap frame
D/SurfaceTextureClient(  749): <98777.09> [01;31m[Kxzl[m[K SurfaceTextureClient::queueBuffer
D/SurfaceFlinger(  117): <98777.22>  --- [01;31m[Kxzl[m[K Layer::onFrameQueued
W/APP     (  749): [01;31m[Kxzl[m[K: ===> ev hits user code: <98783>  {98782} since event: 1 ms
D/InputDispatcher(  190): <98783.30> ########### [01;31m[Kxzl[m[K finishDispatchCycle: 1.16ms since event, 0.46ms since dispatch
D/SurfaceFlinger(  117): <98786.29>  ----- [01;31m[Kxzl[m[K SurfaceFlinger::composeSurfaces compose done, prepare to swap fb ------
W/APP     (  749): [01;31m[Kxzl[m[K: ===> ev hits user code: <98791>  {98791} since event: 0 ms
D/InputDispatcher(  190): <98792.09> ########### [01;31m[Kxzl[m[K finishDispatchCycle: 1.04ms since event, 0.46ms since dispatch
D/SurfaceFlinger(  117): <98792.94>  ----- [01;31m[Kxzl[m[K SurfaceFlinger::composeSurfaces() swap fb done  ------
W/GLSurfaceView(  749): <98793>  --- [01;31m[Kxzl[m[K --- AFTER GLSurfaceView swap frame
W/GLSurfaceView(  749): <98793>  --- [01;31m[Kxzl[m[K --- BEFORE GLSurfaceView DrawFrame
W/APP     (  749): [01;31m[Kxzl[m[K: ===> entering onDrawFrame: <98793> 
W/APP     (  749): [01;31m[Kxzl[m[K: ===> done onDrawFrame: <98793> 
W/GLSurfaceView(  749): <98793>  --- [01;31m[Kxzl[m[K --- AFTER GLSurfaceView DrawFrame
W/GLSurfaceView(  749): <98793>  --- [01;31m[Kxzl[m[K --- BEFORE GLSurfaceView swap frame
D/SurfaceTextureClient(  749): <98793.95> [01;31m[Kxzl[m[K SurfaceTextureClient::queueBuffer
D/SurfaceFlinger(  117): <98794.04>  --- [01;31m[Kxzl[m[K Layer::onFrameQueued
D/SurfaceFlinger(  117): <98803.13>  ----- [01;31m[Kxzl[m[K SurfaceFlinger::composeSurfaces compose done, prepare to swap fb ------
D/SurfaceFlinger(  117): <98809.91>  ----- [01;31m[Kxzl[m[K SurfaceFlinger::composeSurfaces() swap fb done  ------
W/GLSurfaceView(  749): <98810>  --- [01;31m[Kxzl[m[K --- AFTER GLSurfaceView swap frame
D/SurfaceFlinger(  117): <98820.09>  ----- [01;31m[Kxzl[m[K SurfaceFlinger::composeSurfaces compose done, prepare to swap fb ------
D/SurfaceFlinger(  117): <98826.91>  ----- [01;31m[Kxzl[m[K SurfaceFlinger::composeSurfaces() swap fb done  ------
I/SurfaceFlinger(  117): ------- [01;31m[Kxzl[m[K SurfaceFlinger::repaintEverything()
D/SurfaceFlinger(  117): <99082.34>  ----- [01;31m[Kxzl[m[K SurfaceFlinger::composeSurfaces compose done, prepare to swap fb ------
D/SurfaceFlinger(  117): <99082.70>  ----- [01;31m[Kxzl[m[K SurfaceFlinger::composeSurfaces() swap fb done  ------
