W/GLSurfaceView(  749): <97521>  --- [01;31m[Kxzl[m[K --- BEFORE GLSurfaceView DrawFrame
W/APP     (  749): [01;31m[Kxzl[m[K: ===> entering onDrawFrame: <97522> 
W/APP     (  749): [01;31m[Kxzl[m[K: ===> done onDrawFrame: <97522> 
W/GLSurfaceView(  749): <97522>  --- [01;31m[Kxzl[m[K --- AFTER GLSurfaceView DrawFrame
W/GLSurfaceView(  749): <97522>  --- [01;31m[Kxzl[m[K --- BEFORE GLSurfaceView swap frame
D/SurfaceTextureClient(  749): <97523.20> [01;31m[Kxzl[m[K SurfaceTextureClient::queueBuffer
D/SurfaceFlinger(  117): <97523.38>  --- [01;31m[Kxzl[m[K Layer::onFrameQueued
W/APP     (  749): [01;31m[Kxzl[m[K: ===> ev hits user code: <97527>  {97525} since event: 2 ms
D/InputDispatcher(  190): <97528.29> ########### [01;31m[Kxzl[m[K finishDispatchCycle: 2.53ms since event, 1.53ms since dispatch
D/SurfaceFlinger(  117): <97531.74>  ----- [01;31m[Kxzl[m[K SurfaceFlinger::composeSurfaces compose done, prepare to swap fb ------
W/APP     (  749): [01;31m[Kxzl[m[K: ===> ev hits user code: <97537>  {97535} since event: 2 ms
D/InputDispatcher(  190): <97538.05> ########### [01;31m[Kxzl[m[K finishDispatchCycle: 2.53ms since event, 1.56ms since dispatch
D/SurfaceFlinger(  117): <97538.33>  ----- [01;31m[Kxzl[m[K SurfaceFlinger::composeSurfaces() swap fb done  ------
W/GLSurfaceView(  749): <97538>  --- [01;31m[Kxzl[m[K --- AFTER GLSurfaceView swap frame
W/GLSurfaceView(  749): <97538>  --- [01;31m[Kxzl[m[K --- BEFORE GLSurfaceView DrawFrame
W/APP     (  749): [01;31m[Kxzl[m[K: ===> entering onDrawFrame: <97538> 
W/APP     (  749): [01;31m[Kxzl[m[K: ===> done onDrawFrame: <97538> 
W/GLSurfaceView(  749): <97540>  --- [01;31m[Kxzl[m[K --- AFTER GLSurfaceView DrawFrame
W/GLSurfaceView(  749): <97540>  --- [01;31m[Kxzl[m[K --- BEFORE GLSurfaceView swap frame
D/SurfaceTextureClient(  749): <97540.38> [01;31m[Kxzl[m[K SurfaceTextureClient::queueBuffer
D/SurfaceFlinger(  117): <97540.50>  --- [01;31m[Kxzl[m[K Layer::onFrameQueued
W/APP     (  749): [01;31m[Kxzl[m[K: ===> ev hits user code: <97545>  {97544} since event: 1 ms
D/InputDispatcher(  190): <97546.09> ########### [01;31m[Kxzl[m[K finishDispatchCycle: 1.16ms since event, 0.49ms since dispatch
D/SurfaceFlinger(  117): <97548.67>  ----- [01;31m[Kxzl[m[K SurfaceFlinger::composeSurfaces compose done, prepare to swap fb ------
D/SurfaceFlinger(  117): <97555.23>  ----- [01;31m[Kxzl[m[K SurfaceFlinger::composeSurfaces() swap fb done  ------
W/GLSurfaceView(  749): <97555>  --- [01;31m[Kxzl[m[K --- AFTER GLSurfaceView swap frame
W/GLSurfaceView(  749): <97555>  --- [01;31m[Kxzl[m[K --- BEFORE GLSurfaceView DrawFrame
W/APP     (  749): [01;31m[Kxzl[m[K: ===> entering onDrawFrame: <97555> 
W/APP     (  749): [01;31m[Kxzl[m[K: ===> done onDrawFrame: <97555> 
W/GLSurfaceView(  749): <97555>  --- [01;31m[Kxzl[m[K --- AFTER GLSurfaceView DrawFrame
W/APP     (  749): [01;31m[Kxzl[m[K: ===> ev hits user code: <97555>  {97554} since event: 1 ms
W/GLSurfaceView(  749): <97556>  --- [01;31m[Kxzl[m[K --- BEFORE GLSurfaceView swap frame
D/InputDispatcher(  190): <97556.12> ########### [01;31m[Kxzl[m[K finishDispatchCycle: 1.43ms since event, 0.52ms since dispatch
D/SurfaceTextureClient(  749): <97556.34> [01;31m[Kxzl[m[K SurfaceTextureClient::queueBuffer
D/SurfaceFlinger(  117): <97556.43>  --- [01;31m[Kxzl[m[K Layer::onFrameQueued
D/SurfaceFlinger(  117): <97565.49>  ----- [01;31m[Kxzl[m[K SurfaceFlinger::composeSurfaces compose done, prepare to swap fb ------
W/APP     (  749): [01;31m[Kxzl[m[K: ===> ev hits user code: <97565>  {97564} since event: 1 ms
D/InputDispatcher(  190): <97566.01> ########### [01;31m[Kxzl[m[K finishDispatchCycle: 1.56ms since event, 0.85ms since dispatch
D/SurfaceFlinger(  117): <97572.51>  ----- [01;31m[Kxzl[m[K SurfaceFlinger::composeSurfaces() swap fb done  ------
W/GLSurfaceView(  749): <97572>  --- [01;31m[Kxzl[m[K --- AFTER GLSurfaceView swap frame
W/GLSurfaceView(  749): <97573>  --- [01;31m[Kxzl[m[K --- BEFORE GLSurfaceView DrawFrame
W/APP     (  749): [01;31m[Kxzl[m[K: ===> entering onDrawFrame: <97573> 
W/APP     (  749): [01;31m[Kxzl[m[K: ===> done onDrawFrame: <97573> 
W/GLSurfaceView(  749): <97573>  --- [01;31m[Kxzl[m[K --- AFTER GLSurfaceView DrawFrame
W/GLSurfaceView(  749): <97573>  --- [01;31m[Kxzl[m[K --- BEFORE GLSurfaceView swap frame
D/SurfaceTextureClient(  749): <97574.41> [01;31m[Kxzl[m[K SurfaceTextureClient::queueBuffer
D/SurfaceFlinger(  117): <97575.01>  --- [01;31m[Kxzl[m[K Layer::onFrameQueued
W/APP     (  749): [01;31m[Kxzl[m[K: ===> ev hits user code: <97577>  {97574} since event: 3 ms
D/InputDispatcher(  190): <97577.39> ########### [01;31m[Kxzl[m[K finishDispatchCycle: 2.50ms since event, 1.07ms since dispatch
D/SurfaceFlinger(  117): <97582.91>  ----- [01;31m[Kxzl[m[K SurfaceFlinger::composeSurfaces compose done, prepare to swap fb ------
W/APP     (  749): [01;31m[Kxzl[m[K: ===> ev hits user code: <97586>  {97584} since event: 2 ms
D/InputDispatcher(  190): <97586.45> ########### [01;31m[Kxzl[m[K finishDispatchCycle: 2.17ms since event, 1.13ms since dispatch
D/SurfaceFlinger(  117): <97589.20>  ----- [01;31m[Kxzl[m[K SurfaceFlinger::composeSurfaces() swap fb done  ------
W/GLSurfaceView(  749): <97589>  --- [01;31m[Kxzl[m[K --- AFTER GLSurfaceView swap frame
W/GLSurfaceView(  749): <97589>  --- [01;31m[Kxzl[m[K --- BEFORE GLSurfaceView DrawFrame
W/APP     (  749): [01;31m[Kxzl[m[K: ===> entering onDrawFrame: <97589> 
W/APP     (  749): [01;31m[Kxzl[m[K: ===> done onDrawFrame: <97589> 
W/GLSurfaceView(  749): <97590>  --- [01;31m[Kxzl[m[K --- AFTER GLSurfaceView DrawFrame
W/GLSurfaceView(  749): <97590>  --- [01;31m[Kxzl[m[K --- BEFORE GLSurfaceView swap frame
D/SurfaceTextureClient(  749): <97591.00> [01;31m[Kxzl[m[K SurfaceTextureClient::queueBuffer
D/SurfaceFlinger(  117): <97591.21>  --- [01;31m[Kxzl[m[K Layer::onFrameQueued
W/APP     (  749): [01;31m[Kxzl[m[K: ===> ev hits user code: <97595>  {97594} since event: 1 ms
D/InputDispatcher(  190): <97596.16> ########### [01;31m[Kxzl[m[K finishDispatchCycle: 2.04ms since event, 1.01ms since dispatch
D/SurfaceFlinger(  117): <97599.58>  ----- [01;31m[Kxzl[m[K SurfaceFlinger::composeSurfaces compose done, prepare to swap fb ------
W/APP     (  749): [01;31m[Kxzl[m[K: ===> ev hits user code: <97605>  {97603} since event: 2 ms
D/InputDispatcher(  190): <97606.02> ########### [01;31m[Kxzl[m[K finishDispatchCycle: 2.14ms since event, 1.16ms since dispatch
D/SurfaceFlinger(  117): <97606.23>  ----- [01;31m[Kxzl[m[K SurfaceFlinger::composeSurfaces() swap fb done  ------
W/GLSurfaceView(  749): <97606>  --- [01;31m[Kxzl[m[K --- AFTER GLSurfaceView swap frame
W/GLSurfaceView(  749): <97606>  --- [01;31m[Kxzl[m[K --- BEFORE GLSurfaceView DrawFrame
W/APP     (  749): [01;31m[Kxzl[m[K: ===> entering onDrawFrame: <97606> 
W/APP     (  749): [01;31m[Kxzl[m[K: ===> done onDrawFrame: <97606> 
W/GLSurfaceView(  749): <97607>  --- [01;31m[Kxzl[m[K --- AFTER GLSurfaceView DrawFrame
W/GLSurfaceView(  749): <97607>  --- [01;31m[Kxzl[m[K --- BEFORE GLSurfaceView swap frame
D/SurfaceTextureClient(  749): <97607.98> [01;31m[Kxzl[m[K SurfaceTextureClient::queueBuffer
D/SurfaceFlinger(  117): <97608.19>  --- [01;31m[Kxzl[m[K Layer::onFrameQueued
W/APP     (  749): [01;31m[Kxzl[m[K: ===> ev hits user code: <97615>  {97613} since event: 2 ms
D/InputDispatcher(  190): <97615.45> ########### [01;31m[Kxzl[m[K finishDispatchCycle: 2.02ms since event, 1.01ms since dispatch
D/SurfaceFlinger(  117): <97616.61>  ----- [01;31m[Kxzl[m[K SurfaceFlinger::composeSurfaces compose done, prepare to swap fb ------
D/SurfaceFlinger(  117): <97623.05>  ----- [01;31m[Kxzl[m[K SurfaceFlinger::composeSurfaces() swap fb done  ------
W/GLSurfaceView(  749): <97623>  --- [01;31m[Kxzl[m[K --- AFTER GLSurfaceView swap frame
W/GLSurfaceView(  749): <97623>  --- [01;31m[Kxzl[m[K --- BEFORE GLSurfaceView DrawFrame
W/APP     (  749): [01;31m[Kxzl[m[K: ===> entering onDrawFrame: <97623> 
W/APP     (  749): [01;31m[Kxzl[m[K: ===> done onDrawFrame: <97623> 
W/GLSurfaceView(  749): <97624>  --- [01;31m[Kxzl[m[K --- AFTER GLSurfaceView DrawFrame
W/GLSurfaceView(  749): <97624>  --- [01;31m[Kxzl[m[K --- BEFORE GLSurfaceView swap frame
W/APP     (  749): [01;31m[Kxzl[m[K: ===> ev hits user code: <97623>  {97622} since event: 1 ms
D/InputDispatcher(  190): <97624.64> ########### [01;31m[Kxzl[m[K finishDispatchCycle: 1.80ms since event, 1.10ms since dispatch
D/SurfaceTextureClient(  749): <97624.78> [01;31m[Kxzl[m[K SurfaceTextureClient::queueBuffer
D/SurfaceFlinger(  117): <97624.88>  --- [01;31m[Kxzl[m[K Layer::onFrameQueued
D/SurfaceFlinger(  117): <97633.48>  ----- [01;31m[Kxzl[m[K SurfaceFlinger::composeSurfaces compose done, prepare to swap fb ------
W/APP     (  749): [01;31m[Kxzl[m[K: ===> ev hits user code: <97633>  {97632} since event: 1 ms
D/InputDispatcher(  190): <97634.12> ########### [01;31m[Kxzl[m[K finishDispatchCycle: 1.50ms since event, 0.70ms since dispatch
D/SurfaceFlinger(  117): <97640.38>  ----- [01;31m[Kxzl[m[K SurfaceFlinger::composeSurfaces() swap fb done  ------
W/GLSurfaceView(  749): <97640>  --- [01;31m[Kxzl[m[K --- AFTER GLSurfaceView swap frame
W/GLSurfaceView(  749): <97640>  --- [01;31m[Kxzl[m[K --- BEFORE GLSurfaceView DrawFrame
W/APP     (  749): [01;31m[Kxzl[m[K: ===> entering onDrawFrame: <97640> 
W/APP     (  749): [01;31m[Kxzl[m[K: ===> done onDrawFrame: <97640> 
W/GLSurfaceView(  749): <97641>  --- [01;31m[Kxzl[m[K --- AFTER GLSurfaceView DrawFrame
W/GLSurfaceView(  749): <97641>  --- [01;31m[Kxzl[m[K --- BEFORE GLSurfaceView swap frame
D/SurfaceTextureClient(  749): <97642.61> [01;31m[Kxzl[m[K SurfaceTextureClient::queueBuffer
D/SurfaceFlinger(  117): <97642.70>  --- [01;31m[Kxzl[m[K Layer::onFrameQueued
W/APP     (  749): [01;31m[Kxzl[m[K: ===> ev hits user code: <97643>  {97642} since event: 1 ms
D/InputDispatcher(  190): <97643.67> ########### [01;31m[Kxzl[m[K finishDispatchCycle: 1.22ms since event, 0.55ms since dispatch
D/SurfaceFlinger(  117): <97651.03>  ----- [01;31m[Kxzl[m[K SurfaceFlinger::composeSurfaces compose done, prepare to swap fb ------
W/APP     (  749): [01;31m[Kxzl[m[K: ===> ev hits user code: <97655>  {97653} since event: 2 ms
D/InputDispatcher(  190): <97655.55> ########### [01;31m[Kxzl[m[K finishDispatchCycle: 1.89ms since event, 0.92ms since dispatch
D/SurfaceFlinger(  117): <97657.02>  ----- [01;31m[Kxzl[m[K SurfaceFlinger::composeSurfaces() swap fb done  ------
W/GLSurfaceView(  749): <97657>  --- [01;31m[Kxzl[m[K --- AFTER GLSurfaceView swap frame
W/GLSurfaceView(  749): <97657>  --- [01;31m[Kxzl[m[K --- BEFORE GLSurfaceView DrawFrame
W/APP     (  749): [01;31m[Kxzl[m[K: ===> entering onDrawFrame: <97657> 
W/APP     (  749): [01;31m[Kxzl[m[K: ===> done onDrawFrame: <97657> 
W/GLSurfaceView(  749): <97658>  --- [01;31m[Kxzl[m[K --- AFTER GLSurfaceView DrawFrame
W/GLSurfaceView(  749): <97658>  --- [01;31m[Kxzl[m[K --- BEFORE GLSurfaceView swap frame
D/SurfaceTextureClient(  749): <97658.81> [01;31m[Kxzl[m[K SurfaceTextureClient::queueBuffer
D/SurfaceFlinger(  117): <97662.20>  --- [01;31m[Kxzl[m[K Layer::onFrameQueued
W/APP     (  749): [01;31m[Kxzl[m[K: ===> ev hits user code: <97666>  {97662} since event: 4 ms
D/InputDispatcher(  190): <97667.23> ########### [01;31m[Kxzl[m[K finishDispatchCycle: 5.19ms since event, 3.33ms since dispatch
D/SurfaceFlinger(  117): <97667.39>  ----- [01;31m[Kxzl[m[K SurfaceFlinger::composeSurfaces compose done, prepare to swap fb ------
W/APP     (  749): [01;31m[Kxzl[m[K: ===> ev hits user code: <97672>  {97671} since event: 1 ms
D/InputDispatcher(  190): <97672.85> ########### [01;31m[Kxzl[m[K finishDispatchCycle: 1.28ms since event, 0.58ms since dispatch
D/SurfaceFlinger(  117): <97674.08>  ----- [01;31m[Kxzl[m[K SurfaceFlinger::composeSurfaces() swap fb done  ------
W/GLSurfaceView(  749): <97674>  --- [01;31m[Kxzl[m[K --- AFTER GLSurfaceView swap frame
W/GLSurfaceView(  749): <97674>  --- [01;31m[Kxzl[m[K --- BEFORE GLSurfaceView DrawFrame
W/APP     (  749): [01;31m[Kxzl[m[K: ===> entering onDrawFrame: <97674> 
W/APP     (  749): [01;31m[Kxzl[m[K: ===> done onDrawFrame: <97674> 
W/GLSurfaceView(  749): <97675>  --- [01;31m[Kxzl[m[K --- AFTER GLSurfaceView DrawFrame
W/GLSurfaceView(  749): <97675>  --- [01;31m[Kxzl[m[K --- BEFORE GLSurfaceView swap frame
D/SurfaceTextureClient(  749): <97675.32> [01;31m[Kxzl[m[K SurfaceTextureClient::queueBuffer
D/SurfaceFlinger(  117): <97675.45>  --- [01;31m[Kxzl[m[K Layer::onFrameQueued
W/APP     (  749): [01;31m[Kxzl[m[K: ===> ev hits user code: <97682>  {97681} since event: 1 ms
D/InputDispatcher(  190): <97682.46> ########### [01;31m[Kxzl[m[K finishDispatchCycle: 1.16ms since event, 0.49ms since dispatch
D/SurfaceFlinger(  117): <97684.36>  ----- [01;31m[Kxzl[m[K SurfaceFlinger::composeSurfaces compose done, prepare to swap fb ------
D/SurfaceFlinger(  117): <97691.10>  ----- [01;31m[Kxzl[m[K SurfaceFlinger::composeSurfaces() swap fb done  ------
W/GLSurfaceView(  749): <97691>  --- [01;31m[Kxzl[m[K --- AFTER GLSurfaceView swap frame
W/GLSurfaceView(  749): <97696>  --- [01;31m[Kxzl[m[K --- BEFORE GLSurfaceView DrawFrame
W/APP     (  749): [01;31m[Kxzl[m[K: ===> entering onDrawFrame: <97696> 
W/APP     (  749): [01;31m[Kxzl[m[K: ===> done onDrawFrame: <97696> 
W/GLSurfaceView(  749): <97696>  --- [01;31m[Kxzl[m[K --- AFTER GLSurfaceView DrawFrame
W/GLSurfaceView(  749): <97696>  --- [01;31m[Kxzl[m[K --- BEFORE GLSurfaceView swap frame
W/APP     (  749): [01;31m[Kxzl[m[K: ===> ev hits user code: <97692>  {97690} since event: 2 ms
D/InputDispatcher(  190): <97696.56> ########### [01;31m[Kxzl[m[K finishDispatchCycle: 5.58ms since event, 4.85ms since dispatch
D/SurfaceTextureClient(  749): <97696.84> [01;31m[Kxzl[m[K SurfaceTextureClient::queueBuffer
D/SurfaceFlinger(  117): <97696.93>  --- [01;31m[Kxzl[m[K Layer::onFrameQueued
D/SurfaceFlinger(  117): <97701.41>  ----- [01;31m[Kxzl[m[K SurfaceFlinger::composeSurfaces compose done, prepare to swap fb ------
W/APP     (  749): [01;31m[Kxzl[m[K: ===> ev hits user code: <97701>  {97700} since event: 1 ms
D/InputDispatcher(  190): <97701.75> ########### [01;31m[Kxzl[m[K finishDispatchCycle: 0.98ms since event, 0.40ms since dispatch
D/SurfaceFlinger(  117): <97708.55>  ----- [01;31m[Kxzl[m[K SurfaceFlinger::composeSurfaces() swap fb done  ------
W/GLSurfaceView(  749): <97708>  --- [01;31m[Kxzl[m[K --- AFTER GLSurfaceView swap frame
W/GLSurfaceView(  749): <97708>  --- [01;31m[Kxzl[m[K --- BEFORE GLSurfaceView DrawFrame
W/APP     (  749): [01;31m[Kxzl[m[K: ===> entering onDrawFrame: <97708> 
W/APP     (  749): [01;31m[Kxzl[m[K: ===> done onDrawFrame: <97708> 
W/GLSurfaceView(  749): <97709>  --- [01;31m[Kxzl[m[K --- AFTER GLSurfaceView DrawFrame
W/GLSurfaceView(  749): <97709>  --- [01;31m[Kxzl[m[K --- BEFORE GLSurfaceView swap frame
D/SurfaceTextureClient(  749): <97709.32> [01;31m[Kxzl[m[K SurfaceTextureClient::queueBuffer
D/SurfaceFlinger(  117): <97709.38>  --- [01;31m[Kxzl[m[K Layer::onFrameQueued
W/APP     (  749): [01;31m[Kxzl[m[K: ===> ev hits user code: <97711>  {97710} since event: 1 ms
D/InputDispatcher(  190): <97712.19> ########### [01;31m[Kxzl[m[K finishDispatchCycle: 1.65ms since event, 0.95ms since dispatch
D/SurfaceFlinger(  117): <97718.78>  ----- [01;31m[Kxzl[m[K SurfaceFlinger::composeSurfaces compose done, prepare to swap fb ------
W/APP     (  749): [01;31m[Kxzl[m[K: ===> ev hits user code: <97721>  {97720} since event: 1 ms
D/InputDispatcher(  190): <97721.65> ########### [01;31m[Kxzl[m[K finishDispatchCycle: 1.28ms since event, 0.64ms since dispatch
D/SurfaceFlinger(  117): <97724.79>  ----- [01;31m[Kxzl[m[K SurfaceFlinger::composeSurfaces() swap fb done  ------
W/GLSurfaceView(  749): <97725>  --- [01;31m[Kxzl[m[K --- AFTER GLSurfaceView swap frame
W/GLSurfaceView(  749): <97725>  --- [01;31m[Kxzl[m[K --- BEFORE GLSurfaceView DrawFrame
W/APP     (  749): [01;31m[Kxzl[m[K: ===> entering onDrawFrame: <97725> 
W/APP     (  749): [01;31m[Kxzl[m[K: ===> done onDrawFrame: <97725> 
W/GLSurfaceView(  749): <97725>  --- [01;31m[Kxzl[m[K --- AFTER GLSurfaceView DrawFrame
W/GLSurfaceView(  749): <97725>  --- [01;31m[Kxzl[m[K --- BEFORE GLSurfaceView swap frame
D/SurfaceTextureClient(  749): <97725.84> [01;31m[Kxzl[m[K SurfaceTextureClient::queueBuffer
D/SurfaceFlinger(  117): <97725.95>  --- [01;31m[Kxzl[m[K Layer::onFrameQueued
W/APP     (  749): [01;31m[Kxzl[m[K: ===> ev hits user code: <97731>  {97730} since event: 1 ms
D/InputDispatcher(  190): <97731.62> ########### [01;31m[Kxzl[m[K finishDispatchCycle: 1.37ms since event, 0.67ms since dispatch
D/SurfaceFlinger(  117): <97735.05>  ----- [01;31m[Kxzl[m[K SurfaceFlinger::composeSurfaces compose done, prepare to swap fb ------
W/APP     (  749): [01;31m[Kxzl[m[K: ===> ev hits user code: <97740>  {97739} since event: 1 ms
D/InputDispatcher(  190): <97741.00> ########### [01;31m[Kxzl[m[K finishDispatchCycle: 1.19ms since event, 0.52ms since dispatch
D/SurfaceFlinger(  117): <97741.76>  ----- [01;31m[Kxzl[m[K SurfaceFlinger::composeSurfaces() swap fb done  ------
W/GLSurfaceView(  749): <97741>  --- [01;31m[Kxzl[m[K --- AFTER GLSurfaceView swap frame
W/GLSurfaceView(  749): <97742>  --- [01;31m[Kxzl[m[K --- BEFORE GLSurfaceView DrawFrame
W/APP     (  749): [01;31m[Kxzl[m[K: ===> entering onDrawFrame: <97742> 
W/APP     (  749): [01;31m[Kxzl[m[K: ===> done onDrawFrame: <97742> 
W/GLSurfaceView(  749): <97742>  --- [01;31m[Kxzl[m[K --- AFTER GLSurfaceView DrawFrame
W/GLSurfaceView(  749): <97742>  --- [01;31m[Kxzl[m[K --- BEFORE GLSurfaceView swap frame
D/SurfaceTextureClient(  749): <97743.16> [01;31m[Kxzl[m[K SurfaceTextureClient::queueBuffer
D/SurfaceFlinger(  117): <97743.34>  --- [01;31m[Kxzl[m[K Layer::onFrameQueued
D/SurfaceFlinger(  117): <97751.98>  ----- [01;31m[Kxzl[m[K SurfaceFlinger::composeSurfaces compose done, prepare to swap fb ------
W/APP     (  749): [01;31m[Kxzl[m[K: ===> ev hits user code: <97754>  {97750} since event: 4 ms
D/InputDispatcher(  190): <97754.58> ########### [01;31m[Kxzl[m[K finishDispatchCycle: 4.39ms since event, 3.39ms since dispatch
D/SurfaceFlinger(  117): <97759.92>  ----- [01;31m[Kxzl[m[K SurfaceFlinger::composeSurfaces() swap fb done  ------
W/GLSurfaceView(  749): <97760>  --- [01;31m[Kxzl[m[K --- AFTER GLSurfaceView swap frame
W/GLSurfaceView(  749): <97761>  --- [01;31m[Kxzl[m[K --- BEFORE GLSurfaceView DrawFrame
W/APP     (  749): [01;31m[Kxzl[m[K: ===> entering onDrawFrame: <97761> 
W/APP     (  749): [01;31m[Kxzl[m[K: ===> ev hits user code: <97761>  {97759} since event: 2 ms
W/APP     (  749): [01;31m[Kxzl[m[K: ===> done onDrawFrame: <97761> 
D/InputDispatcher(  190): <97761.94> ########### [01;31m[Kxzl[m[K finishDispatchCycle: 2.14ms since event, 1.19ms since dispatch
W/GLSurfaceView(  749): <97761>  --- [01;31m[Kxzl[m[K --- AFTER GLSurfaceView DrawFrame
W/GLSurfaceView(  749): <97761>  --- [01;31m[Kxzl[m[K --- BEFORE GLSurfaceView swap frame
D/SurfaceTextureClient(  749): <97762.27> [01;31m[Kxzl[m[K SurfaceTextureClient::queueBuffer
D/SurfaceFlinger(  117): <97762.39>  --- [01;31m[Kxzl[m[K Layer::onFrameQueued
D/SurfaceFlinger(  117): <97770.14>  ----- [01;31m[Kxzl[m[K SurfaceFlinger::composeSurfaces compose done, prepare to swap fb ------
W/APP     (  749): [01;31m[Kxzl[m[K: ===> ev hits user code: <97770>  {97769} since event: 1 ms
D/InputDispatcher(  190): <97770.91> ########### [01;31m[Kxzl[m[K finishDispatchCycle: 1.68ms since event, 1.04ms since dispatch
D/SurfaceFlinger(  117): <97776.83>  ----- [01;31m[Kxzl[m[K SurfaceFlinger::composeSurfaces() swap fb done  ------
W/GLSurfaceView(  749): <97777>  --- [01;31m[Kxzl[m[K --- AFTER GLSurfaceView swap frame
W/GLSurfaceView(  749): <97777>  --- [01;31m[Kxzl[m[K --- BEFORE GLSurfaceView DrawFrame
W/APP     (  749): [01;31m[Kxzl[m[K: ===> entering onDrawFrame: <97777> 
W/APP     (  749): [01;31m[Kxzl[m[K: ===> done onDrawFrame: <97777> 
W/GLSurfaceView(  749): <97777>  --- [01;31m[Kxzl[m[K --- AFTER GLSurfaceView DrawFrame
W/GLSurfaceView(  749): <97777>  --- [01;31m[Kxzl[m[K --- BEFORE GLSurfaceView swap frame
D/SurfaceTextureClient(  749): <97777.86> [01;31m[Kxzl[m[K SurfaceTextureClient::queueBuffer
D/SurfaceFlinger(  117): <97778.87>  --- [01;31m[Kxzl[m[K Layer::onFrameQueued
W/APP     (  749): [01;31m[Kxzl[m[K: ===> ev hits user code: <97779>  {97778} since event: 1 ms
D/InputDispatcher(  190): <97780.24> ########### [01;31m[Kxzl[m[K finishDispatchCycle: 1.43ms since event, 0.67ms since dispatch
D/SurfaceFlinger(  117): <97788.73>  ----- [01;31m[Kxzl[m[K SurfaceFlinger::composeSurfaces compose done, prepare to swap fb ------
W/APP     (  749): [01;31m[Kxzl[m[K: ===> ev hits user code: <97791>  {97788} since event: 3 ms
D/InputDispatcher(  190): <97791.78> ########### [01;31m[Kxzl[m[K finishDispatchCycle: 3.08ms since event, 1.71ms since dispatch
D/SurfaceFlinger(  117): <97792.70>  ----- [01;31m[Kxzl[m[K SurfaceFlinger::composeSurfaces() swap fb done  ------
W/GLSurfaceView(  749): <97793>  --- [01;31m[Kxzl[m[K --- AFTER GLSurfaceView swap frame
W/GLSurfaceView(  749): <97793>  --- [01;31m[Kxzl[m[K --- BEFORE GLSurfaceView DrawFrame
W/APP     (  749): [01;31m[Kxzl[m[K: ===> entering onDrawFrame: <97793> 
W/APP     (  749): [01;31m[Kxzl[m[K: ===> done onDrawFrame: <97793> 
W/GLSurfaceView(  749): <97794>  --- [01;31m[Kxzl[m[K --- AFTER GLSurfaceView DrawFrame
W/GLSurfaceView(  749): <97794>  --- [01;31m[Kxzl[m[K --- BEFORE GLSurfaceView swap frame
D/SurfaceTextureClient(  749): <97794.80> [01;31m[Kxzl[m[K SurfaceTextureClient::queueBuffer
D/SurfaceFlinger(  117): <97795.02>  --- [01;31m[Kxzl[m[K Layer::onFrameQueued
W/APP     (  749): [01;31m[Kxzl[m[K: ===> ev hits user code: <97800>  {97798} since event: 2 ms
D/InputDispatcher(  190): <97800.78> ########### [01;31m[Kxzl[m[K finishDispatchCycle: 2.05ms since event, 1.04ms since dispatch
D/SurfaceFlinger(  117): <97803.10>  ----- [01;31m[Kxzl[m[K SurfaceFlinger::composeSurfaces compose done, prepare to swap fb ------
D/SurfaceFlinger(  117): <97809.75>  ----- [01;31m[Kxzl[m[K SurfaceFlinger::composeSurfaces() swap fb done  ------
W/GLSurfaceView(  749): <97810>  --- [01;31m[Kxzl[m[K --- AFTER GLSurfaceView swap frame
W/APP     (  749): [01;31m[Kxzl[m[K: ===> ev hits user code: <97810>  {97808} since event: 2 ms
W/GLSurfaceView(  749): <97810>  --- [01;31m[Kxzl[m[K --- BEFORE GLSurfaceView DrawFrame
W/APP     (  749): [01;31m[Kxzl[m[K: ===> entering onDrawFrame: <97810> 
D/InputDispatcher(  190): <97811.27> ########### [01;31m[Kxzl[m[K finishDispatchCycle: 2.72ms since event, 1.71ms since dispatch
W/APP     (  749): [01;31m[Kxzl[m[K: ===> done onDrawFrame: <97810> 
W/GLSurfaceView(  749): <97812>  --- [01;31m[Kxzl[m[K --- AFTER GLSurfaceView DrawFrame
W/GLSurfaceView(  749): <97812>  --- [01;31m[Kxzl[m[K --- BEFORE GLSurfaceView swap frame
D/SurfaceTextureClient(  749): <97812.74> [01;31m[Kxzl[m[K SurfaceTextureClient::queueBuffer
D/SurfaceFlinger(  117): <97812.98>  --- [01;31m[Kxzl[m[K Layer::onFrameQueued
W/APP     (  749): [01;31m[Kxzl[m[K: ===> ev hits user code: <97819>  {97818} since event: 1 ms
D/InputDispatcher(  190): <97820.13> ########### [01;31m[Kxzl[m[K finishDispatchCycle: 1.98ms since event, 0.98ms since dispatch
D/SurfaceFlinger(  117): <97820.19>  ----- [01;31m[Kxzl[m[K SurfaceFlinger::composeSurfaces compose done, prepare to swap fb ------
D/SurfaceFlinger(  117): <97827.60>  ----- [01;31m[Kxzl[m[K SurfaceFlinger::composeSurfaces() swap fb done  ------
W/GLSurfaceView(  749): <97827>  --- [01;31m[Kxzl[m[K --- AFTER GLSurfaceView swap frame
W/GLSurfaceView(  749): <97827>  --- [01;31m[Kxzl[m[K --- BEFORE GLSurfaceView DrawFrame
W/APP     (  749): [01;31m[Kxzl[m[K: ===> entering onDrawFrame: <97828> 
W/APP     (  749): [01;31m[Kxzl[m[K: ===> ev hits user code: <97828>  {97827} since event: 1 ms
D/InputDispatcher(  190): <97828.59> ########### [01;31m[Kxzl[m[K finishDispatchCycle: 1.16ms since event, 0.43ms since dispatch
W/APP     (  749): [01;31m[Kxzl[m[K: ===> done onDrawFrame: <97828> 
W/GLSurfaceView(  749): <97828>  --- [01;31m[Kxzl[m[K --- AFTER GLSurfaceView DrawFrame
W/GLSurfaceView(  749): <97828>  --- [01;31m[Kxzl[m[K --- BEFORE GLSurfaceView swap frame
D/SurfaceTextureClient(  749): <97829.01> [01;31m[Kxzl[m[K SurfaceTextureClient::queueBuffer
D/SurfaceFlinger(  117): <97829.10>  --- [01;31m[Kxzl[m[K Layer::onFrameQueued
D/SurfaceFlinger(  117): <97837.86>  ----- [01;31m[Kxzl[m[K SurfaceFlinger::composeSurfaces compose done, prepare to swap fb ------
W/APP     (  749): [01;31m[Kxzl[m[K: ===> ev hits user code: <97838>  {97837} since event: 1 ms
D/InputDispatcher(  190): <97838.28> ########### [01;31m[Kxzl[m[K finishDispatchCycle: 1.04ms since event, 0.43ms since dispatch
D/SurfaceFlinger(  117): <97844.94>  ----- [01;31m[Kxzl[m[K SurfaceFlinger::composeSurfaces() swap fb done  ------
W/GLSurfaceView(  749): <97845>  --- [01;31m[Kxzl[m[K --- AFTER GLSurfaceView swap frame
W/GLSurfaceView(  749): <97845>  --- [01;31m[Kxzl[m[K --- BEFORE GLSurfaceView DrawFrame
W/APP     (  749): [01;31m[Kxzl[m[K: ===> entering onDrawFrame: <97845> 
W/APP     (  749): [01;31m[Kxzl[m[K: ===> done onDrawFrame: <97845> 
W/GLSurfaceView(  749): <97845>  --- [01;31m[Kxzl[m[K --- AFTER GLSurfaceView DrawFrame
W/GLSurfaceView(  749): <97845>  --- [01;31m[Kxzl[m[K --- BEFORE GLSurfaceView swap frame
D/SurfaceTextureClient(  749): <97846.98> [01;31m[Kxzl[m[K SurfaceTextureClient::queueBuffer
D/SurfaceFlinger(  117): <97847.08>  --- [01;31m[Kxzl[m[K Layer::onFrameQueued
W/APP     (  749): [01;31m[Kxzl[m[K: ===> ev hits user code: <97847>  {97846} since event: 1 ms
D/InputDispatcher(  190): <97847.94> ########### [01;31m[Kxzl[m[K finishDispatchCycle: 1.04ms since event, 0.40ms since dispatch
D/SurfaceFlinger(  117): <97855.26>  ----- [01;31m[Kxzl[m[K SurfaceFlinger::composeSurfaces compose done, prepare to swap fb ------
W/APP     (  749): [01;31m[Kxzl[m[K: ===> ev hits user code: <97858>  {97857} since event: 1 ms
D/InputDispatcher(  190): <97859.13> ########### [01;31m[Kxzl[m[K finishDispatchCycle: 2.01ms since event, 0.98ms since dispatch
D/SurfaceFlinger(  117): <97860.50>  ----- [01;31m[Kxzl[m[K SurfaceFlinger::composeSurfaces() swap fb done  ------
W/GLSurfaceView(  749): <97860>  --- [01;31m[Kxzl[m[K --- AFTER GLSurfaceView swap frame
W/GLSurfaceView(  749): <97860>  --- [01;31m[Kxzl[m[K --- BEFORE GLSurfaceView DrawFrame
W/APP     (  749): [01;31m[Kxzl[m[K: ===> entering onDrawFrame: <97861> 
W/APP     (  749): [01;31m[Kxzl[m[K: ===> done onDrawFrame: <97861> 
W/GLSurfaceView(  749): <97861>  --- [01;31m[Kxzl[m[K --- AFTER GLSurfaceView DrawFrame
W/GLSurfaceView(  749): <97862>  --- [01;31m[Kxzl[m[K --- BEFORE GLSurfaceView swap frame
D/SurfaceTextureClient(  749): <97862.52> [01;31m[Kxzl[m[K SurfaceTextureClient::queueBuffer
D/SurfaceFlinger(  117): <97862.73>  --- [01;31m[Kxzl[m[K Layer::onFrameQueued
W/APP     (  749): [01;31m[Kxzl[m[K: ===> ev hits user code: <97868>  {97866} since event: 2 ms
D/InputDispatcher(  190): <97868.53> ########### [01;31m[Kxzl[m[K finishDispatchCycle: 1.77ms since event, 0.64ms since dispatch
D/SurfaceFlinger(  117): <97870.88>  ----- [01;31m[Kxzl[m[K SurfaceFlinger::composeSurfaces compose done, prepare to swap fb ------
W/APP     (  749): [01;31m[Kxzl[m[K: ===> ev hits user code: <97877>  {97876} since event: 1 ms
D/InputDispatcher(  190): <97877.38> ########### [01;31m[Kxzl[m[K finishDispatchCycle: 1.25ms since event, 0.58ms since dispatch
D/SurfaceFlinger(  117): <97877.50>  ----- [01;31m[Kxzl[m[K SurfaceFlinger::composeSurfaces() swap fb done  ------
W/GLSurfaceView(  749): <97877>  --- [01;31m[Kxzl[m[K --- AFTER GLSurfaceView swap frame
W/GLSurfaceView(  749): <97877>  --- [01;31m[Kxzl[m[K --- BEFORE GLSurfaceView DrawFrame
W/APP     (  749): [01;31m[Kxzl[m[K: ===> entering onDrawFrame: <97877> 
W/APP     (  749): [01;31m[Kxzl[m[K: ===> done onDrawFrame: <97877> 
W/GLSurfaceView(  749): <97878>  --- [01;31m[Kxzl[m[K --- AFTER GLSurfaceView DrawFrame
W/GLSurfaceView(  749): <97878>  --- [01;31m[Kxzl[m[K --- BEFORE GLSurfaceView swap frame
D/SurfaceTextureClient(  749): <97879.12> [01;31m[Kxzl[m[K SurfaceTextureClient::queueBuffer
D/SurfaceFlinger(  117): <97879.24>  --- [01;31m[Kxzl[m[K Layer::onFrameQueued
W/APP     (  749): [01;31m[Kxzl[m[K: ===> ev hits user code: <97887>  {97885} since event: 2 ms
D/InputDispatcher(  190): <97887.33> ########### [01;31m[Kxzl[m[K finishDispatchCycle: 1.50ms since event, 0.76ms since dispatch
D/SurfaceFlinger(  117): <97887.76>  ----- [01;31m[Kxzl[m[K SurfaceFlinger::composeSurfaces compose done, prepare to swap fb ------
D/SurfaceFlinger(  117): <97895.81>  ----- [01;31m[Kxzl[m[K SurfaceFlinger::composeSurfaces() swap fb done  ------
W/GLSurfaceView(  749): <97896>  --- [01;31m[Kxzl[m[K --- AFTER GLSurfaceView swap frame
W/GLSurfaceView(  749): <97896>  --- [01;31m[Kxzl[m[K --- BEFORE GLSurfaceView DrawFrame
W/APP     (  749): [01;31m[Kxzl[m[K: ===> entering onDrawFrame: <97896> 
W/APP     (  749): [01;31m[Kxzl[m[K: ===> done onDrawFrame: <97896> 
W/GLSurfaceView(  749): <97896>  --- [01;31m[Kxzl[m[K --- AFTER GLSurfaceView DrawFrame
W/GLSurfaceView(  749): <97896>  --- [01;31m[Kxzl[m[K --- BEFORE GLSurfaceView swap frame
W/APP     (  749): [01;31m[Kxzl[m[K: ===> ev hits user code: <97896>  {97895} since event: 1 ms
D/InputDispatcher(  190): <97896.91> ########### [01;31m[Kxzl[m[K finishDispatchCycle: 1.31ms since event, 0.58ms since dispatch
D/SurfaceTextureClient(  749): <97897.27> [01;31m[Kxzl[m[K SurfaceTextureClient::queueBuffer
D/SurfaceFlinger(  117): <97897.40>  --- [01;31m[Kxzl[m[K Layer::onFrameQueued
D/SurfaceFlinger(  117): <97906.34>  ----- [01;31m[Kxzl[m[K SurfaceFlinger::composeSurfaces compose done, prepare to swap fb ------
W/APP     (  749): [01;31m[Kxzl[m[K: ===> ev hits user code: <97906>  {97905} since event: 1 ms
D/InputDispatcher(  190): <97907.02> ########### [01;31m[Kxzl[m[K finishDispatchCycle: 1.56ms since event, 0.79ms since dispatch
D/SurfaceFlinger(  117): <97911.44>  ----- [01;31m[Kxzl[m[K SurfaceFlinger::composeSurfaces() swap fb done  ------
W/GLSurfaceView(  749): <97913>  --- [01;31m[Kxzl[m[K --- AFTER GLSurfaceView swap frame
W/GLSurfaceView(  749): <97913>  --- [01;31m[Kxzl[m[K --- BEFORE GLSurfaceView DrawFrame
W/APP     (  749): [01;31m[Kxzl[m[K: ===> entering onDrawFrame: <97913> 
W/APP     (  749): [01;31m[Kxzl[m[K: ===> done onDrawFrame: <97913> 
W/GLSurfaceView(  749): <97913>  --- [01;31m[Kxzl[m[K --- AFTER GLSurfaceView DrawFrame
W/GLSurfaceView(  749): <97913>  --- [01;31m[Kxzl[m[K --- BEFORE GLSurfaceView swap frame
D/SurfaceTextureClient(  749): <97914.03> [01;31m[Kxzl[m[K SurfaceTextureClient::queueBuffer
D/SurfaceFlinger(  117): <97914.15>  --- [01;31m[Kxzl[m[K Layer::onFrameQueued
W/APP     (  749): [01;31m[Kxzl[m[K: ===> ev hits user code: <97917>  {97915} since event: 2 ms
D/InputDispatcher(  190): <97918.34> ########### [01;31m[Kxzl[m[K finishDispatchCycle: 3.27ms since event, 1.07ms since dispatch
D/SurfaceFlinger(  117): <97923.25>  ----- [01;31m[Kxzl[m[K SurfaceFlinger::composeSurfaces compose done, prepare to swap fb ------
W/APP     (  749): [01;31m[Kxzl[m[K: ===> ev hits user code: <97927>  {97925} since event: 2 ms
D/InputDispatcher(  190): <97927.73> ########### [01;31m[Kxzl[m[K finishDispatchCycle: 2.35ms since event, 1.22ms since dispatch
D/SurfaceFlinger(  117): <97928.53>  ----- [01;31m[Kxzl[m[K SurfaceFlinger::composeSurfaces() swap fb done  ------
W/GLSurfaceView(  749): <97928>  --- [01;31m[Kxzl[m[K --- AFTER GLSurfaceView swap frame
W/GLSurfaceView(  749): <97929>  --- [01;31m[Kxzl[m[K --- BEFORE GLSurfaceView DrawFrame
W/APP     (  749): [01;31m[Kxzl[m[K: ===> entering onDrawFrame: <97929> 
W/APP     (  749): [01;31m[Kxzl[m[K: ===> done onDrawFrame: <97929> 
W/GLSurfaceView(  749): <97929>  --- [01;31m[Kxzl[m[K --- AFTER GLSurfaceView DrawFrame
W/GLSurfaceView(  749): <97930>  --- [01;31m[Kxzl[m[K --- BEFORE GLSurfaceView swap frame
D/SurfaceTextureClient(  749): <97930.76> [01;31m[Kxzl[m[K SurfaceTextureClient::queueBuffer
D/SurfaceFlinger(  117): <97930.84>  --- [01;31m[Kxzl[m[K Layer::onFrameQueued
W/APP     (  749): [01;31m[Kxzl[m[K: ===> ev hits user code: <97935>  {97934} since event: 1 ms
D/InputDispatcher(  190): <97936.01> ########### [01;31m[Kxzl[m[K finishDispatchCycle: 1.34ms since event, 0.64ms since dispatch
D/SurfaceFlinger(  117): <97938.88>  ----- [01;31m[Kxzl[m[K SurfaceFlinger::composeSurfaces compose done, prepare to swap fb ------
D/SurfaceFlinger(  117): <97945.44>  ----- [01;31m[Kxzl[m[K SurfaceFlinger::composeSurfaces() swap fb done  ------
W/GLSurfaceView(  749): <97945>  --- [01;31m[Kxzl[m[K --- AFTER GLSurfaceView swap frame
W/GLSurfaceView(  749): <97945>  --- [01;31m[Kxzl[m[K --- BEFORE GLSurfaceView DrawFrame
W/APP     (  749): [01;31m[Kxzl[m[K: ===> entering onDrawFrame: <97945> 
W/APP     (  749): [01;31m[Kxzl[m[K: ===> ev hits user code: <97945>  {97944} since event: 1 ms
D/InputDispatcher(  190): <97946.02> ########### [01;31m[Kxzl[m[K finishDispatchCycle: 1.62ms since event, 0.89ms since dispatch
W/APP     (  749): [01;31m[Kxzl[m[K: ===> done onDrawFrame: <97945> 
W/GLSurfaceView(  749): <97946>  --- [01;31m[Kxzl[m[K --- AFTER GLSurfaceView DrawFrame
W/GLSurfaceView(  749): <97946>  --- [01;31m[Kxzl[m[K --- BEFORE GLSurfaceView swap frame
D/SurfaceTextureClient(  749): <97946.41> [01;31m[Kxzl[m[K SurfaceTextureClient::queueBuffer
D/SurfaceFlinger(  117): <97946.53>  --- [01;31m[Kxzl[m[K Layer::onFrameQueued
D/SurfaceFlinger(  117): <97955.66>  ----- [01;31m[Kxzl[m[K SurfaceFlinger::composeSurfaces compose done, prepare to swap fb ------
W/APP     (  749): [01;31m[Kxzl[m[K: ===> ev hits user code: <97956>  {97954} since event: 2 ms
D/InputDispatcher(  190): <97956.63> ########### [01;31m[Kxzl[m[K finishDispatchCycle: 2.38ms since event, 1.43ms since dispatch
D/SurfaceFlinger(  117): <97965.85>  ----- [01;31m[Kxzl[m[K SurfaceFlinger::composeSurfaces() swap fb done  ------
W/GLSurfaceView(  749): <97966>  --- [01;31m[Kxzl[m[K --- AFTER GLSurfaceView swap frame
W/GLSurfaceView(  749): <97966>  --- [01;31m[Kxzl[m[K --- BEFORE GLSurfaceView DrawFrame
W/APP     (  749): [01;31m[Kxzl[m[K: ===> entering onDrawFrame: <97966> 
W/APP     (  749): [01;31m[Kxzl[m[K: ===> ev hits user code: <97968>  {97965} since event: 3 ms
D/InputDispatcher(  190): <97968.69> ########### [01;31m[Kxzl[m[K finishDispatchCycle: 3.08ms since event, 1.50ms since dispatch
W/APP     (  749): [01;31m[Kxzl[m[K: ===> done onDrawFrame: <97966> 
W/GLSurfaceView(  749): <97969>  --- [01;31m[Kxzl[m[K --- AFTER GLSurfaceView DrawFrame
W/GLSurfaceView(  749): <97969>  --- [01;31m[Kxzl[m[K --- BEFORE GLSurfaceView swap frame
D/SurfaceTextureClient(  749): <97969.85> [01;31m[Kxzl[m[K SurfaceTextureClient::queueBuffer
D/SurfaceFlinger(  117): <97970.06>  --- [01;31m[Kxzl[m[K Layer::onFrameQueued
W/APP     (  749): [01;31m[Kxzl[m[K: ===> ev hits user code: <97975>  {97974} since event: 1 ms
D/InputDispatcher(  190): <97976.23> ########### [01;31m[Kxzl[m[K finishDispatchCycle: 2.14ms since event, 1.07ms since dispatch
D/SurfaceFlinger(  117): <97976.41>  ----- [01;31m[Kxzl[m[K SurfaceFlinger::composeSurfaces compose done, prepare to swap fb ------
D/SurfaceFlinger(  117): <97979.22>  ----- [01;31m[Kxzl[m[K SurfaceFlinger::composeSurfaces() swap fb done  ------
W/GLSurfaceView(  749): <97979>  --- [01;31m[Kxzl[m[K --- AFTER GLSurfaceView swap frame
W/GLSurfaceView(  749): <97979>  --- [01;31m[Kxzl[m[K --- BEFORE GLSurfaceView DrawFrame
W/APP     (  749): [01;31m[Kxzl[m[K: ===> entering onDrawFrame: <97979> 
W/APP     (  749): [01;31m[Kxzl[m[K: ===> done onDrawFrame: <97979> 
W/GLSurfaceView(  749): <97980>  --- [01;31m[Kxzl[m[K --- AFTER GLSurfaceView DrawFrame
W/GLSurfaceView(  749): <97980>  --- [01;31m[Kxzl[m[K --- BEFORE GLSurfaceView swap frame
D/SurfaceTextureClient(  749): <97980.66> [01;31m[Kxzl[m[K SurfaceTextureClient::queueBuffer
D/SurfaceFlinger(  117): <97980.74>  --- [01;31m[Kxzl[m[K Layer::onFrameQueued
W/APP     (  749): [01;31m[Kxzl[m[K: ===> ev hits user code: <97984>  {97983} since event: 1 ms
D/InputDispatcher(  190): <97984.41> ########### [01;31m[Kxzl[m[K finishDispatchCycle: 1.07ms since event, 0.46ms since dispatch
D/SurfaceFlinger(  117): <97989.45>  ----- [01;31m[Kxzl[m[K SurfaceFlinger::composeSurfaces compose done, prepare to swap fb ------
W/APP     (  749): [01;31m[Kxzl[m[K: ===> ev hits user code: <97994>  {97993} since event: 1 ms
D/InputDispatcher(  190): <97994.14> ########### [01;31m[Kxzl[m[K finishDispatchCycle: 1.07ms since event, 0.43ms since dispatch
D/SurfaceFlinger(  117): <97996.19>  ----- [01;31m[Kxzl[m[K SurfaceFlinger::composeSurfaces() swap fb done  ------
W/GLSurfaceView(  749): <97996>  --- [01;31m[Kxzl[m[K --- AFTER GLSurfaceView swap frame
W/GLSurfaceView(  749): <97996>  --- [01;31m[Kxzl[m[K --- BEFORE GLSurfaceView DrawFrame
W/APP     (  749): [01;31m[Kxzl[m[K: ===> entering onDrawFrame: <97996> 
W/APP     (  749): [01;31m[Kxzl[m[K: ===> done onDrawFrame: <97996> 
W/GLSurfaceView(  749): <97997>  --- [01;31m[Kxzl[m[K --- AFTER GLSurfaceView DrawFrame
W/GLSurfaceView(  749): <97997>  --- [01;31m[Kxzl[m[K --- BEFORE GLSurfaceView swap frame
D/SurfaceTextureClient(  749): <97997.49> [01;31m[Kxzl[m[K SurfaceTextureClient::queueBuffer
D/SurfaceFlinger(  117): <97997.59>  --- [01;31m[Kxzl[m[K Layer::onFrameQueued
W/APP     (  749): [01;31m[Kxzl[m[K: ===> ev hits user code: <98003>  {98002} since event: 1 ms
D/InputDispatcher(  190): <98003.84> ########### [01;31m[Kxzl[m[K finishDispatchCycle: 1.04ms since event, 0.40ms since dispatch
D/SurfaceFlinger(  117): <98006.38>  ----- [01;31m[Kxzl[m[K SurfaceFlinger::composeSurfaces compose done, prepare to swap fb ------
D/SurfaceFlinger(  117): <98013.34>  ----- [01;31m[Kxzl[m[K SurfaceFlinger::composeSurfaces() swap fb done  ------
W/GLSurfaceView(  749): <98013>  --- [01;31m[Kxzl[m[K --- AFTER GLSurfaceView swap frame
W/GLSurfaceView(  749): <98013>  --- [01;31m[Kxzl[m[K --- BEFORE GLSurfaceView DrawFrame
W/APP     (  749): [01;31m[Kxzl[m[K: ===> entering onDrawFrame: <98013> 
W/APP     (  749): [01;31m[Kxzl[m[K: ===> ev hits user code: <98015>  {98012} since event: 3 ms
D/InputDispatcher(  190): <98015.32> ########### [01;31m[Kxzl[m[K finishDispatchCycle: 2.44ms since event, 1.10ms since dispatch
W/APP     (  749): [01;31m[Kxzl[m[K: ===> done onDrawFrame: <98013> 
W/GLSurfaceView(  749): <98015>  --- [01;31m[Kxzl[m[K --- AFTER GLSurfaceView DrawFrame
W/GLSurfaceView(  749): <98015>  --- [01;31m[Kxzl[m[K --- BEFORE GLSurfaceView swap frame
D/SurfaceTextureClient(  749): <98016.12> [01;31m[Kxzl[m[K SurfaceTextureClient::queueBuffer
D/SurfaceFlinger(  117): <98016.30>  --- [01;31m[Kxzl[m[K Layer::onFrameQueued
D/SurfaceFlinger(  117): <98023.95>  ----- [01;31m[Kxzl[m[K SurfaceFlinger::composeSurfaces compose done, prepare to swap fb ------
W/APP     (  749): [01;31m[Kxzl[m[K: ===> ev hits user code: <98024>  {98022} since event: 2 ms
D/InputDispatcher(  190): <98024.51> ########### [01;31m[Kxzl[m[K finishDispatchCycle: 1.86ms since event, 0.70ms since dispatch
D/SurfaceFlinger(  117): <98030.02>  ----- [01;31m[Kxzl[m[K SurfaceFlinger::composeSurfaces() swap fb done  ------
W/GLSurfaceView(  749): <98030>  --- [01;31m[Kxzl[m[K --- AFTER GLSurfaceView swap frame
W/GLSurfaceView(  749): <98030>  --- [01;31m[Kxzl[m[K --- BEFORE GLSurfaceView DrawFrame
W/APP     (  749): [01;31m[Kxzl[m[K: ===> entering onDrawFrame: <98030> 
W/APP     (  749): [01;31m[Kxzl[m[K: ===> done onDrawFrame: <98030> 
W/GLSurfaceView(  749): <98030>  --- [01;31m[Kxzl[m[K --- AFTER GLSurfaceView DrawFrame
W/GLSurfaceView(  749): <98030>  --- [01;31m[Kxzl[m[K --- BEFORE GLSurfaceView swap frame
D/SurfaceTextureClient(  749): <98030.79> [01;31m[Kxzl[m[K SurfaceTextureClient::queueBuffer
D/SurfaceFlinger(  117): <98030.88>  --- [01;31m[Kxzl[m[K Layer::onFrameQueued
W/APP     (  749): [01;31m[Kxzl[m[K: ===> ev hits user code: <98032>  {98031} since event: 1 ms
D/InputDispatcher(  190): <98033.05> ########### [01;31m[Kxzl[m[K finishDispatchCycle: 1.07ms since event, 0.43ms since dispatch
D/SurfaceFlinger(  117): <98040.23>  ----- [01;31m[Kxzl[m[K SurfaceFlinger::composeSurfaces compose done, prepare to swap fb ------
W/APP     (  749): [01;31m[Kxzl[m[K: ===> ev hits user code: <98042>  {98041} since event: 1 ms
D/InputDispatcher(  190): <98042.81> ########### [01;31m[Kxzl[m[K finishDispatchCycle: 1.01ms since event, 0.34ms since dispatch
D/SurfaceFlinger(  117): <98046.94>  ----- [01;31m[Kxzl[m[K SurfaceFlinger::composeSurfaces() swap fb done  ------
W/GLSurfaceView(  749): <98047>  --- [01;31m[Kxzl[m[K --- AFTER GLSurfaceView swap frame
W/GLSurfaceView(  749): <98047>  --- [01;31m[Kxzl[m[K --- BEFORE GLSurfaceView DrawFrame
W/APP     (  749): [01;31m[Kxzl[m[K: ===> entering onDrawFrame: <98047> 
W/APP     (  749): [01;31m[Kxzl[m[K: ===> done onDrawFrame: <98047> 
W/GLSurfaceView(  749): <98047>  --- [01;31m[Kxzl[m[K --- AFTER GLSurfaceView DrawFrame
W/GLSurfaceView(  749): <98047>  --- [01;31m[Kxzl[m[K --- BEFORE GLSurfaceView swap frame
D/SurfaceTextureClient(  749): <98047.67> [01;31m[Kxzl[m[K SurfaceTextureClient::queueBuffer
D/SurfaceFlinger(  117): <98047.77>  --- [01;31m[Kxzl[m[K Layer::onFrameQueued
W/APP     (  749): [01;31m[Kxzl[m[K: ===> ev hits user code: <98052>  {98051} since event: 1 ms
D/InputDispatcher(  190): <98052.37> ########### [01;31m[Kxzl[m[K finishDispatchCycle: 1.01ms since event, 0.37ms since dispatch
D/SurfaceFlinger(  117): <98057.16>  ----- [01;31m[Kxzl[m[K SurfaceFlinger::composeSurfaces compose done, prepare to swap fb ------
W/APP     (  749): [01;31m[Kxzl[m[K: ===> ev hits user code: <98063>  {98061} since event: 2 ms
D/SurfaceFlinger(  117): <98064.23>  ----- [01;31m[Kxzl[m[K SurfaceFlinger::composeSurfaces() swap fb done  ------
D/InputDispatcher(  190): <98064.60> ########### [01;31m[Kxzl[m[K finishDispatchCycle: 2.90ms since event, 1.80ms since dispatch
W/GLSurfaceView(  749): <98064>  --- [01;31m[Kxzl[m[K --- AFTER GLSurfaceView swap frame
W/GLSurfaceView(  749): <98064>  --- [01;31m[Kxzl[m[K --- BEFORE GLSurfaceView DrawFrame
W/APP     (  749): [01;31m[Kxzl[m[K: ===> entering onDrawFrame: <98064> 
W/APP     (  749): [01;31m[Kxzl[m[K: ===> done onDrawFrame: <98064> 
W/GLSurfaceView(  749): <98066>  --- [01;31m[Kxzl[m[K --- AFTER GLSurfaceView DrawFrame
W/GLSurfaceView(  749): <98069>  --- [01;31m[Kxzl[m[K --- BEFORE GLSurfaceView swap frame
D/SurfaceTextureClient(  749): <98072.42> [01;31m[Kxzl[m[K SurfaceTextureClient::queueBuffer
D/SurfaceFlinger(  117): <98072.51>  --- [01;31m[Kxzl[m[K Layer::onFrameQueued
W/APP     (  749): [01;31m[Kxzl[m[K: ===> ev hits user code: <98073>  {98071} since event: 2 ms
D/InputDispatcher(  190): <98073.36> ########### [01;31m[Kxzl[m[K finishDispatchCycle: 1.83ms since event, 1.13ms since dispatch
D/SurfaceFlinger(  117): <98074.59>  ----- [01;31m[Kxzl[m[K SurfaceFlinger::composeSurfaces compose done, prepare to swap fb ------
D/SurfaceFlinger(  117): <98080.96>  ----- [01;31m[Kxzl[m[K SurfaceFlinger::composeSurfaces() swap fb done  ------
W/GLSurfaceView(  749): <98081>  --- [01;31m[Kxzl[m[K --- AFTER GLSurfaceView swap frame
W/GLSurfaceView(  749): <98081>  --- [01;31m[Kxzl[m[K --- BEFORE GLSurfaceView DrawFrame
W/APP     (  749): [01;31m[Kxzl[m[K: ===> entering onDrawFrame: <98081> 
W/APP     (  749): [01;31m[Kxzl[m[K: ===> ev hits user code: <98081>  {98080} since event: 1 ms
D/InputDispatcher(  190): <98081.63> ########### [01;31m[Kxzl[m[K finishDispatchCycle: 0.98ms since event, 0.31ms since dispatch
W/APP     (  749): [01;31m[Kxzl[m[K: ===> done onDrawFrame: <98081> 
W/GLSurfaceView(  749): <98082>  --- [01;31m[Kxzl[m[K --- AFTER GLSurfaceView DrawFrame
W/GLSurfaceView(  749): <98082>  --- [01;31m[Kxzl[m[K --- BEFORE GLSurfaceView swap frame
D/SurfaceTextureClient(  749): <98082.98> [01;31m[Kxzl[m[K SurfaceTextureClient::queueBuffer
D/SurfaceFlinger(  117): <98083.10>  --- [01;31m[Kxzl[m[K Layer::onFrameQueued
D/SurfaceFlinger(  117): <98091.34>  ----- [01;31m[Kxzl[m[K SurfaceFlinger::composeSurfaces compose done, prepare to swap fb ------
W/APP     (  749): [01;31m[Kxzl[m[K: ===> ev hits user code: <98091>  {98090} since event: 1 ms
D/InputDispatcher(  190): <98091.65> ########### [01;31m[Kxzl[m[K finishDispatchCycle: 1.01ms since event, 0.37ms since dispatch
D/SurfaceFlinger(  117): <98098.11>  ----- [01;31m[Kxzl[m[K SurfaceFlinger::composeSurfaces() swap fb done  ------
W/GLSurfaceView(  749): <98098>  --- [01;31m[Kxzl[m[K --- AFTER GLSurfaceView swap frame
W/GLSurfaceView(  749): <98098>  --- [01;31m[Kxzl[m[K --- BEFORE GLSurfaceView DrawFrame
W/APP     (  749): [01;31m[Kxzl[m[K: ===> entering onDrawFrame: <98098> 
W/APP     (  749): [01;31m[Kxzl[m[K: ===> done onDrawFrame: <98098> 
W/GLSurfaceView(  749): <98098>  --- [01;31m[Kxzl[m[K --- AFTER GLSurfaceView DrawFrame
W/GLSurfaceView(  749): <98098>  --- [01;31m[Kxzl[m[K --- BEFORE GLSurfaceView swap frame
D/SurfaceTextureClient(  749): <98098.99> [01;31m[Kxzl[m[K SurfaceTextureClient::queueBuffer
D/SurfaceFlinger(  117): <98099.06>  --- [01;31m[Kxzl[m[K Layer::onFrameQueued
W/APP     (  749): [01;31m[Kxzl[m[K: ===> ev hits user code: <98100>  {98100} since event: 0 ms
D/InputDispatcher(  190): <98100.95> ########### [01;31m[Kxzl[m[K finishDispatchCycle: 0.95ms since event, 0.37ms since dispatch
D/SurfaceFlinger(  117): <98108.40>  ----- [01;31m[Kxzl[m[K SurfaceFlinger::composeSurfaces compose done, prepare to swap fb ------
W/APP     (  749): [01;31m[Kxzl[m[K: ===> ev hits user code: <98110>  {98110} since event: 0 ms
D/InputDispatcher(  190): <98110.90> ########### [01;31m[Kxzl[m[K finishDispatchCycle: 0.89ms since event, 0.27ms since dispatch
D/SurfaceFlinger(  117): <98114.87>  ----- [01;31m[Kxzl[m[K SurfaceFlinger::composeSurfaces() swap fb done  ------
W/GLSurfaceView(  749): <98115>  --- [01;31m[Kxzl[m[K --- AFTER GLSurfaceView swap frame
W/GLSurfaceView(  749): <98115>  --- [01;31m[Kxzl[m[K --- BEFORE GLSurfaceView DrawFrame
W/APP     (  749): [01;31m[Kxzl[m[K: ===> entering onDrawFrame: <98115> 
W/APP     (  749): [01;31m[Kxzl[m[K: ===> done onDrawFrame: <98115> 
W/GLSurfaceView(  749): <98115>  --- [01;31m[Kxzl[m[K --- AFTER GLSurfaceView DrawFrame
W/GLSurfaceView(  749): <98115>  --- [01;31m[Kxzl[m[K --- BEFORE GLSurfaceView swap frame
D/SurfaceTextureClient(  749): <98115.60> [01;31m[Kxzl[m[K SurfaceTextureClient::queueBuffer
D/SurfaceFlinger(  117): <98115.66>  --- [01;31m[Kxzl[m[K Layer::onFrameQueued
W/APP     (  749): [01;31m[Kxzl[m[K: ===> ev hits user code: <98120>  {98119} since event: 1 ms
D/InputDispatcher(  190): <98120.82> ########### [01;31m[Kxzl[m[K finishDispatchCycle: 1.16ms since event, 0.55ms since dispatch
D/SurfaceFlinger(  117): <98125.03>  ----- [01;31m[Kxzl[m[K SurfaceFlinger::composeSurfaces compose done, prepare to swap fb ------
W/APP     (  749): [01;31m[Kxzl[m[K: ===> ev hits user code: <98130>  {98129} since event: 1 ms
D/InputDispatcher(  190): <98130.67> ########### [01;31m[Kxzl[m[K finishDispatchCycle: 1.01ms since event, 0.40ms since dispatch
D/SurfaceFlinger(  117): <98131.84>  ----- [01;31m[Kxzl[m[K SurfaceFlinger::composeSurfaces() swap fb done  ------
W/GLSurfaceView(  749): <98131>  --- [01;31m[Kxzl[m[K --- AFTER GLSurfaceView swap frame
W/GLSurfaceView(  749): <98132>  --- [01;31m[Kxzl[m[K --- BEFORE GLSurfaceView DrawFrame
W/APP     (  749): [01;31m[Kxzl[m[K: ===> entering onDrawFrame: <98132> 
W/APP     (  749): [01;31m[Kxzl[m[K: ===> done onDrawFrame: <98132> 
W/GLSurfaceView(  749): <98132>  --- [01;31m[Kxzl[m[K --- AFTER GLSurfaceView DrawFrame
