W/APP     (  749): [01;31m[Kxzl[m[K: ===> ev hits user code: <93837>  {93833} since event: 4 ms
D/InputDispatcher(  190): <93841.06> ########### [01;31m[Kxzl[m[K finishDispatchCycle: 7.94ms since event, 5.89ms since dispatch
W/APP     (  749): [01;31m[Kxzl[m[K: ===> ev hits user code: <93844>  {93843} since event: 1 ms
W/GLSurfaceView(  749): <93845>  --- [01;31m[Kxzl[m[K --- BEFORE GLSurfaceView DrawFrame
W/APP     (  749): [01;31m[Kxzl[m[K: ===> entering onDrawFrame: <93845> 
W/APP     (  749): [01;31m[Kxzl[m[K: ===> done onDrawFrame: <93845> 
W/GLSurfaceView(  749): <93845>  --- [01;31m[Kxzl[m[K --- AFTER GLSurfaceView DrawFrame
W/GLSurfaceView(  749): <93845>  --- [01;31m[Kxzl[m[K --- BEFORE GLSurfaceView swap frame
D/SurfaceTextureClient(  749): <93846.07> [01;31m[Kxzl[m[K SurfaceTextureClient::queueBuffer
D/SurfaceFlinger(  117): <93846.16>  --- [01;31m[Kxzl[m[K Layer::onFrameQueued
D/InputDispatcher(  190): <93846.34> ########### [01;31m[Kxzl[m[K finishDispatchCycle: 3.17ms since event, 1.89ms since dispatch
W/GLSurfaceView(  749): <93846>  --- [01;31m[Kxzl[m[K --- AFTER GLSurfaceView swap frame
W/APP     (  749): [01;31m[Kxzl[m[K: ===> ev hits user code: <93852>  {93851} since event: 1 ms
W/GLSurfaceView(  749): <93853>  --- [01;31m[Kxzl[m[K --- BEFORE GLSurfaceView DrawFrame
W/APP     (  749): [01;31m[Kxzl[m[K: ===> entering onDrawFrame: <93853> 
W/APP     (  749): [01;31m[Kxzl[m[K: ===> done onDrawFrame: <93853> 
W/GLSurfaceView(  749): <93853>  --- [01;31m[Kxzl[m[K --- AFTER GLSurfaceView DrawFrame
W/GLSurfaceView(  749): <93853>  --- [01;31m[Kxzl[m[K --- BEFORE GLSurfaceView swap frame
D/SurfaceTextureClient(  749): <93853.76> [01;31m[Kxzl[m[K SurfaceTextureClient::queueBuffer
D/SurfaceFlinger(  117): <93853.82>  --- [01;31m[Kxzl[m[K Layer::onFrameQueued
D/InputDispatcher(  190): <93854.03> ########### [01;31m[Kxzl[m[K finishDispatchCycle: 2.11ms since event, 1.40ms since dispatch
D/SurfaceFlinger(  117): <93856.75>  ----- [01;31m[Kxzl[m[K SurfaceFlinger::composeSurfaces compose done, prepare to swap fb ------
D/SurfaceFlinger(  117): <93856.90>  ----- [01;31m[Kxzl[m[K SurfaceFlinger::composeSurfaces() swap fb done  ------
W/GLSurfaceView(  749): <93857>  --- [01;31m[Kxzl[m[K --- AFTER GLSurfaceView swap frame
W/APP     (  749): [01;31m[Kxzl[m[K: ===> ev hits user code: <93862>  {93861} since event: 1 ms
W/GLSurfaceView(  749): <93862>  --- [01;31m[Kxzl[m[K --- BEFORE GLSurfaceView DrawFrame
W/APP     (  749): [01;31m[Kxzl[m[K: ===> entering onDrawFrame: <93862> 
W/APP     (  749): [01;31m[Kxzl[m[K: ===> done onDrawFrame: <93862> 
W/GLSurfaceView(  749): <93862>  --- [01;31m[Kxzl[m[K --- AFTER GLSurfaceView DrawFrame
W/GLSurfaceView(  749): <93863>  --- [01;31m[Kxzl[m[K --- BEFORE GLSurfaceView swap frame
D/SurfaceTextureClient(  749): <93863.25> [01;31m[Kxzl[m[K SurfaceTextureClient::queueBuffer
D/SurfaceFlinger(  117): <93863.34>  --- [01;31m[Kxzl[m[K Layer::onFrameQueued
D/InputDispatcher(  190): <93863.44> ########### [01;31m[Kxzl[m[K finishDispatchCycle: 1.77ms since event, 1.13ms since dispatch
D/SurfaceFlinger(  117): <93867.16>  ----- [01;31m[Kxzl[m[K SurfaceFlinger::composeSurfaces compose done, prepare to swap fb ------
W/APP     (  749): [01;31m[Kxzl[m[K: ===> ev hits user code: <93872>  {93871} since event: 1 ms
D/InputDispatcher(  190): <93872.65> ########### [01;31m[Kxzl[m[K finishDispatchCycle: 1.53ms since event, 0.95ms since dispatch
D/SurfaceFlinger(  117): <93875.95>  ----- [01;31m[Kxzl[m[K SurfaceFlinger::composeSurfaces() swap fb done  ------
W/GLSurfaceView(  749): <93876>  --- [01;31m[Kxzl[m[K --- AFTER GLSurfaceView swap frame
W/GLSurfaceView(  749): <93876>  --- [01;31m[Kxzl[m[K --- BEFORE GLSurfaceView DrawFrame
W/APP     (  749): [01;31m[Kxzl[m[K: ===> entering onDrawFrame: <93876> 
W/APP     (  749): [01;31m[Kxzl[m[K: ===> done onDrawFrame: <93876> 
W/GLSurfaceView(  749): <93876>  --- [01;31m[Kxzl[m[K --- AFTER GLSurfaceView DrawFrame
W/GLSurfaceView(  749): <93876>  --- [01;31m[Kxzl[m[K --- BEFORE GLSurfaceView swap frame
D/SurfaceTextureClient(  749): <93876.62> [01;31m[Kxzl[m[K SurfaceTextureClient::queueBuffer
D/SurfaceFlinger(  117): <93876.67>  --- [01;31m[Kxzl[m[K Layer::onFrameQueued
W/APP     (  749): [01;31m[Kxzl[m[K: ===> ev hits user code: <93882>  {93881} since event: 1 ms
D/InputDispatcher(  190): <93882.20> ########### [01;31m[Kxzl[m[K finishDispatchCycle: 1.07ms since event, 0.40ms since dispatch
D/SurfaceFlinger(  117): <93886.13>  ----- [01;31m[Kxzl[m[K SurfaceFlinger::composeSurfaces compose done, prepare to swap fb ------
W/APP     (  749): [01;31m[Kxzl[m[K: ===> ev hits user code: <93891>  {93890} since event: 1 ms
D/InputDispatcher(  190): <93892.24> ########### [01;31m[Kxzl[m[K finishDispatchCycle: 1.40ms since event, 0.79ms since dispatch
D/SurfaceFlinger(  117): <93892.88>  ----- [01;31m[Kxzl[m[K SurfaceFlinger::composeSurfaces() swap fb done  ------
W/GLSurfaceView(  749): <93893>  --- [01;31m[Kxzl[m[K --- AFTER GLSurfaceView swap frame
W/GLSurfaceView(  749): <93893>  --- [01;31m[Kxzl[m[K --- BEFORE GLSurfaceView DrawFrame
W/APP     (  749): [01;31m[Kxzl[m[K: ===> entering onDrawFrame: <93893> 
W/APP     (  749): [01;31m[Kxzl[m[K: ===> done onDrawFrame: <93893> 
W/GLSurfaceView(  749): <93893>  --- [01;31m[Kxzl[m[K --- AFTER GLSurfaceView DrawFrame
W/GLSurfaceView(  749): <93893>  --- [01;31m[Kxzl[m[K --- BEFORE GLSurfaceView swap frame
D/SurfaceTextureClient(  749): <93893.77> [01;31m[Kxzl[m[K SurfaceTextureClient::queueBuffer
D/SurfaceFlinger(  117): <93893.83>  --- [01;31m[Kxzl[m[K Layer::onFrameQueued
W/APP     (  749): [01;31m[Kxzl[m[K: ===> ev hits user code: <93901>  {93900} since event: 1 ms
D/InputDispatcher(  190): <93901.89> ########### [01;31m[Kxzl[m[K finishDispatchCycle: 1.28ms since event, 0.52ms since dispatch
D/SurfaceFlinger(  117): <93903.08>  ----- [01;31m[Kxzl[m[K SurfaceFlinger::composeSurfaces compose done, prepare to swap fb ------
D/SurfaceFlinger(  117): <93910.62>  ----- [01;31m[Kxzl[m[K SurfaceFlinger::composeSurfaces() swap fb done  ------
W/GLSurfaceView(  749): <93910>  --- [01;31m[Kxzl[m[K --- AFTER GLSurfaceView swap frame
W/GLSurfaceView(  749): <93910>  --- [01;31m[Kxzl[m[K --- BEFORE GLSurfaceView DrawFrame
W/APP     (  749): [01;31m[Kxzl[m[K: ===> entering onDrawFrame: <93910> 
W/APP     (  749): [01;31m[Kxzl[m[K: ===> done onDrawFrame: <93910> 
W/GLSurfaceView(  749): <93911>  --- [01;31m[Kxzl[m[K --- AFTER GLSurfaceView DrawFrame
W/GLSurfaceView(  749): <93911>  --- [01;31m[Kxzl[m[K --- BEFORE GLSurfaceView swap frame
D/SurfaceTextureClient(  749): <93911.55> [01;31m[Kxzl[m[K SurfaceTextureClient::queueBuffer
D/SurfaceFlinger(  117): <93911.62>  --- [01;31m[Kxzl[m[K Layer::onFrameQueued
W/APP     (  749): [01;31m[Kxzl[m[K: ===> ev hits user code: <93911>  {93910} since event: 1 ms
D/InputDispatcher(  190): <93911.87> ########### [01;31m[Kxzl[m[K finishDispatchCycle: 1.28ms since event, 0.49ms since dispatch
D/SurfaceFlinger(  117): <93920.84>  ----- [01;31m[Kxzl[m[K SurfaceFlinger::composeSurfaces compose done, prepare to swap fb ------
W/APP     (  749): [01;31m[Kxzl[m[K: ===> ev hits user code: <93921>  {93920} since event: 1 ms
D/InputDispatcher(  190): <93921.63> ########### [01;31m[Kxzl[m[K finishDispatchCycle: 1.50ms since event, 0.89ms since dispatch
D/SurfaceFlinger(  117): <93927.86>  ----- [01;31m[Kxzl[m[K SurfaceFlinger::composeSurfaces() swap fb done  ------
W/GLSurfaceView(  749): <93928>  --- [01;31m[Kxzl[m[K --- AFTER GLSurfaceView swap frame
W/GLSurfaceView(  749): <93928>  --- [01;31m[Kxzl[m[K --- BEFORE GLSurfaceView DrawFrame
W/APP     (  749): [01;31m[Kxzl[m[K: ===> entering onDrawFrame: <93928> 
W/APP     (  749): [01;31m[Kxzl[m[K: ===> done onDrawFrame: <93928> 
W/GLSurfaceView(  749): <93928>  --- [01;31m[Kxzl[m[K --- AFTER GLSurfaceView DrawFrame
W/GLSurfaceView(  749): <93928>  --- [01;31m[Kxzl[m[K --- BEFORE GLSurfaceView swap frame
D/SurfaceTextureClient(  749): <93929.02> [01;31m[Kxzl[m[K SurfaceTextureClient::queueBuffer
D/SurfaceFlinger(  117): <93929.11>  --- [01;31m[Kxzl[m[K Layer::onFrameQueued
W/APP     (  749): [01;31m[Kxzl[m[K: ===> ev hits user code: <93931>  {93929} since event: 2 ms
D/InputDispatcher(  190): <93931.64> ########### [01;31m[Kxzl[m[K finishDispatchCycle: 1.71ms since event, 0.70ms since dispatch
D/SurfaceFlinger(  117): <93938.23>  ----- [01;31m[Kxzl[m[K SurfaceFlinger::composeSurfaces compose done, prepare to swap fb ------
W/APP     (  749): [01;31m[Kxzl[m[K: ===> ev hits user code: <93940>  {93939} since event: 1 ms
D/InputDispatcher(  190): <93940.98> ########### [01;31m[Kxzl[m[K finishDispatchCycle: 1.19ms since event, 0.49ms since dispatch
D/SurfaceFlinger(  117): <93943.78>  ----- [01;31m[Kxzl[m[K SurfaceFlinger::composeSurfaces() swap fb done  ------
W/GLSurfaceView(  749): <93943>  --- [01;31m[Kxzl[m[K --- AFTER GLSurfaceView swap frame
W/GLSurfaceView(  749): <93944>  --- [01;31m[Kxzl[m[K --- BEFORE GLSurfaceView DrawFrame
W/APP     (  749): [01;31m[Kxzl[m[K: ===> entering onDrawFrame: <93944> 
W/APP     (  749): [01;31m[Kxzl[m[K: ===> done onDrawFrame: <93944> 
W/GLSurfaceView(  749): <93944>  --- [01;31m[Kxzl[m[K --- AFTER GLSurfaceView DrawFrame
W/GLSurfaceView(  749): <93944>  --- [01;31m[Kxzl[m[K --- BEFORE GLSurfaceView swap frame
D/SurfaceTextureClient(  749): <93944.70> [01;31m[Kxzl[m[K SurfaceTextureClient::queueBuffer
D/SurfaceFlinger(  117): <93944.79>  --- [01;31m[Kxzl[m[K Layer::onFrameQueued
W/APP     (  749): [01;31m[Kxzl[m[K: ===> ev hits user code: <93950>  {93949} since event: 1 ms
D/InputDispatcher(  190): <93950.41> ########### [01;31m[Kxzl[m[K finishDispatchCycle: 1.25ms since event, 0.58ms since dispatch
D/SurfaceFlinger(  117): <93953.98>  ----- [01;31m[Kxzl[m[K SurfaceFlinger::composeSurfaces compose done, prepare to swap fb ------
W/APP     (  749): [01;31m[Kxzl[m[K: ===> ev hits user code: <93960>  {93959} since event: 1 ms
D/InputDispatcher(  190): <93960.27> ########### [01;31m[Kxzl[m[K finishDispatchCycle: 1.25ms since event, 0.61ms since dispatch
D/SurfaceFlinger(  117): <93960.73>  ----- [01;31m[Kxzl[m[K SurfaceFlinger::composeSurfaces() swap fb done  ------
W/GLSurfaceView(  749): <93960>  --- [01;31m[Kxzl[m[K --- AFTER GLSurfaceView swap frame
W/GLSurfaceView(  749): <93961>  --- [01;31m[Kxzl[m[K --- BEFORE GLSurfaceView DrawFrame
W/APP     (  749): [01;31m[Kxzl[m[K: ===> entering onDrawFrame: <93961> 
W/APP     (  749): [01;31m[Kxzl[m[K: ===> done onDrawFrame: <93961> 
W/GLSurfaceView(  749): <93961>  --- [01;31m[Kxzl[m[K --- AFTER GLSurfaceView DrawFrame
W/GLSurfaceView(  749): <93961>  --- [01;31m[Kxzl[m[K --- BEFORE GLSurfaceView swap frame
D/SurfaceTextureClient(  749): <93961.88> [01;31m[Kxzl[m[K SurfaceTextureClient::queueBuffer
D/SurfaceFlinger(  117): <93961.98>  --- [01;31m[Kxzl[m[K Layer::onFrameQueued
W/APP     (  749): [01;31m[Kxzl[m[K: ===> ev hits user code: <93969>  {93968} since event: 1 ms
D/InputDispatcher(  190): <93969.88> ########### [01;31m[Kxzl[m[K finishDispatchCycle: 1.10ms since event, 0.49ms since dispatch
D/SurfaceFlinger(  117): <93970.91>  ----- [01;31m[Kxzl[m[K SurfaceFlinger::composeSurfaces compose done, prepare to swap fb ------
D/SurfaceFlinger(  117): <93978.79>  ----- [01;31m[Kxzl[m[K SurfaceFlinger::composeSurfaces() swap fb done  ------
W/GLSurfaceView(  749): <93978>  --- [01;31m[Kxzl[m[K --- AFTER GLSurfaceView swap frame
W/GLSurfaceView(  749): <93979>  --- [01;31m[Kxzl[m[K --- BEFORE GLSurfaceView DrawFrame
W/APP     (  749): [01;31m[Kxzl[m[K: ===> entering onDrawFrame: <93979> 
W/APP     (  749): [01;31m[Kxzl[m[K: ===> done onDrawFrame: <93979> 
W/GLSurfaceView(  749): <93979>  --- [01;31m[Kxzl[m[K --- AFTER GLSurfaceView DrawFrame
W/GLSurfaceView(  749): <93979>  --- [01;31m[Kxzl[m[K --- BEFORE GLSurfaceView swap frame
D/SurfaceTextureClient(  749): <93979.86> [01;31m[Kxzl[m[K SurfaceTextureClient::queueBuffer
D/SurfaceFlinger(  117): <93979.95>  --- [01;31m[Kxzl[m[K Layer::onFrameQueued
W/APP     (  749): [01;31m[Kxzl[m[K: ===> ev hits user code: <93980>  {93978} since event: 2 ms
D/InputDispatcher(  190): <93980.55> ########### [01;31m[Kxzl[m[K finishDispatchCycle: 1.80ms since event, 0.55ms since dispatch
D/SurfaceFlinger(  117): <93989.01>  ----- [01;31m[Kxzl[m[K SurfaceFlinger::composeSurfaces compose done, prepare to swap fb ------
W/APP     (  749): [01;31m[Kxzl[m[K: ===> ev hits user code: <93989>  {93988} since event: 1 ms
D/InputDispatcher(  190): <93989.59> ########### [01;31m[Kxzl[m[K finishDispatchCycle: 1.28ms since event, 0.58ms since dispatch
D/SurfaceFlinger(  117): <93996.09>  ----- [01;31m[Kxzl[m[K SurfaceFlinger::composeSurfaces() swap fb done  ------
W/GLSurfaceView(  749): <93996>  --- [01;31m[Kxzl[m[K --- AFTER GLSurfaceView swap frame
W/GLSurfaceView(  749): <93996>  --- [01;31m[Kxzl[m[K --- BEFORE GLSurfaceView DrawFrame
W/APP     (  749): [01;31m[Kxzl[m[K: ===> entering onDrawFrame: <93996> 
W/APP     (  749): [01;31m[Kxzl[m[K: ===> done onDrawFrame: <93996> 
W/GLSurfaceView(  749): <93996>  --- [01;31m[Kxzl[m[K --- AFTER GLSurfaceView DrawFrame
W/GLSurfaceView(  749): <93996>  --- [01;31m[Kxzl[m[K --- BEFORE GLSurfaceView swap frame
D/SurfaceTextureClient(  749): <93997.22> [01;31m[Kxzl[m[K SurfaceTextureClient::queueBuffer
D/SurfaceFlinger(  117): <93997.32>  --- [01;31m[Kxzl[m[K Layer::onFrameQueued
W/APP     (  749): [01;31m[Kxzl[m[K: ===> ev hits user code: <93999>  {93998} since event: 1 ms
D/InputDispatcher(  190): <93999.57> ########### [01;31m[Kxzl[m[K finishDispatchCycle: 1.37ms since event, 0.70ms since dispatch
D/SurfaceFlinger(  117): <94007.88>  ----- [01;31m[Kxzl[m[K SurfaceFlinger::composeSurfaces compose done, prepare to swap fb ------
W/APP     (  749): [01;31m[Kxzl[m[K: ===> ev hits user code: <94008>  {94007} since event: 1 ms
D/InputDispatcher(  190): <94009.00> ########### [01;31m[Kxzl[m[K finishDispatchCycle: 1.13ms since event, 0.49ms since dispatch
D/SurfaceFlinger(  117): <94011.59>  ----- [01;31m[Kxzl[m[K SurfaceFlinger::composeSurfaces() swap fb done  ------
W/GLSurfaceView(  749): <94011>  --- [01;31m[Kxzl[m[K --- AFTER GLSurfaceView swap frame
W/GLSurfaceView(  749): <94011>  --- [01;31m[Kxzl[m[K --- BEFORE GLSurfaceView DrawFrame
W/APP     (  749): [01;31m[Kxzl[m[K: ===> entering onDrawFrame: <94011> 
W/APP     (  749): [01;31m[Kxzl[m[K: ===> done onDrawFrame: <94011> 
W/GLSurfaceView(  749): <94012>  --- [01;31m[Kxzl[m[K --- AFTER GLSurfaceView DrawFrame
W/GLSurfaceView(  749): <94012>  --- [01;31m[Kxzl[m[K --- BEFORE GLSurfaceView swap frame
D/SurfaceTextureClient(  749): <94012.66> [01;31m[Kxzl[m[K SurfaceTextureClient::queueBuffer
D/SurfaceFlinger(  117): <94012.76>  --- [01;31m[Kxzl[m[K Layer::onFrameQueued
W/APP     (  749): [01;31m[Kxzl[m[K: ===> ev hits user code: <94018>  {94017} since event: 1 ms
D/InputDispatcher(  190): <94018.71> ########### [01;31m[Kxzl[m[K finishDispatchCycle: 1.25ms since event, 0.64ms since dispatch
D/SurfaceFlinger(  117): <94021.82>  ----- [01;31m[Kxzl[m[K SurfaceFlinger::composeSurfaces compose done, prepare to swap fb ------
W/APP     (  749): [01;31m[Kxzl[m[K: ===> ev hits user code: <94028>  {94027} since event: 1 ms
D/InputDispatcher(  190): <94028.41> ########### [01;31m[Kxzl[m[K finishDispatchCycle: 1.16ms since event, 0.52ms since dispatch
D/SurfaceFlinger(  117): <94028.56>  ----- [01;31m[Kxzl[m[K SurfaceFlinger::composeSurfaces() swap fb done  ------
W/GLSurfaceView(  749): <94028>  --- [01;31m[Kxzl[m[K --- AFTER GLSurfaceView swap frame
W/GLSurfaceView(  749): <94028>  --- [01;31m[Kxzl[m[K --- BEFORE GLSurfaceView DrawFrame
W/APP     (  749): [01;31m[Kxzl[m[K: ===> entering onDrawFrame: <94028> 
W/APP     (  749): [01;31m[Kxzl[m[K: ===> done onDrawFrame: <94028> 
W/GLSurfaceView(  749): <94029>  --- [01;31m[Kxzl[m[K --- AFTER GLSurfaceView DrawFrame
W/GLSurfaceView(  749): <94029>  --- [01;31m[Kxzl[m[K --- BEFORE GLSurfaceView swap frame
D/SurfaceTextureClient(  749): <94029.45> [01;31m[Kxzl[m[K SurfaceTextureClient::queueBuffer
D/SurfaceFlinger(  117): <94029.54>  --- [01;31m[Kxzl[m[K Layer::onFrameQueued
W/APP     (  749): [01;31m[Kxzl[m[K: ===> ev hits user code: <94038>  {94037} since event: 1 ms
D/InputDispatcher(  190): <94038.39> ########### [01;31m[Kxzl[m[K finishDispatchCycle: 1.37ms since event, 0.67ms since dispatch
D/SurfaceFlinger(  117): <94038.75>  ----- [01;31m[Kxzl[m[K SurfaceFlinger::composeSurfaces compose done, prepare to swap fb ------
D/SurfaceFlinger(  117): <94046.88>  ----- [01;31m[Kxzl[m[K SurfaceFlinger::composeSurfaces() swap fb done  ------
W/GLSurfaceView(  749): <94047>  --- [01;31m[Kxzl[m[K --- AFTER GLSurfaceView swap frame
W/GLSurfaceView(  749): <94047>  --- [01;31m[Kxzl[m[K --- BEFORE GLSurfaceView DrawFrame
W/APP     (  749): [01;31m[Kxzl[m[K: ===> entering onDrawFrame: <94047> 
W/APP     (  749): [01;31m[Kxzl[m[K: ===> done onDrawFrame: <94047> 
W/GLSurfaceView(  749): <94047>  --- [01;31m[Kxzl[m[K --- AFTER GLSurfaceView DrawFrame
W/GLSurfaceView(  749): <94047>  --- [01;31m[Kxzl[m[K --- BEFORE GLSurfaceView swap frame
D/SurfaceTextureClient(  749): <94048.16> [01;31m[Kxzl[m[K SurfaceTextureClient::queueBuffer
D/SurfaceFlinger(  117): <94048.28>  --- [01;31m[Kxzl[m[K Layer::onFrameQueued
W/APP     (  749): [01;31m[Kxzl[m[K: ===> ev hits user code: <94048>  {94046} since event: 2 ms
D/InputDispatcher(  190): <94048.88> ########### [01;31m[Kxzl[m[K finishDispatchCycle: 2.08ms since event, 0.61ms since dispatch
D/SurfaceFlinger(  117): <94057.41>  ----- [01;31m[Kxzl[m[K SurfaceFlinger::composeSurfaces compose done, prepare to swap fb ------
W/APP     (  749): [01;31m[Kxzl[m[K: ===> ev hits user code: <94058>  {94056} since event: 2 ms
D/InputDispatcher(  190): <94058.44> ########### [01;31m[Kxzl[m[K finishDispatchCycle: 1.86ms since event, 1.13ms since dispatch
D/SurfaceFlinger(  117): <94062.62>  ----- [01;31m[Kxzl[m[K SurfaceFlinger::composeSurfaces() swap fb done  ------
W/GLSurfaceView(  749): <94064>  --- [01;31m[Kxzl[m[K --- AFTER GLSurfaceView swap frame
W/GLSurfaceView(  749): <94064>  --- [01;31m[Kxzl[m[K --- BEFORE GLSurfaceView DrawFrame
W/APP     (  749): [01;31m[Kxzl[m[K: ===> entering onDrawFrame: <94064> 
W/APP     (  749): [01;31m[Kxzl[m[K: ===> done onDrawFrame: <94064> 
W/GLSurfaceView(  749): <94064>  --- [01;31m[Kxzl[m[K --- AFTER GLSurfaceView DrawFrame
W/GLSurfaceView(  749): <94064>  --- [01;31m[Kxzl[m[K --- BEFORE GLSurfaceView swap frame
D/SurfaceTextureClient(  749): <94065.09> [01;31m[Kxzl[m[K SurfaceTextureClient::queueBuffer
D/SurfaceFlinger(  117): <94065.16>  --- [01;31m[Kxzl[m[K Layer::onFrameQueued
W/APP     (  749): [01;31m[Kxzl[m[K: ===> ev hits user code: <94067>  {94066} since event: 1 ms
D/InputDispatcher(  190): <94067.63> ########### [01;31m[Kxzl[m[K finishDispatchCycle: 1.34ms since event, 0.67ms since dispatch
D/SurfaceFlinger(  117): <94075.93>  ----- [01;31m[Kxzl[m[K SurfaceFlinger::composeSurfaces compose done, prepare to swap fb ------
W/APP     (  749): [01;31m[Kxzl[m[K: ===> ev hits user code: <94077>  {94075} since event: 2 ms
D/InputDispatcher(  190): <94077.58> ########### [01;31m[Kxzl[m[K finishDispatchCycle: 1.68ms since event, 0.79ms since dispatch
D/SurfaceFlinger(  117): <94079.44>  ----- [01;31m[Kxzl[m[K SurfaceFlinger::composeSurfaces() swap fb done  ------
W/GLSurfaceView(  749): <94079>  --- [01;31m[Kxzl[m[K --- AFTER GLSurfaceView swap frame
W/GLSurfaceView(  749): <94079>  --- [01;31m[Kxzl[m[K --- BEFORE GLSurfaceView DrawFrame
W/APP     (  749): [01;31m[Kxzl[m[K: ===> entering onDrawFrame: <94079> 
W/APP     (  749): [01;31m[Kxzl[m[K: ===> done onDrawFrame: <94079> 
W/GLSurfaceView(  749): <94079>  --- [01;31m[Kxzl[m[K --- AFTER GLSurfaceView DrawFrame
W/GLSurfaceView(  749): <94080>  --- [01;31m[Kxzl[m[K --- BEFORE GLSurfaceView swap frame
D/SurfaceTextureClient(  749): <94080.56> [01;31m[Kxzl[m[K SurfaceTextureClient::queueBuffer
D/SurfaceFlinger(  117): <94080.63>  --- [01;31m[Kxzl[m[K Layer::onFrameQueued
W/APP     (  749): [01;31m[Kxzl[m[K: ===> ev hits user code: <94086>  {94085} since event: 1 ms
D/InputDispatcher(  190): <94086.82> ########### [01;31m[Kxzl[m[K finishDispatchCycle: 1.28ms since event, 0.61ms since dispatch
D/SurfaceFlinger(  117): <94089.66>  ----- [01;31m[Kxzl[m[K SurfaceFlinger::composeSurfaces compose done, prepare to swap fb ------
W/APP     (  749): [01;31m[Kxzl[m[K: ===> ev hits user code: <94096>  {94095} since event: 1 ms
D/InputDispatcher(  190): <94096.34> ########### [01;31m[Kxzl[m[K finishDispatchCycle: 1.13ms since event, 0.49ms since dispatch
D/SurfaceFlinger(  117): <94096.43>  ----- [01;31m[Kxzl[m[K SurfaceFlinger::composeSurfaces() swap fb done  ------
W/GLSurfaceView(  749): <94096>  --- [01;31m[Kxzl[m[K --- AFTER GLSurfaceView swap frame
W/GLSurfaceView(  749): <94096>  --- [01;31m[Kxzl[m[K --- BEFORE GLSurfaceView DrawFrame
W/APP     (  749): [01;31m[Kxzl[m[K: ===> entering onDrawFrame: <94096> 
W/APP     (  749): [01;31m[Kxzl[m[K: ===> done onDrawFrame: <94096> 
W/GLSurfaceView(  749): <94096>  --- [01;31m[Kxzl[m[K --- AFTER GLSurfaceView DrawFrame
W/GLSurfaceView(  749): <94096>  --- [01;31m[Kxzl[m[K --- BEFORE GLSurfaceView swap frame
D/SurfaceTextureClient(  749): <94097.20> [01;31m[Kxzl[m[K SurfaceTextureClient::queueBuffer
D/SurfaceFlinger(  117): <94097.26>  --- [01;31m[Kxzl[m[K Layer::onFrameQueued
W/APP     (  749): [01;31m[Kxzl[m[K: ===> ev hits user code: <94106>  {94105} since event: 1 ms
D/InputDispatcher(  190): <94106.38> ########### [01;31m[Kxzl[m[K finishDispatchCycle: 1.16ms since event, 0.49ms since dispatch
D/SurfaceFlinger(  117): <94106.60>  ----- [01;31m[Kxzl[m[K SurfaceFlinger::composeSurfaces compose done, prepare to swap fb ------
D/SurfaceFlinger(  117): <94113.38>  ----- [01;31m[Kxzl[m[K SurfaceFlinger::composeSurfaces() swap fb done  ------
W/GLSurfaceView(  749): <94113>  --- [01;31m[Kxzl[m[K --- AFTER GLSurfaceView swap frame
W/GLSurfaceView(  749): <94113>  --- [01;31m[Kxzl[m[K --- BEFORE GLSurfaceView DrawFrame
W/APP     (  749): [01;31m[Kxzl[m[K: ===> entering onDrawFrame: <94113> 
W/APP     (  749): [01;31m[Kxzl[m[K: ===> done onDrawFrame: <94113> 
W/GLSurfaceView(  749): <94114>  --- [01;31m[Kxzl[m[K --- AFTER GLSurfaceView DrawFrame
W/GLSurfaceView(  749): <94114>  --- [01;31m[Kxzl[m[K --- BEFORE GLSurfaceView swap frame
D/SurfaceTextureClient(  749): <94114.41> [01;31m[Kxzl[m[K SurfaceTextureClient::queueBuffer
D/SurfaceFlinger(  117): <94114.51>  --- [01;31m[Kxzl[m[K Layer::onFrameQueued
W/APP     (  749): [01;31m[Kxzl[m[K: ===> ev hits user code: <94116>  {94115} since event: 1 ms
D/InputDispatcher(  190): <94116.55> ########### [01;31m[Kxzl[m[K finishDispatchCycle: 1.43ms since event, 0.70ms since dispatch
D/SurfaceFlinger(  117): <94125.37>  ----- [01;31m[Kxzl[m[K SurfaceFlinger::composeSurfaces compose done, prepare to swap fb ------
W/APP     (  749): [01;31m[Kxzl[m[K: ===> ev hits user code: <94125>  {94124} since event: 1 ms
D/InputDispatcher(  190): <94126.09> ########### [01;31m[Kxzl[m[K finishDispatchCycle: 1.47ms since event, 0.82ms since dispatch
D/SurfaceFlinger(  117): <94130.28>  ----- [01;31m[Kxzl[m[K SurfaceFlinger::composeSurfaces() swap fb done  ------
W/GLSurfaceView(  749): <94130>  --- [01;31m[Kxzl[m[K --- AFTER GLSurfaceView swap frame
W/GLSurfaceView(  749): <94130>  --- [01;31m[Kxzl[m[K --- BEFORE GLSurfaceView DrawFrame
W/APP     (  749): [01;31m[Kxzl[m[K: ===> entering onDrawFrame: <94130> 
W/APP     (  749): [01;31m[Kxzl[m[K: ===> done onDrawFrame: <94130> 
W/GLSurfaceView(  749): <94130>  --- [01;31m[Kxzl[m[K --- AFTER GLSurfaceView DrawFrame
W/GLSurfaceView(  749): <94130>  --- [01;31m[Kxzl[m[K --- BEFORE GLSurfaceView swap frame
D/SurfaceTextureClient(  749): <94131.13> [01;31m[Kxzl[m[K SurfaceTextureClient::queueBuffer
D/SurfaceFlinger(  117): <94131.20>  --- [01;31m[Kxzl[m[K Layer::onFrameQueued
W/APP     (  749): [01;31m[Kxzl[m[K: ===> ev hits user code: <94135>  {94134} since event: 1 ms
D/InputDispatcher(  190): <94136.02> ########### [01;31m[Kxzl[m[K finishDispatchCycle: 1.53ms since event, 0.73ms since dispatch
D/SurfaceFlinger(  117): <94140.51>  ----- [01;31m[Kxzl[m[K SurfaceFlinger::composeSurfaces compose done, prepare to swap fb ------
W/APP     (  749): [01;31m[Kxzl[m[K: ===> ev hits user code: <94146>  {94144} since event: 2 ms
D/InputDispatcher(  190): <94146.42> ########### [01;31m[Kxzl[m[K finishDispatchCycle: 2.08ms since event, 1.16ms since dispatch
D/SurfaceFlinger(  117): <94147.25>  ----- [01;31m[Kxzl[m[K SurfaceFlinger::composeSurfaces() swap fb done  ------
W/GLSurfaceView(  749): <94147>  --- [01;31m[Kxzl[m[K --- AFTER GLSurfaceView swap frame
W/GLSurfaceView(  749): <94147>  --- [01;31m[Kxzl[m[K --- BEFORE GLSurfaceView DrawFrame
W/APP     (  749): [01;31m[Kxzl[m[K: ===> entering onDrawFrame: <94147> 
W/APP     (  749): [01;31m[Kxzl[m[K: ===> done onDrawFrame: <94147> 
W/GLSurfaceView(  749): <94148>  --- [01;31m[Kxzl[m[K --- AFTER GLSurfaceView DrawFrame
W/GLSurfaceView(  749): <94148>  --- [01;31m[Kxzl[m[K --- BEFORE GLSurfaceView swap frame
D/SurfaceTextureClient(  749): <94149.11> [01;31m[Kxzl[m[K SurfaceTextureClient::queueBuffer
D/SurfaceFlinger(  117): <94149.20>  --- [01;31m[Kxzl[m[K Layer::onFrameQueued
W/APP     (  749): [01;31m[Kxzl[m[K: ===> ev hits user code: <94155>  {94153} since event: 2 ms
D/InputDispatcher(  190): <94155.24> ########### [01;31m[Kxzl[m[K finishDispatchCycle: 1.37ms since event, 0.61ms since dispatch
D/SurfaceFlinger(  117): <94157.51>  ----- [01;31m[Kxzl[m[K SurfaceFlinger::composeSurfaces compose done, prepare to swap fb ------
D/SurfaceFlinger(  117): <94164.43>  ----- [01;31m[Kxzl[m[K SurfaceFlinger::composeSurfaces() swap fb done  ------
W/GLSurfaceView(  749): <94164>  --- [01;31m[Kxzl[m[K --- AFTER GLSurfaceView swap frame
W/GLSurfaceView(  749): <94164>  --- [01;31m[Kxzl[m[K --- BEFORE GLSurfaceView DrawFrame
W/APP     (  749): [01;31m[Kxzl[m[K: ===> entering onDrawFrame: <94164> 
W/APP     (  749): [01;31m[Kxzl[m[K: ===> ev hits user code: <94164>  {94163} since event: 1 ms
D/InputDispatcher(  190): <94165.01> ########### [01;31m[Kxzl[m[K finishDispatchCycle: 1.40ms since event, 0.67ms since dispatch
W/APP     (  749): [01;31m[Kxzl[m[K: ===> done onDrawFrame: <94164> 
W/GLSurfaceView(  749): <94165>  --- [01;31m[Kxzl[m[K --- AFTER GLSurfaceView DrawFrame
W/GLSurfaceView(  749): <94165>  --- [01;31m[Kxzl[m[K --- BEFORE GLSurfaceView swap frame
D/SurfaceTextureClient(  749): <94165.77> [01;31m[Kxzl[m[K SurfaceTextureClient::queueBuffer
D/SurfaceFlinger(  117): <94165.84>  --- [01;31m[Kxzl[m[K Layer::onFrameQueued
W/APP     (  749): [01;31m[Kxzl[m[K: ===> ev hits user code: <94174>  {94173} since event: 1 ms
D/InputDispatcher(  190): <94174.38> ########### [01;31m[Kxzl[m[K finishDispatchCycle: 1.04ms since event, 0.43ms since dispatch
D/SurfaceFlinger(  117): <94174.62>  ----- [01;31m[Kxzl[m[K SurfaceFlinger::composeSurfaces compose done, prepare to swap fb ------
D/SurfaceFlinger(  117): <94181.18>  ----- [01;31m[Kxzl[m[K SurfaceFlinger::composeSurfaces() swap fb done  ------
W/GLSurfaceView(  749): <94181>  --- [01;31m[Kxzl[m[K --- AFTER GLSurfaceView swap frame
W/GLSurfaceView(  749): <94181>  --- [01;31m[Kxzl[m[K --- BEFORE GLSurfaceView DrawFrame
W/APP     (  749): [01;31m[Kxzl[m[K: ===> entering onDrawFrame: <94181> 
W/APP     (  749): [01;31m[Kxzl[m[K: ===> done onDrawFrame: <94181> 
W/GLSurfaceView(  749): <94181>  --- [01;31m[Kxzl[m[K --- AFTER GLSurfaceView DrawFrame
W/GLSurfaceView(  749): <94181>  --- [01;31m[Kxzl[m[K --- BEFORE GLSurfaceView swap frame
D/SurfaceTextureClient(  749): <94181.88> [01;31m[Kxzl[m[K SurfaceTextureClient::queueBuffer
D/SurfaceFlinger(  117): <94181.98>  --- [01;31m[Kxzl[m[K Layer::onFrameQueued
W/APP     (  749): [01;31m[Kxzl[m[K: ===> ev hits user code: <94183>  {94183} since event: 0 ms
D/InputDispatcher(  190): <94184.18> ########### [01;31m[Kxzl[m[K finishDispatchCycle: 1.04ms since event, 0.46ms since dispatch
D/SurfaceFlinger(  117): <94191.38>  ----- [01;31m[Kxzl[m[K SurfaceFlinger::composeSurfaces compose done, prepare to swap fb ------
W/APP     (  749): [01;31m[Kxzl[m[K: ===> ev hits user code: <94194>  {94192} since event: 2 ms
D/InputDispatcher(  190): <94194.37> ########### [01;31m[Kxzl[m[K finishDispatchCycle: 1.37ms since event, 0.67ms since dispatch
D/SurfaceFlinger(  117): <94198.09>  ----- [01;31m[Kxzl[m[K SurfaceFlinger::composeSurfaces() swap fb done  ------
W/GLSurfaceView(  749): <94198>  --- [01;31m[Kxzl[m[K --- AFTER GLSurfaceView swap frame
W/GLSurfaceView(  749): <94198>  --- [01;31m[Kxzl[m[K --- BEFORE GLSurfaceView DrawFrame
W/APP     (  749): [01;31m[Kxzl[m[K: ===> entering onDrawFrame: <94198> 
W/APP     (  749): [01;31m[Kxzl[m[K: ===> done onDrawFrame: <94198> 
W/GLSurfaceView(  749): <94198>  --- [01;31m[Kxzl[m[K --- AFTER GLSurfaceView DrawFrame
W/GLSurfaceView(  749): <94198>  --- [01;31m[Kxzl[m[K --- BEFORE GLSurfaceView swap frame
D/SurfaceTextureClient(  749): <94200.74> [01;31m[Kxzl[m[K SurfaceTextureClient::queueBuffer
D/SurfaceFlinger(  117): <94200.84>  --- [01;31m[Kxzl[m[K Layer::onFrameQueued
W/APP     (  749): [01;31m[Kxzl[m[K: ===> ev hits user code: <94204>  {94202} since event: 2 ms
D/InputDispatcher(  190): <94204.56> ########### [01;31m[Kxzl[m[K finishDispatchCycle: 1.89ms since event, 1.04ms since dispatch
D/SurfaceFlinger(  117): <94208.34>  ----- [01;31m[Kxzl[m[K SurfaceFlinger::composeSurfaces compose done, prepare to swap fb ------
W/APP     (  749): [01;31m[Kxzl[m[K: ===> ev hits user code: <94213>  {94212} since event: 1 ms
D/InputDispatcher(  190): <94213.59> ########### [01;31m[Kxzl[m[K finishDispatchCycle: 1.37ms since event, 0.76ms since dispatch
D/SurfaceFlinger(  117): <94215.09>  ----- [01;31m[Kxzl[m[K SurfaceFlinger::composeSurfaces() swap fb done  ------
W/GLSurfaceView(  749): <94215>  --- [01;31m[Kxzl[m[K --- AFTER GLSurfaceView swap frame
W/GLSurfaceView(  749): <94215>  --- [01;31m[Kxzl[m[K --- BEFORE GLSurfaceView DrawFrame
W/APP     (  749): [01;31m[Kxzl[m[K: ===> entering onDrawFrame: <94215> 
W/APP     (  749): [01;31m[Kxzl[m[K: ===> done onDrawFrame: <94215> 
W/GLSurfaceView(  749): <94215>  --- [01;31m[Kxzl[m[K --- AFTER GLSurfaceView DrawFrame
W/GLSurfaceView(  749): <94215>  --- [01;31m[Kxzl[m[K --- BEFORE GLSurfaceView swap frame
D/SurfaceTextureClient(  749): <94215.97> [01;31m[Kxzl[m[K SurfaceTextureClient::queueBuffer
D/SurfaceFlinger(  117): <94216.04>  --- [01;31m[Kxzl[m[K Layer::onFrameQueued
W/APP     (  749): [01;31m[Kxzl[m[K: ===> ev hits user code: <94223>  {94222} since event: 1 ms
D/InputDispatcher(  190): <94223.75> ########### [01;31m[Kxzl[m[K finishDispatchCycle: 1.59ms since event, 0.92ms since dispatch
D/SurfaceFlinger(  117): <94225.27>  ----- [01;31m[Kxzl[m[K SurfaceFlinger::composeSurfaces compose done, prepare to swap fb ------
D/SurfaceFlinger(  117): <94231.99>  ----- [01;31m[Kxzl[m[K SurfaceFlinger::composeSurfaces() swap fb done  ------
W/GLSurfaceView(  749): <94232>  --- [01;31m[Kxzl[m[K --- AFTER GLSurfaceView swap frame
W/GLSurfaceView(  749): <94232>  --- [01;31m[Kxzl[m[K --- BEFORE GLSurfaceView DrawFrame
W/APP     (  749): [01;31m[Kxzl[m[K: ===> entering onDrawFrame: <94232> 
W/APP     (  749): [01;31m[Kxzl[m[K: ===> done onDrawFrame: <94232> 
W/GLSurfaceView(  749): <94232>  --- [01;31m[Kxzl[m[K --- AFTER GLSurfaceView DrawFrame
W/GLSurfaceView(  749): <94232>  --- [01;31m[Kxzl[m[K --- BEFORE GLSurfaceView swap frame
W/APP     (  749): [01;31m[Kxzl[m[K: ===> ev hits user code: <94233>  {94231} since event: 2 ms
D/SurfaceTextureClient(  749): <94233.03> [01;31m[Kxzl[m[K SurfaceTextureClient::queueBuffer
D/SurfaceFlinger(  117): <94233.12>  --- [01;31m[Kxzl[m[K Layer::onFrameQueued
D/InputDispatcher(  190): <94233.12> ########### [01;31m[Kxzl[m[K finishDispatchCycle: 1.53ms since event, 0.67ms since dispatch
D/SurfaceFlinger(  117): <94242.34>  ----- [01;31m[Kxzl[m[K SurfaceFlinger::composeSurfaces compose done, prepare to swap fb ------
W/APP     (  749): [01;31m[Kxzl[m[K: ===> ev hits user code: <94243>  {94241} since event: 2 ms
D/InputDispatcher(  190): <94243.41> ########### [01;31m[Kxzl[m[K finishDispatchCycle: 1.68ms since event, 0.67ms since dispatch
D/SurfaceFlinger(  117): <94249.36>  ----- [01;31m[Kxzl[m[K SurfaceFlinger::composeSurfaces() swap fb done  ------
W/GLSurfaceView(  749): <94249>  --- [01;31m[Kxzl[m[K --- AFTER GLSurfaceView swap frame
W/GLSurfaceView(  749): <94249>  --- [01;31m[Kxzl[m[K --- BEFORE GLSurfaceView DrawFrame
W/APP     (  749): [01;31m[Kxzl[m[K: ===> entering onDrawFrame: <94249> 
W/APP     (  749): [01;31m[Kxzl[m[K: ===> done onDrawFrame: <94249> 
W/GLSurfaceView(  749): <94250>  --- [01;31m[Kxzl[m[K --- AFTER GLSurfaceView DrawFrame
W/APP     (  749): [01;31m[Kxzl[m[K: ===> ev hits user code: <94252>  {94251} since event: 1 ms
D/InputDispatcher(  190): <94252.84> ########### [01;31m[Kxzl[m[K finishDispatchCycle: 1.37ms since event, 0.64ms since dispatch
W/GLSurfaceView(  749): <94251>  --- [01;31m[Kxzl[m[K --- BEFORE GLSurfaceView swap frame
D/SurfaceTextureClient(  749): <94253.54> [01;31m[Kxzl[m[K SurfaceTextureClient::queueBuffer
D/SurfaceFlinger(  117): <94253.63>  --- [01;31m[Kxzl[m[K Layer::onFrameQueued
D/SurfaceFlinger(  117): <94261.27>  ----- [01;31m[Kxzl[m[K SurfaceFlinger::composeSurfaces compose done, prepare to swap fb ------
W/APP     (  749): [01;31m[Kxzl[m[K: ===> ev hits user code: <94262>  {94261} since event: 1 ms
D/InputDispatcher(  190): <94262.82> ########### [01;31m[Kxzl[m[K finishDispatchCycle: 1.59ms since event, 0.70ms since dispatch
D/SurfaceFlinger(  117): <94265.93>  ----- [01;31m[Kxzl[m[K SurfaceFlinger::composeSurfaces() swap fb done  ------
W/GLSurfaceView(  749): <94266>  --- [01;31m[Kxzl[m[K --- AFTER GLSurfaceView swap frame
W/GLSurfaceView(  749): <94266>  --- [01;31m[Kxzl[m[K --- BEFORE GLSurfaceView DrawFrame
W/APP     (  749): [01;31m[Kxzl[m[K: ===> entering onDrawFrame: <94266> 
W/APP     (  749): [01;31m[Kxzl[m[K: ===> done onDrawFrame: <94266> 
W/GLSurfaceView(  749): <94266>  --- [01;31m[Kxzl[m[K --- AFTER GLSurfaceView DrawFrame
W/GLSurfaceView(  749): <94266>  --- [01;31m[Kxzl[m[K --- BEFORE GLSurfaceView swap frame
D/SurfaceTextureClient(  749): <94266.93> [01;31m[Kxzl[m[K SurfaceTextureClient::queueBuffer
D/SurfaceFlinger(  117): <94267.05>  --- [01;31m[Kxzl[m[K Layer::onFrameQueued
W/APP     (  749): [01;31m[Kxzl[m[K: ===> ev hits user code: <94272>  {94270} since event: 2 ms
D/InputDispatcher(  190): <94272.34> ########### [01;31m[Kxzl[m[K finishDispatchCycle: 1.46ms since event, 0.58ms since dispatch
D/SurfaceFlinger(  117): <94276.18>  ----- [01;31m[Kxzl[m[K SurfaceFlinger::composeSurfaces compose done, prepare to swap fb ------
W/APP     (  749): [01;31m[Kxzl[m[K: ===> ev hits user code: <94281>  {94280} since event: 1 ms
D/InputDispatcher(  190): <94282.07> ########### [01;31m[Kxzl[m[K finishDispatchCycle: 1.43ms since event, 0.58ms since dispatch
D/SurfaceFlinger(  117): <94282.87>  ----- [01;31m[Kxzl[m[K SurfaceFlinger::composeSurfaces() swap fb done  ------
W/GLSurfaceView(  749): <94283>  --- [01;31m[Kxzl[m[K --- AFTER GLSurfaceView swap frame
W/GLSurfaceView(  749): <94283>  --- [01;31m[Kxzl[m[K --- BEFORE GLSurfaceView DrawFrame
W/APP     (  749): [01;31m[Kxzl[m[K: ===> entering onDrawFrame: <94283> 
W/APP     (  749): [01;31m[Kxzl[m[K: ===> done onDrawFrame: <94283> 
W/GLSurfaceView(  749): <94283>  --- [01;31m[Kxzl[m[K --- AFTER GLSurfaceView DrawFrame
W/GLSurfaceView(  749): <94283>  --- [01;31m[Kxzl[m[K --- BEFORE GLSurfaceView swap frame
D/SurfaceTextureClient(  749): <94283.93> [01;31m[Kxzl[m[K SurfaceTextureClient::queueBuffer
D/SurfaceFlinger(  117): <94284.03>  --- [01;31m[Kxzl[m[K Layer::onFrameQueued
W/APP     (  749): [01;31m[Kxzl[m[K: ===> ev hits user code: <94291>  {94290} since event: 1 ms
D/InputDispatcher(  190): <94291.75> ########### [01;31m[Kxzl[m[K finishDispatchCycle: 1.44ms since event, 0.76ms since dispatch
D/SurfaceFlinger(  117): <94293.09>  ----- [01;31m[Kxzl[m[K SurfaceFlinger::composeSurfaces compose done, prepare to swap fb ------
D/SurfaceFlinger(  117): <94300.16>  ----- [01;31m[Kxzl[m[K SurfaceFlinger::composeSurfaces() swap fb done  ------
W/GLSurfaceView(  749): <94300>  --- [01;31m[Kxzl[m[K --- AFTER GLSurfaceView swap frame
W/GLSurfaceView(  749): <94300>  --- [01;31m[Kxzl[m[K --- BEFORE GLSurfaceView DrawFrame
W/APP     (  749): [01;31m[Kxzl[m[K: ===> entering onDrawFrame: <94300> 
W/APP     (  749): [01;31m[Kxzl[m[K: ===> done onDrawFrame: <94300> 
W/GLSurfaceView(  749): <94300>  --- [01;31m[Kxzl[m[K --- AFTER GLSurfaceView DrawFrame
W/GLSurfaceView(  749): <94300>  --- [01;31m[Kxzl[m[K --- BEFORE GLSurfaceView swap frame
D/SurfaceTextureClient(  749): <94301.24> [01;31m[Kxzl[m[K SurfaceTextureClient::queueBuffer
D/SurfaceFlinger(  117): <94301.33>  --- [01;31m[Kxzl[m[K Layer::onFrameQueued
W/APP     (  749): [01;31m[Kxzl[m[K: ===> ev hits user code: <94301>  {94300} since event: 1 ms
D/InputDispatcher(  190): <94301.94> ########### [01;31m[Kxzl[m[K finishDispatchCycle: 1.80ms since event, 0.64ms since dispatch
D/SurfaceFlinger(  117): <94310.52>  ----- [01;31m[Kxzl[m[K SurfaceFlinger::composeSurfaces compose done, prepare to swap fb ------
W/APP     (  749): [01;31m[Kxzl[m[K: ===> ev hits user code: <94310>  {94309} since event: 1 ms
D/InputDispatcher(  190): <94310.85> ########### [01;31m[Kxzl[m[K finishDispatchCycle: 1.04ms since event, 0.40ms since dispatch
D/SurfaceFlinger(  117): <94317.50>  ----- [01;31m[Kxzl[m[K SurfaceFlinger::composeSurfaces() swap fb done  ------
W/GLSurfaceView(  749): <94317>  --- [01;31m[Kxzl[m[K --- AFTER GLSurfaceView swap frame
W/GLSurfaceView(  749): <94317>  --- [01;31m[Kxzl[m[K --- BEFORE GLSurfaceView DrawFrame
W/APP     (  749): [01;31m[Kxzl[m[K: ===> entering onDrawFrame: <94317> 
W/APP     (  749): [01;31m[Kxzl[m[K: ===> done onDrawFrame: <94317> 
W/GLSurfaceView(  749): <94318>  --- [01;31m[Kxzl[m[K --- AFTER GLSurfaceView DrawFrame
W/GLSurfaceView(  749): <94318>  --- [01;31m[Kxzl[m[K --- BEFORE GLSurfaceView swap frame
D/SurfaceTextureClient(  749): <94319.18> [01;31m[Kxzl[m[K SurfaceTextureClient::queueBuffer
D/SurfaceFlinger(  117): <94319.27>  --- [01;31m[Kxzl[m[K Layer::onFrameQueued
W/APP     (  749): [01;31m[Kxzl[m[K: ===> ev hits user code: <94320>  {94319} since event: 1 ms
D/InputDispatcher(  190): <94320.62> ########### [01;31m[Kxzl[m[K finishDispatchCycle: 1.13ms since event, 0.49ms since dispatch
D/SurfaceFlinger(  117): <94329.31>  ----- [01;31m[Kxzl[m[K SurfaceFlinger::composeSurfaces compose done, prepare to swap fb ------
W/APP     (  749): [01;31m[Kxzl[m[K: ===> ev hits user code: <94330>  {94329} since event: 1 ms
D/InputDispatcher(  190): <94330.50> ########### [01;31m[Kxzl[m[K finishDispatchCycle: 1.25ms since event, 0.61ms since dispatch
D/SurfaceFlinger(  117): <94333.74>  ----- [01;31m[Kxzl[m[K SurfaceFlinger::composeSurfaces() swap fb done  ------
W/GLSurfaceView(  749): <94333>  --- [01;31m[Kxzl[m[K --- AFTER GLSurfaceView swap frame
W/GLSurfaceView(  749): <94334>  --- [01;31m[Kxzl[m[K --- BEFORE GLSurfaceView DrawFrame
W/APP     (  749): [01;31m[Kxzl[m[K: ===> entering onDrawFrame: <94334> 
W/APP     (  749): [01;31m[Kxzl[m[K: ===> done onDrawFrame: <94334> 
W/GLSurfaceView(  749): <94334>  --- [01;31m[Kxzl[m[K --- AFTER GLSurfaceView DrawFrame
W/GLSurfaceView(  749): <94334>  --- [01;31m[Kxzl[m[K --- BEFORE GLSurfaceView swap frame
D/SurfaceTextureClient(  749): <94334.87> [01;31m[Kxzl[m[K SurfaceTextureClient::queueBuffer
D/SurfaceFlinger(  117): <94334.96>  --- [01;31m[Kxzl[m[K Layer::onFrameQueued
W/APP     (  749): [01;31m[Kxzl[m[K: ===> ev hits user code: <94340>  {94338} since event: 2 ms
D/InputDispatcher(  190): <94340.21> ########### [01;31m[Kxzl[m[K finishDispatchCycle: 1.22ms since event, 0.55ms since dispatch
D/SurfaceFlinger(  117): <94344.51>  ----- [01;31m[Kxzl[m[K SurfaceFlinger::composeSurfaces compose done, prepare to swap fb ------
W/APP     (  749): [01;31m[Kxzl[m[K: ===> ev hits user code: <94349>  {94348} since event: 1 ms
D/InputDispatcher(  190): <94350.03> ########### [01;31m[Kxzl[m[K finishDispatchCycle: 1.31ms since event, 0.61ms since dispatch
D/SurfaceFlinger(  117): <94350.70>  ----- [01;31m[Kxzl[m[K SurfaceFlinger::composeSurfaces() swap fb done  ------
W/GLSurfaceView(  749): <94350>  --- [01;31m[Kxzl[m[K --- AFTER GLSurfaceView swap frame
W/GLSurfaceView(  749): <94351>  --- [01;31m[Kxzl[m[K --- BEFORE GLSurfaceView DrawFrame
W/APP     (  749): [01;31m[Kxzl[m[K: ===> entering onDrawFrame: <94351> 
W/APP     (  749): [01;31m[Kxzl[m[K: ===> done onDrawFrame: <94351> 
W/GLSurfaceView(  749): <94351>  --- [01;31m[Kxzl[m[K --- AFTER GLSurfaceView DrawFrame
W/GLSurfaceView(  749): <94351>  --- [01;31m[Kxzl[m[K --- BEFORE GLSurfaceView swap frame
D/SurfaceTextureClient(  749): <94351.81> [01;31m[Kxzl[m[K SurfaceTextureClient::queueBuffer
D/SurfaceFlinger(  117): <94351.92>  --- [01;31m[Kxzl[m[K Layer::onFrameQueued
W/APP     (  749): [01;31m[Kxzl[m[K: ===> ev hits user code: <94359>  {94358} since event: 1 ms
D/InputDispatcher(  190): <94360.08> ########### [01;31m[Kxzl[m[K finishDispatchCycle: 1.53ms since event, 0.79ms since dispatch
D/SurfaceFlinger(  117): <94360.93>  ----- [01;31m[Kxzl[m[K SurfaceFlinger::composeSurfaces compose done, prepare to swap fb ------
D/SurfaceFlinger(  117): <94368.23>  ----- [01;31m[Kxzl[m[K SurfaceFlinger::composeSurfaces() swap fb done  ------
W/GLSurfaceView(  749): <94368>  --- [01;31m[Kxzl[m[K --- AFTER GLSurfaceView swap frame
W/GLSurfaceView(  749): <94368>  --- [01;31m[Kxzl[m[K --- BEFORE GLSurfaceView DrawFrame
W/APP     (  749): [01;31m[Kxzl[m[K: ===> entering onDrawFrame: <94368> 
W/APP     (  749): [01;31m[Kxzl[m[K: ===> ev hits user code: <94369>  {94368} since event: 1 ms
D/InputDispatcher(  190): <94369.29> ########### [01;31m[Kxzl[m[K finishDispatchCycle: 1.10ms since event, 0.46ms since dispatch
W/APP     (  749): [01;31m[Kxzl[m[K: ===> done onDrawFrame: <94368> 
W/GLSurfaceView(  749): <94369>  --- [01;31m[Kxzl[m[K --- AFTER GLSurfaceView DrawFrame
W/GLSurfaceView(  749): <94369>  --- [01;31m[Kxzl[m[K --- BEFORE GLSurfaceView swap frame
D/SurfaceTextureClient(  749): <94369.93> [01;31m[Kxzl[m[K SurfaceTextureClient::queueBuffer
D/SurfaceFlinger(  117): <94370.00>  --- [01;31m[Kxzl[m[K Layer::onFrameQueued
D/SurfaceFlinger(  117): <94378.41>  ----- [01;31m[Kxzl[m[K SurfaceFlinger::composeSurfaces compose done, prepare to swap fb ------
W/APP     (  749): [01;31m[Kxzl[m[K: ===> ev hits user code: <94378>  {94377} since event: 1 ms
D/InputDispatcher(  190): <94378.91> ########### [01;31m[Kxzl[m[K finishDispatchCycle: 1.10ms since event, 0.55ms since dispatch
D/SurfaceFlinger(  117): <94385.77>  ----- [01;31m[Kxzl[m[K SurfaceFlinger::composeSurfaces() swap fb done  ------
W/GLSurfaceView(  749): <94385>  --- [01;31m[Kxzl[m[K --- AFTER GLSurfaceView swap frame
W/GLSurfaceView(  749): <94385>  --- [01;31m[Kxzl[m[K --- BEFORE GLSurfaceView DrawFrame
W/APP     (  749): [01;31m[Kxzl[m[K: ===> entering onDrawFrame: <94386> 
W/APP     (  749): [01;31m[Kxzl[m[K: ===> done onDrawFrame: <94386> 
W/GLSurfaceView(  749): <94386>  --- [01;31m[Kxzl[m[K --- AFTER GLSurfaceView DrawFrame
W/GLSurfaceView(  749): <94386>  --- [01;31m[Kxzl[m[K --- BEFORE GLSurfaceView swap frame
D/SurfaceTextureClient(  749): <94386.47> [01;31m[Kxzl[m[K SurfaceTextureClient::queueBuffer
D/SurfaceFlinger(  117): <94386.54>  --- [01;31m[Kxzl[m[K Layer::onFrameQueued
W/APP     (  749): [01;31m[Kxzl[m[K: ===> ev hits user code: <94388>  {94387} since event: 1 ms
D/InputDispatcher(  190): <94388.85> ########### [01;31m[Kxzl[m[K finishDispatchCycle: 1.16ms since event, 0.58ms since dispatch
D/SurfaceFlinger(  117): <94396.00>  ----- [01;31m[Kxzl[m[K SurfaceFlinger::composeSurfaces compose done, prepare to swap fb ------
W/APP     (  749): [01;31m[Kxzl[m[K: ===> ev hits user code: <94398>  {94397} since event: 1 ms
D/InputDispatcher(  190): <94398.87> ########### [01;31m[Kxzl[m[K finishDispatchCycle: 1.31ms since event, 0.61ms since dispatch
D/SurfaceFlinger(  117): <94401.58>  ----- [01;31m[Kxzl[m[K SurfaceFlinger::composeSurfaces() swap fb done  ------
W/GLSurfaceView(  749): <94401>  --- [01;31m[Kxzl[m[K --- AFTER GLSurfaceView swap frame
W/GLSurfaceView(  749): <94401>  --- [01;31m[Kxzl[m[K --- BEFORE GLSurfaceView DrawFrame
W/APP     (  749): [01;31m[Kxzl[m[K: ===> entering onDrawFrame: <94402> 
W/APP     (  749): [01;31m[Kxzl[m[K: ===> done onDrawFrame: <94402> 
W/GLSurfaceView(  749): <94402>  --- [01;31m[Kxzl[m[K --- AFTER GLSurfaceView DrawFrame
W/GLSurfaceView(  749): <94402>  --- [01;31m[Kxzl[m[K --- BEFORE GLSurfaceView swap frame
D/SurfaceTextureClient(  749): <94402.68> [01;31m[Kxzl[m[K SurfaceTextureClient::queueBuffer
D/SurfaceFlinger(  117): <94402.80>  --- [01;31m[Kxzl[m[K Layer::onFrameQueued
W/APP     (  749): [01;31m[Kxzl[m[K: ===> ev hits user code: <94408>  {94407} since event: 1 ms
D/InputDispatcher(  190): <94408.57> ########### [01;31m[Kxzl[m[K finishDispatchCycle: 1.22ms since event, 0.52ms since dispatch
D/SurfaceFlinger(  117): <94411.90>  ----- [01;31m[Kxzl[m[K SurfaceFlinger::composeSurfaces compose done, prepare to swap fb ------
W/APP     (  749): [01;31m[Kxzl[m[K: ===> ev hits user code: <94418>  {94417} since event: 1 ms
D/InputDispatcher(  190): <94418.18> ########### [01;31m[Kxzl[m[K finishDispatchCycle: 1.19ms since event, 0.52ms since dispatch
D/SurfaceFlinger(  117): <94418.55>  ----- [01;31m[Kxzl[m[K SurfaceFlinger::composeSurfaces() swap fb done  ------
W/GLSurfaceView(  749): <94418>  --- [01;31m[Kxzl[m[K --- AFTER GLSurfaceView swap frame
W/GLSurfaceView(  749): <94418>  --- [01;31m[Kxzl[m[K --- BEFORE GLSurfaceView DrawFrame
W/APP     (  749): [01;31m[Kxzl[m[K: ===> entering onDrawFrame: <94418> 
W/APP     (  749): [01;31m[Kxzl[m[K: ===> done onDrawFrame: <94418> 
W/GLSurfaceView(  749): <94419>  --- [01;31m[Kxzl[m[K --- AFTER GLSurfaceView DrawFrame
W/GLSurfaceView(  749): <94419>  --- [01;31m[Kxzl[m[K --- BEFORE GLSurfaceView swap frame
D/SurfaceTextureClient(  749): <94419.62> [01;31m[Kxzl[m[K SurfaceTextureClient::queueBuffer
D/SurfaceFlinger(  117): <94419.74>  --- [01;31m[Kxzl[m[K Layer::onFrameQueued
W/APP     (  749): [01;31m[Kxzl[m[K: ===> ev hits user code: <94427>  {94426} since event: 1 ms
D/InputDispatcher(  190): <94428.16> ########### [01;31m[Kxzl[m[K finishDispatchCycle: 1.34ms since event, 0.64ms since dispatch
D/SurfaceFlinger(  117): <94428.80>  ----- [01;31m[Kxzl[m[K SurfaceFlinger::composeSurfaces compose done, prepare to swap fb ------
D/SurfaceFlinger(  117): <94436.65>  ----- [01;31m[Kxzl[m[K SurfaceFlinger::composeSurfaces() swap fb done  ------
W/GLSurfaceView(  749): <94436>  --- [01;31m[Kxzl[m[K --- AFTER GLSurfaceView swap frame
W/GLSurfaceView(  749): <94436>  --- [01;31m[Kxzl[m[K --- BEFORE GLSurfaceView DrawFrame
W/APP     (  749): [01;31m[Kxzl[m[K: ===> entering onDrawFrame: <94437> 
W/APP     (  749): [01;31m[Kxzl[m[K: ===> done onDrawFrame: <94437> 
W/GLSurfaceView(  749): <94437>  --- [01;31m[Kxzl[m[K --- AFTER GLSurfaceView DrawFrame
W/GLSurfaceView(  749): <94437>  --- [01;31m[Kxzl[m[K --- BEFORE GLSurfaceView swap frame
W/APP     (  749): [01;31m[Kxzl[m[K: ===> ev hits user code: <94437>  {94436} since event: 1 ms
D/InputDispatcher(  190): <94438.05> ########### [01;31m[Kxzl[m[K finishDispatchCycle: 1.44ms since event, 0.49ms since dispatch
D/SurfaceTextureClient(  749): <94438.14> [01;31m[Kxzl[m[K SurfaceTextureClient::queueBuffer
D/SurfaceFlinger(  117): <94438.26>  --- [01;31m[Kxzl[m[K Layer::onFrameQueued
