W/APP     ( 2409): [01;31m[Kxzl[m[K: ===> ev hits user code: <168323027>  {168323005} since event: 22 ms
D/InputDispatcher(  190): <168323024.00> ########### [01;31m[Kxzl[m[K finishDispatchCycle: 22.49ms since event, 20.08ms since dispatch
W/APP     ( 2409): [01;31m[Kxzl[m[K: ===> ev hits user code: <168323029>  {168323027} since event: 2 ms
W/GLSurfaceView( 2409): <168323030>  --- [01;31m[Kxzl[m[K --- BEFORE GLSurfaceView DrawFrame
D/InputDispatcher(  190): <168323040.00> ########### [01;31m[Kxzl[m[K finishDispatchCycle: 14.01ms since event, 2.99ms since dispatch
W/APP     ( 2409): [01;31m[Kxzl[m[K: ===> ev hits user code: <168323037>  {168323034} since event: 3 ms
D/InputDispatcher(  190): <168323040.00> ########### [01;31m[Kxzl[m[K finishDispatchCycle: 3.45ms since event, 2.90ms since dispatch
W/APP     ( 2409): [01;31m[Kxzl[m[K: ===> entering onDrawFrame: <168323040> 
W/APP     ( 2409): [01;31m[Kxzl[m[K: ===> done onDrawFrame: <168323040> 
W/GLSurfaceView( 2409): <168323043>  --- [01;31m[Kxzl[m[K --- AFTER GLSurfaceView DrawFrame
W/GLSurfaceView( 2409): <168323043>  --- [01;31m[Kxzl[m[K --- BEFORE GLSurfaceView swap frame
D/SurfaceTextureClient( 2409): <168323040.00> [01;31m[Kxzl[m[K SurfaceTextureClient::queueBuffer
D/SurfaceFlinger(  117): <168323040.00>  --- [01;31m[Kxzl[m[K Layer::onFrameQueued
W/GLSurfaceView( 2409): <168323046>  --- [01;31m[Kxzl[m[K --- AFTER GLSurfaceView swap frame
W/GLSurfaceView( 2409): <168323047>  --- [01;31m[Kxzl[m[K --- BEFORE GLSurfaceView DrawFrame
W/APP     ( 2409): [01;31m[Kxzl[m[K: ===> ev hits user code: <168323049>  {168323043} since event: 6 ms
D/InputDispatcher(  190): <168323056.00> ########### [01;31m[Kxzl[m[K finishDispatchCycle: 5.83ms since event, 5.28ms since dispatch
D/SurfaceFlinger(  117): <168323056.00>  ----- [01;31m[Kxzl[m[K SurfaceFlinger::composeSurfaces compose done, prepare to swap fb ------
D/SurfaceFlinger(  117): <168323056.00>  ----- [01;31m[Kxzl[m[K SurfaceFlinger::composeSurfaces() swap fb done  ------
W/APP     ( 2409): [01;31m[Kxzl[m[K: ===> entering onDrawFrame: <168323058> 
W/APP     ( 2409): [01;31m[Kxzl[m[K: ===> done onDrawFrame: <168323058> 
W/APP     ( 2409): [01;31m[Kxzl[m[K: ===> ev hits user code: <168323060>  {168323053} since event: 7 ms
D/InputDispatcher(  190): <168323056.00> ########### [01;31m[Kxzl[m[K finishDispatchCycle: 8.00ms since event, 7.45ms since dispatch
W/GLSurfaceView( 2409): <168323060>  --- [01;31m[Kxzl[m[K --- AFTER GLSurfaceView DrawFrame
W/GLSurfaceView( 2409): <168323063>  --- [01;31m[Kxzl[m[K --- BEFORE GLSurfaceView swap frame
D/SurfaceTextureClient( 2409): <168323072.00> [01;31m[Kxzl[m[K SurfaceTextureClient::queueBuffer
D/SurfaceFlinger(  117): <168323072.00>  --- [01;31m[Kxzl[m[K Layer::onFrameQueued
W/APP     ( 2409): [01;31m[Kxzl[m[K: ===> ev hits user code: <168323068>  {168323063} since event: 5 ms
W/GLSurfaceView( 2409): <168323070>  --- [01;31m[Kxzl[m[K --- AFTER GLSurfaceView swap frame
D/InputDispatcher(  190): <168323072.00> ########### [01;31m[Kxzl[m[K finishDispatchCycle: 7.42ms since event, 6.81ms since dispatch
W/GLSurfaceView( 2409): <168323071>  --- [01;31m[Kxzl[m[K --- BEFORE GLSurfaceView DrawFrame
W/APP     ( 2409): [01;31m[Kxzl[m[K: ===> ev hits user code: <168323076>  {168323073} since event: 3 ms
D/InputDispatcher(  190): <168323072.00> ########### [01;31m[Kxzl[m[K finishDispatchCycle: 3.54ms since event, 2.99ms since dispatch
D/SurfaceFlinger(  117): <168323072.00>  ----- [01;31m[Kxzl[m[K SurfaceFlinger::composeSurfaces compose done, prepare to swap fb ------
W/APP     ( 2409): [01;31m[Kxzl[m[K: ===> entering onDrawFrame: <168323082> 
W/APP     ( 2409): [01;31m[Kxzl[m[K: ===> done onDrawFrame: <168323082> 
W/GLSurfaceView( 2409): <168323083>  --- [01;31m[Kxzl[m[K --- AFTER GLSurfaceView DrawFrame
W/GLSurfaceView( 2409): <168323085>  --- [01;31m[Kxzl[m[K --- BEFORE GLSurfaceView swap frame
D/SurfaceTextureClient( 2409): <168323088.00> [01;31m[Kxzl[m[K SurfaceTextureClient::queueBuffer
D/SurfaceFlinger(  117): <168323088.00>  --- [01;31m[Kxzl[m[K Layer::onFrameQueued
W/APP     ( 2409): [01;31m[Kxzl[m[K: ===> ev hits user code: <168323088>  {168323083} since event: 5 ms
D/InputDispatcher(  190): <168323088.00> ########### [01;31m[Kxzl[m[K finishDispatchCycle: 5.52ms since event, 4.97ms since dispatch
D/SurfaceFlinger(  117): <168323088.00>  ----- [01;31m[Kxzl[m[K SurfaceFlinger::composeSurfaces() swap fb done  ------
W/GLSurfaceView( 2409): <168323092>  --- [01;31m[Kxzl[m[K --- AFTER GLSurfaceView swap frame
W/GLSurfaceView( 2409): <168323095>  --- [01;31m[Kxzl[m[K --- BEFORE GLSurfaceView DrawFrame
W/APP     ( 2409): [01;31m[Kxzl[m[K: ===> ev hits user code: <168323096>  {168323092} since event: 4 ms
D/InputDispatcher(  190): <168323088.00> ########### [01;31m[Kxzl[m[K finishDispatchCycle: 4.94ms since event, 4.36ms since dispatch
D/SurfaceFlinger(  117): <168323104.00>  ----- [01;31m[Kxzl[m[K SurfaceFlinger::composeSurfaces compose done, prepare to swap fb ------
W/APP     ( 2409): [01;31m[Kxzl[m[K: ===> entering onDrawFrame: <168323107> 
D/SurfaceFlinger(  117): <168323104.00>  ----- [01;31m[Kxzl[m[K SurfaceFlinger::composeSurfaces() swap fb done  ------
W/APP     ( 2409): [01;31m[Kxzl[m[K: ===> done onDrawFrame: <168323107> 
W/APP     ( 2409): [01;31m[Kxzl[m[K: ===> ev hits user code: <168323111>  {168323104} since event: 7 ms
D/InputDispatcher(  190): <168323104.00> ########### [01;31m[Kxzl[m[K finishDispatchCycle: 7.45ms since event, 6.56ms since dispatch
W/GLSurfaceView( 2409): <168323112>  --- [01;31m[Kxzl[m[K --- AFTER GLSurfaceView DrawFrame
W/GLSurfaceView( 2409): <168323113>  --- [01;31m[Kxzl[m[K --- BEFORE GLSurfaceView swap frame
W/APP     ( 2409): [01;31m[Kxzl[m[K: ===> ev hits user code: <168323117>  {168323114} since event: 3 ms
D/SurfaceTextureClient( 2409): <168323120.00> [01;31m[Kxzl[m[K SurfaceTextureClient::queueBuffer
D/SurfaceFlinger(  117): <168323120.00>  --- [01;31m[Kxzl[m[K Layer::onFrameQueued
W/GLSurfaceView( 2409): <168323119>  --- [01;31m[Kxzl[m[K --- AFTER GLSurfaceView swap frame
W/GLSurfaceView( 2409): <168323119>  --- [01;31m[Kxzl[m[K --- BEFORE GLSurfaceView DrawFrame
D/InputDispatcher(  190): <168323120.00> ########### [01;31m[Kxzl[m[K finishDispatchCycle: 6.65ms since event, 5.95ms since dispatch
W/APP     ( 2409): [01;31m[Kxzl[m[K: ===> ev hits user code: <168323127>  {168323123} since event: 4 ms
D/InputDispatcher(  190): <168323120.00> ########### [01;31m[Kxzl[m[K finishDispatchCycle: 4.70ms since event, 3.78ms since dispatch
D/SurfaceFlinger(  117): <168323120.00>  ----- [01;31m[Kxzl[m[K SurfaceFlinger::composeSurfaces compose done, prepare to swap fb ------
W/APP     ( 2409): [01;31m[Kxzl[m[K: ===> entering onDrawFrame: <168323130> 
W/APP     ( 2409): [01;31m[Kxzl[m[K: ===> done onDrawFrame: <168323130> 
W/GLSurfaceView( 2409): <168323131>  --- [01;31m[Kxzl[m[K --- AFTER GLSurfaceView DrawFrame
W/GLSurfaceView( 2409): <168323131>  --- [01;31m[Kxzl[m[K --- BEFORE GLSurfaceView swap frame
D/SurfaceTextureClient( 2409): <168323136.00> [01;31m[Kxzl[m[K SurfaceTextureClient::queueBuffer
D/SurfaceFlinger(  117): <168323136.00>  --- [01;31m[Kxzl[m[K Layer::onFrameQueued
W/APP     ( 2409): [01;31m[Kxzl[m[K: ===> ev hits user code: <168323136>  {168323133} since event: 3 ms
D/InputDispatcher(  190): <168323136.00> ########### [01;31m[Kxzl[m[K finishDispatchCycle: 4.15ms since event, 3.48ms since dispatch
D/SurfaceFlinger(  117): <168323136.00>  ----- [01;31m[Kxzl[m[K SurfaceFlinger::composeSurfaces() swap fb done  ------
W/GLSurfaceView( 2409): <168323143>  --- [01;31m[Kxzl[m[K --- AFTER GLSurfaceView swap frame
W/GLSurfaceView( 2409): <168323144>  --- [01;31m[Kxzl[m[K --- BEFORE GLSurfaceView DrawFrame
W/APP     ( 2409): [01;31m[Kxzl[m[K: ===> ev hits user code: <168323147>  {168323143} since event: 4 ms
D/InputDispatcher(  190): <168323136.00> ########### [01;31m[Kxzl[m[K finishDispatchCycle: 5.16ms since event, 4.39ms since dispatch
D/SurfaceFlinger(  117): <168323152.00>  ----- [01;31m[Kxzl[m[K SurfaceFlinger::composeSurfaces compose done, prepare to swap fb ------
W/APP     ( 2409): [01;31m[Kxzl[m[K: ===> entering onDrawFrame: <168323154> 
W/APP     ( 2409): [01;31m[Kxzl[m[K: ===> done onDrawFrame: <168323154> 
W/GLSurfaceView( 2409): <168323155>  --- [01;31m[Kxzl[m[K --- AFTER GLSurfaceView DrawFrame
W/GLSurfaceView( 2409): <168323155>  --- [01;31m[Kxzl[m[K --- BEFORE GLSurfaceView swap frame
D/SurfaceTextureClient( 2409): <168323152.00> [01;31m[Kxzl[m[K SurfaceTextureClient::queueBuffer
D/SurfaceFlinger(  117): <168323152.00>  --- [01;31m[Kxzl[m[K Layer::onFrameQueued
W/APP     ( 2409): [01;31m[Kxzl[m[K: ===> ev hits user code: <168323158>  {168323152} since event: 6 ms
D/InputDispatcher(  190): <168323152.00> ########### [01;31m[Kxzl[m[K finishDispatchCycle: 6.38ms since event, 5.80ms since dispatch
D/SurfaceFlinger(  117): <168323152.00>  ----- [01;31m[Kxzl[m[K SurfaceFlinger::composeSurfaces() swap fb done  ------
W/GLSurfaceView( 2409): <168323161>  --- [01;31m[Kxzl[m[K --- AFTER GLSurfaceView swap frame
W/GLSurfaceView( 2409): <168323163>  --- [01;31m[Kxzl[m[K --- BEFORE GLSurfaceView DrawFrame
W/APP     ( 2409): [01;31m[Kxzl[m[K: ===> ev hits user code: <168323166>  {168323162} since event: 4 ms
D/InputDispatcher(  190): <168323168.00> ########### [01;31m[Kxzl[m[K finishDispatchCycle: 4.76ms since event, 4.00ms since dispatch
D/SurfaceFlinger(  117): <168323168.00>  ----- [01;31m[Kxzl[m[K SurfaceFlinger::composeSurfaces compose done, prepare to swap fb ------
W/APP     ( 2409): [01;31m[Kxzl[m[K: ===> entering onDrawFrame: <168323173> 
W/APP     ( 2409): [01;31m[Kxzl[m[K: ===> done onDrawFrame: <168323173> 
W/GLSurfaceView( 2409): <168323175>  --- [01;31m[Kxzl[m[K --- AFTER GLSurfaceView DrawFrame
D/SurfaceFlinger(  117): <168323168.00>  ----- [01;31m[Kxzl[m[K SurfaceFlinger::composeSurfaces() swap fb done  ------
W/GLSurfaceView( 2409): <168323176>  --- [01;31m[Kxzl[m[K --- BEFORE GLSurfaceView swap frame
D/SurfaceTextureClient( 2409): <168323184.00> [01;31m[Kxzl[m[K SurfaceTextureClient::queueBuffer
D/SurfaceFlinger(  117): <168323184.00>  --- [01;31m[Kxzl[m[K Layer::onFrameQueued
W/APP     ( 2409): [01;31m[Kxzl[m[K: ===> ev hits user code: <168323184>  {168323172} since event: 12 ms
D/InputDispatcher(  190): <168323184.00> ########### [01;31m[Kxzl[m[K finishDispatchCycle: 13.34ms since event, 12.24ms since dispatch
W/APP     ( 2409): [01;31m[Kxzl[m[K: ===> ev hits user code: <168323188>  {168323182} since event: 6 ms
D/InputDispatcher(  190): <168323184.00> ########### [01;31m[Kxzl[m[K finishDispatchCycle: 7.54ms since event, 3.94ms since dispatch
W/GLSurfaceView( 2409): <168323187>  --- [01;31m[Kxzl[m[K --- AFTER GLSurfaceView swap frame
W/GLSurfaceView( 2409): <168323189>  --- [01;31m[Kxzl[m[K --- BEFORE GLSurfaceView DrawFrame
W/APP     ( 2409): [01;31m[Kxzl[m[K: ===> ev hits user code: <168323194>  {168323191} since event: 3 ms
D/SurfaceFlinger(  117): <168323184.00>  ----- [01;31m[Kxzl[m[K SurfaceFlinger::composeSurfaces compose done, prepare to swap fb ------
D/InputDispatcher(  190): <168323184.00> ########### [01;31m[Kxzl[m[K finishDispatchCycle: 3.78ms since event, 3.11ms since dispatch
W/APP     ( 2409): [01;31m[Kxzl[m[K: ===> entering onDrawFrame: <168323200> 
W/APP     ( 2409): [01;31m[Kxzl[m[K: ===> done onDrawFrame: <168323200> 
W/GLSurfaceView( 2409): <168323200>  --- [01;31m[Kxzl[m[K --- AFTER GLSurfaceView DrawFrame
W/GLSurfaceView( 2409): <168323201>  --- [01;31m[Kxzl[m[K --- BEFORE GLSurfaceView swap frame
D/SurfaceTextureClient( 2409): <168323200.00> [01;31m[Kxzl[m[K SurfaceTextureClient::queueBuffer
D/SurfaceFlinger(  117): <168323200.00>  --- [01;31m[Kxzl[m[K Layer::onFrameQueued
W/APP     ( 2409): [01;31m[Kxzl[m[K: ===> ev hits user code: <168323203>  {168323201} since event: 2 ms
D/InputDispatcher(  190): <168323200.00> ########### [01;31m[Kxzl[m[K finishDispatchCycle: 2.75ms since event, 2.17ms since dispatch
D/SurfaceFlinger(  117): <168323200.00>  ----- [01;31m[Kxzl[m[K SurfaceFlinger::composeSurfaces() swap fb done  ------
W/GLSurfaceView( 2409): <168323211>  --- [01;31m[Kxzl[m[K --- AFTER GLSurfaceView swap frame
W/GLSurfaceView( 2409): <168323211>  --- [01;31m[Kxzl[m[K --- BEFORE GLSurfaceView DrawFrame
W/APP     ( 2409): [01;31m[Kxzl[m[K: ===> ev hits user code: <168323214>  {168323211} since event: 3 ms
D/InputDispatcher(  190): <168323200.00> ########### [01;31m[Kxzl[m[K finishDispatchCycle: 4.36ms since event, 3.72ms since dispatch
D/SurfaceFlinger(  117): <168323232.00>  ----- [01;31m[Kxzl[m[K SurfaceFlinger::composeSurfaces compose done, prepare to swap fb ------
W/APP     ( 2409): [01;31m[Kxzl[m[K: ===> entering onDrawFrame: <168323222> 
W/APP     ( 2409): [01;31m[Kxzl[m[K: ===> done onDrawFrame: <168323222> 
W/GLSurfaceView( 2409): <168323223>  --- [01;31m[Kxzl[m[K --- AFTER GLSurfaceView DrawFrame
W/GLSurfaceView( 2409): <168323224>  --- [01;31m[Kxzl[m[K --- BEFORE GLSurfaceView swap frame
D/SurfaceTextureClient( 2409): <168323232.00> [01;31m[Kxzl[m[K SurfaceTextureClient::queueBuffer
D/SurfaceFlinger(  117): <168323232.00>  --- [01;31m[Kxzl[m[K Layer::onFrameQueued
D/SurfaceFlinger(  117): <168323232.00>  ----- [01;31m[Kxzl[m[K SurfaceFlinger::composeSurfaces() swap fb done  ------
W/APP     ( 2409): [01;31m[Kxzl[m[K: ===> ev hits user code: <168323229>  {168323220} since event: 9 ms
W/GLSurfaceView( 2409): <168323230>  --- [01;31m[Kxzl[m[K --- AFTER GLSurfaceView swap frame
W/GLSurfaceView( 2409): <168323230>  --- [01;31m[Kxzl[m[K --- BEFORE GLSurfaceView DrawFrame
D/InputDispatcher(  190): <168323248.00> ########### [01;31m[Kxzl[m[K finishDispatchCycle: 13.09ms since event, 12.45ms since dispatch
W/APP     ( 2409): [01;31m[Kxzl[m[K: ===> ev hits user code: <168323236>  {168323230} since event: 6 ms
D/InputDispatcher(  190): <168323248.00> ########### [01;31m[Kxzl[m[K finishDispatchCycle: 8.27ms since event, 4.70ms since dispatch
D/SurfaceFlinger(  117): <168323248.00>  ----- [01;31m[Kxzl[m[K SurfaceFlinger::composeSurfaces compose done, prepare to swap fb ------
W/APP     ( 2409): [01;31m[Kxzl[m[K: ===> entering onDrawFrame: <168323241> 
W/APP     ( 2409): [01;31m[Kxzl[m[K: ===> done onDrawFrame: <168323241> 
W/GLSurfaceView( 2409): <168323242>  --- [01;31m[Kxzl[m[K --- AFTER GLSurfaceView DrawFrame
W/GLSurfaceView( 2409): <168323242>  --- [01;31m[Kxzl[m[K --- BEFORE GLSurfaceView swap frame
D/SurfaceTextureClient( 2409): <168323248.00> [01;31m[Kxzl[m[K SurfaceTextureClient::queueBuffer
D/SurfaceFlinger(  117): <168323248.00>  --- [01;31m[Kxzl[m[K Layer::onFrameQueued
D/SurfaceFlinger(  117): <168323248.00>  ----- [01;31m[Kxzl[m[K SurfaceFlinger::composeSurfaces() swap fb done  ------
W/GLSurfaceView( 2409): <168323245>  --- [01;31m[Kxzl[m[K --- AFTER GLSurfaceView swap frame
W/GLSurfaceView( 2409): <168323245>  --- [01;31m[Kxzl[m[K --- BEFORE GLSurfaceView DrawFrame
W/APP     ( 2409): [01;31m[Kxzl[m[K: ===> ev hits user code: <168323245>  {168323240} since event: 5 ms
D/InputDispatcher(  190): <168323248.00> ########### [01;31m[Kxzl[m[K finishDispatchCycle: 6.16ms since event, 5.37ms since dispatch
W/APP     ( 2409): [01;31m[Kxzl[m[K: ===> ev hits user code: <168323254>  {168323250} since event: 4 ms
D/SurfaceFlinger(  117): <168323264.00>  ----- [01;31m[Kxzl[m[K SurfaceFlinger::composeSurfaces compose done, prepare to swap fb ------
D/InputDispatcher(  190): <168323264.00> ########### [01;31m[Kxzl[m[K finishDispatchCycle: 5.74ms since event, 5.10ms since dispatch
W/APP     ( 2409): [01;31m[Kxzl[m[K: ===> entering onDrawFrame: <168323256> 
W/APP     ( 2409): [01;31m[Kxzl[m[K: ===> done onDrawFrame: <168323256> 
W/GLSurfaceView( 2409): <168323260>  --- [01;31m[Kxzl[m[K --- AFTER GLSurfaceView DrawFrame
W/GLSurfaceView( 2409): <168323261>  --- [01;31m[Kxzl[m[K --- BEFORE GLSurfaceView swap frame
D/SurfaceFlinger(  117): <168323264.00>  ----- [01;31m[Kxzl[m[K SurfaceFlinger::composeSurfaces() swap fb done  ------
D/SurfaceTextureClient( 2409): <168323264.00> [01;31m[Kxzl[m[K SurfaceTextureClient::queueBuffer
D/SurfaceFlinger(  117): <168323264.00>  --- [01;31m[Kxzl[m[K Layer::onFrameQueued
W/GLSurfaceView( 2409): <168323263>  --- [01;31m[Kxzl[m[K --- AFTER GLSurfaceView swap frame
W/GLSurfaceView( 2409): <168323263>  --- [01;31m[Kxzl[m[K --- BEFORE GLSurfaceView DrawFrame
W/APP     ( 2409): [01;31m[Kxzl[m[K: ===> ev hits user code: <168323265>  {168323260} since event: 5 ms
D/InputDispatcher(  190): <168323264.00> ########### [01;31m[Kxzl[m[K finishDispatchCycle: 6.04ms since event, 5.37ms since dispatch
W/APP     ( 2409): [01;31m[Kxzl[m[K: ===> ev hits user code: <168323272>  {168323269} since event: 3 ms
D/SurfaceFlinger(  117): <168323280.00>  ----- [01;31m[Kxzl[m[K SurfaceFlinger::composeSurfaces compose done, prepare to swap fb ------
D/InputDispatcher(  190): <168323280.00> ########### [01;31m[Kxzl[m[K finishDispatchCycle: 4.52ms since event, 3.91ms since dispatch
W/APP     ( 2409): [01;31m[Kxzl[m[K: ===> entering onDrawFrame: <168323274> 
W/APP     ( 2409): [01;31m[Kxzl[m[K: ===> done onDrawFrame: <168323274> 
W/GLSurfaceView( 2409): <168323275>  --- [01;31m[Kxzl[m[K --- AFTER GLSurfaceView DrawFrame
W/GLSurfaceView( 2409): <168323275>  --- [01;31m[Kxzl[m[K --- BEFORE GLSurfaceView swap frame
D/SurfaceTextureClient( 2409): <168323280.00> [01;31m[Kxzl[m[K SurfaceTextureClient::queueBuffer
D/SurfaceFlinger(  117): <168323280.00>  ----- [01;31m[Kxzl[m[K SurfaceFlinger::composeSurfaces() swap fb done  ------
D/SurfaceFlinger(  117): <168323280.00>  --- [01;31m[Kxzl[m[K Layer::onFrameQueued
W/GLSurfaceView( 2409): <168323281>  --- [01;31m[Kxzl[m[K --- AFTER GLSurfaceView swap frame
W/GLSurfaceView( 2409): <168323281>  --- [01;31m[Kxzl[m[K --- BEFORE GLSurfaceView DrawFrame
W/APP     ( 2409): [01;31m[Kxzl[m[K: ===> ev hits user code: <168323282>  {168323279} since event: 3 ms
D/InputDispatcher(  190): <168323296.00> ########### [01;31m[Kxzl[m[K finishDispatchCycle: 4.40ms since event, 3.69ms since dispatch
D/SurfaceFlinger(  117): <168323296.00>  ----- [01;31m[Kxzl[m[K SurfaceFlinger::composeSurfaces compose done, prepare to swap fb ------
W/APP     ( 2409): [01;31m[Kxzl[m[K: ===> ev hits user code: <168323291>  {168323289} since event: 2 ms
D/InputDispatcher(  190): <168323296.00> ########### [01;31m[Kxzl[m[K finishDispatchCycle: 3.17ms since event, 2.59ms since dispatch
W/APP     ( 2409): [01;31m[Kxzl[m[K: ===> entering onDrawFrame: <168323293> 
W/APP     ( 2409): [01;31m[Kxzl[m[K: ===> done onDrawFrame: <168323293> 
W/GLSurfaceView( 2409): <168323295>  --- [01;31m[Kxzl[m[K --- AFTER GLSurfaceView DrawFrame
D/SurfaceFlinger(  117): <168323296.00>  ----- [01;31m[Kxzl[m[K SurfaceFlinger::composeSurfaces() swap fb done  ------
W/GLSurfaceView( 2409): <168323297>  --- [01;31m[Kxzl[m[K --- BEFORE GLSurfaceView swap frame
D/SurfaceTextureClient( 2409): <168323312.00> [01;31m[Kxzl[m[K SurfaceTextureClient::queueBuffer
D/SurfaceFlinger(  117): <168323312.00>  --- [01;31m[Kxzl[m[K Layer::onFrameQueued
W/GLSurfaceView( 2409): <168323303>  --- [01;31m[Kxzl[m[K --- AFTER GLSurfaceView swap frame
W/GLSurfaceView( 2409): <168323304>  --- [01;31m[Kxzl[m[K --- BEFORE GLSurfaceView DrawFrame
W/APP     ( 2409): [01;31m[Kxzl[m[K: ===> ev hits user code: <168323305>  {168323299} since event: 6 ms
D/InputDispatcher(  190): <168323312.00> ########### [01;31m[Kxzl[m[K finishDispatchCycle: 11.69ms since event, 11.02ms since dispatch
D/SurfaceFlinger(  117): <168323312.00>  ----- [01;31m[Kxzl[m[K SurfaceFlinger::composeSurfaces compose done, prepare to swap fb ------
D/SurfaceFlinger(  117): <168323312.00>  ----- [01;31m[Kxzl[m[K SurfaceFlinger::composeSurfaces() swap fb done  ------
W/APP     ( 2409): [01;31m[Kxzl[m[K: ===> ev hits user code: <168323314>  {168323308} since event: 6 ms
D/InputDispatcher(  190): <168323312.00> ########### [01;31m[Kxzl[m[K finishDispatchCycle: 7.66ms since event, 5.55ms since dispatch
W/APP     ( 2409): [01;31m[Kxzl[m[K: ===> entering onDrawFrame: <168323318> 
W/APP     ( 2409): [01;31m[Kxzl[m[K: ===> done onDrawFrame: <168323318> 
W/GLSurfaceView( 2409): <168323319>  --- [01;31m[Kxzl[m[K --- AFTER GLSurfaceView DrawFrame
W/GLSurfaceView( 2409): <168323319>  --- [01;31m[Kxzl[m[K --- BEFORE GLSurfaceView swap frame
D/SurfaceTextureClient( 2409): <168323328.00> [01;31m[Kxzl[m[K SurfaceTextureClient::queueBuffer
D/SurfaceFlinger(  117): <168323328.00>  --- [01;31m[Kxzl[m[K Layer::onFrameQueued
W/GLSurfaceView( 2409): <168323320>  --- [01;31m[Kxzl[m[K --- AFTER GLSurfaceView swap frame
W/GLSurfaceView( 2409): <168323320>  --- [01;31m[Kxzl[m[K --- BEFORE GLSurfaceView DrawFrame
W/APP     ( 2409): [01;31m[Kxzl[m[K: ===> ev hits user code: <168323322>  {168323318} since event: 4 ms
D/InputDispatcher(  190): <168323328.00> ########### [01;31m[Kxzl[m[K finishDispatchCycle: 6.07ms since event, 5.28ms since dispatch
D/SurfaceFlinger(  117): <168323328.00>  ----- [01;31m[Kxzl[m[K SurfaceFlinger::composeSurfaces compose done, prepare to swap fb ------
W/APP     ( 2409): [01;31m[Kxzl[m[K: ===> entering onDrawFrame: <168323331> 
W/APP     ( 2409): [01;31m[Kxzl[m[K: ===> done onDrawFrame: <168323331> 
W/GLSurfaceView( 2409): <168323331>  --- [01;31m[Kxzl[m[K --- AFTER GLSurfaceView DrawFrame
W/GLSurfaceView( 2409): <168323332>  --- [01;31m[Kxzl[m[K --- BEFORE GLSurfaceView swap frame
D/SurfaceTextureClient( 2409): <168323328.00> [01;31m[Kxzl[m[K SurfaceTextureClient::queueBuffer
D/SurfaceFlinger(  117): <168323328.00>  --- [01;31m[Kxzl[m[K Layer::onFrameQueued
W/APP     ( 2409): [01;31m[Kxzl[m[K: ===> ev hits user code: <168323331>  {168323327} since event: 4 ms
D/InputDispatcher(  190): <168323344.00> ########### [01;31m[Kxzl[m[K finishDispatchCycle: 5.95ms since event, 5.40ms since dispatch
W/APP     ( 2409): [01;31m[Kxzl[m[K: ===> ev hits user code: <168323340>  {168323337} since event: 3 ms
D/InputDispatcher(  190): <168323344.00> ########### [01;31m[Kxzl[m[K finishDispatchCycle: 3.78ms since event, 3.11ms since dispatch
D/SurfaceFlinger(  117): <168323344.00>  ----- [01;31m[Kxzl[m[K SurfaceFlinger::composeSurfaces() swap fb done  ------
W/GLSurfaceView( 2409): <168323347>  --- [01;31m[Kxzl[m[K --- AFTER GLSurfaceView swap frame
W/GLSurfaceView( 2409): <168323348>  --- [01;31m[Kxzl[m[K --- BEFORE GLSurfaceView DrawFrame
W/APP     ( 2409): [01;31m[Kxzl[m[K: ===> ev hits user code: <168323350>  {168323347} since event: 3 ms
D/InputDispatcher(  190): <168323360.00> ########### [01;31m[Kxzl[m[K finishDispatchCycle: 4.82ms since event, 3.81ms since dispatch
D/SurfaceFlinger(  117): <168323360.00>  ----- [01;31m[Kxzl[m[K SurfaceFlinger::composeSurfaces compose done, prepare to swap fb ------
W/APP     ( 2409): [01;31m[Kxzl[m[K: ===> entering onDrawFrame: <168323358> 
W/APP     ( 2409): [01;31m[Kxzl[m[K: ===> done onDrawFrame: <168323358> 
W/GLSurfaceView( 2409): <168323359>  --- [01;31m[Kxzl[m[K --- AFTER GLSurfaceView DrawFrame
W/GLSurfaceView( 2409): <168323360>  --- [01;31m[Kxzl[m[K --- BEFORE GLSurfaceView swap frame
D/SurfaceTextureClient( 2409): <168323360.00> [01;31m[Kxzl[m[K SurfaceTextureClient::queueBuffer
D/SurfaceFlinger(  117): <168323360.00>  --- [01;31m[Kxzl[m[K Layer::onFrameQueued
W/APP     ( 2409): [01;31m[Kxzl[m[K: ===> ev hits user code: <168323362>  {168323357} since event: 5 ms
D/InputDispatcher(  190): <168323360.00> ########### [01;31m[Kxzl[m[K finishDispatchCycle: 5.52ms since event, 4.85ms since dispatch
D/SurfaceFlinger(  117): <168323360.00>  ----- [01;31m[Kxzl[m[K SurfaceFlinger::composeSurfaces() swap fb done  ------
W/GLSurfaceView( 2409): <168323365>  --- [01;31m[Kxzl[m[K --- AFTER GLSurfaceView swap frame
W/GLSurfaceView( 2409): <168323367>  --- [01;31m[Kxzl[m[K --- BEFORE GLSurfaceView DrawFrame
W/APP     ( 2409): [01;31m[Kxzl[m[K: ===> ev hits user code: <168323369>  {168323367} since event: 2 ms
D/InputDispatcher(  190): <168323376.00> ########### [01;31m[Kxzl[m[K finishDispatchCycle: 2.99ms since event, 2.04ms since dispatch
D/SurfaceFlinger(  117): <168323376.00>  ----- [01;31m[Kxzl[m[K SurfaceFlinger::composeSurfaces compose done, prepare to swap fb ------
W/APP     ( 2409): [01;31m[Kxzl[m[K: ===> entering onDrawFrame: <168323377> 
W/APP     ( 2409): [01;31m[Kxzl[m[K: ===> done onDrawFrame: <168323377> 
W/GLSurfaceView( 2409): <168323378>  --- [01;31m[Kxzl[m[K --- AFTER GLSurfaceView DrawFrame
W/GLSurfaceView( 2409): <168323378>  --- [01;31m[Kxzl[m[K --- BEFORE GLSurfaceView swap frame
D/SurfaceTextureClient( 2409): <168323376.00> [01;31m[Kxzl[m[K SurfaceTextureClient::queueBuffer
D/SurfaceFlinger(  117): <168323376.00>  --- [01;31m[Kxzl[m[K Layer::onFrameQueued
D/SurfaceFlinger(  117): <168323376.00>  ----- [01;31m[Kxzl[m[K SurfaceFlinger::composeSurfaces() swap fb done  ------
W/GLSurfaceView( 2409): <168323381>  --- [01;31m[Kxzl[m[K --- AFTER GLSurfaceView swap frame
W/GLSurfaceView( 2409): <168323381>  --- [01;31m[Kxzl[m[K --- BEFORE GLSurfaceView DrawFrame
W/APP     ( 2409): [01;31m[Kxzl[m[K: ===> ev hits user code: <168323380>  {168323375} since event: 5 ms
D/InputDispatcher(  190): <168323392.00> ########### [01;31m[Kxzl[m[K finishDispatchCycle: 9.55ms since event, 7.97ms since dispatch
W/APP     ( 2409): [01;31m[Kxzl[m[K: ===> ev hits user code: <168323389>  {168323385} since event: 4 ms
D/InputDispatcher(  190): <168323392.00> ########### [01;31m[Kxzl[m[K finishDispatchCycle: 5.16ms since event, 3.63ms since dispatch
D/SurfaceFlinger(  117): <168323392.00>  ----- [01;31m[Kxzl[m[K SurfaceFlinger::composeSurfaces compose done, prepare to swap fb ------
W/APP     ( 2409): [01;31m[Kxzl[m[K: ===> entering onDrawFrame: <168323391> 
W/APP     ( 2409): [01;31m[Kxzl[m[K: ===> done onDrawFrame: <168323391> 
W/GLSurfaceView( 2409): <168323392>  --- [01;31m[Kxzl[m[K --- AFTER GLSurfaceView DrawFrame
W/GLSurfaceView( 2409): <168323394>  --- [01;31m[Kxzl[m[K --- BEFORE GLSurfaceView swap frame
D/SurfaceTextureClient( 2409): <168323392.00> [01;31m[Kxzl[m[K SurfaceTextureClient::queueBuffer
D/SurfaceFlinger(  117): <168323392.00>  --- [01;31m[Kxzl[m[K Layer::onFrameQueued
D/SurfaceFlinger(  117): <168323392.00>  ----- [01;31m[Kxzl[m[K SurfaceFlinger::composeSurfaces() swap fb done  ------
W/GLSurfaceView( 2409): <168323398>  --- [01;31m[Kxzl[m[K --- AFTER GLSurfaceView swap frame
W/GLSurfaceView( 2409): <168323398>  --- [01;31m[Kxzl[m[K --- BEFORE GLSurfaceView DrawFrame
W/APP     ( 2409): [01;31m[Kxzl[m[K: ===> ev hits user code: <168323400>  {168323394} since event: 6 ms
D/InputDispatcher(  190): <168323408.00> ########### [01;31m[Kxzl[m[K finishDispatchCycle: 6.23ms since event, 4.70ms since dispatch
D/SurfaceFlinger(  117): <168323408.00>  ----- [01;31m[Kxzl[m[K SurfaceFlinger::composeSurfaces compose done, prepare to swap fb ------
W/APP     ( 2409): [01;31m[Kxzl[m[K: ===> entering onDrawFrame: <168323410> 
W/APP     ( 2409): [01;31m[Kxzl[m[K: ===> done onDrawFrame: <168323410> 
W/GLSurfaceView( 2409): <168323411>  --- [01;31m[Kxzl[m[K --- AFTER GLSurfaceView DrawFrame
W/APP     ( 2409): [01;31m[Kxzl[m[K: ===> ev hits user code: <168323410>  {168323404} since event: 6 ms
D/InputDispatcher(  190): <168323408.00> ########### [01;31m[Kxzl[m[K finishDispatchCycle: 9.46ms since event, 7.97ms since dispatch
W/GLSurfaceView( 2409): <168323411>  --- [01;31m[Kxzl[m[K --- BEFORE GLSurfaceView swap frame
D/SurfaceFlinger(  117): <168323408.00>  ----- [01;31m[Kxzl[m[K SurfaceFlinger::composeSurfaces() swap fb done  ------
W/APP     ( 2409): [01;31m[Kxzl[m[K: ===> ev hits user code: <168323418>  {168323414} since event: 4 ms
D/SurfaceTextureClient( 2409): <168323424.00> [01;31m[Kxzl[m[K SurfaceTextureClient::queueBuffer
D/SurfaceFlinger(  117): <168323424.00>  --- [01;31m[Kxzl[m[K Layer::onFrameQueued
W/GLSurfaceView( 2409): <168323420>  --- [01;31m[Kxzl[m[K --- AFTER GLSurfaceView swap frame
D/InputDispatcher(  190): <168323424.00> ########### [01;31m[Kxzl[m[K finishDispatchCycle: 9.16ms since event, 7.23ms since dispatch
W/GLSurfaceView( 2409): <168323422>  --- [01;31m[Kxzl[m[K --- BEFORE GLSurfaceView DrawFrame
W/APP     ( 2409): [01;31m[Kxzl[m[K: ===> ev hits user code: <168323428>  {168323424} since event: 4 ms
D/InputDispatcher(  190): <168323424.00> ########### [01;31m[Kxzl[m[K finishDispatchCycle: 5.55ms since event, 4.00ms since dispatch
D/SurfaceFlinger(  117): <168323424.00>  ----- [01;31m[Kxzl[m[K SurfaceFlinger::composeSurfaces compose done, prepare to swap fb ------
D/SurfaceFlinger(  117): <168323424.00>  ----- [01;31m[Kxzl[m[K SurfaceFlinger::composeSurfaces() swap fb done  ------
W/APP     ( 2409): [01;31m[Kxzl[m[K: ===> entering onDrawFrame: <168323436> 
W/APP     ( 2409): [01;31m[Kxzl[m[K: ===> done onDrawFrame: <168323436> 
W/APP     ( 2409): [01;31m[Kxzl[m[K: ===> ev hits user code: <168323439>  {168323433} since event: 6 ms
D/InputDispatcher(  190): <168323440.00> ########### [01;31m[Kxzl[m[K finishDispatchCycle: 7.05ms since event, 5.46ms since dispatch
W/GLSurfaceView( 2409): <168323439>  --- [01;31m[Kxzl[m[K --- AFTER GLSurfaceView DrawFrame
W/GLSurfaceView( 2409): <168323441>  --- [01;31m[Kxzl[m[K --- BEFORE GLSurfaceView swap frame
D/SurfaceTextureClient( 2409): <168323440.00> [01;31m[Kxzl[m[K SurfaceTextureClient::queueBuffer
D/SurfaceFlinger(  117): <168323440.00>  --- [01;31m[Kxzl[m[K Layer::onFrameQueued
W/APP     ( 2409): [01;31m[Kxzl[m[K: ===> ev hits user code: <168323447>  {168323443} since event: 4 ms
W/GLSurfaceView( 2409): <168323451>  --- [01;31m[Kxzl[m[K --- AFTER GLSurfaceView swap frame
D/InputDispatcher(  190): <168323456.00> ########### [01;31m[Kxzl[m[K finishDispatchCycle: 9.49ms since event, 7.90ms since dispatch
W/APP     ( 2409): [01;31m[Kxzl[m[K: ===> ev hits user code: <168323458>  {168323453} since event: 5 ms
D/SurfaceFlinger(  117): <168323456.00>  ----- [01;31m[Kxzl[m[K SurfaceFlinger::composeSurfaces compose done, prepare to swap fb ------
W/GLSurfaceView( 2409): <168323454>  --- [01;31m[Kxzl[m[K --- BEFORE GLSurfaceView DrawFrame
D/InputDispatcher(  190): <168323456.00> ########### [01;31m[Kxzl[m[K finishDispatchCycle: 6.59ms since event, 5.04ms since dispatch
D/SurfaceFlinger(  117): <168323456.00>  ----- [01;31m[Kxzl[m[K SurfaceFlinger::composeSurfaces() swap fb done  ------
W/APP     ( 2409): [01;31m[Kxzl[m[K: ===> ev hits user code: <168323467>  {168323462} since event: 5 ms
D/InputDispatcher(  190): <168323472.00> ########### [01;31m[Kxzl[m[K finishDispatchCycle: 6.47ms since event, 4.91ms since dispatch
W/APP     ( 2409): [01;31m[Kxzl[m[K: ===> entering onDrawFrame: <168323469> 
W/APP     ( 2409): [01;31m[Kxzl[m[K: ===> done onDrawFrame: <168323469> 
W/GLSurfaceView( 2409): <168323470>  --- [01;31m[Kxzl[m[K --- AFTER GLSurfaceView DrawFrame
W/GLSurfaceView( 2409): <168323470>  --- [01;31m[Kxzl[m[K --- BEFORE GLSurfaceView swap frame
D/SurfaceTextureClient( 2409): <168323472.00> [01;31m[Kxzl[m[K SurfaceTextureClient::queueBuffer
D/SurfaceFlinger(  117): <168323472.00>  --- [01;31m[Kxzl[m[K Layer::onFrameQueued
W/GLSurfaceView( 2409): <168323473>  --- [01;31m[Kxzl[m[K --- AFTER GLSurfaceView swap frame
W/GLSurfaceView( 2409): <168323474>  --- [01;31m[Kxzl[m[K --- BEFORE GLSurfaceView DrawFrame
W/APP     ( 2409): [01;31m[Kxzl[m[K: ===> ev hits user code: <168323478>  {168323472} since event: 6 ms
D/InputDispatcher(  190): <168323472.00> ########### [01;31m[Kxzl[m[K finishDispatchCycle: 6.50ms since event, 4.91ms since dispatch
D/SurfaceFlinger(  117): <168323472.00>  ----- [01;31m[Kxzl[m[K SurfaceFlinger::composeSurfaces compose done, prepare to swap fb ------
D/SurfaceFlinger(  117): <168323472.00>  ----- [01;31m[Kxzl[m[K SurfaceFlinger::composeSurfaces() swap fb done  ------
W/APP     ( 2409): [01;31m[Kxzl[m[K: ===> entering onDrawFrame: <168323484> 
W/APP     ( 2409): [01;31m[Kxzl[m[K: ===> done onDrawFrame: <168323484> 
W/GLSurfaceView( 2409): <168323485>  --- [01;31m[Kxzl[m[K --- AFTER GLSurfaceView DrawFrame
W/GLSurfaceView( 2409): <168323485>  --- [01;31m[Kxzl[m[K --- BEFORE GLSurfaceView swap frame
D/SurfaceTextureClient( 2409): <168323488.00> [01;31m[Kxzl[m[K SurfaceTextureClient::queueBuffer
D/SurfaceFlinger(  117): <168323488.00>  --- [01;31m[Kxzl[m[K Layer::onFrameQueued
W/GLSurfaceView( 2409): <168323486>  --- [01;31m[Kxzl[m[K --- AFTER GLSurfaceView swap frame
W/GLSurfaceView( 2409): <168323486>  --- [01;31m[Kxzl[m[K --- BEFORE GLSurfaceView DrawFrame
W/APP     ( 2409): [01;31m[Kxzl[m[K: ===> ev hits user code: <168323488>  {168323482} since event: 6 ms
D/InputDispatcher(  190): <168323488.00> ########### [01;31m[Kxzl[m[K finishDispatchCycle: 6.84ms since event, 5.34ms since dispatch
D/SurfaceFlinger(  117): <168323488.00>  ----- [01;31m[Kxzl[m[K SurfaceFlinger::composeSurfaces compose done, prepare to swap fb ------
W/APP     ( 2409): [01;31m[Kxzl[m[K: ===> ev hits user code: <168323496>  {168323492} since event: 4 ms
D/InputDispatcher(  190): <168323488.00> ########### [01;31m[Kxzl[m[K finishDispatchCycle: 4.91ms since event, 3.39ms since dispatch
W/APP     ( 2409): [01;31m[Kxzl[m[K: ===> entering onDrawFrame: <168323497> 
W/APP     ( 2409): [01;31m[Kxzl[m[K: ===> done onDrawFrame: <168323497> 
W/GLSurfaceView( 2409): <168323498>  --- [01;31m[Kxzl[m[K --- AFTER GLSurfaceView DrawFrame
W/GLSurfaceView( 2409): <168323498>  --- [01;31m[Kxzl[m[K --- BEFORE GLSurfaceView swap frame
D/SurfaceTextureClient( 2409): <168323488.00> [01;31m[Kxzl[m[K SurfaceTextureClient::queueBuffer
D/SurfaceFlinger(  117): <168323488.00>  --- [01;31m[Kxzl[m[K Layer::onFrameQueued
D/SurfaceFlinger(  117): <168323488.00>  ----- [01;31m[Kxzl[m[K SurfaceFlinger::composeSurfaces() swap fb done  ------
W/GLSurfaceView( 2409): <168323499>  --- [01;31m[Kxzl[m[K --- AFTER GLSurfaceView swap frame
W/GLSurfaceView( 2409): <168323501>  --- [01;31m[Kxzl[m[K --- BEFORE GLSurfaceView DrawFrame
W/APP     ( 2409): [01;31m[Kxzl[m[K: ===> ev hits user code: <168323505>  {168323502} since event: 3 ms
D/InputDispatcher(  190): <168323504.00> ########### [01;31m[Kxzl[m[K finishDispatchCycle: 3.66ms since event, 2.17ms since dispatch
D/SurfaceFlinger(  117): <168323504.00>  ----- [01;31m[Kxzl[m[K SurfaceFlinger::composeSurfaces compose done, prepare to swap fb ------
W/APP     ( 2409): [01;31m[Kxzl[m[K: ===> entering onDrawFrame: <168323513> 
W/APP     ( 2409): [01;31m[Kxzl[m[K: ===> done onDrawFrame: <168323513> 
W/GLSurfaceView( 2409): <168323515>  --- [01;31m[Kxzl[m[K --- AFTER GLSurfaceView DrawFrame
W/GLSurfaceView( 2409): <168323515>  --- [01;31m[Kxzl[m[K --- BEFORE GLSurfaceView swap frame
D/SurfaceFlinger(  117): <168323504.00>  ----- [01;31m[Kxzl[m[K SurfaceFlinger::composeSurfaces() swap fb done  ------
D/SurfaceTextureClient( 2409): <168323504.00> [01;31m[Kxzl[m[K SurfaceTextureClient::queueBuffer
D/SurfaceFlinger(  117): <168323504.00>  --- [01;31m[Kxzl[m[K Layer::onFrameQueued
W/GLSurfaceView( 2409): <168323518>  --- [01;31m[Kxzl[m[K --- AFTER GLSurfaceView swap frame
W/APP     ( 2409): [01;31m[Kxzl[m[K: ===> ev hits user code: <168323518>  {168323511} since event: 7 ms
W/GLSurfaceView( 2409): <168323518>  --- [01;31m[Kxzl[m[K --- BEFORE GLSurfaceView DrawFrame
D/InputDispatcher(  190): <168323520.00> ########### [01;31m[Kxzl[m[K finishDispatchCycle: 9.06ms since event, 7.54ms since dispatch
W/APP     ( 2409): [01;31m[Kxzl[m[K: ===> ev hits user code: <168323524>  {168323521} since event: 3 ms
D/InputDispatcher(  190): <168323520.00> ########### [01;31m[Kxzl[m[K finishDispatchCycle: 4.24ms since event, 2.75ms since dispatch
D/SurfaceFlinger(  117): <168323520.00>  ----- [01;31m[Kxzl[m[K SurfaceFlinger::composeSurfaces compose done, prepare to swap fb ------
W/APP     ( 2409): [01;31m[Kxzl[m[K: ===> entering onDrawFrame: <168323530> 
D/SurfaceFlinger(  117): <168323520.00>  ----- [01;31m[Kxzl[m[K SurfaceFlinger::composeSurfaces() swap fb done  ------
W/APP     ( 2409): [01;31m[Kxzl[m[K: ===> done onDrawFrame: <168323530> 
W/GLSurfaceView( 2409): <168323534>  --- [01;31m[Kxzl[m[K --- AFTER GLSurfaceView DrawFrame
W/GLSurfaceView( 2409): <168323535>  --- [01;31m[Kxzl[m[K --- BEFORE GLSurfaceView swap frame
D/SurfaceTextureClient( 2409): <168323536.00> [01;31m[Kxzl[m[K SurfaceTextureClient::queueBuffer
D/SurfaceFlinger(  117): <168323536.00>  --- [01;31m[Kxzl[m[K Layer::onFrameQueued
W/GLSurfaceView( 2409): <168323541>  --- [01;31m[Kxzl[m[K --- AFTER GLSurfaceView swap frame
W/GLSurfaceView( 2409): <168323542>  --- [01;31m[Kxzl[m[K --- BEFORE GLSurfaceView DrawFrame
W/APP     ( 2409): [01;31m[Kxzl[m[K: ===> ev hits user code: <168323538>  {168323531} since event: 7 ms
D/InputDispatcher(  190): <168323536.00> ########### [01;31m[Kxzl[m[K finishDispatchCycle: 12.97ms since event, 11.38ms since dispatch
W/APP     ( 2409): [01;31m[Kxzl[m[K: ===> ev hits user code: <168323546>  {168323541} since event: 5 ms
D/InputDispatcher(  190): <168323536.00> ########### [01;31m[Kxzl[m[K finishDispatchCycle: 6.44ms since event, 3.14ms since dispatch
D/SurfaceFlinger(  117): <168323536.00>  ----- [01;31m[Kxzl[m[K SurfaceFlinger::composeSurfaces compose done, prepare to swap fb ------
D/SurfaceFlinger(  117): <168323536.00>  ----- [01;31m[Kxzl[m[K SurfaceFlinger::composeSurfaces() swap fb done  ------
W/APP     ( 2409): [01;31m[Kxzl[m[K: ===> entering onDrawFrame: <168323552> 
W/APP     ( 2409): [01;31m[Kxzl[m[K: ===> done onDrawFrame: <168323552> 
W/GLSurfaceView( 2409): <168323553>  --- [01;31m[Kxzl[m[K --- AFTER GLSurfaceView DrawFrame
W/GLSurfaceView( 2409): <168323553>  --- [01;31m[Kxzl[m[K --- BEFORE GLSurfaceView swap frame
D/SurfaceTextureClient( 2409): <168323552.00> [01;31m[Kxzl[m[K SurfaceTextureClient::queueBuffer
D/SurfaceFlinger(  117): <168323552.00>  --- [01;31m[Kxzl[m[K Layer::onFrameQueued
W/GLSurfaceView( 2409): <168323555>  --- [01;31m[Kxzl[m[K --- AFTER GLSurfaceView swap frame
W/GLSurfaceView( 2409): <168323555>  --- [01;31m[Kxzl[m[K --- BEFORE GLSurfaceView DrawFrame
W/APP     ( 2409): [01;31m[Kxzl[m[K: ===> ev hits user code: <168323557>  {168323550} since event: 7 ms
D/InputDispatcher(  190): <168323552.00> ########### [01;31m[Kxzl[m[K finishDispatchCycle: 7.42ms since event, 5.92ms since dispatch
W/APP     ( 2409): [01;31m[Kxzl[m[K: ===> ev hits user code: <168323563>  {168323560} since event: 3 ms
D/InputDispatcher(  190): <168323552.00> ########### [01;31m[Kxzl[m[K finishDispatchCycle: 3.72ms since event, 2.20ms since dispatch
D/SurfaceFlinger(  117): <168323552.00>  ----- [01;31m[Kxzl[m[K SurfaceFlinger::composeSurfaces compose done, prepare to swap fb ------
W/APP     ( 2409): [01;31m[Kxzl[m[K: ===> entering onDrawFrame: <168323566> 
W/APP     ( 2409): [01;31m[Kxzl[m[K: ===> done onDrawFrame: <168323566> 
W/GLSurfaceView( 2409): <168323566>  --- [01;31m[Kxzl[m[K --- AFTER GLSurfaceView DrawFrame
D/SurfaceFlinger(  117): <168323552.00>  ----- [01;31m[Kxzl[m[K SurfaceFlinger::composeSurfaces() swap fb done  ------
W/GLSurfaceView( 2409): <168323567>  --- [01;31m[Kxzl[m[K --- BEFORE GLSurfaceView swap frame
D/SurfaceTextureClient( 2409): <168323552.00> [01;31m[Kxzl[m[K SurfaceTextureClient::queueBuffer
D/SurfaceFlinger(  117): <168323552.00>  --- [01;31m[Kxzl[m[K Layer::onFrameQueued
W/GLSurfaceView( 2409): <168323571>  --- [01;31m[Kxzl[m[K --- AFTER GLSurfaceView swap frame
W/GLSurfaceView( 2409): <168323572>  --- [01;31m[Kxzl[m[K --- BEFORE GLSurfaceView DrawFrame
W/APP     ( 2409): [01;31m[Kxzl[m[K: ===> ev hits user code: <168323576>  {168323570} since event: 6 ms
D/InputDispatcher(  190): <168323584.00> ########### [01;31m[Kxzl[m[K finishDispatchCycle: 7.05ms since event, 5.52ms since dispatch
D/SurfaceFlinger(  117): <168323584.00>  ----- [01;31m[Kxzl[m[K SurfaceFlinger::composeSurfaces compose done, prepare to swap fb ------
D/SurfaceFlinger(  117): <168323584.00>  ----- [01;31m[Kxzl[m[K SurfaceFlinger::composeSurfaces() swap fb done  ------
W/APP     ( 2409): [01;31m[Kxzl[m[K: ===> entering onDrawFrame: <168323584> 
W/APP     ( 2409): [01;31m[Kxzl[m[K: ===> done onDrawFrame: <168323584> 
W/GLSurfaceView( 2409): <168323585>  --- [01;31m[Kxzl[m[K --- AFTER GLSurfaceView DrawFrame
W/APP     ( 2409): [01;31m[Kxzl[m[K: ===> ev hits user code: <168323585>  {168323580} since event: 5 ms
D/InputDispatcher(  190): <168323600.00> ########### [01;31m[Kxzl[m[K finishDispatchCycle: 9.19ms since event, 7.63ms since dispatch
W/GLSurfaceView( 2409): <168323586>  --- [01;31m[Kxzl[m[K --- BEFORE GLSurfaceView swap frame
D/SurfaceTextureClient( 2409): <168323600.00> [01;31m[Kxzl[m[K SurfaceTextureClient::queueBuffer
D/SurfaceFlinger(  117): <168323600.00>  --- [01;31m[Kxzl[m[K Layer::onFrameQueued
W/GLSurfaceView( 2409): <168323591>  --- [01;31m[Kxzl[m[K --- AFTER GLSurfaceView swap frame
W/GLSurfaceView( 2409): <168323592>  --- [01;31m[Kxzl[m[K --- BEFORE GLSurfaceView DrawFrame
W/APP     ( 2409): [01;31m[Kxzl[m[K: ===> ev hits user code: <168323597>  {168323589} since event: 8 ms
D/InputDispatcher(  190): <168323600.00> ########### [01;31m[Kxzl[m[K finishDispatchCycle: 9.25ms since event, 7.69ms since dispatch
D/SurfaceFlinger(  117): <168323600.00>  ----- [01;31m[Kxzl[m[K SurfaceFlinger::composeSurfaces compose done, prepare to swap fb ------
W/APP     ( 2409): [01;31m[Kxzl[m[K: ===> entering onDrawFrame: <168323602> 
W/APP     ( 2409): [01;31m[Kxzl[m[K: ===> done onDrawFrame: <168323602> 
W/GLSurfaceView( 2409): <168323603>  --- [01;31m[Kxzl[m[K --- AFTER GLSurfaceView DrawFrame
W/GLSurfaceView( 2409): <168323603>  --- [01;31m[Kxzl[m[K --- BEFORE GLSurfaceView swap frame
D/SurfaceTextureClient( 2409): <168323616.00> [01;31m[Kxzl[m[K SurfaceTextureClient::queueBuffer
D/SurfaceFlinger(  117): <168323616.00>  --- [01;31m[Kxzl[m[K Layer::onFrameQueued
W/APP     ( 2409): [01;31m[Kxzl[m[K: ===> ev hits user code: <168323606>  {168323599} since event: 7 ms
D/InputDispatcher(  190): <168323616.00> ########### [01;31m[Kxzl[m[K finishDispatchCycle: 7.72ms since event, 6.20ms since dispatch
W/APP     ( 2409): [01;31m[Kxzl[m[K: ===> ev hits user code: <168323612>  {168323609} since event: 3 ms
D/InputDispatcher(  190): <168323616.00> ########### [01;31m[Kxzl[m[K finishDispatchCycle: 3.66ms since event, 2.14ms since dispatch
D/SurfaceFlinger(  117): <168323616.00>  ----- [01;31m[Kxzl[m[K SurfaceFlinger::composeSurfaces() swap fb done  ------
W/GLSurfaceView( 2409): <168323618>  --- [01;31m[Kxzl[m[K --- AFTER GLSurfaceView swap frame
W/GLSurfaceView( 2409): <168323620>  --- [01;31m[Kxzl[m[K --- BEFORE GLSurfaceView DrawFrame
W/APP     ( 2409): [01;31m[Kxzl[m[K: ===> ev hits user code: <168323623>  {168323619} since event: 4 ms
D/InputDispatcher(  190): <168323632.00> ########### [01;31m[Kxzl[m[K finishDispatchCycle: 5.13ms since event, 3.66ms since dispatch
D/SurfaceFlinger(  117): <168323632.00>  ----- [01;31m[Kxzl[m[K SurfaceFlinger::composeSurfaces compose done, prepare to swap fb ------
W/APP     ( 2409): [01;31m[Kxzl[m[K: ===> entering onDrawFrame: <168323631> 
W/APP     ( 2409): [01;31m[Kxzl[m[K: ===> done onDrawFrame: <168323631> 
W/GLSurfaceView( 2409): <168323631>  --- [01;31m[Kxzl[m[K --- AFTER GLSurfaceView DrawFrame
W/GLSurfaceView( 2409): <168323632>  --- [01;31m[Kxzl[m[K --- BEFORE GLSurfaceView swap frame
D/SurfaceTextureClient( 2409): <168323632.00> [01;31m[Kxzl[m[K SurfaceTextureClient::queueBuffer
D/SurfaceFlinger(  117): <168323632.00>  --- [01;31m[Kxzl[m[K Layer::onFrameQueued
D/SurfaceFlinger(  117): <168323632.00>  ----- [01;31m[Kxzl[m[K SurfaceFlinger::composeSurfaces() swap fb done  ------
W/GLSurfaceView( 2409): <168323636>  --- [01;31m[Kxzl[m[K --- AFTER GLSurfaceView swap frame
W/GLSurfaceView( 2409): <168323638>  --- [01;31m[Kxzl[m[K --- BEFORE GLSurfaceView DrawFrame
W/APP     ( 2409): [01;31m[Kxzl[m[K: ===> ev hits user code: <168323640>  {168323628} since event: 12 ms
D/InputDispatcher(  190): <168323648.00> ########### [01;31m[Kxzl[m[K finishDispatchCycle: 13.06ms since event, 11.51ms since dispatch
D/SurfaceFlinger(  117): <168323648.00>  ----- [01;31m[Kxzl[m[K SurfaceFlinger::composeSurfaces compose done, prepare to swap fb ------
W/APP     ( 2409): [01;31m[Kxzl[m[K: ===> ev hits user code: <168323644>  {168323638} since event: 6 ms
D/InputDispatcher(  190): <168323648.00> ########### [01;31m[Kxzl[m[K finishDispatchCycle: 7.57ms since event, 4.06ms since dispatch
D/SurfaceFlinger(  117): <168323648.00>  ----- [01;31m[Kxzl[m[K SurfaceFlinger::composeSurfaces() swap fb done  ------
W/APP     ( 2409): [01;31m[Kxzl[m[K: ===> entering onDrawFrame: <168323652> 
W/APP     ( 2409): [01;31m[Kxzl[m[K: ===> done onDrawFrame: <168323652> 
W/GLSurfaceView( 2409): <168323653>  --- [01;31m[Kxzl[m[K --- AFTER GLSurfaceView DrawFrame
W/GLSurfaceView( 2409): <168323654>  --- [01;31m[Kxzl[m[K --- BEFORE GLSurfaceView swap frame
D/SurfaceTextureClient( 2409): <168323664.00> [01;31m[Kxzl[m[K SurfaceTextureClient::queueBuffer
D/SurfaceFlinger(  117): <168323664.00>  --- [01;31m[Kxzl[m[K Layer::onFrameQueued
W/GLSurfaceView( 2409): <168323655>  --- [01;31m[Kxzl[m[K --- AFTER GLSurfaceView swap frame
W/GLSurfaceView( 2409): <168323655>  --- [01;31m[Kxzl[m[K --- BEFORE GLSurfaceView DrawFrame
W/APP     ( 2409): [01;31m[Kxzl[m[K: ===> ev hits user code: <168323651>  {168323648} since event: 3 ms
D/InputDispatcher(  190): <168323664.00> ########### [01;31m[Kxzl[m[K finishDispatchCycle: 9.43ms since event, 7.81ms since dispatch
W/APP     ( 2409): [01;31m[Kxzl[m[K: ===> ev hits user code: <168323661>  {168323657} since event: 4 ms
D/InputDispatcher(  190): <168323664.00> ########### [01;31m[Kxzl[m[K finishDispatchCycle: 4.03ms since event, 2.17ms since dispatch
D/SurfaceFlinger(  117): <168323664.00>  ----- [01;31m[Kxzl[m[K SurfaceFlinger::composeSurfaces compose done, prepare to swap fb ------
D/SurfaceFlinger(  117): <168323680.00>  ----- [01;31m[Kxzl[m[K SurfaceFlinger::composeSurfaces() swap fb done  ------
W/APP     ( 2409): [01;31m[Kxzl[m[K: ===> entering onDrawFrame: <168323669> 
W/APP     ( 2409): [01;31m[Kxzl[m[K: ===> done onDrawFrame: <168323669> 
W/GLSurfaceView( 2409): <168323670>  --- [01;31m[Kxzl[m[K --- AFTER GLSurfaceView DrawFrame
W/GLSurfaceView( 2409): <168323671>  --- [01;31m[Kxzl[m[K --- BEFORE GLSurfaceView swap frame
D/SurfaceTextureClient( 2409): <168323680.00> [01;31m[Kxzl[m[K SurfaceTextureClient::queueBuffer
D/SurfaceFlinger(  117): <168323680.00>  --- [01;31m[Kxzl[m[K Layer::onFrameQueued
W/GLSurfaceView( 2409): <168323672>  --- [01;31m[Kxzl[m[K --- AFTER GLSurfaceView swap frame
W/GLSurfaceView( 2409): <168323673>  --- [01;31m[Kxzl[m[K --- BEFORE GLSurfaceView DrawFrame
W/APP     ( 2409): [01;31m[Kxzl[m[K: ===> ev hits user code: <168323677>  {168323667} since event: 10 ms
D/InputDispatcher(  190): <168323680.00> ########### [01;31m[Kxzl[m[K finishDispatchCycle: 14.34ms since event, 12.79ms since dispatch
D/SurfaceFlinger(  117): <168323680.00>  ----- [01;31m[Kxzl[m[K SurfaceFlinger::composeSurfaces compose done, prepare to swap fb ------
W/APP     ( 2409): [01;31m[Kxzl[m[K: ===> entering onDrawFrame: <168323683> 
W/APP     ( 2409): [01;31m[Kxzl[m[K: ===> done onDrawFrame: <168323683> 
W/GLSurfaceView( 2409): <168323684>  --- [01;31m[Kxzl[m[K --- AFTER GLSurfaceView DrawFrame
W/GLSurfaceView( 2409): <168323684>  --- [01;31m[Kxzl[m[K --- BEFORE GLSurfaceView swap frame
D/SurfaceTextureClient( 2409): <168323680.00> [01;31m[Kxzl[m[K SurfaceTextureClient::queueBuffer
D/SurfaceFlinger(  117): <168323680.00>  --- [01;31m[Kxzl[m[K Layer::onFrameQueued
D/SurfaceFlinger(  117): <168323696.00>  ----- [01;31m[Kxzl[m[K SurfaceFlinger::composeSurfaces() swap fb done  ------
W/GLSurfaceView( 2409): <168323687>  --- [01;31m[Kxzl[m[K --- AFTER GLSurfaceView swap frame
W/GLSurfaceView( 2409): <168323687>  --- [01;31m[Kxzl[m[K --- BEFORE GLSurfaceView DrawFrame
W/APP     ( 2409): [01;31m[Kxzl[m[K: ===> ev hits user code: <168323690>  {168323677} since event: 13 ms
