D/SurfaceTextureClient( 2409): <168326192.00> [01;31m[Kxzl[m[K SurfaceTextureClient::queueBuffer
D/SurfaceFlinger(  117): <168326192.00>  --- [01;31m[Kxzl[m[K Layer::onFrameQueued
W/APP     ( 2409): [01;31m[Kxzl[m[K: ===> ev hits user code: <168326193>  {168326190} since event: 3 ms
D/InputDispatcher(  190): <168326192.00> ########### [01;31m[Kxzl[m[K finishDispatchCycle: 3.48ms since event, 2.96ms since dispatch
D/SurfaceFlinger(  117): <168326192.00>  ----- [01;31m[Kxzl[m[K SurfaceFlinger::composeSurfaces() swap fb done  ------
W/GLSurfaceView( 2409): <168326195>  --- [01;31m[Kxzl[m[K --- AFTER GLSurfaceView swap frame
W/GLSurfaceView( 2409): <168326195>  --- [01;31m[Kxzl[m[K --- BEFORE GLSurfaceView DrawFrame
W/APP     ( 2409): [01;31m[Kxzl[m[K: ===> ev hits user code: <168326202>  {168326200} since event: 2 ms
D/InputDispatcher(  190): <168326208.00> ########### [01;31m[Kxzl[m[K finishDispatchCycle: 2.99ms since event, 2.41ms since dispatch
D/SurfaceFlinger(  117): <168326208.00>  ----- [01;31m[Kxzl[m[K SurfaceFlinger::composeSurfaces compose done, prepare to swap fb ------
W/APP     ( 2409): [01;31m[Kxzl[m[K: ===> entering onDrawFrame: <168326206> 
W/APP     ( 2409): [01;31m[Kxzl[m[K: ===> done onDrawFrame: <168326206> 
W/GLSurfaceView( 2409): <168326206>  --- [01;31m[Kxzl[m[K --- AFTER GLSurfaceView DrawFrame
W/GLSurfaceView( 2409): <168326207>  --- [01;31m[Kxzl[m[K --- BEFORE GLSurfaceView swap frame
D/SurfaceTextureClient( 2409): <168326208.00> [01;31m[Kxzl[m[K SurfaceTextureClient::queueBuffer
D/SurfaceFlinger(  117): <168326208.00>  --- [01;31m[Kxzl[m[K Layer::onFrameQueued
D/SurfaceFlinger(  117): <168326208.00>  ----- [01;31m[Kxzl[m[K SurfaceFlinger::composeSurfaces() swap fb done  ------
W/GLSurfaceView( 2409): <168326212>  --- [01;31m[Kxzl[m[K --- AFTER GLSurfaceView swap frame
W/GLSurfaceView( 2409): <168326213>  --- [01;31m[Kxzl[m[K --- BEFORE GLSurfaceView DrawFrame
W/APP     ( 2409): [01;31m[Kxzl[m[K: ===> ev hits user code: <168326215>  {168326209} since event: 6 ms
D/InputDispatcher(  190): <168326208.00> ########### [01;31m[Kxzl[m[K finishDispatchCycle: 7.11ms since event, 6.56ms since dispatch
D/SurfaceFlinger(  117): <168326224.00>  ----- [01;31m[Kxzl[m[K SurfaceFlinger::composeSurfaces compose done, prepare to swap fb ------
W/APP     ( 2409): [01;31m[Kxzl[m[K: ===> entering onDrawFrame: <168326223> 
W/APP     ( 2409): [01;31m[Kxzl[m[K: ===> done onDrawFrame: <168326223> 
W/GLSurfaceView( 2409): <168326224>  --- [01;31m[Kxzl[m[K --- AFTER GLSurfaceView DrawFrame
W/GLSurfaceView( 2409): <168326225>  --- [01;31m[Kxzl[m[K --- BEFORE GLSurfaceView swap frame
D/SurfaceTextureClient( 2409): <168326224.00> [01;31m[Kxzl[m[K SurfaceTextureClient::queueBuffer
D/SurfaceFlinger(  117): <168326224.00>  --- [01;31m[Kxzl[m[K Layer::onFrameQueued
D/SurfaceFlinger(  117): <168326224.00>  ----- [01;31m[Kxzl[m[K SurfaceFlinger::composeSurfaces() swap fb done  ------
W/GLSurfaceView( 2409): <168326230>  --- [01;31m[Kxzl[m[K --- AFTER GLSurfaceView swap frame
W/GLSurfaceView( 2409): <168326231>  --- [01;31m[Kxzl[m[K --- BEFORE GLSurfaceView DrawFrame
W/APP     ( 2409): [01;31m[Kxzl[m[K: ===> ev hits user code: <168326228>  {168326219} since event: 9 ms
D/InputDispatcher(  190): <168326224.00> ########### [01;31m[Kxzl[m[K finishDispatchCycle: 12.42ms since event, 11.72ms since dispatch
W/APP     ( 2409): [01;31m[Kxzl[m[K: ===> ev hits user code: <168326235>  {168326229} since event: 6 ms
D/InputDispatcher(  190): <168326240.00> ########### [01;31m[Kxzl[m[K finishDispatchCycle: 6.90ms since event, 4.00ms since dispatch
D/SurfaceFlinger(  117): <168326240.00>  ----- [01;31m[Kxzl[m[K SurfaceFlinger::composeSurfaces compose done, prepare to swap fb ------
W/APP     ( 2409): [01;31m[Kxzl[m[K: ===> entering onDrawFrame: <168326241> 
W/APP     ( 2409): [01;31m[Kxzl[m[K: ===> done onDrawFrame: <168326241> 
W/GLSurfaceView( 2409): <168326243>  --- [01;31m[Kxzl[m[K --- AFTER GLSurfaceView DrawFrame
W/GLSurfaceView( 2409): <168326243>  --- [01;31m[Kxzl[m[K --- BEFORE GLSurfaceView swap frame
D/SurfaceTextureClient( 2409): <168326240.00> [01;31m[Kxzl[m[K SurfaceTextureClient::queueBuffer
D/SurfaceFlinger(  117): <168326240.00>  --- [01;31m[Kxzl[m[K Layer::onFrameQueued
W/APP     ( 2409): [01;31m[Kxzl[m[K: ===> ev hits user code: <168326244>  {168326239} since event: 5 ms
D/InputDispatcher(  190): <168326240.00> ########### [01;31m[Kxzl[m[K finishDispatchCycle: 6.41ms since event, 5.80ms since dispatch
D/SurfaceFlinger(  117): <168326240.00>  ----- [01;31m[Kxzl[m[K SurfaceFlinger::composeSurfaces() swap fb done  ------
W/GLSurfaceView( 2409): <168326246>  --- [01;31m[Kxzl[m[K --- AFTER GLSurfaceView swap frame
W/GLSurfaceView( 2409): <168326248>  --- [01;31m[Kxzl[m[K --- BEFORE GLSurfaceView DrawFrame
W/APP     ( 2409): [01;31m[Kxzl[m[K: ===> ev hits user code: <168326251>  {168326248} since event: 3 ms
D/InputDispatcher(  190): <168326240.00> ########### [01;31m[Kxzl[m[K finishDispatchCycle: 3.60ms since event, 3.05ms since dispatch
D/SurfaceFlinger(  117): <168326256.00>  ----- [01;31m[Kxzl[m[K SurfaceFlinger::composeSurfaces compose done, prepare to swap fb ------
W/APP     ( 2409): [01;31m[Kxzl[m[K: ===> entering onDrawFrame: <168326259> 
W/APP     ( 2409): [01;31m[Kxzl[m[K: ===> done onDrawFrame: <168326259> 
W/GLSurfaceView( 2409): <168326260>  --- [01;31m[Kxzl[m[K --- AFTER GLSurfaceView DrawFrame
W/GLSurfaceView( 2409): <168326260>  --- [01;31m[Kxzl[m[K --- BEFORE GLSurfaceView swap frame
D/SurfaceTextureClient( 2409): <168326256.00> [01;31m[Kxzl[m[K SurfaceTextureClient::queueBuffer
D/SurfaceFlinger(  117): <168326256.00>  --- [01;31m[Kxzl[m[K Layer::onFrameQueued
D/SurfaceFlinger(  117): <168326256.00>  ----- [01;31m[Kxzl[m[K SurfaceFlinger::composeSurfaces() swap fb done  ------
W/GLSurfaceView( 2409): <168326263>  --- [01;31m[Kxzl[m[K --- AFTER GLSurfaceView swap frame
W/APP     ( 2409): [01;31m[Kxzl[m[K: ===> ev hits user code: <168326263>  {168326258} since event: 5 ms
W/GLSurfaceView( 2409): <168326264>  --- [01;31m[Kxzl[m[K --- BEFORE GLSurfaceView DrawFrame
D/InputDispatcher(  190): <168326256.00> ########### [01;31m[Kxzl[m[K finishDispatchCycle: 6.90ms since event, 6.35ms since dispatch
W/APP     ( 2409): [01;31m[Kxzl[m[K: ===> ev hits user code: <168326270>  {168326268} since event: 2 ms
D/InputDispatcher(  190): <168326272.00> ########### [01;31m[Kxzl[m[K finishDispatchCycle: 2.50ms since event, 1.92ms since dispatch
D/SurfaceFlinger(  117): <168326272.00>  ----- [01;31m[Kxzl[m[K SurfaceFlinger::composeSurfaces compose done, prepare to swap fb ------
W/APP     ( 2409): [01;31m[Kxzl[m[K: ===> entering onDrawFrame: <168326277> 
D/SurfaceFlinger(  117): <168326272.00>  ----- [01;31m[Kxzl[m[K SurfaceFlinger::composeSurfaces() swap fb done  ------
W/APP     ( 2409): [01;31m[Kxzl[m[K: ===> done onDrawFrame: <168326277> 
W/GLSurfaceView( 2409): <168326280>  --- [01;31m[Kxzl[m[K --- AFTER GLSurfaceView DrawFrame
W/GLSurfaceView( 2409): <168326282>  --- [01;31m[Kxzl[m[K --- BEFORE GLSurfaceView swap frame
D/SurfaceTextureClient( 2409): <168326272.00> [01;31m[Kxzl[m[K SurfaceTextureClient::queueBuffer
D/SurfaceFlinger(  117): <168326272.00>  --- [01;31m[Kxzl[m[K Layer::onFrameQueued
W/APP     ( 2409): [01;31m[Kxzl[m[K: ===> ev hits user code: <168326283>  {168326278} since event: 5 ms
D/InputDispatcher(  190): <168326272.00> ########### [01;31m[Kxzl[m[K finishDispatchCycle: 7.97ms since event, 7.35ms since dispatch
W/GLSurfaceView( 2409): <168326284>  --- [01;31m[Kxzl[m[K --- AFTER GLSurfaceView swap frame
W/GLSurfaceView( 2409): <168326289>  --- [01;31m[Kxzl[m[K --- BEFORE GLSurfaceView DrawFrame
W/APP     ( 2409): [01;31m[Kxzl[m[K: ===> ev hits user code: <168326291>  {168326287} since event: 4 ms
D/InputDispatcher(  190): <168326288.00> ########### [01;31m[Kxzl[m[K finishDispatchCycle: 4.70ms since event, 4.09ms since dispatch
D/SurfaceFlinger(  117): <168326288.00>  ----- [01;31m[Kxzl[m[K SurfaceFlinger::composeSurfaces compose done, prepare to swap fb ------
D/SurfaceFlinger(  117): <168326288.00>  ----- [01;31m[Kxzl[m[K SurfaceFlinger::composeSurfaces() swap fb done  ------
W/APP     ( 2409): [01;31m[Kxzl[m[K: ===> entering onDrawFrame: <168326300> 
W/APP     ( 2409): [01;31m[Kxzl[m[K: ===> done onDrawFrame: <168326300> 
W/GLSurfaceView( 2409): <168326301>  --- [01;31m[Kxzl[m[K --- AFTER GLSurfaceView DrawFrame
W/GLSurfaceView( 2409): <168326302>  --- [01;31m[Kxzl[m[K --- BEFORE GLSurfaceView swap frame
D/SurfaceTextureClient( 2409): <168326288.00> [01;31m[Kxzl[m[K SurfaceTextureClient::queueBuffer
D/SurfaceFlinger(  117): <168326288.00>  --- [01;31m[Kxzl[m[K Layer::onFrameQueued
W/APP     ( 2409): [01;31m[Kxzl[m[K: ===> ev hits user code: <168326302>  {168326297} since event: 5 ms
D/InputDispatcher(  190): <168326304.00> ########### [01;31m[Kxzl[m[K finishDispatchCycle: 6.56ms since event, 6.01ms since dispatch
W/GLSurfaceView( 2409): <168326304>  --- [01;31m[Kxzl[m[K --- AFTER GLSurfaceView swap frame
W/GLSurfaceView( 2409): <168326304>  --- [01;31m[Kxzl[m[K --- BEFORE GLSurfaceView DrawFrame
W/APP     ( 2409): [01;31m[Kxzl[m[K: ===> ev hits user code: <168326310>  {168326307} since event: 3 ms
D/InputDispatcher(  190): <168326304.00> ########### [01;31m[Kxzl[m[K finishDispatchCycle: 3.42ms since event, 2.87ms since dispatch
D/SurfaceFlinger(  117): <168326304.00>  ----- [01;31m[Kxzl[m[K SurfaceFlinger::composeSurfaces compose done, prepare to swap fb ------
D/SurfaceFlinger(  117): <168326304.00>  ----- [01;31m[Kxzl[m[K SurfaceFlinger::composeSurfaces() swap fb done  ------
W/APP     ( 2409): [01;31m[Kxzl[m[K: ===> entering onDrawFrame: <168326314> 
W/APP     ( 2409): [01;31m[Kxzl[m[K: ===> done onDrawFrame: <168326314> 
W/APP     ( 2409): [01;31m[Kxzl[m[K: ===> ev hits user code: <168326320>  {168326316} since event: 4 ms
D/InputDispatcher(  190): <168326320.00> ########### [01;31m[Kxzl[m[K finishDispatchCycle: 4.61ms since event, 4.06ms since dispatch
W/GLSurfaceView( 2409): <168326320>  --- [01;31m[Kxzl[m[K --- AFTER GLSurfaceView DrawFrame
W/GLSurfaceView( 2409): <168326321>  --- [01;31m[Kxzl[m[K --- BEFORE GLSurfaceView swap frame
D/SurfaceTextureClient( 2409): <168326320.00> [01;31m[Kxzl[m[K SurfaceTextureClient::queueBuffer
D/SurfaceFlinger(  117): <168326320.00>  --- [01;31m[Kxzl[m[K Layer::onFrameQueued
W/GLSurfaceView( 2409): <168326323>  --- [01;31m[Kxzl[m[K --- AFTER GLSurfaceView swap frame
W/GLSurfaceView( 2409): <168326324>  --- [01;31m[Kxzl[m[K --- BEFORE GLSurfaceView DrawFrame
D/SurfaceFlinger(  117): <168326320.00>  ----- [01;31m[Kxzl[m[K SurfaceFlinger::composeSurfaces compose done, prepare to swap fb ------
W/APP     ( 2409): [01;31m[Kxzl[m[K: ===> ev hits user code: <168326333>  {168326326} since event: 7 ms
W/APP     ( 2409): [01;31m[Kxzl[m[K: ===> entering onDrawFrame: <168326334> 
W/APP     ( 2409): [01;31m[Kxzl[m[K: ===> done onDrawFrame: <168326334> 
W/GLSurfaceView( 2409): <168326335>  --- [01;31m[Kxzl[m[K --- AFTER GLSurfaceView DrawFrame
W/GLSurfaceView( 2409): <168326335>  --- [01;31m[Kxzl[m[K --- BEFORE GLSurfaceView swap frame
D/SurfaceTextureClient( 2409): <168326320.00> [01;31m[Kxzl[m[K SurfaceTextureClient::queueBuffer
D/SurfaceFlinger(  117): <168326320.00>  --- [01;31m[Kxzl[m[K Layer::onFrameQueued
D/InputDispatcher(  190): <168326352.00> ########### [01;31m[Kxzl[m[K finishDispatchCycle: 13.76ms since event, 13.12ms since dispatch
W/APP     ( 2409): [01;31m[Kxzl[m[K: ===> ev hits user code: <168326343>  {168326336} since event: 7 ms
D/InputDispatcher(  190): <168326352.00> ########### [01;31m[Kxzl[m[K finishDispatchCycle: 9.22ms since event, 5.25ms since dispatch
D/SurfaceFlinger(  117): <168326352.00>  ----- [01;31m[Kxzl[m[K SurfaceFlinger::composeSurfaces() swap fb done  ------
W/GLSurfaceView( 2409): <168326348>  --- [01;31m[Kxzl[m[K --- AFTER GLSurfaceView swap frame
W/GLSurfaceView( 2409): <168326348>  --- [01;31m[Kxzl[m[K --- BEFORE GLSurfaceView DrawFrame
W/APP     ( 2409): [01;31m[Kxzl[m[K: ===> ev hits user code: <168326352>  {168326346} since event: 6 ms
D/InputDispatcher(  190): <168326352.00> ########### [01;31m[Kxzl[m[K finishDispatchCycle: 6.38ms since event, 5.77ms since dispatch
D/SurfaceFlinger(  117): <168326368.00>  ----- [01;31m[Kxzl[m[K SurfaceFlinger::composeSurfaces compose done, prepare to swap fb ------
W/APP     ( 2409): [01;31m[Kxzl[m[K: ===> entering onDrawFrame: <168326359> 
W/APP     ( 2409): [01;31m[Kxzl[m[K: ===> ev hits user code: <168326359>  {168326355} since event: 4 ms
D/InputDispatcher(  190): <168326368.00> ########### [01;31m[Kxzl[m[K finishDispatchCycle: 4.76ms since event, 4.18ms since dispatch
W/APP     ( 2409): [01;31m[Kxzl[m[K: ===> done onDrawFrame: <168326359> 
W/GLSurfaceView( 2409): <168326360>  --- [01;31m[Kxzl[m[K --- AFTER GLSurfaceView DrawFrame
W/GLSurfaceView( 2409): <168326361>  --- [01;31m[Kxzl[m[K --- BEFORE GLSurfaceView swap frame
D/SurfaceTextureClient( 2409): <168326368.00> [01;31m[Kxzl[m[K SurfaceTextureClient::queueBuffer
D/SurfaceFlinger(  117): <168326368.00>  --- [01;31m[Kxzl[m[K Layer::onFrameQueued
D/SurfaceFlinger(  117): <168326368.00>  ----- [01;31m[Kxzl[m[K SurfaceFlinger::composeSurfaces() swap fb done  ------
W/GLSurfaceView( 2409): <168326365>  --- [01;31m[Kxzl[m[K --- AFTER GLSurfaceView swap frame
W/GLSurfaceView( 2409): <168326365>  --- [01;31m[Kxzl[m[K --- BEFORE GLSurfaceView DrawFrame
W/APP     ( 2409): [01;31m[Kxzl[m[K: ===> ev hits user code: <168326369>  {168326365} since event: 4 ms
D/InputDispatcher(  190): <168326368.00> ########### [01;31m[Kxzl[m[K finishDispatchCycle: 3.88ms since event, 3.33ms since dispatch
D/SurfaceFlinger(  117): <168326384.00>  ----- [01;31m[Kxzl[m[K SurfaceFlinger::composeSurfaces compose done, prepare to swap fb ------
W/APP     ( 2409): [01;31m[Kxzl[m[K: ===> entering onDrawFrame: <168326377> 
W/APP     ( 2409): [01;31m[Kxzl[m[K: ===> done onDrawFrame: <168326377> 
W/GLSurfaceView( 2409): <168326378>  --- [01;31m[Kxzl[m[K --- AFTER GLSurfaceView DrawFrame
W/GLSurfaceView( 2409): <168326379>  --- [01;31m[Kxzl[m[K --- BEFORE GLSurfaceView swap frame
W/APP     ( 2409): [01;31m[Kxzl[m[K: ===> ev hits user code: <168326380>  {168326375} since event: 5 ms
D/InputDispatcher(  190): <168326384.00> ########### [01;31m[Kxzl[m[K finishDispatchCycle: 5.74ms since event, 5.19ms since dispatch
D/SurfaceTextureClient( 2409): <168326384.00> [01;31m[Kxzl[m[K SurfaceTextureClient::queueBuffer
D/SurfaceFlinger(  117): <168326384.00>  --- [01;31m[Kxzl[m[K Layer::onFrameQueued
D/SurfaceFlinger(  117): <168326384.00>  ----- [01;31m[Kxzl[m[K SurfaceFlinger::composeSurfaces() swap fb done  ------
W/GLSurfaceView( 2409): <168326382>  --- [01;31m[Kxzl[m[K --- AFTER GLSurfaceView swap frame
W/GLSurfaceView( 2409): <168326382>  --- [01;31m[Kxzl[m[K --- BEFORE GLSurfaceView DrawFrame
W/APP     ( 2409): [01;31m[Kxzl[m[K: ===> ev hits user code: <168326387>  {168326385} since event: 2 ms
D/InputDispatcher(  190): <168326400.00> ########### [01;31m[Kxzl[m[K finishDispatchCycle: 3.17ms since event, 2.53ms since dispatch
D/SurfaceFlinger(  117): <168326400.00>  ----- [01;31m[Kxzl[m[K SurfaceFlinger::composeSurfaces compose done, prepare to swap fb ------
W/APP     ( 2409): [01;31m[Kxzl[m[K: ===> entering onDrawFrame: <168326392> 
W/APP     ( 2409): [01;31m[Kxzl[m[K: ===> done onDrawFrame: <168326392> 
W/GLSurfaceView( 2409): <168326393>  --- [01;31m[Kxzl[m[K --- AFTER GLSurfaceView DrawFrame
W/GLSurfaceView( 2409): <168326393>  --- [01;31m[Kxzl[m[K --- BEFORE GLSurfaceView swap frame
D/SurfaceTextureClient( 2409): <168326400.00> [01;31m[Kxzl[m[K SurfaceTextureClient::queueBuffer
D/SurfaceFlinger(  117): <168326400.00>  --- [01;31m[Kxzl[m[K Layer::onFrameQueued
W/APP     ( 2409): [01;31m[Kxzl[m[K: ===> ev hits user code: <168326398>  {168326395} since event: 3 ms
D/SurfaceFlinger(  117): <168326400.00>  ----- [01;31m[Kxzl[m[K SurfaceFlinger::composeSurfaces() swap fb done  ------
W/GLSurfaceView( 2409): <168326399>  --- [01;31m[Kxzl[m[K --- AFTER GLSurfaceView swap frame
W/GLSurfaceView( 2409): <168326399>  --- [01;31m[Kxzl[m[K --- BEFORE GLSurfaceView DrawFrame
D/InputDispatcher(  190): <168326400.00> ########### [01;31m[Kxzl[m[K finishDispatchCycle: 5.00ms since event, 4.39ms since dispatch
W/APP     ( 2409): [01;31m[Kxzl[m[K: ===> ev hits user code: <168326408>  {168326404} since event: 4 ms
D/InputDispatcher(  190): <168326416.00> ########### [01;31m[Kxzl[m[K finishDispatchCycle: 4.03ms since event, 3.42ms since dispatch
D/SurfaceFlinger(  117): <168326416.00>  ----- [01;31m[Kxzl[m[K SurfaceFlinger::composeSurfaces compose done, prepare to swap fb ------
W/APP     ( 2409): [01;31m[Kxzl[m[K: ===> entering onDrawFrame: <168326410> 
W/APP     ( 2409): [01;31m[Kxzl[m[K: ===> done onDrawFrame: <168326410> 
W/GLSurfaceView( 2409): <168326410>  --- [01;31m[Kxzl[m[K --- AFTER GLSurfaceView DrawFrame
W/GLSurfaceView( 2409): <168326411>  --- [01;31m[Kxzl[m[K --- BEFORE GLSurfaceView swap frame
D/SurfaceTextureClient( 2409): <168326416.00> [01;31m[Kxzl[m[K SurfaceTextureClient::queueBuffer
D/SurfaceFlinger(  117): <168326416.00>  --- [01;31m[Kxzl[m[K Layer::onFrameQueued
D/SurfaceFlinger(  117): <168326416.00>  ----- [01;31m[Kxzl[m[K SurfaceFlinger::composeSurfaces() swap fb done  ------
W/GLSurfaceView( 2409): <168326416>  --- [01;31m[Kxzl[m[K --- AFTER GLSurfaceView swap frame
W/GLSurfaceView( 2409): <168326417>  --- [01;31m[Kxzl[m[K --- BEFORE GLSurfaceView DrawFrame
W/APP     ( 2409): [01;31m[Kxzl[m[K: ===> ev hits user code: <168326418>  {168326414} since event: 4 ms
D/InputDispatcher(  190): <168326416.00> ########### [01;31m[Kxzl[m[K finishDispatchCycle: 4.94ms since event, 4.33ms since dispatch
D/SurfaceFlinger(  117): <168326432.00>  ----- [01;31m[Kxzl[m[K SurfaceFlinger::composeSurfaces compose done, prepare to swap fb ------
W/APP     ( 2409): [01;31m[Kxzl[m[K: ===> entering onDrawFrame: <168326427> 
W/APP     ( 2409): [01;31m[Kxzl[m[K: ===> done onDrawFrame: <168326427> 
W/GLSurfaceView( 2409): <168326429>  --- [01;31m[Kxzl[m[K --- AFTER GLSurfaceView DrawFrame
W/GLSurfaceView( 2409): <168326429>  --- [01;31m[Kxzl[m[K --- BEFORE GLSurfaceView swap frame
D/SurfaceTextureClient( 2409): <168326432.00> [01;31m[Kxzl[m[K SurfaceTextureClient::queueBuffer
D/SurfaceFlinger(  117): <168326432.00>  --- [01;31m[Kxzl[m[K Layer::onFrameQueued
D/SurfaceFlinger(  117): <168326432.00>  ----- [01;31m[Kxzl[m[K SurfaceFlinger::composeSurfaces() swap fb done  ------
W/GLSurfaceView( 2409): <168326433>  --- [01;31m[Kxzl[m[K --- AFTER GLSurfaceView swap frame
W/GLSurfaceView( 2409): <168326434>  --- [01;31m[Kxzl[m[K --- BEFORE GLSurfaceView DrawFrame
W/APP     ( 2409): [01;31m[Kxzl[m[K: ===> ev hits user code: <168326431>  {168326424} since event: 7 ms
D/InputDispatcher(  190): <168326448.00> ########### [01;31m[Kxzl[m[K finishDispatchCycle: 15.26ms since event, 14.56ms since dispatch
D/SurfaceFlinger(  117): <168326448.00>  ----- [01;31m[Kxzl[m[K SurfaceFlinger::composeSurfaces compose done, prepare to swap fb ------
W/APP     ( 2409): [01;31m[Kxzl[m[K: ===> entering onDrawFrame: <168326444> 
W/APP     ( 2409): [01;31m[Kxzl[m[K: ===> done onDrawFrame: <168326444> 
W/GLSurfaceView( 2409): <168326445>  --- [01;31m[Kxzl[m[K --- AFTER GLSurfaceView DrawFrame
W/GLSurfaceView( 2409): <168326445>  --- [01;31m[Kxzl[m[K --- BEFORE GLSurfaceView swap frame
D/SurfaceTextureClient( 2409): <168326448.00> [01;31m[Kxzl[m[K SurfaceTextureClient::queueBuffer
D/SurfaceFlinger(  117): <168326448.00>  --- [01;31m[Kxzl[m[K Layer::onFrameQueued
W/APP     ( 2409): [01;31m[Kxzl[m[K: ===> ev hits user code: <168326447>  {168326433} since event: 14 ms
D/InputDispatcher(  190): <168326448.00> ########### [01;31m[Kxzl[m[K finishDispatchCycle: 13.86ms since event, 7.48ms since dispatch
W/APP     ( 2409): [01;31m[Kxzl[m[K: ===> ev hits user code: <168326449>  {168326443} since event: 6 ms
D/InputDispatcher(  190): <168326448.00> ########### [01;31m[Kxzl[m[K finishDispatchCycle: 5.95ms since event, 1.89ms since dispatch
D/SurfaceFlinger(  117): <168326448.00>  ----- [01;31m[Kxzl[m[K SurfaceFlinger::composeSurfaces() swap fb done  ------
W/GLSurfaceView( 2409): <168326449>  --- [01;31m[Kxzl[m[K --- AFTER GLSurfaceView swap frame
W/GLSurfaceView( 2409): <168326450>  --- [01;31m[Kxzl[m[K --- BEFORE GLSurfaceView DrawFrame
W/APP     ( 2409): [01;31m[Kxzl[m[K: ===> ev hits user code: <168326455>  {168326453} since event: 2 ms
D/InputDispatcher(  190): <168326464.00> ########### [01;31m[Kxzl[m[K finishDispatchCycle: 2.53ms since event, 1.98ms since dispatch
D/SurfaceFlinger(  117): <168326464.00>  ----- [01;31m[Kxzl[m[K SurfaceFlinger::composeSurfaces compose done, prepare to swap fb ------
W/APP     ( 2409): [01;31m[Kxzl[m[K: ===> entering onDrawFrame: <168326460> 
W/APP     ( 2409): [01;31m[Kxzl[m[K: ===> done onDrawFrame: <168326460> 
W/GLSurfaceView( 2409): <168326461>  --- [01;31m[Kxzl[m[K --- AFTER GLSurfaceView DrawFrame
W/GLSurfaceView( 2409): <168326461>  --- [01;31m[Kxzl[m[K --- BEFORE GLSurfaceView swap frame
D/SurfaceTextureClient( 2409): <168326464.00> [01;31m[Kxzl[m[K SurfaceTextureClient::queueBuffer
D/SurfaceFlinger(  117): <168326464.00>  --- [01;31m[Kxzl[m[K Layer::onFrameQueued
W/APP     ( 2409): [01;31m[Kxzl[m[K: ===> ev hits user code: <168326465>  {168326463} since event: 2 ms
D/InputDispatcher(  190): <168326464.00> ########### [01;31m[Kxzl[m[K finishDispatchCycle: 2.59ms since event, 2.04ms since dispatch
D/SurfaceFlinger(  117): <168326464.00>  ----- [01;31m[Kxzl[m[K SurfaceFlinger::composeSurfaces() swap fb done  ------
W/GLSurfaceView( 2409): <168326466>  --- [01;31m[Kxzl[m[K --- AFTER GLSurfaceView swap frame
W/GLSurfaceView( 2409): <168326467>  --- [01;31m[Kxzl[m[K --- BEFORE GLSurfaceView DrawFrame
W/APP     ( 2409): [01;31m[Kxzl[m[K: ===> ev hits user code: <168326474>  {168326472} since event: 2 ms
D/InputDispatcher(  190): <168326480.00> ########### [01;31m[Kxzl[m[K finishDispatchCycle: 2.50ms since event, 1.95ms since dispatch
D/SurfaceFlinger(  117): <168326480.00>  ----- [01;31m[Kxzl[m[K SurfaceFlinger::composeSurfaces compose done, prepare to swap fb ------
W/APP     ( 2409): [01;31m[Kxzl[m[K: ===> entering onDrawFrame: <168326477> 
W/APP     ( 2409): [01;31m[Kxzl[m[K: ===> done onDrawFrame: <168326477> 
W/GLSurfaceView( 2409): <168326478>  --- [01;31m[Kxzl[m[K --- AFTER GLSurfaceView DrawFrame
W/GLSurfaceView( 2409): <168326478>  --- [01;31m[Kxzl[m[K --- BEFORE GLSurfaceView swap frame
D/SurfaceTextureClient( 2409): <168326480.00> [01;31m[Kxzl[m[K SurfaceTextureClient::queueBuffer
D/SurfaceFlinger(  117): <168326480.00>  --- [01;31m[Kxzl[m[K Layer::onFrameQueued
D/SurfaceFlinger(  117): <168326480.00>  ----- [01;31m[Kxzl[m[K SurfaceFlinger::composeSurfaces() swap fb done  ------
W/GLSurfaceView( 2409): <168326484>  --- [01;31m[Kxzl[m[K --- AFTER GLSurfaceView swap frame
W/GLSurfaceView( 2409): <168326484>  --- [01;31m[Kxzl[m[K --- BEFORE GLSurfaceView DrawFrame
W/APP     ( 2409): [01;31m[Kxzl[m[K: ===> ev hits user code: <168326485>  {168326482} since event: 3 ms
D/InputDispatcher(  190): <168326480.00> ########### [01;31m[Kxzl[m[K finishDispatchCycle: 4.09ms since event, 3.51ms since dispatch
D/SurfaceFlinger(  117): <168326496.00>  ----- [01;31m[Kxzl[m[K SurfaceFlinger::composeSurfaces compose done, prepare to swap fb ------
W/APP     ( 2409): [01;31m[Kxzl[m[K: ===> entering onDrawFrame: <168326494> 
W/APP     ( 2409): [01;31m[Kxzl[m[K: ===> done onDrawFrame: <168326494> 
W/GLSurfaceView( 2409): <168326495>  --- [01;31m[Kxzl[m[K --- AFTER GLSurfaceView DrawFrame
W/GLSurfaceView( 2409): <168326495>  --- [01;31m[Kxzl[m[K --- BEFORE GLSurfaceView swap frame
D/SurfaceTextureClient( 2409): <168326496.00> [01;31m[Kxzl[m[K SurfaceTextureClient::queueBuffer
D/SurfaceFlinger(  117): <168326496.00>  --- [01;31m[Kxzl[m[K Layer::onFrameQueued
W/APP     ( 2409): [01;31m[Kxzl[m[K: ===> ev hits user code: <168326497>  {168326492} since event: 5 ms
D/InputDispatcher(  190): <168326496.00> ########### [01;31m[Kxzl[m[K finishDispatchCycle: 5.98ms since event, 5.34ms since dispatch
D/SurfaceFlinger(  117): <168326496.00>  ----- [01;31m[Kxzl[m[K SurfaceFlinger::composeSurfaces() swap fb done  ------
W/GLSurfaceView( 2409): <168326501>  --- [01;31m[Kxzl[m[K --- AFTER GLSurfaceView swap frame
W/GLSurfaceView( 2409): <168326502>  --- [01;31m[Kxzl[m[K --- BEFORE GLSurfaceView DrawFrame
W/APP     ( 2409): [01;31m[Kxzl[m[K: ===> ev hits user code: <168326505>  {168326502} since event: 3 ms
D/InputDispatcher(  190): <168326512.00> ########### [01;31m[Kxzl[m[K finishDispatchCycle: 5.16ms since event, 4.58ms since dispatch
D/SurfaceFlinger(  117): <168326512.00>  ----- [01;31m[Kxzl[m[K SurfaceFlinger::composeSurfaces compose done, prepare to swap fb ------
W/APP     ( 2409): [01;31m[Kxzl[m[K: ===> entering onDrawFrame: <168326513> 
W/APP     ( 2409): [01;31m[Kxzl[m[K: ===> done onDrawFrame: <168326513> 
W/GLSurfaceView( 2409): <168326513>  --- [01;31m[Kxzl[m[K --- AFTER GLSurfaceView DrawFrame
W/GLSurfaceView( 2409): <168326514>  --- [01;31m[Kxzl[m[K --- BEFORE GLSurfaceView swap frame
D/SurfaceTextureClient( 2409): <168326512.00> [01;31m[Kxzl[m[K SurfaceTextureClient::queueBuffer
D/SurfaceFlinger(  117): <168326512.00>  --- [01;31m[Kxzl[m[K Layer::onFrameQueued
W/APP     ( 2409): [01;31m[Kxzl[m[K: ===> ev hits user code: <168326515>  {168326511} since event: 4 ms
D/InputDispatcher(  190): <168326512.00> ########### [01;31m[Kxzl[m[K finishDispatchCycle: 5.01ms since event, 4.36ms since dispatch
D/SurfaceFlinger(  117): <168326512.00>  ----- [01;31m[Kxzl[m[K SurfaceFlinger::composeSurfaces() swap fb done  ------
W/GLSurfaceView( 2409): <168326517>  --- [01;31m[Kxzl[m[K --- AFTER GLSurfaceView swap frame
W/GLSurfaceView( 2409): <168326518>  --- [01;31m[Kxzl[m[K --- BEFORE GLSurfaceView DrawFrame
W/APP     ( 2409): [01;31m[Kxzl[m[K: ===> ev hits user code: <168326523>  {168326521} since event: 2 ms
D/InputDispatcher(  190): <168326528.00> ########### [01;31m[Kxzl[m[K finishDispatchCycle: 3.14ms since event, 2.53ms since dispatch
D/SurfaceFlinger(  117): <168326528.00>  ----- [01;31m[Kxzl[m[K SurfaceFlinger::composeSurfaces compose done, prepare to swap fb ------
W/APP     ( 2409): [01;31m[Kxzl[m[K: ===> entering onDrawFrame: <168326528> 
W/APP     ( 2409): [01;31m[Kxzl[m[K: ===> done onDrawFrame: <168326528> 
W/GLSurfaceView( 2409): <168326529>  --- [01;31m[Kxzl[m[K --- AFTER GLSurfaceView DrawFrame
W/GLSurfaceView( 2409): <168326529>  --- [01;31m[Kxzl[m[K --- BEFORE GLSurfaceView swap frame
D/SurfaceTextureClient( 2409): <168326528.00> [01;31m[Kxzl[m[K SurfaceTextureClient::queueBuffer
D/SurfaceFlinger(  117): <168326528.00>  --- [01;31m[Kxzl[m[K Layer::onFrameQueued
W/APP     ( 2409): [01;31m[Kxzl[m[K: ===> ev hits user code: <168326533>  {168326531} since event: 2 ms
D/InputDispatcher(  190): <168326528.00> ########### [01;31m[Kxzl[m[K finishDispatchCycle: 2.90ms since event, 2.29ms since dispatch
D/SurfaceFlinger(  117): <168326528.00>  ----- [01;31m[Kxzl[m[K SurfaceFlinger::composeSurfaces() swap fb done  ------
W/GLSurfaceView( 2409): <168326534>  --- [01;31m[Kxzl[m[K --- AFTER GLSurfaceView swap frame
W/GLSurfaceView( 2409): <168326535>  --- [01;31m[Kxzl[m[K --- BEFORE GLSurfaceView DrawFrame
W/APP     ( 2409): [01;31m[Kxzl[m[K: ===> ev hits user code: <168326542>  {168326541} since event: 1 ms
D/InputDispatcher(  190): <168326544.00> ########### [01;31m[Kxzl[m[K finishDispatchCycle: 2.53ms since event, 1.98ms since dispatch
D/SurfaceFlinger(  117): <168326544.00>  ----- [01;31m[Kxzl[m[K SurfaceFlinger::composeSurfaces compose done, prepare to swap fb ------
W/APP     ( 2409): [01;31m[Kxzl[m[K: ===> entering onDrawFrame: <168326545> 
W/APP     ( 2409): [01;31m[Kxzl[m[K: ===> done onDrawFrame: <168326545> 
W/GLSurfaceView( 2409): <168326546>  --- [01;31m[Kxzl[m[K --- AFTER GLSurfaceView DrawFrame
W/GLSurfaceView( 2409): <168326546>  --- [01;31m[Kxzl[m[K --- BEFORE GLSurfaceView swap frame
D/SurfaceTextureClient( 2409): <168326544.00> [01;31m[Kxzl[m[K SurfaceTextureClient::queueBuffer
D/SurfaceFlinger(  117): <168326544.00>  --- [01;31m[Kxzl[m[K Layer::onFrameQueued
D/SurfaceFlinger(  117): <168326544.00>  ----- [01;31m[Kxzl[m[K SurfaceFlinger::composeSurfaces() swap fb done  ------
W/GLSurfaceView( 2409): <168326552>  --- [01;31m[Kxzl[m[K --- AFTER GLSurfaceView swap frame
W/GLSurfaceView( 2409): <168326552>  --- [01;31m[Kxzl[m[K --- BEFORE GLSurfaceView DrawFrame
W/APP     ( 2409): [01;31m[Kxzl[m[K: ===> ev hits user code: <168326554>  {168326550} since event: 4 ms
D/InputDispatcher(  190): <168326560.00> ########### [01;31m[Kxzl[m[K finishDispatchCycle: 4.88ms since event, 4.30ms since dispatch
D/SurfaceFlinger(  117): <168326560.00>  ----- [01;31m[Kxzl[m[K SurfaceFlinger::composeSurfaces compose done, prepare to swap fb ------
W/APP     ( 2409): [01;31m[Kxzl[m[K: ===> entering onDrawFrame: <168326563> 
W/APP     ( 2409): [01;31m[Kxzl[m[K: ===> done onDrawFrame: <168326563> 
W/GLSurfaceView( 2409): <168326564>  --- [01;31m[Kxzl[m[K --- AFTER GLSurfaceView DrawFrame
W/GLSurfaceView( 2409): <168326564>  --- [01;31m[Kxzl[m[K --- BEFORE GLSurfaceView swap frame
D/SurfaceTextureClient( 2409): <168326560.00> [01;31m[Kxzl[m[K SurfaceTextureClient::queueBuffer
D/SurfaceFlinger(  117): <168326560.00>  --- [01;31m[Kxzl[m[K Layer::onFrameQueued
W/APP     ( 2409): [01;31m[Kxzl[m[K: ===> ev hits user code: <168326566>  {168326560} since event: 6 ms
D/InputDispatcher(  190): <168326560.00> ########### [01;31m[Kxzl[m[K finishDispatchCycle: 6.90ms since event, 6.38ms since dispatch
D/SurfaceFlinger(  117): <168326560.00>  ----- [01;31m[Kxzl[m[K SurfaceFlinger::composeSurfaces() swap fb done  ------
W/GLSurfaceView( 2409): <168326570>  --- [01;31m[Kxzl[m[K --- AFTER GLSurfaceView swap frame
W/GLSurfaceView( 2409): <168326571>  --- [01;31m[Kxzl[m[K --- BEFORE GLSurfaceView DrawFrame
W/APP     ( 2409): [01;31m[Kxzl[m[K: ===> ev hits user code: <168326574>  {168326570} since event: 4 ms
D/InputDispatcher(  190): <168326576.00> ########### [01;31m[Kxzl[m[K finishDispatchCycle: 5.22ms since event, 4.58ms since dispatch
D/SurfaceFlinger(  117): <168326576.00>  ----- [01;31m[Kxzl[m[K SurfaceFlinger::composeSurfaces compose done, prepare to swap fb ------
W/APP     ( 2409): [01;31m[Kxzl[m[K: ===> ev hits user code: <168326582>  {168326580} since event: 2 ms
D/InputDispatcher(  190): <168326576.00> ########### [01;31m[Kxzl[m[K finishDispatchCycle: 3.24ms since event, 2.59ms since dispatch
W/APP     ( 2409): [01;31m[Kxzl[m[K: ===> entering onDrawFrame: <168326583> 
W/APP     ( 2409): [01;31m[Kxzl[m[K: ===> done onDrawFrame: <168326583> 
W/GLSurfaceView( 2409): <168326584>  --- [01;31m[Kxzl[m[K --- AFTER GLSurfaceView DrawFrame
W/GLSurfaceView( 2409): <168326584>  --- [01;31m[Kxzl[m[K --- BEFORE GLSurfaceView swap frame
D/SurfaceTextureClient( 2409): <168326576.00> [01;31m[Kxzl[m[K SurfaceTextureClient::queueBuffer
D/SurfaceFlinger(  117): <168326576.00>  --- [01;31m[Kxzl[m[K Layer::onFrameQueued
D/SurfaceFlinger(  117): <168326576.00>  ----- [01;31m[Kxzl[m[K SurfaceFlinger::composeSurfaces() swap fb done  ------
W/GLSurfaceView( 2409): <168326585>  --- [01;31m[Kxzl[m[K --- AFTER GLSurfaceView swap frame
W/GLSurfaceView( 2409): <168326586>  --- [01;31m[Kxzl[m[K --- BEFORE GLSurfaceView DrawFrame
W/APP     ( 2409): [01;31m[Kxzl[m[K: ===> ev hits user code: <168326593>  {168326589} since event: 4 ms
D/InputDispatcher(  190): <168326592.00> ########### [01;31m[Kxzl[m[K finishDispatchCycle: 4.94ms since event, 4.33ms since dispatch
D/SurfaceFlinger(  117): <168326592.00>  ----- [01;31m[Kxzl[m[K SurfaceFlinger::composeSurfaces compose done, prepare to swap fb ------
W/APP     ( 2409): [01;31m[Kxzl[m[K: ===> entering onDrawFrame: <168326596> 
W/APP     ( 2409): [01;31m[Kxzl[m[K: ===> done onDrawFrame: <168326596> 
W/GLSurfaceView( 2409): <168326597>  --- [01;31m[Kxzl[m[K --- AFTER GLSurfaceView DrawFrame
W/GLSurfaceView( 2409): <168326597>  --- [01;31m[Kxzl[m[K --- BEFORE GLSurfaceView swap frame
D/SurfaceTextureClient( 2409): <168326592.00> [01;31m[Kxzl[m[K SurfaceTextureClient::queueBuffer
D/SurfaceFlinger(  117): <168326592.00>  --- [01;31m[Kxzl[m[K Layer::onFrameQueued
D/SurfaceFlinger(  117): <168326592.00>  ----- [01;31m[Kxzl[m[K SurfaceFlinger::composeSurfaces() swap fb done  ------
W/GLSurfaceView( 2409): <168326602>  --- [01;31m[Kxzl[m[K --- AFTER GLSurfaceView swap frame
W/GLSurfaceView( 2409): <168326602>  --- [01;31m[Kxzl[m[K --- BEFORE GLSurfaceView DrawFrame
W/APP     ( 2409): [01;31m[Kxzl[m[K: ===> ev hits user code: <168326602>  {168326599} since event: 3 ms
D/InputDispatcher(  190): <168326592.00> ########### [01;31m[Kxzl[m[K finishDispatchCycle: 4.70ms since event, 4.15ms since dispatch
W/APP     ( 2409): [01;31m[Kxzl[m[K: ===> ev hits user code: <168326611>  {168326609} since event: 2 ms
D/InputDispatcher(  190): <168326608.00> ########### [01;31m[Kxzl[m[K finishDispatchCycle: 2.69ms since event, 2.17ms since dispatch
D/SurfaceFlinger(  117): <168326608.00>  ----- [01;31m[Kxzl[m[K SurfaceFlinger::composeSurfaces compose done, prepare to swap fb ------
W/APP     ( 2409): [01;31m[Kxzl[m[K: ===> entering onDrawFrame: <168326613> 
W/APP     ( 2409): [01;31m[Kxzl[m[K: ===> done onDrawFrame: <168326613> 
W/GLSurfaceView( 2409): <168326613>  --- [01;31m[Kxzl[m[K --- AFTER GLSurfaceView DrawFrame
W/GLSurfaceView( 2409): <168326614>  --- [01;31m[Kxzl[m[K --- BEFORE GLSurfaceView swap frame
D/SurfaceTextureClient( 2409): <168326608.00> [01;31m[Kxzl[m[K SurfaceTextureClient::queueBuffer
D/SurfaceFlinger(  117): <168326608.00>  --- [01;31m[Kxzl[m[K Layer::onFrameQueued
D/SurfaceFlinger(  117): <168326608.00>  ----- [01;31m[Kxzl[m[K SurfaceFlinger::composeSurfaces() swap fb done  ------
W/GLSurfaceView( 2409): <168326620>  --- [01;31m[Kxzl[m[K --- AFTER GLSurfaceView swap frame
W/GLSurfaceView( 2409): <168326621>  --- [01;31m[Kxzl[m[K --- BEFORE GLSurfaceView DrawFrame
W/APP     ( 2409): [01;31m[Kxzl[m[K: ===> ev hits user code: <168326623>  {168326619} since event: 4 ms
D/InputDispatcher(  190): <168326624.00> ########### [01;31m[Kxzl[m[K finishDispatchCycle: 6.04ms since event, 5.40ms since dispatch
D/SurfaceFlinger(  117): <168326624.00>  ----- [01;31m[Kxzl[m[K SurfaceFlinger::composeSurfaces compose done, prepare to swap fb ------
W/APP     ( 2409): [01;31m[Kxzl[m[K: ===> entering onDrawFrame: <168326631> 
W/APP     ( 2409): [01;31m[Kxzl[m[K: ===> done onDrawFrame: <168326631> 
W/GLSurfaceView( 2409): <168326632>  --- [01;31m[Kxzl[m[K --- AFTER GLSurfaceView DrawFrame
W/GLSurfaceView( 2409): <168326632>  --- [01;31m[Kxzl[m[K --- BEFORE GLSurfaceView swap frame
D/SurfaceTextureClient( 2409): <168326624.00> [01;31m[Kxzl[m[K SurfaceTextureClient::queueBuffer
D/SurfaceFlinger(  117): <168326624.00>  --- [01;31m[Kxzl[m[K Layer::onFrameQueued
W/APP     ( 2409): [01;31m[Kxzl[m[K: ===> ev hits user code: <168326635>  {168326628} since event: 7 ms
D/SurfaceFlinger(  117): <168326624.00>  ----- [01;31m[Kxzl[m[K SurfaceFlinger::composeSurfaces() swap fb done  ------
W/GLSurfaceView( 2409): <168326636>  --- [01;31m[Kxzl[m[K --- AFTER GLSurfaceView swap frame
W/GLSurfaceView( 2409): <168326636>  --- [01;31m[Kxzl[m[K --- BEFORE GLSurfaceView DrawFrame
D/InputDispatcher(  190): <168326624.00> ########### [01;31m[Kxzl[m[K finishDispatchCycle: 8.58ms since event, 7.97ms since dispatch
W/APP     ( 2409): [01;31m[Kxzl[m[K: ===> ev hits user code: <168326642>  {168326638} since event: 4 ms
D/InputDispatcher(  190): <168326640.00> ########### [01;31m[Kxzl[m[K finishDispatchCycle: 5.19ms since event, 4.58ms since dispatch
D/SurfaceFlinger(  117): <168326640.00>  ----- [01;31m[Kxzl[m[K SurfaceFlinger::composeSurfaces compose done, prepare to swap fb ------
W/APP     ( 2409): [01;31m[Kxzl[m[K: ===> entering onDrawFrame: <168326647> 
W/APP     ( 2409): [01;31m[Kxzl[m[K: ===> done onDrawFrame: <168326647> 
W/GLSurfaceView( 2409): <168326648>  --- [01;31m[Kxzl[m[K --- AFTER GLSurfaceView DrawFrame
W/GLSurfaceView( 2409): <168326649>  --- [01;31m[Kxzl[m[K --- BEFORE GLSurfaceView swap frame
D/SurfaceTextureClient( 2409): <168326640.00> [01;31m[Kxzl[m[K SurfaceTextureClient::queueBuffer
D/SurfaceFlinger(  117): <168326640.00>  --- [01;31m[Kxzl[m[K Layer::onFrameQueued
D/SurfaceFlinger(  117): <168326640.00>  ----- [01;31m[Kxzl[m[K SurfaceFlinger::composeSurfaces() swap fb done  ------
W/GLSurfaceView( 2409): <168326653>  --- [01;31m[Kxzl[m[K --- AFTER GLSurfaceView swap frame
W/GLSurfaceView( 2409): <168326654>  --- [01;31m[Kxzl[m[K --- BEFORE GLSurfaceView DrawFrame
W/APP     ( 2409): [01;31m[Kxzl[m[K: ===> ev hits user code: <168326654>  {168326648} since event: 6 ms
D/InputDispatcher(  190): <168326640.00> ########### [01;31m[Kxzl[m[K finishDispatchCycle: 6.75ms since event, 6.10ms since dispatch
W/APP     ( 2409): [01;31m[Kxzl[m[K: ===> ev hits user code: <168326661>  {168326658} since event: 3 ms
D/InputDispatcher(  190): <168326656.00> ########### [01;31m[Kxzl[m[K finishDispatchCycle: 4.88ms since event, 4.27ms since dispatch
D/SurfaceFlinger(  117): <168326656.00>  ----- [01;31m[Kxzl[m[K SurfaceFlinger::composeSurfaces compose done, prepare to swap fb ------
W/APP     ( 2409): [01;31m[Kxzl[m[K: ===> entering onDrawFrame: <168326664> 
W/APP     ( 2409): [01;31m[Kxzl[m[K: ===> done onDrawFrame: <168326664> 
W/GLSurfaceView( 2409): <168326665>  --- [01;31m[Kxzl[m[K --- AFTER GLSurfaceView DrawFrame
W/GLSurfaceView( 2409): <168326665>  --- [01;31m[Kxzl[m[K --- BEFORE GLSurfaceView swap frame
D/SurfaceTextureClient( 2409): <168326656.00> [01;31m[Kxzl[m[K SurfaceTextureClient::queueBuffer
D/SurfaceFlinger(  117): <168326656.00>  --- [01;31m[Kxzl[m[K Layer::onFrameQueued
D/SurfaceFlinger(  117): <168326656.00>  ----- [01;31m[Kxzl[m[K SurfaceFlinger::composeSurfaces() swap fb done  ------
W/GLSurfaceView( 2409): <168326670>  --- [01;31m[Kxzl[m[K --- AFTER GLSurfaceView swap frame
W/GLSurfaceView( 2409): <168326670>  --- [01;31m[Kxzl[m[K --- BEFORE GLSurfaceView DrawFrame
W/APP     ( 2409): [01;31m[Kxzl[m[K: ===> ev hits user code: <168326671>  {168326667} since event: 4 ms
D/InputDispatcher(  190): <168326656.00> ########### [01;31m[Kxzl[m[K finishDispatchCycle: 4.06ms since event, 3.45ms since dispatch
D/SurfaceFlinger(  117): <168326688.00>  ----- [01;31m[Kxzl[m[K SurfaceFlinger::composeSurfaces compose done, prepare to swap fb ------
W/APP     ( 2409): [01;31m[Kxzl[m[K: ===> entering onDrawFrame: <168326681> 
W/APP     ( 2409): [01;31m[Kxzl[m[K: ===> done onDrawFrame: <168326681> 
W/GLSurfaceView( 2409): <168326682>  --- [01;31m[Kxzl[m[K --- AFTER GLSurfaceView DrawFrame
W/GLSurfaceView( 2409): <168326682>  --- [01;31m[Kxzl[m[K --- BEFORE GLSurfaceView swap frame
D/SurfaceTextureClient( 2409): <168326688.00> [01;31m[Kxzl[m[K SurfaceTextureClient::queueBuffer
D/SurfaceFlinger(  117): <168326688.00>  --- [01;31m[Kxzl[m[K Layer::onFrameQueued
W/APP     ( 2409): [01;31m[Kxzl[m[K: ===> ev hits user code: <168326683>  {168326677} since event: 6 ms
D/InputDispatcher(  190): <168326688.00> ########### [01;31m[Kxzl[m[K finishDispatchCycle: 7.87ms since event, 7.26ms since dispatch
D/SurfaceFlinger(  117): <168326688.00>  ----- [01;31m[Kxzl[m[K SurfaceFlinger::composeSurfaces() swap fb done  ------
W/GLSurfaceView( 2409): <168326687>  --- [01;31m[Kxzl[m[K --- AFTER GLSurfaceView swap frame
W/GLSurfaceView( 2409): <168326688>  --- [01;31m[Kxzl[m[K --- BEFORE GLSurfaceView DrawFrame
W/APP     ( 2409): [01;31m[Kxzl[m[K: ===> ev hits user code: <168326692>  {168326687} since event: 5 ms
D/InputDispatcher(  190): <168326704.00> ########### [01;31m[Kxzl[m[K finishDispatchCycle: 5.89ms since event, 5.10ms since dispatch
D/SurfaceFlinger(  117): <168326704.00>  ----- [01;31m[Kxzl[m[K SurfaceFlinger::composeSurfaces compose done, prepare to swap fb ------
W/APP     ( 2409): [01;31m[Kxzl[m[K: ===> entering onDrawFrame: <168326698> 
W/APP     ( 2409): [01;31m[Kxzl[m[K: ===> done onDrawFrame: <168326698> 
W/GLSurfaceView( 2409): <168326699>  --- [01;31m[Kxzl[m[K --- AFTER GLSurfaceView DrawFrame
W/GLSurfaceView( 2409): <168326699>  --- [01;31m[Kxzl[m[K --- BEFORE GLSurfaceView swap frame
D/SurfaceTextureClient( 2409): <168326704.00> [01;31m[Kxzl[m[K SurfaceTextureClient::queueBuffer
D/SurfaceFlinger(  117): <168326704.00>  --- [01;31m[Kxzl[m[K Layer::onFrameQueued
W/APP     ( 2409): [01;31m[Kxzl[m[K: ===> ev hits user code: <168326702>  {168326697} since event: 5 ms
D/SurfaceFlinger(  117): <168326704.00>  ----- [01;31m[Kxzl[m[K SurfaceFlinger::composeSurfaces() swap fb done  ------
D/InputDispatcher(  190): <168326704.00> ########### [01;31m[Kxzl[m[K finishDispatchCycle: 7.54ms since event, 6.77ms since dispatch
W/GLSurfaceView( 2409): <168326704>  --- [01;31m[Kxzl[m[K --- AFTER GLSurfaceView swap frame
W/GLSurfaceView( 2409): <168326706>  --- [01;31m[Kxzl[m[K --- BEFORE GLSurfaceView DrawFrame
W/APP     ( 2409): [01;31m[Kxzl[m[K: ===> ev hits user code: <168326710>  {168326706} since event: 4 ms
D/InputDispatcher(  190): <168326720.00> ########### [01;31m[Kxzl[m[K finishDispatchCycle: 5.16ms since event, 4.55ms since dispatch
D/SurfaceFlinger(  117): <168326720.00>  ----- [01;31m[Kxzl[m[K SurfaceFlinger::composeSurfaces compose done, prepare to swap fb ------
W/APP     ( 2409): [01;31m[Kxzl[m[K: ===> entering onDrawFrame: <168326716> 
W/APP     ( 2409): [01;31m[Kxzl[m[K: ===> done onDrawFrame: <168326716> 
W/GLSurfaceView( 2409): <168326717>  --- [01;31m[Kxzl[m[K --- AFTER GLSurfaceView DrawFrame
W/GLSurfaceView( 2409): <168326717>  --- [01;31m[Kxzl[m[K --- BEFORE GLSurfaceView swap frame
D/SurfaceTextureClient( 2409): <168326720.00> [01;31m[Kxzl[m[K SurfaceTextureClient::queueBuffer
D/SurfaceFlinger(  117): <168326720.00>  --- [01;31m[Kxzl[m[K Layer::onFrameQueued
D/SurfaceFlinger(  117): <168326720.00>  ----- [01;31m[Kxzl[m[K SurfaceFlinger::composeSurfaces() swap fb done  ------
W/GLSurfaceView( 2409): <168326721>  --- [01;31m[Kxzl[m[K --- AFTER GLSurfaceView swap frame
W/GLSurfaceView( 2409): <168326721>  --- [01;31m[Kxzl[m[K --- BEFORE GLSurfaceView DrawFrame
W/APP     ( 2409): [01;31m[Kxzl[m[K: ===> ev hits user code: <168326728>  {168326725} since event: 3 ms
D/InputDispatcher(  190): <168326736.00> ########### [01;31m[Kxzl[m[K finishDispatchCycle: 3.63ms since event, 3.02ms since dispatch
D/SurfaceFlinger(  117): <168326736.00>  ----- [01;31m[Kxzl[m[K SurfaceFlinger::composeSurfaces compose done, prepare to swap fb ------
W/APP     ( 2409): [01;31m[Kxzl[m[K: ===> entering onDrawFrame: <168326732> 
W/APP     ( 2409): [01;31m[Kxzl[m[K: ===> done onDrawFrame: <168326732> 
W/GLSurfaceView( 2409): <168326733>  --- [01;31m[Kxzl[m[K --- AFTER GLSurfaceView DrawFrame
W/GLSurfaceView( 2409): <168326733>  --- [01;31m[Kxzl[m[K --- BEFORE GLSurfaceView swap frame
D/SurfaceTextureClient( 2409): <168326736.00> [01;31m[Kxzl[m[K SurfaceTextureClient::queueBuffer
D/SurfaceFlinger(  117): <168326736.00>  --- [01;31m[Kxzl[m[K Layer::onFrameQueued
D/SurfaceFlinger(  117): <168326736.00>  ----- [01;31m[Kxzl[m[K SurfaceFlinger::composeSurfaces() swap fb done  ------
W/GLSurfaceView( 2409): <168326739>  --- [01;31m[Kxzl[m[K --- AFTER GLSurfaceView swap frame
W/GLSurfaceView( 2409): <168326740>  --- [01;31m[Kxzl[m[K --- BEFORE GLSurfaceView DrawFrame
W/APP     ( 2409): [01;31m[Kxzl[m[K: ===> ev hits user code: <168326739>  {168326735} since event: 4 ms
D/InputDispatcher(  190): <168326752.00> ########### [01;31m[Kxzl[m[K finishDispatchCycle: 5.59ms since event, 4.97ms since dispatch
D/SurfaceFlinger(  117): <168326752.00>  ----- [01;31m[Kxzl[m[K SurfaceFlinger::composeSurfaces compose done, prepare to swap fb ------
W/APP     ( 2409): [01;31m[Kxzl[m[K: ===> ev hits user code: <168326749>  {168326745} since event: 4 ms
W/APP     ( 2409): [01;31m[Kxzl[m[K: ===> entering onDrawFrame: <168326750> 
W/APP     ( 2409): [01;31m[Kxzl[m[K: ===> done onDrawFrame: <168326750> 
D/InputDispatcher(  190): <168326752.00> ########### [01;31m[Kxzl[m[K finishDispatchCycle: 6.81ms since event, 6.16ms since dispatch
W/GLSurfaceView( 2409): <168326752>  --- [01;31m[Kxzl[m[K --- AFTER GLSurfaceView DrawFrame
W/GLSurfaceView( 2409): <168326752>  --- [01;31m[Kxzl[m[K --- BEFORE GLSurfaceView swap frame
D/SurfaceFlinger(  117): <168326752.00>  ----- [01;31m[Kxzl[m[K SurfaceFlinger::composeSurfaces() swap fb done  ------
D/SurfaceTextureClient( 2409): <168326768.00> [01;31m[Kxzl[m[K SurfaceTextureClient::queueBuffer
D/SurfaceFlinger(  117): <168326768.00>  --- [01;31m[Kxzl[m[K Layer::onFrameQueued
W/GLSurfaceView( 2409): <168326758>  --- [01;31m[Kxzl[m[K --- AFTER GLSurfaceView swap frame
W/GLSurfaceView( 2409): <168326759>  --- [01;31m[Kxzl[m[K --- BEFORE GLSurfaceView DrawFrame
W/APP     ( 2409): [01;31m[Kxzl[m[K: ===> ev hits user code: <168326760>  {168326755} since event: 5 ms
D/InputDispatcher(  190): <168326768.00> ########### [01;31m[Kxzl[m[K finishDispatchCycle: 5.89ms since event, 5.25ms since dispatch
D/SurfaceFlinger(  117): <168326768.00>  ----- [01;31m[Kxzl[m[K SurfaceFlinger::composeSurfaces compose done, prepare to swap fb ------
W/APP     ( 2409): [01;31m[Kxzl[m[K: ===> ev hits user code: <168326769>  {168326765} since event: 4 ms
W/APP     ( 2409): [01;31m[Kxzl[m[K: ===> entering onDrawFrame: <168326769> 
D/InputDispatcher(  190): <168326768.00> ########### [01;31m[Kxzl[m[K finishDispatchCycle: 6.01ms since event, 5.37ms since dispatch
W/APP     ( 2409): [01;31m[Kxzl[m[K: ===> done onDrawFrame: <168326769> 
D/SurfaceFlinger(  117): <168326768.00>  ----- [01;31m[Kxzl[m[K SurfaceFlinger::composeSurfaces() swap fb done  ------
W/GLSurfaceView( 2409): <168326771>  --- [01;31m[Kxzl[m[K --- AFTER GLSurfaceView DrawFrame
W/GLSurfaceView( 2409): <168326772>  --- [01;31m[Kxzl[m[K --- BEFORE GLSurfaceView swap frame
D/SurfaceTextureClient( 2409): <168326784.00> [01;31m[Kxzl[m[K SurfaceTextureClient::queueBuffer
D/SurfaceFlinger(  117): <168326784.00>  --- [01;31m[Kxzl[m[K Layer::onFrameQueued
W/APP     ( 2409): [01;31m[Kxzl[m[K: ===> ev hits user code: <168326779>  {168326774} since event: 5 ms
D/InputDispatcher(  190): <168326784.00> ########### [01;31m[Kxzl[m[K finishDispatchCycle: 5.80ms since event, 5.19ms since dispatch
W/GLSurfaceView( 2409): <168326780>  --- [01;31m[Kxzl[m[K --- AFTER GLSurfaceView swap frame
W/GLSurfaceView( 2409): <168326781>  --- [01;31m[Kxzl[m[K --- BEFORE GLSurfaceView DrawFrame
D/SurfaceFlinger(  117): <168326784.00>  ----- [01;31m[Kxzl[m[K SurfaceFlinger::composeSurfaces compose done, prepare to swap fb ------
D/SurfaceFlinger(  117): <168326784.00>  ----- [01;31m[Kxzl[m[K SurfaceFlinger::composeSurfaces() swap fb done  ------
W/APP     ( 2409): [01;31m[Kxzl[m[K: ===> ev hits user code: <168326788>  {168326784} since event: 4 ms
D/InputDispatcher(  190): <168326800.00> ########### [01;31m[Kxzl[m[K finishDispatchCycle: 4.97ms since event, 4.33ms since dispatch
W/APP     ( 2409): [01;31m[Kxzl[m[K: ===> entering onDrawFrame: <168326792> 
W/APP     ( 2409): [01;31m[Kxzl[m[K: ===> done onDrawFrame: <168326792> 
W/GLSurfaceView( 2409): <168326795>  --- [01;31m[Kxzl[m[K --- AFTER GLSurfaceView DrawFrame
W/GLSurfaceView( 2409): <168326796>  --- [01;31m[Kxzl[m[K --- BEFORE GLSurfaceView swap frame
D/SurfaceTextureClient( 2409): <168326800.00> [01;31m[Kxzl[m[K SurfaceTextureClient::queueBuffer
D/SurfaceFlinger(  117): <168326800.00>  --- [01;31m[Kxzl[m[K Layer::onFrameQueued
W/GLSurfaceView( 2409): <168326798>  --- [01;31m[Kxzl[m[K --- AFTER GLSurfaceView swap frame
W/GLSurfaceView( 2409): <168326798>  --- [01;31m[Kxzl[m[K --- BEFORE GLSurfaceView DrawFrame
W/APP     ( 2409): [01;31m[Kxzl[m[K: ===> ev hits user code: <168326800>  {168326794} since event: 6 ms
