W/GLSurfaceView( 2409): <168324278>  --- [01;31m[Kxzl[m[K --- BEFORE GLSurfaceView swap frame
D/SurfaceTextureClient( 2409): <168324288.00> [01;31m[Kxzl[m[K SurfaceTextureClient::queueBuffer
D/SurfaceFlinger(  117): <168324288.00>  --- [01;31m[Kxzl[m[K Layer::onFrameQueued
W/GLSurfaceView( 2409): <168324285>  --- [01;31m[Kxzl[m[K --- AFTER GLSurfaceView swap frame
W/APP     ( 2409): [01;31m[Kxzl[m[K: ===> ev hits user code: <168324287>  {168324281} since event: 6 ms
W/GLSurfaceView( 2409): <168324288>  --- [01;31m[Kxzl[m[K --- BEFORE GLSurfaceView DrawFrame
D/InputDispatcher(  190): <168324288.00> ########### [01;31m[Kxzl[m[K finishDispatchCycle: 7.66ms since event, 6.10ms since dispatch
D/SurfaceFlinger(  117): <168324304.00>  ----- [01;31m[Kxzl[m[K SurfaceFlinger::composeSurfaces compose done, prepare to swap fb ------
W/APP     ( 2409): [01;31m[Kxzl[m[K: ===> ev hits user code: <168324295>  {168324290} since event: 5 ms
D/InputDispatcher(  190): <168324304.00> ########### [01;31m[Kxzl[m[K finishDispatchCycle: 5.07ms since event, 3.54ms since dispatch
D/SurfaceFlinger(  117): <168324304.00>  ----- [01;31m[Kxzl[m[K SurfaceFlinger::composeSurfaces() swap fb done  ------
W/APP     ( 2409): [01;31m[Kxzl[m[K: ===> entering onDrawFrame: <168324298> 
W/APP     ( 2409): [01;31m[Kxzl[m[K: ===> done onDrawFrame: <168324298> 
W/GLSurfaceView( 2409): <168324300>  --- [01;31m[Kxzl[m[K --- AFTER GLSurfaceView DrawFrame
W/GLSurfaceView( 2409): <168324301>  --- [01;31m[Kxzl[m[K --- BEFORE GLSurfaceView swap frame
D/SurfaceTextureClient( 2409): <168324304.00> [01;31m[Kxzl[m[K SurfaceTextureClient::queueBuffer
D/SurfaceFlinger(  117): <168324304.00>  --- [01;31m[Kxzl[m[K Layer::onFrameQueued
W/GLSurfaceView( 2409): <168324302>  --- [01;31m[Kxzl[m[K --- AFTER GLSurfaceView swap frame
W/APP     ( 2409): [01;31m[Kxzl[m[K: ===> ev hits user code: <168324303>  {168324300} since event: 3 ms
W/GLSurfaceView( 2409): <168324303>  --- [01;31m[Kxzl[m[K --- BEFORE GLSurfaceView DrawFrame
D/InputDispatcher(  190): <168324304.00> ########### [01;31m[Kxzl[m[K finishDispatchCycle: 4.97ms since event, 3.42ms since dispatch
D/SurfaceFlinger(  117): <168324320.00>  ----- [01;31m[Kxzl[m[K SurfaceFlinger::composeSurfaces compose done, prepare to swap fb ------
D/SurfaceFlinger(  117): <168324320.00>  ----- [01;31m[Kxzl[m[K SurfaceFlinger::composeSurfaces() swap fb done  ------
W/APP     ( 2409): [01;31m[Kxzl[m[K: ===> ev hits user code: <168324314>  {168324310} since event: 4 ms
D/InputDispatcher(  190): <168324320.00> ########### [01;31m[Kxzl[m[K finishDispatchCycle: 4.24ms since event, 2.69ms since dispatch
W/APP     ( 2409): [01;31m[Kxzl[m[K: ===> entering onDrawFrame: <168324315> 
W/APP     ( 2409): [01;31m[Kxzl[m[K: ===> done onDrawFrame: <168324315> 
W/GLSurfaceView( 2409): <168324316>  --- [01;31m[Kxzl[m[K --- AFTER GLSurfaceView DrawFrame
W/GLSurfaceView( 2409): <168324317>  --- [01;31m[Kxzl[m[K --- BEFORE GLSurfaceView swap frame
D/SurfaceTextureClient( 2409): <168324320.00> [01;31m[Kxzl[m[K SurfaceTextureClient::queueBuffer
D/SurfaceFlinger(  117): <168324320.00>  --- [01;31m[Kxzl[m[K Layer::onFrameQueued
W/GLSurfaceView( 2409): <168324320>  --- [01;31m[Kxzl[m[K --- AFTER GLSurfaceView swap frame
W/GLSurfaceView( 2409): <168324321>  --- [01;31m[Kxzl[m[K --- BEFORE GLSurfaceView DrawFrame
W/APP     ( 2409): [01;31m[Kxzl[m[K: ===> ev hits user code: <168324323>  {168324320} since event: 3 ms
D/InputDispatcher(  190): <168324336.00> ########### [01;31m[Kxzl[m[K finishDispatchCycle: 4.24ms since event, 2.69ms since dispatch
D/SurfaceFlinger(  117): <168324336.00>  ----- [01;31m[Kxzl[m[K SurfaceFlinger::composeSurfaces compose done, prepare to swap fb ------
D/SurfaceFlinger(  117): <168324336.00>  ----- [01;31m[Kxzl[m[K SurfaceFlinger::composeSurfaces() swap fb done  ------
W/APP     ( 2409): [01;31m[Kxzl[m[K: ===> entering onDrawFrame: <168324332> 
W/APP     ( 2409): [01;31m[Kxzl[m[K: ===> done onDrawFrame: <168324332> 
W/GLSurfaceView( 2409): <168324336>  --- [01;31m[Kxzl[m[K --- AFTER GLSurfaceView DrawFrame
W/GLSurfaceView( 2409): <168324336>  --- [01;31m[Kxzl[m[K --- BEFORE GLSurfaceView swap frame
D/SurfaceTextureClient( 2409): <168324336.00> [01;31m[Kxzl[m[K SurfaceTextureClient::queueBuffer
D/SurfaceFlinger(  117): <168324336.00>  --- [01;31m[Kxzl[m[K Layer::onFrameQueued
W/GLSurfaceView( 2409): <168324340>  --- [01;31m[Kxzl[m[K --- AFTER GLSurfaceView swap frame
W/GLSurfaceView( 2409): <168324340>  --- [01;31m[Kxzl[m[K --- BEFORE GLSurfaceView DrawFrame
W/APP     ( 2409): [01;31m[Kxzl[m[K: ===> ev hits user code: <168324337>  {168324330} since event: 7 ms
D/InputDispatcher(  190): <168324352.00> ########### [01;31m[Kxzl[m[K finishDispatchCycle: 11.84ms since event, 10.28ms since dispatch
W/APP     ( 2409): [01;31m[Kxzl[m[K: ===> ev hits user code: <168324346>  {168324340} since event: 6 ms
D/InputDispatcher(  190): <168324352.00> ########### [01;31m[Kxzl[m[K finishDispatchCycle: 7.78ms since event, 5.40ms since dispatch
D/SurfaceFlinger(  117): <168324352.00>  ----- [01;31m[Kxzl[m[K SurfaceFlinger::composeSurfaces compose done, prepare to swap fb ------
W/APP     ( 2409): [01;31m[Kxzl[m[K: ===> entering onDrawFrame: <168324351> 
W/APP     ( 2409): [01;31m[Kxzl[m[K: ===> done onDrawFrame: <168324351> 
W/GLSurfaceView( 2409): <168324352>  --- [01;31m[Kxzl[m[K --- AFTER GLSurfaceView DrawFrame
W/GLSurfaceView( 2409): <168324352>  --- [01;31m[Kxzl[m[K --- BEFORE GLSurfaceView swap frame
D/SurfaceTextureClient( 2409): <168324352.00> [01;31m[Kxzl[m[K SurfaceTextureClient::queueBuffer
D/SurfaceFlinger(  117): <168324352.00>  --- [01;31m[Kxzl[m[K Layer::onFrameQueued
W/APP     ( 2409): [01;31m[Kxzl[m[K: ===> ev hits user code: <168324362>  {168324359} since event: 3 ms
D/InputDispatcher(  190): <168324368.00> ########### [01;31m[Kxzl[m[K finishDispatchCycle: 3.63ms since event, 2.14ms since dispatch
D/SurfaceFlinger(  117): <168324368.00>  ----- [01;31m[Kxzl[m[K SurfaceFlinger::composeSurfaces() swap fb done  ------
W/GLSurfaceView( 2409): <168324364>  --- [01;31m[Kxzl[m[K --- AFTER GLSurfaceView swap frame
W/GLSurfaceView( 2409): <168324364>  --- [01;31m[Kxzl[m[K --- BEFORE GLSurfaceView DrawFrame
W/APP     ( 2409): [01;31m[Kxzl[m[K: ===> ev hits user code: <168324373>  {168324369} since event: 4 ms
D/InputDispatcher(  190): <168324384.00> ########### [01;31m[Kxzl[m[K finishDispatchCycle: 4.82ms since event, 3.33ms since dispatch
D/SurfaceFlinger(  117): <168324384.00>  ----- [01;31m[Kxzl[m[K SurfaceFlinger::composeSurfaces compose done, prepare to swap fb ------
W/APP     ( 2409): [01;31m[Kxzl[m[K: ===> entering onDrawFrame: <168324375> 
W/APP     ( 2409): [01;31m[Kxzl[m[K: ===> done onDrawFrame: <168324375> 
W/GLSurfaceView( 2409): <168324375>  --- [01;31m[Kxzl[m[K --- AFTER GLSurfaceView DrawFrame
W/GLSurfaceView( 2409): <168324376>  --- [01;31m[Kxzl[m[K --- BEFORE GLSurfaceView swap frame
D/SurfaceTextureClient( 2409): <168324384.00> [01;31m[Kxzl[m[K SurfaceTextureClient::queueBuffer
D/SurfaceFlinger(  117): <168324384.00>  --- [01;31m[Kxzl[m[K Layer::onFrameQueued
D/SurfaceFlinger(  117): <168324384.00>  ----- [01;31m[Kxzl[m[K SurfaceFlinger::composeSurfaces() swap fb done  ------
W/GLSurfaceView( 2409): <168324381>  --- [01;31m[Kxzl[m[K --- AFTER GLSurfaceView swap frame
W/GLSurfaceView( 2409): <168324381>  --- [01;31m[Kxzl[m[K --- BEFORE GLSurfaceView DrawFrame
W/APP     ( 2409): [01;31m[Kxzl[m[K: ===> ev hits user code: <168324384>  {168324378} since event: 6 ms
D/InputDispatcher(  190): <168324384.00> ########### [01;31m[Kxzl[m[K finishDispatchCycle: 6.87ms since event, 5.40ms since dispatch
D/SurfaceFlinger(  117): <168324400.00>  ----- [01;31m[Kxzl[m[K SurfaceFlinger::composeSurfaces compose done, prepare to swap fb ------
W/APP     ( 2409): [01;31m[Kxzl[m[K: ===> entering onDrawFrame: <168324392> 
W/APP     ( 2409): [01;31m[Kxzl[m[K: ===> done onDrawFrame: <168324392> 
W/GLSurfaceView( 2409): <168324393>  --- [01;31m[Kxzl[m[K --- AFTER GLSurfaceView DrawFrame
W/GLSurfaceView( 2409): <168324393>  --- [01;31m[Kxzl[m[K --- BEFORE GLSurfaceView swap frame
D/SurfaceTextureClient( 2409): <168324400.00> [01;31m[Kxzl[m[K SurfaceTextureClient::queueBuffer
D/SurfaceFlinger(  117): <168324400.00>  --- [01;31m[Kxzl[m[K Layer::onFrameQueued
W/APP     ( 2409): [01;31m[Kxzl[m[K: ===> ev hits user code: <168324395>  {168324388} since event: 7 ms
D/InputDispatcher(  190): <168324400.00> ########### [01;31m[Kxzl[m[K finishDispatchCycle: 7.20ms since event, 5.62ms since dispatch
D/SurfaceFlinger(  117): <168324400.00>  ----- [01;31m[Kxzl[m[K SurfaceFlinger::composeSurfaces() swap fb done  ------
W/GLSurfaceView( 2409): <168324400>  --- [01;31m[Kxzl[m[K --- AFTER GLSurfaceView swap frame
W/GLSurfaceView( 2409): <168324400>  --- [01;31m[Kxzl[m[K --- BEFORE GLSurfaceView DrawFrame
W/APP     ( 2409): [01;31m[Kxzl[m[K: ===> ev hits user code: <168324402>  {168324398} since event: 4 ms
D/InputDispatcher(  190): <168324400.00> ########### [01;31m[Kxzl[m[K finishDispatchCycle: 4.27ms since event, 2.75ms since dispatch
D/SurfaceFlinger(  117): <168324416.00>  ----- [01;31m[Kxzl[m[K SurfaceFlinger::composeSurfaces compose done, prepare to swap fb ------
W/APP     ( 2409): [01;31m[Kxzl[m[K: ===> entering onDrawFrame: <168324410> 
W/APP     ( 2409): [01;31m[Kxzl[m[K: ===> done onDrawFrame: <168324410> 
W/GLSurfaceView( 2409): <168324411>  --- [01;31m[Kxzl[m[K --- AFTER GLSurfaceView DrawFrame
W/GLSurfaceView( 2409): <168324411>  --- [01;31m[Kxzl[m[K --- BEFORE GLSurfaceView swap frame
D/SurfaceTextureClient( 2409): <168324416.00> [01;31m[Kxzl[m[K SurfaceTextureClient::queueBuffer
D/SurfaceFlinger(  117): <168324416.00>  --- [01;31m[Kxzl[m[K Layer::onFrameQueued
W/APP     ( 2409): [01;31m[Kxzl[m[K: ===> ev hits user code: <168324413>  {168324408} since event: 5 ms
D/InputDispatcher(  190): <168324416.00> ########### [01;31m[Kxzl[m[K finishDispatchCycle: 5.77ms since event, 4.27ms since dispatch
D/SurfaceFlinger(  117): <168324416.00>  ----- [01;31m[Kxzl[m[K SurfaceFlinger::composeSurfaces() swap fb done  ------
W/GLSurfaceView( 2409): <168324415>  --- [01;31m[Kxzl[m[K --- AFTER GLSurfaceView swap frame
W/GLSurfaceView( 2409): <168324415>  --- [01;31m[Kxzl[m[K --- BEFORE GLSurfaceView DrawFrame
W/APP     ( 2409): [01;31m[Kxzl[m[K: ===> ev hits user code: <168324421>  {168324417} since event: 4 ms
D/InputDispatcher(  190): <168324416.00> ########### [01;31m[Kxzl[m[K finishDispatchCycle: 5.13ms since event, 3.57ms since dispatch
D/SurfaceFlinger(  117): <168324432.00>  ----- [01;31m[Kxzl[m[K SurfaceFlinger::composeSurfaces compose done, prepare to swap fb ------
W/APP     ( 2409): [01;31m[Kxzl[m[K: ===> entering onDrawFrame: <168324427> 
W/APP     ( 2409): [01;31m[Kxzl[m[K: ===> done onDrawFrame: <168324427> 
W/GLSurfaceView( 2409): <168324431>  --- [01;31m[Kxzl[m[K --- AFTER GLSurfaceView DrawFrame
W/GLSurfaceView( 2409): <168324431>  --- [01;31m[Kxzl[m[K --- BEFORE GLSurfaceView swap frame
D/SurfaceFlinger(  117): <168324432.00>  ----- [01;31m[Kxzl[m[K SurfaceFlinger::composeSurfaces() swap fb done  ------
D/SurfaceTextureClient( 2409): <168324432.00> [01;31m[Kxzl[m[K SurfaceTextureClient::queueBuffer
D/SurfaceFlinger(  117): <168324432.00>  --- [01;31m[Kxzl[m[K Layer::onFrameQueued
W/GLSurfaceView( 2409): <168324433>  --- [01;31m[Kxzl[m[K --- AFTER GLSurfaceView swap frame
W/GLSurfaceView( 2409): <168324434>  --- [01;31m[Kxzl[m[K --- BEFORE GLSurfaceView DrawFrame
W/APP     ( 2409): [01;31m[Kxzl[m[K: ===> ev hits user code: <168324441>  {168324427} since event: 14 ms
D/InputDispatcher(  190): <168324448.00> ########### [01;31m[Kxzl[m[K finishDispatchCycle: 14.86ms since event, 13.31ms since dispatch
D/SurfaceFlinger(  117): <168324448.00>  ----- [01;31m[Kxzl[m[K SurfaceFlinger::composeSurfaces compose done, prepare to swap fb ------
W/APP     ( 2409): [01;31m[Kxzl[m[K: ===> entering onDrawFrame: <168324446> 
D/SurfaceFlinger(  117): <168324448.00>  ----- [01;31m[Kxzl[m[K SurfaceFlinger::composeSurfaces() swap fb done  ------
W/APP     ( 2409): [01;31m[Kxzl[m[K: ===> done onDrawFrame: <168324446> 
W/GLSurfaceView( 2409): <168324449>  --- [01;31m[Kxzl[m[K --- AFTER GLSurfaceView DrawFrame
W/GLSurfaceView( 2409): <168324449>  --- [01;31m[Kxzl[m[K --- BEFORE GLSurfaceView swap frame
D/SurfaceTextureClient( 2409): <168324448.00> [01;31m[Kxzl[m[K SurfaceTextureClient::queueBuffer
D/SurfaceFlinger(  117): <168324448.00>  --- [01;31m[Kxzl[m[K Layer::onFrameQueued
W/GLSurfaceView( 2409): <168324451>  --- [01;31m[Kxzl[m[K --- AFTER GLSurfaceView swap frame
W/GLSurfaceView( 2409): <168324451>  --- [01;31m[Kxzl[m[K --- BEFORE GLSurfaceView DrawFrame
W/APP     ( 2409): [01;31m[Kxzl[m[K: ===> ev hits user code: <168324456>  {168324437} since event: 19 ms
D/InputDispatcher(  190): <168324464.00> ########### [01;31m[Kxzl[m[K finishDispatchCycle: 21.09ms since event, 15.59ms since dispatch
D/SurfaceFlinger(  117): <168324464.00>  ----- [01;31m[Kxzl[m[K SurfaceFlinger::composeSurfaces compose done, prepare to swap fb ------
W/APP     ( 2409): [01;31m[Kxzl[m[K: ===> entering onDrawFrame: <168324462> 
W/APP     ( 2409): [01;31m[Kxzl[m[K: ===> done onDrawFrame: <168324462> 
W/GLSurfaceView( 2409): <168324462>  --- [01;31m[Kxzl[m[K --- AFTER GLSurfaceView DrawFrame
W/GLSurfaceView( 2409): <168324463>  --- [01;31m[Kxzl[m[K --- BEFORE GLSurfaceView swap frame
W/APP     ( 2409): [01;31m[Kxzl[m[K: ===> ev hits user code: <168324461>  {168324456} since event: 5 ms
D/InputDispatcher(  190): <168324464.00> ########### [01;31m[Kxzl[m[K finishDispatchCycle: 16.75ms since event, 5.31ms since dispatch
D/SurfaceTextureClient( 2409): <168324464.00> [01;31m[Kxzl[m[K SurfaceTextureClient::queueBuffer
D/SurfaceFlinger(  117): <168324464.00>  --- [01;31m[Kxzl[m[K Layer::onFrameQueued
D/SurfaceFlinger(  117): <168324464.00>  ----- [01;31m[Kxzl[m[K SurfaceFlinger::composeSurfaces() swap fb done  ------
W/GLSurfaceView( 2409): <168324466>  --- [01;31m[Kxzl[m[K --- AFTER GLSurfaceView swap frame
W/GLSurfaceView( 2409): <168324468>  --- [01;31m[Kxzl[m[K --- BEFORE GLSurfaceView DrawFrame
W/APP     ( 2409): [01;31m[Kxzl[m[K: ===> ev hits user code: <168324471>  {168324466} since event: 5 ms
D/InputDispatcher(  190): <168324464.00> ########### [01;31m[Kxzl[m[K finishDispatchCycle: 5.13ms since event, 3.63ms since dispatch
D/SurfaceFlinger(  117): <168324480.00>  ----- [01;31m[Kxzl[m[K SurfaceFlinger::composeSurfaces compose done, prepare to swap fb ------
W/APP     ( 2409): [01;31m[Kxzl[m[K: ===> ev hits user code: <168324479>  {168324476} since event: 3 ms
D/InputDispatcher(  190): <168324480.00> ########### [01;31m[Kxzl[m[K finishDispatchCycle: 4.46ms since event, 2.81ms since dispatch
W/APP     ( 2409): [01;31m[Kxzl[m[K: ===> entering onDrawFrame: <168324480> 
W/APP     ( 2409): [01;31m[Kxzl[m[K: ===> done onDrawFrame: <168324480> 
W/GLSurfaceView( 2409): <168324481>  --- [01;31m[Kxzl[m[K --- AFTER GLSurfaceView DrawFrame
W/GLSurfaceView( 2409): <168324482>  --- [01;31m[Kxzl[m[K --- BEFORE GLSurfaceView swap frame
D/SurfaceTextureClient( 2409): <168324480.00> [01;31m[Kxzl[m[K SurfaceTextureClient::queueBuffer
D/SurfaceFlinger(  117): <168324480.00>  --- [01;31m[Kxzl[m[K Layer::onFrameQueued
D/SurfaceFlinger(  117): <168324480.00>  ----- [01;31m[Kxzl[m[K SurfaceFlinger::composeSurfaces() swap fb done  ------
W/GLSurfaceView( 2409): <168324483>  --- [01;31m[Kxzl[m[K --- AFTER GLSurfaceView swap frame
W/GLSurfaceView( 2409): <168324483>  --- [01;31m[Kxzl[m[K --- BEFORE GLSurfaceView DrawFrame
W/APP     ( 2409): [01;31m[Kxzl[m[K: ===> ev hits user code: <168324489>  {168324486} since event: 3 ms
D/InputDispatcher(  190): <168324480.00> ########### [01;31m[Kxzl[m[K finishDispatchCycle: 4.27ms since event, 2.72ms since dispatch
D/SurfaceFlinger(  117): <168324496.00>  ----- [01;31m[Kxzl[m[K SurfaceFlinger::composeSurfaces compose done, prepare to swap fb ------
W/APP     ( 2409): [01;31m[Kxzl[m[K: ===> entering onDrawFrame: <168324493> 
W/APP     ( 2409): [01;31m[Kxzl[m[K: ===> done onDrawFrame: <168324493> 
W/GLSurfaceView( 2409): <168324494>  --- [01;31m[Kxzl[m[K --- AFTER GLSurfaceView DrawFrame
W/GLSurfaceView( 2409): <168324495>  --- [01;31m[Kxzl[m[K --- BEFORE GLSurfaceView swap frame
D/SurfaceTextureClient( 2409): <168324496.00> [01;31m[Kxzl[m[K SurfaceTextureClient::queueBuffer
D/SurfaceFlinger(  117): <168324496.00>  --- [01;31m[Kxzl[m[K Layer::onFrameQueued
D/SurfaceFlinger(  117): <168324496.00>  ----- [01;31m[Kxzl[m[K SurfaceFlinger::composeSurfaces() swap fb done  ------
W/GLSurfaceView( 2409): <168324500>  --- [01;31m[Kxzl[m[K --- AFTER GLSurfaceView swap frame
W/GLSurfaceView( 2409): <168324500>  --- [01;31m[Kxzl[m[K --- BEFORE GLSurfaceView DrawFrame
W/APP     ( 2409): [01;31m[Kxzl[m[K: ===> ev hits user code: <168324509>  {168324505} since event: 4 ms
D/SurfaceFlinger(  117): <168324512.00>  ----- [01;31m[Kxzl[m[K SurfaceFlinger::composeSurfaces compose done, prepare to swap fb ------
D/InputDispatcher(  190): <168324512.00> ########### [01;31m[Kxzl[m[K finishDispatchCycle: 5.34ms since event, 3.81ms since dispatch
W/APP     ( 2409): [01;31m[Kxzl[m[K: ===> entering onDrawFrame: <168324511> 
W/APP     ( 2409): [01;31m[Kxzl[m[K: ===> done onDrawFrame: <168324511> 
W/GLSurfaceView( 2409): <168324512>  --- [01;31m[Kxzl[m[K --- AFTER GLSurfaceView DrawFrame
W/GLSurfaceView( 2409): <168324514>  --- [01;31m[Kxzl[m[K --- BEFORE GLSurfaceView swap frame
D/SurfaceFlinger(  117): <168324512.00>  ----- [01;31m[Kxzl[m[K SurfaceFlinger::composeSurfaces() swap fb done  ------
D/SurfaceTextureClient( 2409): <168324512.00> [01;31m[Kxzl[m[K SurfaceTextureClient::queueBuffer
D/SurfaceFlinger(  117): <168324512.00>  --- [01;31m[Kxzl[m[K Layer::onFrameQueued
W/GLSurfaceView( 2409): <168324519>  --- [01;31m[Kxzl[m[K --- AFTER GLSurfaceView swap frame
W/GLSurfaceView( 2409): <168324519>  --- [01;31m[Kxzl[m[K --- BEFORE GLSurfaceView DrawFrame
W/APP     ( 2409): [01;31m[Kxzl[m[K: ===> ev hits user code: <168324522>  {168324515} since event: 7 ms
D/InputDispatcher(  190): <168324528.00> ########### [01;31m[Kxzl[m[K finishDispatchCycle: 9.67ms since event, 8.12ms since dispatch
D/SurfaceFlinger(  117): <168324528.00>  ----- [01;31m[Kxzl[m[K SurfaceFlinger::composeSurfaces compose done, prepare to swap fb ------
W/APP     ( 2409): [01;31m[Kxzl[m[K: ===> ev hits user code: <168324529>  {168324525} since event: 4 ms
W/APP     ( 2409): [01;31m[Kxzl[m[K: ===> entering onDrawFrame: <168324530> 
D/InputDispatcher(  190): <168324528.00> ########### [01;31m[Kxzl[m[K finishDispatchCycle: 6.99ms since event, 6.38ms since dispatch
W/APP     ( 2409): [01;31m[Kxzl[m[K: ===> done onDrawFrame: <168324530> 
W/GLSurfaceView( 2409): <168324532>  --- [01;31m[Kxzl[m[K --- AFTER GLSurfaceView DrawFrame
W/GLSurfaceView( 2409): <168324532>  --- [01;31m[Kxzl[m[K --- BEFORE GLSurfaceView swap frame
D/SurfaceFlinger(  117): <168324528.00>  ----- [01;31m[Kxzl[m[K SurfaceFlinger::composeSurfaces() swap fb done  ------
D/SurfaceTextureClient( 2409): <168324528.00> [01;31m[Kxzl[m[K SurfaceTextureClient::queueBuffer
D/SurfaceFlinger(  117): <168324528.00>  --- [01;31m[Kxzl[m[K Layer::onFrameQueued
W/GLSurfaceView( 2409): <168324537>  --- [01;31m[Kxzl[m[K --- AFTER GLSurfaceView swap frame
W/GLSurfaceView( 2409): <168324537>  --- [01;31m[Kxzl[m[K --- BEFORE GLSurfaceView DrawFrame
W/APP     ( 2409): [01;31m[Kxzl[m[K: ===> ev hits user code: <168324539>  {168324534} since event: 5 ms
D/InputDispatcher(  190): <168324528.00> ########### [01;31m[Kxzl[m[K finishDispatchCycle: 5.89ms since event, 5.34ms since dispatch
D/SurfaceFlinger(  117): <168324544.00>  ----- [01;31m[Kxzl[m[K SurfaceFlinger::composeSurfaces compose done, prepare to swap fb ------
W/APP     ( 2409): [01;31m[Kxzl[m[K: ===> entering onDrawFrame: <168324548> 
W/APP     ( 2409): [01;31m[Kxzl[m[K: ===> done onDrawFrame: <168324548> 
W/GLSurfaceView( 2409): <168324549>  --- [01;31m[Kxzl[m[K --- AFTER GLSurfaceView DrawFrame
W/GLSurfaceView( 2409): <168324549>  --- [01;31m[Kxzl[m[K --- BEFORE GLSurfaceView swap frame
D/SurfaceTextureClient( 2409): <168324544.00> [01;31m[Kxzl[m[K SurfaceTextureClient::queueBuffer
D/SurfaceFlinger(  117): <168324544.00>  --- [01;31m[Kxzl[m[K Layer::onFrameQueued
W/APP     ( 2409): [01;31m[Kxzl[m[K: ===> ev hits user code: <168324548>  {168324544} since event: 4 ms
D/InputDispatcher(  190): <168324544.00> ########### [01;31m[Kxzl[m[K finishDispatchCycle: 6.13ms since event, 5.31ms since dispatch
D/SurfaceFlinger(  117): <168324544.00>  ----- [01;31m[Kxzl[m[K SurfaceFlinger::composeSurfaces() swap fb done  ------
W/GLSurfaceView( 2409): <168324551>  --- [01;31m[Kxzl[m[K --- AFTER GLSurfaceView swap frame
W/GLSurfaceView( 2409): <168324551>  --- [01;31m[Kxzl[m[K --- BEFORE GLSurfaceView DrawFrame
W/APP     ( 2409): [01;31m[Kxzl[m[K: ===> ev hits user code: <168324558>  {168324554} since event: 4 ms
D/InputDispatcher(  190): <168324560.00> ########### [01;31m[Kxzl[m[K finishDispatchCycle: 4.94ms since event, 4.36ms since dispatch
D/SurfaceFlinger(  117): <168324560.00>  ----- [01;31m[Kxzl[m[K SurfaceFlinger::composeSurfaces compose done, prepare to swap fb ------
W/APP     ( 2409): [01;31m[Kxzl[m[K: ===> entering onDrawFrame: <168324563> 
W/APP     ( 2409): [01;31m[Kxzl[m[K: ===> done onDrawFrame: <168324563> 
W/GLSurfaceView( 2409): <168324565>  --- [01;31m[Kxzl[m[K --- AFTER GLSurfaceView DrawFrame
W/GLSurfaceView( 2409): <168324566>  --- [01;31m[Kxzl[m[K --- BEFORE GLSurfaceView swap frame
D/SurfaceTextureClient( 2409): <168324560.00> [01;31m[Kxzl[m[K SurfaceTextureClient::queueBuffer
D/SurfaceFlinger(  117): <168324560.00>  ----- [01;31m[Kxzl[m[K SurfaceFlinger::composeSurfaces() swap fb done  ------
D/SurfaceFlinger(  117): <168324560.00>  --- [01;31m[Kxzl[m[K Layer::onFrameQueued
W/GLSurfaceView( 2409): <168324568>  --- [01;31m[Kxzl[m[K --- AFTER GLSurfaceView swap frame
W/GLSurfaceView( 2409): <168324568>  --- [01;31m[Kxzl[m[K --- BEFORE GLSurfaceView DrawFrame
W/APP     ( 2409): [01;31m[Kxzl[m[K: ===> ev hits user code: <168324576>  {168324563} since event: 13 ms
D/InputDispatcher(  190): <168324576.00> ########### [01;31m[Kxzl[m[K finishDispatchCycle: 13.34ms since event, 12.70ms since dispatch
D/SurfaceFlinger(  117): <168324576.00>  ----- [01;31m[Kxzl[m[K SurfaceFlinger::composeSurfaces compose done, prepare to swap fb ------
W/APP     ( 2409): [01;31m[Kxzl[m[K: ===> entering onDrawFrame: <168324579> 
W/APP     ( 2409): [01;31m[Kxzl[m[K: ===> done onDrawFrame: <168324579> 
W/GLSurfaceView( 2409): <168324580>  --- [01;31m[Kxzl[m[K --- AFTER GLSurfaceView DrawFrame
W/GLSurfaceView( 2409): <168324580>  --- [01;31m[Kxzl[m[K --- BEFORE GLSurfaceView swap frame
D/SurfaceTextureClient( 2409): <168324576.00> [01;31m[Kxzl[m[K SurfaceTextureClient::queueBuffer
D/SurfaceFlinger(  117): <168324576.00>  --- [01;31m[Kxzl[m[K Layer::onFrameQueued
W/APP     ( 2409): [01;31m[Kxzl[m[K: ===> ev hits user code: <168324582>  {168324573} since event: 9 ms
D/InputDispatcher(  190): <168324576.00> ########### [01;31m[Kxzl[m[K finishDispatchCycle: 9.80ms since event, 6.07ms since dispatch
D/SurfaceFlinger(  117): <168324576.00>  ----- [01;31m[Kxzl[m[K SurfaceFlinger::composeSurfaces() swap fb done  ------
W/GLSurfaceView( 2409): <168324585>  --- [01;31m[Kxzl[m[K --- AFTER GLSurfaceView swap frame
W/GLSurfaceView( 2409): <168324585>  --- [01;31m[Kxzl[m[K --- BEFORE GLSurfaceView DrawFrame
W/APP     ( 2409): [01;31m[Kxzl[m[K: ===> ev hits user code: <168324587>  {168324583} since event: 4 ms
D/InputDispatcher(  190): <168324576.00> ########### [01;31m[Kxzl[m[K finishDispatchCycle: 5.28ms since event, 4.70ms since dispatch
D/SurfaceFlinger(  117): <168324592.00>  ----- [01;31m[Kxzl[m[K SurfaceFlinger::composeSurfaces compose done, prepare to swap fb ------
W/APP     ( 2409): [01;31m[Kxzl[m[K: ===> entering onDrawFrame: <168324596> 
W/APP     ( 2409): [01;31m[Kxzl[m[K: ===> done onDrawFrame: <168324596> 
W/GLSurfaceView( 2409): <168324596>  --- [01;31m[Kxzl[m[K --- AFTER GLSurfaceView DrawFrame
W/GLSurfaceView( 2409): <168324596>  --- [01;31m[Kxzl[m[K --- BEFORE GLSurfaceView swap frame
D/SurfaceTextureClient( 2409): <168324592.00> [01;31m[Kxzl[m[K SurfaceTextureClient::queueBuffer
D/SurfaceFlinger(  117): <168324592.00>  --- [01;31m[Kxzl[m[K Layer::onFrameQueued
W/APP     ( 2409): [01;31m[Kxzl[m[K: ===> ev hits user code: <168324598>  {168324593} since event: 5 ms
D/InputDispatcher(  190): <168324592.00> ########### [01;31m[Kxzl[m[K finishDispatchCycle: 6.20ms since event, 5.65ms since dispatch
D/SurfaceFlinger(  117): <168324592.00>  ----- [01;31m[Kxzl[m[K SurfaceFlinger::composeSurfaces() swap fb done  ------
W/GLSurfaceView( 2409): <168324602>  --- [01;31m[Kxzl[m[K --- AFTER GLSurfaceView swap frame
W/GLSurfaceView( 2409): <168324603>  --- [01;31m[Kxzl[m[K --- BEFORE GLSurfaceView DrawFrame
W/APP     ( 2409): [01;31m[Kxzl[m[K: ===> ev hits user code: <168324607>  {168324602} since event: 5 ms
D/InputDispatcher(  190): <168324624.00> ########### [01;31m[Kxzl[m[K finishDispatchCycle: 5.86ms since event, 5.31ms since dispatch
D/SurfaceFlinger(  117): <168324624.00>  ----- [01;31m[Kxzl[m[K SurfaceFlinger::composeSurfaces compose done, prepare to swap fb ------
W/APP     ( 2409): [01;31m[Kxzl[m[K: ===> entering onDrawFrame: <168324614> 
W/APP     ( 2409): [01;31m[Kxzl[m[K: ===> done onDrawFrame: <168324614> 
W/GLSurfaceView( 2409): <168324614>  --- [01;31m[Kxzl[m[K --- AFTER GLSurfaceView DrawFrame
W/GLSurfaceView( 2409): <168324615>  --- [01;31m[Kxzl[m[K --- BEFORE GLSurfaceView swap frame
D/SurfaceTextureClient( 2409): <168324624.00> [01;31m[Kxzl[m[K SurfaceTextureClient::queueBuffer
D/SurfaceFlinger(  117): <168324624.00>  --- [01;31m[Kxzl[m[K Layer::onFrameQueued
W/APP     ( 2409): [01;31m[Kxzl[m[K: ===> ev hits user code: <168324617>  {168324612} since event: 5 ms
D/InputDispatcher(  190): <168324624.00> ########### [01;31m[Kxzl[m[K finishDispatchCycle: 5.71ms since event, 5.07ms since dispatch
D/SurfaceFlinger(  117): <168324624.00>  ----- [01;31m[Kxzl[m[K SurfaceFlinger::composeSurfaces() swap fb done  ------
W/GLSurfaceView( 2409): <168324619>  --- [01;31m[Kxzl[m[K --- AFTER GLSurfaceView swap frame
W/GLSurfaceView( 2409): <168324619>  --- [01;31m[Kxzl[m[K --- BEFORE GLSurfaceView DrawFrame
W/APP     ( 2409): [01;31m[Kxzl[m[K: ===> ev hits user code: <168324625>  {168324622} since event: 3 ms
D/InputDispatcher(  190): <168324640.00> ########### [01;31m[Kxzl[m[K finishDispatchCycle: 3.91ms since event, 3.27ms since dispatch
D/SurfaceFlinger(  117): <168324640.00>  ----- [01;31m[Kxzl[m[K SurfaceFlinger::composeSurfaces compose done, prepare to swap fb ------
W/APP     ( 2409): [01;31m[Kxzl[m[K: ===> entering onDrawFrame: <168324629> 
W/APP     ( 2409): [01;31m[Kxzl[m[K: ===> done onDrawFrame: <168324629> 
W/GLSurfaceView( 2409): <168324630>  --- [01;31m[Kxzl[m[K --- AFTER GLSurfaceView DrawFrame
W/GLSurfaceView( 2409): <168324630>  --- [01;31m[Kxzl[m[K --- BEFORE GLSurfaceView swap frame
D/SurfaceTextureClient( 2409): <168324640.00> [01;31m[Kxzl[m[K SurfaceTextureClient::queueBuffer
D/SurfaceFlinger(  117): <168324640.00>  --- [01;31m[Kxzl[m[K Layer::onFrameQueued
W/APP     ( 2409): [01;31m[Kxzl[m[K: ===> ev hits user code: <168324634>  {168324632} since event: 2 ms
D/SurfaceFlinger(  117): <168324640.00>  ----- [01;31m[Kxzl[m[K SurfaceFlinger::composeSurfaces() swap fb done  ------
D/InputDispatcher(  190): <168324640.00> ########### [01;31m[Kxzl[m[K finishDispatchCycle: 3.88ms since event, 3.17ms since dispatch
W/GLSurfaceView( 2409): <168324635>  --- [01;31m[Kxzl[m[K --- AFTER GLSurfaceView swap frame
W/GLSurfaceView( 2409): <168324636>  --- [01;31m[Kxzl[m[K --- BEFORE GLSurfaceView DrawFrame
D/SurfaceFlinger(  117): <168324656.00>  ----- [01;31m[Kxzl[m[K SurfaceFlinger::composeSurfaces compose done, prepare to swap fb ------
W/APP     ( 2409): [01;31m[Kxzl[m[K: ===> entering onDrawFrame: <168324646> 
W/APP     ( 2409): [01;31m[Kxzl[m[K: ===> done onDrawFrame: <168324646> 
W/GLSurfaceView( 2409): <168324647>  --- [01;31m[Kxzl[m[K --- AFTER GLSurfaceView DrawFrame
W/GLSurfaceView( 2409): <168324647>  --- [01;31m[Kxzl[m[K --- BEFORE GLSurfaceView swap frame
D/SurfaceTextureClient( 2409): <168324656.00> [01;31m[Kxzl[m[K SurfaceTextureClient::queueBuffer
D/SurfaceFlinger(  117): <168324656.00>  --- [01;31m[Kxzl[m[K Layer::onFrameQueued
D/SurfaceFlinger(  117): <168324656.00>  ----- [01;31m[Kxzl[m[K SurfaceFlinger::composeSurfaces() swap fb done  ------
W/GLSurfaceView( 2409): <168324653>  --- [01;31m[Kxzl[m[K --- AFTER GLSurfaceView swap frame
W/APP     ( 2409): [01;31m[Kxzl[m[K: ===> ev hits user code: <168324654>  {168324651} since event: 3 ms
W/GLSurfaceView( 2409): <168324654>  --- [01;31m[Kxzl[m[K --- BEFORE GLSurfaceView DrawFrame
D/InputDispatcher(  190): <168324656.00> ########### [01;31m[Kxzl[m[K finishDispatchCycle: 4.43ms since event, 3.81ms since dispatch
W/APP     ( 2409): [01;31m[Kxzl[m[K: ===> ev hits user code: <168324663>  {168324661} since event: 2 ms
D/SurfaceFlinger(  117): <168324672.00>  ----- [01;31m[Kxzl[m[K SurfaceFlinger::composeSurfaces compose done, prepare to swap fb ------
W/APP     ( 2409): [01;31m[Kxzl[m[K: ===> entering onDrawFrame: <168324665> 
W/APP     ( 2409): [01;31m[Kxzl[m[K: ===> done onDrawFrame: <168324665> 
W/GLSurfaceView( 2409): <168324666>  --- [01;31m[Kxzl[m[K --- AFTER GLSurfaceView DrawFrame
W/GLSurfaceView( 2409): <168324666>  --- [01;31m[Kxzl[m[K --- BEFORE GLSurfaceView swap frame
D/SurfaceTextureClient( 2409): <168324672.00> [01;31m[Kxzl[m[K SurfaceTextureClient::queueBuffer
D/SurfaceFlinger(  117): <168324672.00>  --- [01;31m[Kxzl[m[K Layer::onFrameQueued
D/InputDispatcher(  190): <168324672.00> ########### [01;31m[Kxzl[m[K finishDispatchCycle: 7.08ms since event, 6.50ms since dispatch
D/SurfaceFlinger(  117): <168324672.00>  ----- [01;31m[Kxzl[m[K SurfaceFlinger::composeSurfaces() swap fb done  ------
W/GLSurfaceView( 2409): <168324670>  --- [01;31m[Kxzl[m[K --- AFTER GLSurfaceView swap frame
W/GLSurfaceView( 2409): <168324674>  --- [01;31m[Kxzl[m[K --- BEFORE GLSurfaceView DrawFrame
W/APP     ( 2409): [01;31m[Kxzl[m[K: ===> ev hits user code: <168324676>  {168324671} since event: 5 ms
D/InputDispatcher(  190): <168324688.00> ########### [01;31m[Kxzl[m[K finishDispatchCycle: 6.84ms since event, 6.23ms since dispatch
D/SurfaceFlinger(  117): <168324688.00>  ----- [01;31m[Kxzl[m[K SurfaceFlinger::composeSurfaces compose done, prepare to swap fb ------
W/APP     ( 2409): [01;31m[Kxzl[m[K: ===> entering onDrawFrame: <168324685> 
W/APP     ( 2409): [01;31m[Kxzl[m[K: ===> done onDrawFrame: <168324685> 
W/GLSurfaceView( 2409): <168324686>  --- [01;31m[Kxzl[m[K --- AFTER GLSurfaceView DrawFrame
D/SurfaceFlinger(  117): <168324688.00>  ----- [01;31m[Kxzl[m[K SurfaceFlinger::composeSurfaces() swap fb done  ------
W/GLSurfaceView( 2409): <168324686>  --- [01;31m[Kxzl[m[K --- BEFORE GLSurfaceView swap frame
D/SurfaceTextureClient( 2409): <168324688.00> [01;31m[Kxzl[m[K SurfaceTextureClient::queueBuffer
D/SurfaceFlinger(  117): <168324688.00>  --- [01;31m[Kxzl[m[K Layer::onFrameQueued
W/GLSurfaceView( 2409): <168324688>  --- [01;31m[Kxzl[m[K --- AFTER GLSurfaceView swap frame
W/GLSurfaceView( 2409): <168324688>  --- [01;31m[Kxzl[m[K --- BEFORE GLSurfaceView DrawFrame
W/APP     ( 2409): [01;31m[Kxzl[m[K: ===> ev hits user code: <168324689>  {168324680} since event: 9 ms
D/InputDispatcher(  190): <168324704.00> ########### [01;31m[Kxzl[m[K finishDispatchCycle: 13.21ms since event, 12.57ms since dispatch
W/APP     ( 2409): [01;31m[Kxzl[m[K: ===> ev hits user code: <168324696>  {168324690} since event: 6 ms
D/SurfaceFlinger(  117): <168324704.00>  ----- [01;31m[Kxzl[m[K SurfaceFlinger::composeSurfaces compose done, prepare to swap fb ------
D/InputDispatcher(  190): <168324704.00> ########### [01;31m[Kxzl[m[K finishDispatchCycle: 7.26ms since event, 3.78ms since dispatch
W/APP     ( 2409): [01;31m[Kxzl[m[K: ===> entering onDrawFrame: <168324703> 
W/APP     ( 2409): [01;31m[Kxzl[m[K: ===> done onDrawFrame: <168324703> 
W/GLSurfaceView( 2409): <168324704>  --- [01;31m[Kxzl[m[K --- AFTER GLSurfaceView DrawFrame
W/GLSurfaceView( 2409): <168324704>  --- [01;31m[Kxzl[m[K --- BEFORE GLSurfaceView swap frame
D/SurfaceFlinger(  117): <168324704.00>  ----- [01;31m[Kxzl[m[K SurfaceFlinger::composeSurfaces() swap fb done  ------
D/SurfaceTextureClient( 2409): <168324704.00> [01;31m[Kxzl[m[K SurfaceTextureClient::queueBuffer
D/SurfaceFlinger(  117): <168324704.00>  --- [01;31m[Kxzl[m[K Layer::onFrameQueued
W/GLSurfaceView( 2409): <168324705>  --- [01;31m[Kxzl[m[K --- AFTER GLSurfaceView swap frame
W/GLSurfaceView( 2409): <168324705>  --- [01;31m[Kxzl[m[K --- BEFORE GLSurfaceView DrawFrame
W/APP     ( 2409): [01;31m[Kxzl[m[K: ===> ev hits user code: <168324706>  {168324700} since event: 6 ms
D/InputDispatcher(  190): <168324704.00> ########### [01;31m[Kxzl[m[K finishDispatchCycle: 6.78ms since event, 6.20ms since dispatch
W/APP     ( 2409): [01;31m[Kxzl[m[K: ===> ev hits user code: <168324713>  {168324710} since event: 3 ms
D/InputDispatcher(  190): <168324720.00> ########### [01;31m[Kxzl[m[K finishDispatchCycle: 4.15ms since event, 3.57ms since dispatch
D/SurfaceFlinger(  117): <168324720.00>  ----- [01;31m[Kxzl[m[K SurfaceFlinger::composeSurfaces compose done, prepare to swap fb ------
W/APP     ( 2409): [01;31m[Kxzl[m[K: ===> entering onDrawFrame: <168324715> 
W/APP     ( 2409): [01;31m[Kxzl[m[K: ===> done onDrawFrame: <168324715> 
W/GLSurfaceView( 2409): <168324716>  --- [01;31m[Kxzl[m[K --- AFTER GLSurfaceView DrawFrame
W/GLSurfaceView( 2409): <168324716>  --- [01;31m[Kxzl[m[K --- BEFORE GLSurfaceView swap frame
D/SurfaceTextureClient( 2409): <168324720.00> [01;31m[Kxzl[m[K SurfaceTextureClient::queueBuffer
D/SurfaceFlinger(  117): <168324720.00>  --- [01;31m[Kxzl[m[K Layer::onFrameQueued
D/SurfaceFlinger(  117): <168324720.00>  ----- [01;31m[Kxzl[m[K SurfaceFlinger::composeSurfaces() swap fb done  ------
W/GLSurfaceView( 2409): <168324721>  --- [01;31m[Kxzl[m[K --- AFTER GLSurfaceView swap frame
W/GLSurfaceView( 2409): <168324721>  --- [01;31m[Kxzl[m[K --- BEFORE GLSurfaceView DrawFrame
W/APP     ( 2409): [01;31m[Kxzl[m[K: ===> ev hits user code: <168324723>  {168324719} since event: 4 ms
D/InputDispatcher(  190): <168324720.00> ########### [01;31m[Kxzl[m[K finishDispatchCycle: 4.36ms since event, 3.81ms since dispatch
D/SurfaceFlinger(  117): <168324736.00>  ----- [01;31m[Kxzl[m[K SurfaceFlinger::composeSurfaces compose done, prepare to swap fb ------
W/APP     ( 2409): [01;31m[Kxzl[m[K: ===> entering onDrawFrame: <168324731> 
W/APP     ( 2409): [01;31m[Kxzl[m[K: ===> done onDrawFrame: <168324731> 
W/GLSurfaceView( 2409): <168324733>  --- [01;31m[Kxzl[m[K --- AFTER GLSurfaceView DrawFrame
W/GLSurfaceView( 2409): <168324734>  --- [01;31m[Kxzl[m[K --- BEFORE GLSurfaceView swap frame
D/SurfaceTextureClient( 2409): <168324736.00> [01;31m[Kxzl[m[K SurfaceTextureClient::queueBuffer
D/SurfaceFlinger(  117): <168324736.00>  --- [01;31m[Kxzl[m[K Layer::onFrameQueued
D/SurfaceFlinger(  117): <168326048.00>  ----- [01;31m[Kxzl[m[K SurfaceFlinger::composeSurfaces compose done, prepare to swap fb ------
W/APP     ( 2409): [01;31m[Kxzl[m[K: ===> entering onDrawFrame: <168326037> 
W/APP     ( 2409): [01;31m[Kxzl[m[K: ===> done onDrawFrame: <168326037> 
W/GLSurfaceView( 2409): <168326038>  --- [01;31m[Kxzl[m[K --- AFTER GLSurfaceView DrawFrame
W/GLSurfaceView( 2409): <168326038>  --- [01;31m[Kxzl[m[K --- BEFORE GLSurfaceView swap frame
D/SurfaceTextureClient( 2409): <168326048.00> [01;31m[Kxzl[m[K SurfaceTextureClient::queueBuffer
D/SurfaceFlinger(  117): <168326048.00>  --- [01;31m[Kxzl[m[K Layer::onFrameQueued
W/APP     ( 2409): [01;31m[Kxzl[m[K: ===> ev hits user code: <168326039>  {168326034} since event: 5 ms
D/InputDispatcher(  190): <168326048.00> ########### [01;31m[Kxzl[m[K finishDispatchCycle: 5.74ms since event, 5.13ms since dispatch
D/SurfaceFlinger(  117): <168326048.00>  ----- [01;31m[Kxzl[m[K SurfaceFlinger::composeSurfaces() swap fb done  ------
W/GLSurfaceView( 2409): <168326044>  --- [01;31m[Kxzl[m[K --- AFTER GLSurfaceView swap frame
W/GLSurfaceView( 2409): <168326044>  --- [01;31m[Kxzl[m[K --- BEFORE GLSurfaceView DrawFrame
W/APP     ( 2409): [01;31m[Kxzl[m[K: ===> ev hits user code: <168326047>  {168326044} since event: 3 ms
D/InputDispatcher(  190): <168326048.00> ########### [01;31m[Kxzl[m[K finishDispatchCycle: 3.39ms since event, 2.81ms since dispatch
D/SurfaceFlinger(  117): <168326064.00>  ----- [01;31m[Kxzl[m[K SurfaceFlinger::composeSurfaces compose done, prepare to swap fb ------
W/APP     ( 2409): [01;31m[Kxzl[m[K: ===> entering onDrawFrame: <168326056> 
W/APP     ( 2409): [01;31m[Kxzl[m[K: ===> done onDrawFrame: <168326056> 
W/GLSurfaceView( 2409): <168326056>  --- [01;31m[Kxzl[m[K --- AFTER GLSurfaceView DrawFrame
W/GLSurfaceView( 2409): <168326057>  --- [01;31m[Kxzl[m[K --- BEFORE GLSurfaceView swap frame
D/SurfaceTextureClient( 2409): <168326064.00> [01;31m[Kxzl[m[K SurfaceTextureClient::queueBuffer
D/SurfaceFlinger(  117): <168326064.00>  --- [01;31m[Kxzl[m[K Layer::onFrameQueued
W/APP     ( 2409): [01;31m[Kxzl[m[K: ===> ev hits user code: <168326058>  {168326054} since event: 4 ms
D/InputDispatcher(  190): <168326064.00> ########### [01;31m[Kxzl[m[K finishDispatchCycle: 5.34ms since event, 4.70ms since dispatch
D/SurfaceFlinger(  117): <168326064.00>  ----- [01;31m[Kxzl[m[K SurfaceFlinger::composeSurfaces() swap fb done  ------
W/GLSurfaceView( 2409): <168326060>  --- [01;31m[Kxzl[m[K --- AFTER GLSurfaceView swap frame
W/GLSurfaceView( 2409): <168326060>  --- [01;31m[Kxzl[m[K --- BEFORE GLSurfaceView DrawFrame
D/SurfaceFlinger(  117): <168326080.00>  ----- [01;31m[Kxzl[m[K SurfaceFlinger::composeSurfaces compose done, prepare to swap fb ------
W/APP     ( 2409): [01;31m[Kxzl[m[K: ===> entering onDrawFrame: <168326070> 
W/APP     ( 2409): [01;31m[Kxzl[m[K: ===> done onDrawFrame: <168326070> 
W/GLSurfaceView( 2409): <168326071>  --- [01;31m[Kxzl[m[K --- AFTER GLSurfaceView DrawFrame
W/GLSurfaceView( 2409): <168326071>  --- [01;31m[Kxzl[m[K --- BEFORE GLSurfaceView swap frame
D/SurfaceTextureClient( 2409): <168326080.00> [01;31m[Kxzl[m[K SurfaceTextureClient::queueBuffer
D/SurfaceFlinger(  117): <168326080.00>  --- [01;31m[Kxzl[m[K Layer::onFrameQueued
W/APP     ( 2409): [01;31m[Kxzl[m[K: ===> ev hits user code: <168326075>  {168326073} since event: 2 ms
D/InputDispatcher(  190): <168326080.00> ########### [01;31m[Kxzl[m[K finishDispatchCycle: 2.62ms since event, 2.01ms since dispatch
D/SurfaceFlinger(  117): <168326080.00>  ----- [01;31m[Kxzl[m[K SurfaceFlinger::composeSurfaces() swap fb done  ------
W/GLSurfaceView( 2409): <168326076>  --- [01;31m[Kxzl[m[K --- AFTER GLSurfaceView swap frame
W/GLSurfaceView( 2409): <168326077>  --- [01;31m[Kxzl[m[K --- BEFORE GLSurfaceView DrawFrame
W/APP     ( 2409): [01;31m[Kxzl[m[K: ===> ev hits user code: <168326085>  {168326083} since event: 2 ms
D/InputDispatcher(  190): <168326096.00> ########### [01;31m[Kxzl[m[K finishDispatchCycle: 2.63ms since event, 2.08ms since dispatch
D/SurfaceFlinger(  117): <168326096.00>  ----- [01;31m[Kxzl[m[K SurfaceFlinger::composeSurfaces compose done, prepare to swap fb ------
W/APP     ( 2409): [01;31m[Kxzl[m[K: ===> entering onDrawFrame: <168326087> 
W/APP     ( 2409): [01;31m[Kxzl[m[K: ===> done onDrawFrame: <168326087> 
W/GLSurfaceView( 2409): <168326088>  --- [01;31m[Kxzl[m[K --- AFTER GLSurfaceView DrawFrame
W/GLSurfaceView( 2409): <168326089>  --- [01;31m[Kxzl[m[K --- BEFORE GLSurfaceView swap frame
D/SurfaceTextureClient( 2409): <168326096.00> [01;31m[Kxzl[m[K SurfaceTextureClient::queueBuffer
D/SurfaceFlinger(  117): <168326096.00>  --- [01;31m[Kxzl[m[K Layer::onFrameQueued
D/SurfaceFlinger(  117): <168326096.00>  ----- [01;31m[Kxzl[m[K SurfaceFlinger::composeSurfaces() swap fb done  ------
W/GLSurfaceView( 2409): <168326094>  --- [01;31m[Kxzl[m[K --- AFTER GLSurfaceView swap frame
W/GLSurfaceView( 2409): <168326095>  --- [01;31m[Kxzl[m[K --- BEFORE GLSurfaceView DrawFrame
W/APP     ( 2409): [01;31m[Kxzl[m[K: ===> ev hits user code: <168326097>  {168326093} since event: 4 ms
D/InputDispatcher(  190): <168326096.00> ########### [01;31m[Kxzl[m[K finishDispatchCycle: 5.22ms since event, 4.36ms since dispatch
D/SurfaceFlinger(  117): <168326112.00>  ----- [01;31m[Kxzl[m[K SurfaceFlinger::composeSurfaces compose done, prepare to swap fb ------
W/APP     ( 2409): [01;31m[Kxzl[m[K: ===> ev hits user code: <168326105>  {168326102} since event: 3 ms
D/InputDispatcher(  190): <168326112.00> ########### [01;31m[Kxzl[m[K finishDispatchCycle: 3.02ms since event, 2.44ms since dispatch
W/APP     ( 2409): [01;31m[Kxzl[m[K: ===> entering onDrawFrame: <168326105> 
W/APP     ( 2409): [01;31m[Kxzl[m[K: ===> done onDrawFrame: <168326105> 
W/GLSurfaceView( 2409): <168326106>  --- [01;31m[Kxzl[m[K --- AFTER GLSurfaceView DrawFrame
W/GLSurfaceView( 2409): <168326106>  --- [01;31m[Kxzl[m[K --- BEFORE GLSurfaceView swap frame
D/SurfaceTextureClient( 2409): <168326112.00> [01;31m[Kxzl[m[K SurfaceTextureClient::queueBuffer
D/SurfaceFlinger(  117): <168326112.00>  --- [01;31m[Kxzl[m[K Layer::onFrameQueued
D/SurfaceFlinger(  117): <168326112.00>  ----- [01;31m[Kxzl[m[K SurfaceFlinger::composeSurfaces() swap fb done  ------
W/GLSurfaceView( 2409): <168326112>  --- [01;31m[Kxzl[m[K --- AFTER GLSurfaceView swap frame
W/GLSurfaceView( 2409): <168326112>  --- [01;31m[Kxzl[m[K --- BEFORE GLSurfaceView DrawFrame
W/APP     ( 2409): [01;31m[Kxzl[m[K: ===> ev hits user code: <168326114>  {168326112} since event: 2 ms
D/InputDispatcher(  190): <168326112.00> ########### [01;31m[Kxzl[m[K finishDispatchCycle: 2.47ms since event, 1.89ms since dispatch
D/SurfaceFlinger(  117): <168326128.00>  ----- [01;31m[Kxzl[m[K SurfaceFlinger::composeSurfaces compose done, prepare to swap fb ------
W/APP     ( 2409): [01;31m[Kxzl[m[K: ===> entering onDrawFrame: <168326123> 
W/APP     ( 2409): [01;31m[Kxzl[m[K: ===> done onDrawFrame: <168326123> 
W/GLSurfaceView( 2409): <168326124>  --- [01;31m[Kxzl[m[K --- AFTER GLSurfaceView DrawFrame
W/GLSurfaceView( 2409): <168326124>  --- [01;31m[Kxzl[m[K --- BEFORE GLSurfaceView swap frame
D/SurfaceTextureClient( 2409): <168326128.00> [01;31m[Kxzl[m[K SurfaceTextureClient::queueBuffer
D/SurfaceFlinger(  117): <168326128.00>  --- [01;31m[Kxzl[m[K Layer::onFrameQueued
W/APP     ( 2409): [01;31m[Kxzl[m[K: ===> ev hits user code: <168326125>  {168326122} since event: 3 ms
D/InputDispatcher(  190): <168326128.00> ########### [01;31m[Kxzl[m[K finishDispatchCycle: 4.24ms since event, 3.66ms since dispatch
D/SurfaceFlinger(  117): <168326128.00>  ----- [01;31m[Kxzl[m[K SurfaceFlinger::composeSurfaces() swap fb done  ------
W/GLSurfaceView( 2409): <168326127>  --- [01;31m[Kxzl[m[K --- AFTER GLSurfaceView swap frame
W/GLSurfaceView( 2409): <168326128>  --- [01;31m[Kxzl[m[K --- BEFORE GLSurfaceView DrawFrame
W/APP     ( 2409): [01;31m[Kxzl[m[K: ===> ev hits user code: <168326133>  {168326131} since event: 2 ms
D/InputDispatcher(  190): <168326128.00> ########### [01;31m[Kxzl[m[K finishDispatchCycle: 2.63ms since event, 2.08ms since dispatch
D/SurfaceFlinger(  117): <168326144.00>  ----- [01;31m[Kxzl[m[K SurfaceFlinger::composeSurfaces compose done, prepare to swap fb ------
W/APP     ( 2409): [01;31m[Kxzl[m[K: ===> entering onDrawFrame: <168326138> 
W/APP     ( 2409): [01;31m[Kxzl[m[K: ===> done onDrawFrame: <168326138> 
W/GLSurfaceView( 2409): <168326139>  --- [01;31m[Kxzl[m[K --- AFTER GLSurfaceView DrawFrame
W/GLSurfaceView( 2409): <168326139>  --- [01;31m[Kxzl[m[K --- BEFORE GLSurfaceView swap frame
D/SurfaceTextureClient( 2409): <168326144.00> [01;31m[Kxzl[m[K SurfaceTextureClient::queueBuffer
D/SurfaceFlinger(  117): <168326144.00>  --- [01;31m[Kxzl[m[K Layer::onFrameQueued
W/APP     ( 2409): [01;31m[Kxzl[m[K: ===> ev hits user code: <168326143>  {168326141} since event: 2 ms
D/InputDispatcher(  190): <168326144.00> ########### [01;31m[Kxzl[m[K finishDispatchCycle: 2.72ms since event, 2.17ms since dispatch
D/SurfaceFlinger(  117): <168326144.00>  ----- [01;31m[Kxzl[m[K SurfaceFlinger::composeSurfaces() swap fb done  ------
W/GLSurfaceView( 2409): <168326144>  --- [01;31m[Kxzl[m[K --- AFTER GLSurfaceView swap frame
W/GLSurfaceView( 2409): <168326145>  --- [01;31m[Kxzl[m[K --- BEFORE GLSurfaceView DrawFrame
D/SurfaceFlinger(  117): <168326160.00>  ----- [01;31m[Kxzl[m[K SurfaceFlinger::composeSurfaces compose done, prepare to swap fb ------
W/APP     ( 2409): [01;31m[Kxzl[m[K: ===> entering onDrawFrame: <168326155> 
W/APP     ( 2409): [01;31m[Kxzl[m[K: ===> done onDrawFrame: <168326155> 
W/GLSurfaceView( 2409): <168326156>  --- [01;31m[Kxzl[m[K --- AFTER GLSurfaceView DrawFrame
W/GLSurfaceView( 2409): <168326156>  --- [01;31m[Kxzl[m[K --- BEFORE GLSurfaceView swap frame
D/SurfaceTextureClient( 2409): <168326160.00> [01;31m[Kxzl[m[K SurfaceTextureClient::queueBuffer
D/SurfaceFlinger(  117): <168326160.00>  --- [01;31m[Kxzl[m[K Layer::onFrameQueued
W/APP     ( 2409): [01;31m[Kxzl[m[K: ===> ev hits user code: <168326155>  {168326151} since event: 4 ms
D/InputDispatcher(  190): <168326160.00> ########### [01;31m[Kxzl[m[K finishDispatchCycle: 6.65ms since event, 6.01ms since dispatch
D/SurfaceFlinger(  117): <168326160.00>  ----- [01;31m[Kxzl[m[K SurfaceFlinger::composeSurfaces() swap fb done  ------
W/GLSurfaceView( 2409): <168326162>  --- [01;31m[Kxzl[m[K --- AFTER GLSurfaceView swap frame
W/GLSurfaceView( 2409): <168326163>  --- [01;31m[Kxzl[m[K --- BEFORE GLSurfaceView DrawFrame
W/APP     ( 2409): [01;31m[Kxzl[m[K: ===> ev hits user code: <168326164>  {168326161} since event: 3 ms
D/InputDispatcher(  190): <168326160.00> ########### [01;31m[Kxzl[m[K finishDispatchCycle: 4.03ms since event, 3.42ms since dispatch
D/SurfaceFlinger(  117): <168326176.00>  ----- [01;31m[Kxzl[m[K SurfaceFlinger::composeSurfaces compose done, prepare to swap fb ------
W/APP     ( 2409): [01;31m[Kxzl[m[K: ===> entering onDrawFrame: <168326173> 
W/APP     ( 2409): [01;31m[Kxzl[m[K: ===> done onDrawFrame: <168326173> 
W/GLSurfaceView( 2409): <168326174>  --- [01;31m[Kxzl[m[K --- AFTER GLSurfaceView DrawFrame
W/GLSurfaceView( 2409): <168326174>  --- [01;31m[Kxzl[m[K --- BEFORE GLSurfaceView swap frame
D/SurfaceTextureClient( 2409): <168326176.00> [01;31m[Kxzl[m[K SurfaceTextureClient::queueBuffer
D/SurfaceFlinger(  117): <168326176.00>  --- [01;31m[Kxzl[m[K Layer::onFrameQueued
W/APP     ( 2409): [01;31m[Kxzl[m[K: ===> ev hits user code: <168326175>  {168326170} since event: 5 ms
D/InputDispatcher(  190): <168326176.00> ########### [01;31m[Kxzl[m[K finishDispatchCycle: 5.52ms since event, 4.91ms since dispatch
D/SurfaceFlinger(  117): <168326176.00>  ----- [01;31m[Kxzl[m[K SurfaceFlinger::composeSurfaces() swap fb done  ------
W/GLSurfaceView( 2409): <168326178>  --- [01;31m[Kxzl[m[K --- AFTER GLSurfaceView swap frame
W/GLSurfaceView( 2409): <168326179>  --- [01;31m[Kxzl[m[K --- BEFORE GLSurfaceView DrawFrame
W/APP     ( 2409): [01;31m[Kxzl[m[K: ===> ev hits user code: <168326182>  {168326180} since event: 2 ms
D/InputDispatcher(  190): <168326176.00> ########### [01;31m[Kxzl[m[K finishDispatchCycle: 2.32ms since event, 1.80ms since dispatch
D/SurfaceFlinger(  117): <168326192.00>  ----- [01;31m[Kxzl[m[K SurfaceFlinger::composeSurfaces compose done, prepare to swap fb ------
W/APP     ( 2409): [01;31m[Kxzl[m[K: ===> entering onDrawFrame: <168326189> 
W/APP     ( 2409): [01;31m[Kxzl[m[K: ===> done onDrawFrame: <168326189> 
W/GLSurfaceView( 2409): <168326190>  --- [01;31m[Kxzl[m[K --- AFTER GLSurfaceView DrawFrame
W/GLSurfaceView( 2409): <168326190>  --- [01;31m[Kxzl[m[K --- BEFORE GLSurfaceView swap frame
