D/InputDispatcher(  190): <168326800.00> ########### [01;31m[Kxzl[m[K finishDispatchCycle: 6.96ms since event, 6.35ms since dispatch
W/APP     ( 2409): [01;31m[Kxzl[m[K: ===> ev hits user code: <168326807>  {168326803} since event: 4 ms
D/InputDispatcher(  190): <168326816.00> ########### [01;31m[Kxzl[m[K finishDispatchCycle: 4.00ms since event, 3.39ms since dispatch
D/SurfaceFlinger(  117): <168326816.00>  ----- [01;31m[Kxzl[m[K SurfaceFlinger::composeSurfaces compose done, prepare to swap fb ------
W/APP     ( 2409): [01;31m[Kxzl[m[K: ===> entering onDrawFrame: <168326809> 
W/APP     ( 2409): [01;31m[Kxzl[m[K: ===> done onDrawFrame: <168326809> 
W/GLSurfaceView( 2409): <168326810>  --- [01;31m[Kxzl[m[K --- AFTER GLSurfaceView DrawFrame
W/GLSurfaceView( 2409): <168326811>  --- [01;31m[Kxzl[m[K --- BEFORE GLSurfaceView swap frame
D/SurfaceTextureClient( 2409): <168326816.00> [01;31m[Kxzl[m[K SurfaceTextureClient::queueBuffer
D/SurfaceFlinger(  117): <168326816.00>  --- [01;31m[Kxzl[m[K Layer::onFrameQueued
W/APP     ( 2409): [01;31m[Kxzl[m[K: ===> ev hits user code: <168326817>  {168326813} since event: 4 ms
D/InputDispatcher(  190): <168326816.00> ########### [01;31m[Kxzl[m[K finishDispatchCycle: 4.85ms since event, 4.24ms since dispatch
D/SurfaceFlinger(  117): <168326816.00>  ----- [01;31m[Kxzl[m[K SurfaceFlinger::composeSurfaces() swap fb done  ------
W/GLSurfaceView( 2409): <168326823>  --- [01;31m[Kxzl[m[K --- AFTER GLSurfaceView swap frame
W/GLSurfaceView( 2409): <168326825>  --- [01;31m[Kxzl[m[K --- BEFORE GLSurfaceView DrawFrame
W/APP     ( 2409): [01;31m[Kxzl[m[K: ===> ev hits user code: <168326827>  {168326823} since event: 4 ms
D/InputDispatcher(  190): <168326832.00> ########### [01;31m[Kxzl[m[K finishDispatchCycle: 5.13ms since event, 4.55ms since dispatch
D/SurfaceFlinger(  117): <168326832.00>  ----- [01;31m[Kxzl[m[K SurfaceFlinger::composeSurfaces compose done, prepare to swap fb ------
W/APP     ( 2409): [01;31m[Kxzl[m[K: ===> entering onDrawFrame: <168326835> 
W/APP     ( 2409): [01;31m[Kxzl[m[K: ===> done onDrawFrame: <168326835> 
W/GLSurfaceView( 2409): <168326836>  --- [01;31m[Kxzl[m[K --- AFTER GLSurfaceView DrawFrame
W/GLSurfaceView( 2409): <168326837>  --- [01;31m[Kxzl[m[K --- BEFORE GLSurfaceView swap frame
D/SurfaceTextureClient( 2409): <168326832.00> [01;31m[Kxzl[m[K SurfaceTextureClient::queueBuffer
D/SurfaceFlinger(  117): <168326832.00>  --- [01;31m[Kxzl[m[K Layer::onFrameQueued
D/SurfaceFlinger(  117): <168326832.00>  ----- [01;31m[Kxzl[m[K SurfaceFlinger::composeSurfaces() swap fb done  ------
W/GLSurfaceView( 2409): <168326840>  --- [01;31m[Kxzl[m[K --- AFTER GLSurfaceView swap frame
W/GLSurfaceView( 2409): <168326840>  --- [01;31m[Kxzl[m[K --- BEFORE GLSurfaceView DrawFrame
W/APP     ( 2409): [01;31m[Kxzl[m[K: ===> ev hits user code: <168326839>  {168326833} since event: 6 ms
D/InputDispatcher(  190): <168326848.00> ########### [01;31m[Kxzl[m[K finishDispatchCycle: 9.64ms since event, 9.00ms since dispatch
W/APP     ( 2409): [01;31m[Kxzl[m[K: ===> ev hits user code: <168326846>  {168326842} since event: 4 ms
D/InputDispatcher(  190): <168326848.00> ########### [01;31m[Kxzl[m[K finishDispatchCycle: 4.46ms since event, 3.88ms since dispatch
D/SurfaceFlinger(  117): <168326848.00>  ----- [01;31m[Kxzl[m[K SurfaceFlinger::composeSurfaces compose done, prepare to swap fb ------
W/APP     ( 2409): [01;31m[Kxzl[m[K: ===> entering onDrawFrame: <168326852> 
W/APP     ( 2409): [01;31m[Kxzl[m[K: ===> done onDrawFrame: <168326852> 
W/GLSurfaceView( 2409): <168326854>  --- [01;31m[Kxzl[m[K --- AFTER GLSurfaceView DrawFrame
W/GLSurfaceView( 2409): <168326855>  --- [01;31m[Kxzl[m[K --- BEFORE GLSurfaceView swap frame
D/SurfaceTextureClient( 2409): <168326848.00> [01;31m[Kxzl[m[K SurfaceTextureClient::queueBuffer
D/SurfaceFlinger(  117): <168326848.00>  --- [01;31m[Kxzl[m[K Layer::onFrameQueued
D/SurfaceFlinger(  117): <168326848.00>  ----- [01;31m[Kxzl[m[K SurfaceFlinger::composeSurfaces() swap fb done  ------
W/GLSurfaceView( 2409): <168326857>  --- [01;31m[Kxzl[m[K --- AFTER GLSurfaceView swap frame
W/GLSurfaceView( 2409): <168326857>  --- [01;31m[Kxzl[m[K --- BEFORE GLSurfaceView DrawFrame
W/APP     ( 2409): [01;31m[Kxzl[m[K: ===> ev hits user code: <168326859>  {168326852} since event: 7 ms
D/InputDispatcher(  190): <168326864.00> ########### [01;31m[Kxzl[m[K finishDispatchCycle: 7.17ms since event, 6.56ms since dispatch
W/APP     ( 2409): [01;31m[Kxzl[m[K: ===> ev hits user code: <168326865>  {168326862} since event: 3 ms
D/InputDispatcher(  190): <168326864.00> ########### [01;31m[Kxzl[m[K finishDispatchCycle: 4.24ms since event, 3.60ms since dispatch
D/SurfaceFlinger(  117): <168326864.00>  ----- [01;31m[Kxzl[m[K SurfaceFlinger::composeSurfaces compose done, prepare to swap fb ------
W/APP     ( 2409): [01;31m[Kxzl[m[K: ===> entering onDrawFrame: <168326867> 
W/APP     ( 2409): [01;31m[Kxzl[m[K: ===> done onDrawFrame: <168326867> 
W/GLSurfaceView( 2409): <168326868>  --- [01;31m[Kxzl[m[K --- AFTER GLSurfaceView DrawFrame
W/GLSurfaceView( 2409): <168326868>  --- [01;31m[Kxzl[m[K --- BEFORE GLSurfaceView swap frame
D/SurfaceTextureClient( 2409): <168326864.00> [01;31m[Kxzl[m[K SurfaceTextureClient::queueBuffer
D/SurfaceFlinger(  117): <168326864.00>  --- [01;31m[Kxzl[m[K Layer::onFrameQueued
D/SurfaceFlinger(  117): <168326880.00>  ----- [01;31m[Kxzl[m[K SurfaceFlinger::composeSurfaces() swap fb done  ------
W/GLSurfaceView( 2409): <168326874>  --- [01;31m[Kxzl[m[K --- AFTER GLSurfaceView swap frame
W/GLSurfaceView( 2409): <168326874>  --- [01;31m[Kxzl[m[K --- BEFORE GLSurfaceView DrawFrame
W/APP     ( 2409): [01;31m[Kxzl[m[K: ===> ev hits user code: <168326875>  {168326872} since event: 3 ms
D/InputDispatcher(  190): <168326880.00> ########### [01;31m[Kxzl[m[K finishDispatchCycle: 4.46ms since event, 3.88ms since dispatch
D/SurfaceFlinger(  117): <168326880.00>  ----- [01;31m[Kxzl[m[K SurfaceFlinger::composeSurfaces compose done, prepare to swap fb ------
W/APP     ( 2409): [01;31m[Kxzl[m[K: ===> entering onDrawFrame: <168326884> 
W/APP     ( 2409): [01;31m[Kxzl[m[K: ===> done onDrawFrame: <168326884> 
W/GLSurfaceView( 2409): <168326885>  --- [01;31m[Kxzl[m[K --- AFTER GLSurfaceView DrawFrame
W/GLSurfaceView( 2409): <168326885>  --- [01;31m[Kxzl[m[K --- BEFORE GLSurfaceView swap frame
D/SurfaceTextureClient( 2409): <168326880.00> [01;31m[Kxzl[m[K SurfaceTextureClient::queueBuffer
D/SurfaceFlinger(  117): <168326880.00>  --- [01;31m[Kxzl[m[K Layer::onFrameQueued
W/APP     ( 2409): [01;31m[Kxzl[m[K: ===> ev hits user code: <168326887>  {168326881} since event: 6 ms
D/InputDispatcher(  190): <168326880.00> ########### [01;31m[Kxzl[m[K finishDispatchCycle: 6.20ms since event, 5.65ms since dispatch
D/SurfaceFlinger(  117): <168326896.00>  ----- [01;31m[Kxzl[m[K SurfaceFlinger::composeSurfaces() swap fb done  ------
W/GLSurfaceView( 2409): <168326891>  --- [01;31m[Kxzl[m[K --- AFTER GLSurfaceView swap frame
W/GLSurfaceView( 2409): <168326893>  --- [01;31m[Kxzl[m[K --- BEFORE GLSurfaceView DrawFrame
W/APP     ( 2409): [01;31m[Kxzl[m[K: ===> ev hits user code: <168326895>  {168326891} since event: 4 ms
D/InputDispatcher(  190): <168326896.00> ########### [01;31m[Kxzl[m[K finishDispatchCycle: 3.91ms since event, 3.36ms since dispatch
D/SurfaceFlinger(  117): <168326896.00>  ----- [01;31m[Kxzl[m[K SurfaceFlinger::composeSurfaces compose done, prepare to swap fb ------
W/APP     ( 2409): [01;31m[Kxzl[m[K: ===> entering onDrawFrame: <168326903> 
W/APP     ( 2409): [01;31m[Kxzl[m[K: ===> done onDrawFrame: <168326903> 
W/GLSurfaceView( 2409): <168326904>  --- [01;31m[Kxzl[m[K --- AFTER GLSurfaceView DrawFrame
W/GLSurfaceView( 2409): <168326904>  --- [01;31m[Kxzl[m[K --- BEFORE GLSurfaceView swap frame
D/SurfaceTextureClient( 2409): <168326896.00> [01;31m[Kxzl[m[K SurfaceTextureClient::queueBuffer
D/SurfaceFlinger(  117): <168326896.00>  --- [01;31m[Kxzl[m[K Layer::onFrameQueued
W/APP     ( 2409): [01;31m[Kxzl[m[K: ===> ev hits user code: <168326906>  {168326901} since event: 5 ms
D/SurfaceFlinger(  117): <168326912.00>  ----- [01;31m[Kxzl[m[K SurfaceFlinger::composeSurfaces() swap fb done  ------
D/InputDispatcher(  190): <168326912.00> ########### [01;31m[Kxzl[m[K finishDispatchCycle: 6.56ms since event, 5.95ms since dispatch
W/GLSurfaceView( 2409): <168326907>  --- [01;31m[Kxzl[m[K --- AFTER GLSurfaceView swap frame
W/GLSurfaceView( 2409): <168326908>  --- [01;31m[Kxzl[m[K --- BEFORE GLSurfaceView DrawFrame
W/APP     ( 2409): [01;31m[Kxzl[m[K: ===> ev hits user code: <168326915>  {168326911} since event: 4 ms
D/InputDispatcher(  190): <168326912.00> ########### [01;31m[Kxzl[m[K finishDispatchCycle: 5.13ms since event, 4.55ms since dispatch
D/SurfaceFlinger(  117): <168326912.00>  ----- [01;31m[Kxzl[m[K SurfaceFlinger::composeSurfaces compose done, prepare to swap fb ------
W/APP     ( 2409): [01;31m[Kxzl[m[K: ===> entering onDrawFrame: <168326920> 
W/APP     ( 2409): [01;31m[Kxzl[m[K: ===> done onDrawFrame: <168326920> 
W/GLSurfaceView( 2409): <168326923>  --- [01;31m[Kxzl[m[K --- AFTER GLSurfaceView DrawFrame
D/SurfaceFlinger(  117): <168326928.00>  ----- [01;31m[Kxzl[m[K SurfaceFlinger::composeSurfaces() swap fb done  ------
W/GLSurfaceView( 2409): <168326924>  --- [01;31m[Kxzl[m[K --- BEFORE GLSurfaceView swap frame
D/SurfaceTextureClient( 2409): <168326928.00> [01;31m[Kxzl[m[K SurfaceTextureClient::queueBuffer
D/SurfaceFlinger(  117): <168326928.00>  --- [01;31m[Kxzl[m[K Layer::onFrameQueued
W/GLSurfaceView( 2409): <168326927>  --- [01;31m[Kxzl[m[K --- AFTER GLSurfaceView swap frame
W/GLSurfaceView( 2409): <168326927>  --- [01;31m[Kxzl[m[K --- BEFORE GLSurfaceView DrawFrame
W/APP     ( 2409): [01;31m[Kxzl[m[K: ===> ev hits user code: <168326926>  {168326921} since event: 5 ms
D/InputDispatcher(  190): <168326928.00> ########### [01;31m[Kxzl[m[K finishDispatchCycle: 7.26ms since event, 6.62ms since dispatch
W/APP     ( 2409): [01;31m[Kxzl[m[K: ===> ev hits user code: <168326934>  {168326930} since event: 4 ms
D/InputDispatcher(  190): <168326928.00> ########### [01;31m[Kxzl[m[K finishDispatchCycle: 4.91ms since event, 4.27ms since dispatch
D/SurfaceFlinger(  117): <168326928.00>  ----- [01;31m[Kxzl[m[K SurfaceFlinger::composeSurfaces compose done, prepare to swap fb ------
W/APP     ( 2409): [01;31m[Kxzl[m[K: ===> entering onDrawFrame: <168326938> 
D/SurfaceFlinger(  117): <168326944.00>  ----- [01;31m[Kxzl[m[K SurfaceFlinger::composeSurfaces() swap fb done  ------
W/APP     ( 2409): [01;31m[Kxzl[m[K: ===> done onDrawFrame: <168326938> 
W/GLSurfaceView( 2409): <168326943>  --- [01;31m[Kxzl[m[K --- AFTER GLSurfaceView DrawFrame
W/GLSurfaceView( 2409): <168326944>  --- [01;31m[Kxzl[m[K --- BEFORE GLSurfaceView swap frame
D/SurfaceTextureClient( 2409): <168326944.00> [01;31m[Kxzl[m[K SurfaceTextureClient::queueBuffer
D/SurfaceFlinger(  117): <168326944.00>  --- [01;31m[Kxzl[m[K Layer::onFrameQueued
W/GLSurfaceView( 2409): <168326945>  --- [01;31m[Kxzl[m[K --- AFTER GLSurfaceView swap frame
W/GLSurfaceView( 2409): <168326946>  --- [01;31m[Kxzl[m[K --- BEFORE GLSurfaceView DrawFrame
W/APP     ( 2409): [01;31m[Kxzl[m[K: ===> ev hits user code: <168326945>  {168326940} since event: 5 ms
D/InputDispatcher(  190): <168326944.00> ########### [01;31m[Kxzl[m[K finishDispatchCycle: 6.99ms since event, 6.38ms since dispatch
W/APP     ( 2409): [01;31m[Kxzl[m[K: ===> ev hits user code: <168326953>  {168326950} since event: 3 ms
D/InputDispatcher(  190): <168326944.00> ########### [01;31m[Kxzl[m[K finishDispatchCycle: 4.18ms since event, 3.54ms since dispatch
D/SurfaceFlinger(  117): <168326944.00>  ----- [01;31m[Kxzl[m[K SurfaceFlinger::composeSurfaces compose done, prepare to swap fb ------
W/APP     ( 2409): [01;31m[Kxzl[m[K: ===> entering onDrawFrame: <168326956> 
W/APP     ( 2409): [01;31m[Kxzl[m[K: ===> done onDrawFrame: <168326956> 
D/SurfaceFlinger(  117): <168326960.00>  ----- [01;31m[Kxzl[m[K SurfaceFlinger::composeSurfaces() swap fb done  ------
W/GLSurfaceView( 2409): <168326957>  --- [01;31m[Kxzl[m[K --- AFTER GLSurfaceView DrawFrame
W/GLSurfaceView( 2409): <168326959>  --- [01;31m[Kxzl[m[K --- BEFORE GLSurfaceView swap frame
D/SurfaceTextureClient( 2409): <168326960.00> [01;31m[Kxzl[m[K SurfaceTextureClient::queueBuffer
D/SurfaceFlinger(  117): <168326960.00>  --- [01;31m[Kxzl[m[K Layer::onFrameQueued
W/GLSurfaceView( 2409): <168326962>  --- [01;31m[Kxzl[m[K --- AFTER GLSurfaceView swap frame
W/GLSurfaceView( 2409): <168326963>  --- [01;31m[Kxzl[m[K --- BEFORE GLSurfaceView DrawFrame
W/APP     ( 2409): [01;31m[Kxzl[m[K: ===> ev hits user code: <168326965>  {168326959} since event: 6 ms
D/InputDispatcher(  190): <168326960.00> ########### [01;31m[Kxzl[m[K finishDispatchCycle: 6.87ms since event, 6.26ms since dispatch
D/SurfaceFlinger(  117): <168326960.00>  ----- [01;31m[Kxzl[m[K SurfaceFlinger::composeSurfaces compose done, prepare to swap fb ------
W/APP     ( 2409): [01;31m[Kxzl[m[K: ===> ev hits user code: <168326973>  {168326969} since event: 4 ms
D/InputDispatcher(  190): <168326960.00> ########### [01;31m[Kxzl[m[K finishDispatchCycle: 4.27ms since event, 3.66ms since dispatch
W/APP     ( 2409): [01;31m[Kxzl[m[K: ===> entering onDrawFrame: <168326974> 
D/SurfaceFlinger(  117): <168326976.00>  ----- [01;31m[Kxzl[m[K SurfaceFlinger::composeSurfaces() swap fb done  ------
W/APP     ( 2409): [01;31m[Kxzl[m[K: ===> done onDrawFrame: <168326974> 
W/GLSurfaceView( 2409): <168326975>  --- [01;31m[Kxzl[m[K --- AFTER GLSurfaceView DrawFrame
W/GLSurfaceView( 2409): <168326976>  --- [01;31m[Kxzl[m[K --- BEFORE GLSurfaceView swap frame
D/SurfaceTextureClient( 2409): <168326976.00> [01;31m[Kxzl[m[K SurfaceTextureClient::queueBuffer
D/SurfaceFlinger(  117): <168326976.00>  --- [01;31m[Kxzl[m[K Layer::onFrameQueued
W/GLSurfaceView( 2409): <168326977>  --- [01;31m[Kxzl[m[K --- AFTER GLSurfaceView swap frame
W/GLSurfaceView( 2409): <168326979>  --- [01;31m[Kxzl[m[K --- BEFORE GLSurfaceView DrawFrame
W/APP     ( 2409): [01;31m[Kxzl[m[K: ===> ev hits user code: <168326983>  {168326979} since event: 4 ms
D/InputDispatcher(  190): <168326976.00> ########### [01;31m[Kxzl[m[K finishDispatchCycle: 4.88ms since event, 4.24ms since dispatch
D/SurfaceFlinger(  117): <168326976.00>  ----- [01;31m[Kxzl[m[K SurfaceFlinger::composeSurfaces compose done, prepare to swap fb ------
W/APP     ( 2409): [01;31m[Kxzl[m[K: ===> entering onDrawFrame: <168326991> 
W/APP     ( 2409): [01;31m[Kxzl[m[K: ===> done onDrawFrame: <168326991> 
D/SurfaceFlinger(  117): <168326992.00>  ----- [01;31m[Kxzl[m[K SurfaceFlinger::composeSurfaces() swap fb done  ------
W/GLSurfaceView( 2409): <168326992>  --- [01;31m[Kxzl[m[K --- AFTER GLSurfaceView DrawFrame
W/GLSurfaceView( 2409): <168326992>  --- [01;31m[Kxzl[m[K --- BEFORE GLSurfaceView swap frame
D/SurfaceTextureClient( 2409): <168326992.00> [01;31m[Kxzl[m[K SurfaceTextureClient::queueBuffer
D/SurfaceFlinger(  117): <168326992.00>  --- [01;31m[Kxzl[m[K Layer::onFrameQueued
W/GLSurfaceView( 2409): <168326993>  --- [01;31m[Kxzl[m[K --- AFTER GLSurfaceView swap frame
W/GLSurfaceView( 2409): <168326994>  --- [01;31m[Kxzl[m[K --- BEFORE GLSurfaceView DrawFrame
W/APP     ( 2409): [01;31m[Kxzl[m[K: ===> ev hits user code: <168326996>  {168326989} since event: 7 ms
D/InputDispatcher(  190): <168326992.00> ########### [01;31m[Kxzl[m[K finishDispatchCycle: 11.51ms since event, 10.89ms since dispatch
D/SurfaceFlinger(  117): <168326992.00>  ----- [01;31m[Kxzl[m[K SurfaceFlinger::composeSurfaces compose done, prepare to swap fb ------
W/APP     ( 2409): [01;31m[Kxzl[m[K: ===> entering onDrawFrame: <168327004> 
W/APP     ( 2409): [01;31m[Kxzl[m[K: ===> done onDrawFrame: <168327004> 
W/GLSurfaceView( 2409): <168327005>  --- [01;31m[Kxzl[m[K --- AFTER GLSurfaceView DrawFrame
W/APP     ( 2409): [01;31m[Kxzl[m[K: ===> ev hits user code: <168327008>  {168326998} since event: 10 ms
D/InputDispatcher(  190): <168327008.00> ########### [01;31m[Kxzl[m[K finishDispatchCycle: 11.02ms since event, 9.25ms since dispatch
D/SurfaceFlinger(  117): <168327008.00>  ----- [01;31m[Kxzl[m[K SurfaceFlinger::composeSurfaces() swap fb done  ------
W/GLSurfaceView( 2409): <168327006>  --- [01;31m[Kxzl[m[K --- BEFORE GLSurfaceView swap frame
D/SurfaceTextureClient( 2409): <168327008.00> [01;31m[Kxzl[m[K SurfaceTextureClient::queueBuffer
D/SurfaceFlinger(  117): <168327008.00>  --- [01;31m[Kxzl[m[K Layer::onFrameQueued
W/GLSurfaceView( 2409): <168327011>  --- [01;31m[Kxzl[m[K --- AFTER GLSurfaceView swap frame
W/GLSurfaceView( 2409): <168327011>  --- [01;31m[Kxzl[m[K --- BEFORE GLSurfaceView DrawFrame
W/APP     ( 2409): [01;31m[Kxzl[m[K: ===> ev hits user code: <168327012>  {168327008} since event: 4 ms
D/InputDispatcher(  190): <168327008.00> ########### [01;31m[Kxzl[m[K finishDispatchCycle: 5.22ms since event, 3.72ms since dispatch
W/APP     ( 2409): [01;31m[Kxzl[m[K: ===> ev hits user code: <168327020>  {168327018} since event: 2 ms
D/InputDispatcher(  190): <168327008.00> ########### [01;31m[Kxzl[m[K finishDispatchCycle: 2.56ms since event, 2.01ms since dispatch
D/SurfaceFlinger(  117): <168327008.00>  ----- [01;31m[Kxzl[m[K SurfaceFlinger::composeSurfaces compose done, prepare to swap fb ------
W/APP     ( 2409): [01;31m[Kxzl[m[K: ===> entering onDrawFrame: <168327022> 
W/APP     ( 2409): [01;31m[Kxzl[m[K: ===> done onDrawFrame: <168327022> 
W/GLSurfaceView( 2409): <168327023>  --- [01;31m[Kxzl[m[K --- AFTER GLSurfaceView DrawFrame
W/GLSurfaceView( 2409): <168327023>  --- [01;31m[Kxzl[m[K --- BEFORE GLSurfaceView swap frame
D/SurfaceTextureClient( 2409): <168327008.00> [01;31m[Kxzl[m[K SurfaceTextureClient::queueBuffer
D/SurfaceFlinger(  117): <168327008.00>  --- [01;31m[Kxzl[m[K Layer::onFrameQueued
D/SurfaceFlinger(  117): <168327040.00>  ----- [01;31m[Kxzl[m[K SurfaceFlinger::composeSurfaces() swap fb done  ------
W/GLSurfaceView( 2409): <168327027>  --- [01;31m[Kxzl[m[K --- AFTER GLSurfaceView swap frame
W/GLSurfaceView( 2409): <168327028>  --- [01;31m[Kxzl[m[K --- BEFORE GLSurfaceView DrawFrame
W/APP     ( 2409): [01;31m[Kxzl[m[K: ===> ev hits user code: <168327032>  {168327027} since event: 5 ms
D/InputDispatcher(  190): <168327040.00> ########### [01;31m[Kxzl[m[K finishDispatchCycle: 5.31ms since event, 4.73ms since dispatch
D/SurfaceFlinger(  117): <168327040.00>  ----- [01;31m[Kxzl[m[K SurfaceFlinger::composeSurfaces compose done, prepare to swap fb ------
W/APP     ( 2409): [01;31m[Kxzl[m[K: ===> entering onDrawFrame: <168327038> 
W/APP     ( 2409): [01;31m[Kxzl[m[K: ===> done onDrawFrame: <168327038> 
W/GLSurfaceView( 2409): <168327039>  --- [01;31m[Kxzl[m[K --- AFTER GLSurfaceView DrawFrame
W/GLSurfaceView( 2409): <168327040>  --- [01;31m[Kxzl[m[K --- BEFORE GLSurfaceView swap frame
D/SurfaceTextureClient( 2409): <168327040.00> [01;31m[Kxzl[m[K SurfaceTextureClient::queueBuffer
D/SurfaceFlinger(  117): <168327056.00>  --- [01;31m[Kxzl[m[K Layer::onFrameQueued
D/SurfaceFlinger(  117): <168327056.00>  ----- [01;31m[Kxzl[m[K SurfaceFlinger::composeSurfaces() swap fb done  ------
W/GLSurfaceView( 2409): <168327043>  --- [01;31m[Kxzl[m[K --- AFTER GLSurfaceView swap frame
W/GLSurfaceView( 2409): <168327044>  --- [01;31m[Kxzl[m[K --- BEFORE GLSurfaceView DrawFrame
W/APP     ( 2409): [01;31m[Kxzl[m[K: ===> ev hits user code: <168327047>  {168327037} since event: 10 ms
D/InputDispatcher(  190): <168327056.00> ########### [01;31m[Kxzl[m[K finishDispatchCycle: 11.99ms since event, 11.38ms since dispatch
W/APP     ( 2409): [01;31m[Kxzl[m[K: ===> ev hits user code: <168327052>  {168327047} since event: 5 ms
D/InputDispatcher(  190): <168327056.00> ########### [01;31m[Kxzl[m[K finishDispatchCycle: 5.49ms since event, 3.23ms since dispatch
D/SurfaceFlinger(  117): <168327056.00>  ----- [01;31m[Kxzl[m[K SurfaceFlinger::composeSurfaces compose done, prepare to swap fb ------
W/APP     ( 2409): [01;31m[Kxzl[m[K: ===> entering onDrawFrame: <168327054> 
W/APP     ( 2409): [01;31m[Kxzl[m[K: ===> done onDrawFrame: <168327054> 
W/GLSurfaceView( 2409): <168327057>  --- [01;31m[Kxzl[m[K --- AFTER GLSurfaceView DrawFrame
W/GLSurfaceView( 2409): <168327057>  --- [01;31m[Kxzl[m[K --- BEFORE GLSurfaceView swap frame
D/SurfaceTextureClient( 2409): <168327072.00> [01;31m[Kxzl[m[K SurfaceTextureClient::queueBuffer
D/SurfaceFlinger(  117): <168327072.00>  --- [01;31m[Kxzl[m[K Layer::onFrameQueued
D/SurfaceFlinger(  117): <168327072.00>  ----- [01;31m[Kxzl[m[K SurfaceFlinger::composeSurfaces() swap fb done  ------
W/GLSurfaceView( 2409): <168327060>  --- [01;31m[Kxzl[m[K --- AFTER GLSurfaceView swap frame
W/GLSurfaceView( 2409): <168327061>  --- [01;31m[Kxzl[m[K --- BEFORE GLSurfaceView DrawFrame
W/APP     ( 2409): [01;31m[Kxzl[m[K: ===> ev hits user code: <168327063>  {168327057} since event: 6 ms
D/InputDispatcher(  190): <168327072.00> ########### [01;31m[Kxzl[m[K finishDispatchCycle: 7.42ms since event, 6.81ms since dispatch
W/APP     ( 2409): [01;31m[Kxzl[m[K: ===> ev hits user code: <168327069>  {168327066} since event: 3 ms
D/SurfaceFlinger(  117): <168327072.00>  ----- [01;31m[Kxzl[m[K SurfaceFlinger::composeSurfaces compose done, prepare to swap fb ------
D/InputDispatcher(  190): <168327072.00> ########### [01;31m[Kxzl[m[K finishDispatchCycle: 3.94ms since event, 3.39ms since dispatch
W/APP     ( 2409): [01;31m[Kxzl[m[K: ===> entering onDrawFrame: <168327072> 
W/APP     ( 2409): [01;31m[Kxzl[m[K: ===> done onDrawFrame: <168327072> 
W/GLSurfaceView( 2409): <168327072>  --- [01;31m[Kxzl[m[K --- AFTER GLSurfaceView DrawFrame
W/GLSurfaceView( 2409): <168327073>  --- [01;31m[Kxzl[m[K --- BEFORE GLSurfaceView swap frame
D/SurfaceTextureClient( 2409): <168327072.00> [01;31m[Kxzl[m[K SurfaceTextureClient::queueBuffer
D/SurfaceFlinger(  117): <168327072.00>  --- [01;31m[Kxzl[m[K Layer::onFrameQueued
D/SurfaceFlinger(  117): <168327088.00>  ----- [01;31m[Kxzl[m[K SurfaceFlinger::composeSurfaces() swap fb done  ------
W/GLSurfaceView( 2409): <168327078>  --- [01;31m[Kxzl[m[K --- AFTER GLSurfaceView swap frame
W/GLSurfaceView( 2409): <168327079>  --- [01;31m[Kxzl[m[K --- BEFORE GLSurfaceView DrawFrame
W/APP     ( 2409): [01;31m[Kxzl[m[K: ===> ev hits user code: <168327080>  {168327076} since event: 4 ms
D/InputDispatcher(  190): <168327088.00> ########### [01;31m[Kxzl[m[K finishDispatchCycle: 4.46ms since event, 3.91ms since dispatch
D/SurfaceFlinger(  117): <168327088.00>  ----- [01;31m[Kxzl[m[K SurfaceFlinger::composeSurfaces compose done, prepare to swap fb ------
W/APP     ( 2409): [01;31m[Kxzl[m[K: ===> entering onDrawFrame: <168327089> 
W/APP     ( 2409): [01;31m[Kxzl[m[K: ===> done onDrawFrame: <168327089> 
W/GLSurfaceView( 2409): <168327090>  --- [01;31m[Kxzl[m[K --- AFTER GLSurfaceView DrawFrame
W/GLSurfaceView( 2409): <168327090>  --- [01;31m[Kxzl[m[K --- BEFORE GLSurfaceView swap frame
D/SurfaceTextureClient( 2409): <168327088.00> [01;31m[Kxzl[m[K SurfaceTextureClient::queueBuffer
D/SurfaceFlinger(  117): <168327088.00>  --- [01;31m[Kxzl[m[K Layer::onFrameQueued
W/APP     ( 2409): [01;31m[Kxzl[m[K: ===> ev hits user code: <168327092>  {168327086} since event: 6 ms
D/InputDispatcher(  190): <168327104.00> ########### [01;31m[Kxzl[m[K finishDispatchCycle: 6.62ms since event, 6.07ms since dispatch
D/SurfaceFlinger(  117): <168327104.00>  ----- [01;31m[Kxzl[m[K SurfaceFlinger::composeSurfaces() swap fb done  ------
W/GLSurfaceView( 2409): <168327095>  --- [01;31m[Kxzl[m[K --- AFTER GLSurfaceView swap frame
W/GLSurfaceView( 2409): <168327097>  --- [01;31m[Kxzl[m[K --- BEFORE GLSurfaceView DrawFrame
W/APP     ( 2409): [01;31m[Kxzl[m[K: ===> ev hits user code: <168327101>  {168327096} since event: 5 ms
D/InputDispatcher(  190): <168327104.00> ########### [01;31m[Kxzl[m[K finishDispatchCycle: 6.50ms since event, 5.89ms since dispatch
D/SurfaceFlinger(  117): <168327104.00>  ----- [01;31m[Kxzl[m[K SurfaceFlinger::composeSurfaces compose done, prepare to swap fb ------
W/APP     ( 2409): [01;31m[Kxzl[m[K: ===> entering onDrawFrame: <168327108> 
W/APP     ( 2409): [01;31m[Kxzl[m[K: ===> done onDrawFrame: <168327108> 
W/GLSurfaceView( 2409): <168327109>  --- [01;31m[Kxzl[m[K --- AFTER GLSurfaceView DrawFrame
W/GLSurfaceView( 2409): <168327109>  --- [01;31m[Kxzl[m[K --- BEFORE GLSurfaceView swap frame
D/SurfaceTextureClient( 2409): <168327120.00> [01;31m[Kxzl[m[K SurfaceTextureClient::queueBuffer
D/SurfaceFlinger(  117): <168327120.00>  --- [01;31m[Kxzl[m[K Layer::onFrameQueued
D/SurfaceFlinger(  117): <168327120.00>  ----- [01;31m[Kxzl[m[K SurfaceFlinger::composeSurfaces() swap fb done  ------
W/GLSurfaceView( 2409): <168327112>  --- [01;31m[Kxzl[m[K --- AFTER GLSurfaceView swap frame
W/APP     ( 2409): [01;31m[Kxzl[m[K: ===> ev hits user code: <168327111>  {168327106} since event: 5 ms
W/GLSurfaceView( 2409): <168327112>  --- [01;31m[Kxzl[m[K --- BEFORE GLSurfaceView DrawFrame
D/InputDispatcher(  190): <168327120.00> ########### [01;31m[Kxzl[m[K finishDispatchCycle: 7.42ms since event, 6.81ms since dispatch
W/APP     ( 2409): [01;31m[Kxzl[m[K: ===> ev hits user code: <168327119>  {168327115} since event: 4 ms
D/InputDispatcher(  190): <168327120.00> ########### [01;31m[Kxzl[m[K finishDispatchCycle: 4.00ms since event, 3.39ms since dispatch
D/SurfaceFlinger(  117): <168327120.00>  ----- [01;31m[Kxzl[m[K SurfaceFlinger::composeSurfaces compose done, prepare to swap fb ------
W/APP     ( 2409): [01;31m[Kxzl[m[K: ===> entering onDrawFrame: <168327123> 
D/SurfaceFlinger(  117): <168327136.00>  ----- [01;31m[Kxzl[m[K SurfaceFlinger::composeSurfaces() swap fb done  ------
W/APP     ( 2409): [01;31m[Kxzl[m[K: ===> done onDrawFrame: <168327123> 
W/GLSurfaceView( 2409): <168327128>  --- [01;31m[Kxzl[m[K --- AFTER GLSurfaceView DrawFrame
W/GLSurfaceView( 2409): <168327129>  --- [01;31m[Kxzl[m[K --- BEFORE GLSurfaceView swap frame
D/SurfaceTextureClient( 2409): <168327136.00> [01;31m[Kxzl[m[K SurfaceTextureClient::queueBuffer
D/SurfaceFlinger(  117): <168327136.00>  --- [01;31m[Kxzl[m[K Layer::onFrameQueued
W/APP     ( 2409): [01;31m[Kxzl[m[K: ===> ev hits user code: <168327133>  {168327125} since event: 8 ms
D/InputDispatcher(  190): <168327136.00> ########### [01;31m[Kxzl[m[K finishDispatchCycle: 8.64ms since event, 6.96ms since dispatch
W/GLSurfaceView( 2409): <168327135>  --- [01;31m[Kxzl[m[K --- AFTER GLSurfaceView swap frame
W/GLSurfaceView( 2409): <168327138>  --- [01;31m[Kxzl[m[K --- BEFORE GLSurfaceView DrawFrame
W/APP     ( 2409): [01;31m[Kxzl[m[K: ===> ev hits user code: <168327141>  {168327135} since event: 6 ms
D/InputDispatcher(  190): <168327152.00> ########### [01;31m[Kxzl[m[K finishDispatchCycle: 7.20ms since event, 6.50ms since dispatch
D/SurfaceFlinger(  117): <168327152.00>  ----- [01;31m[Kxzl[m[K SurfaceFlinger::composeSurfaces compose done, prepare to swap fb ------
D/SurfaceFlinger(  117): <168327152.00>  ----- [01;31m[Kxzl[m[K SurfaceFlinger::composeSurfaces() swap fb done  ------
W/APP     ( 2409): [01;31m[Kxzl[m[K: ===> ev hits user code: <168327147>  {168327144} since event: 3 ms
D/InputDispatcher(  190): <168327152.00> ########### [01;31m[Kxzl[m[K finishDispatchCycle: 3.82ms since event, 3.30ms since dispatch
W/APP     ( 2409): [01;31m[Kxzl[m[K: ===> entering onDrawFrame: <168327151> 
W/APP     ( 2409): [01;31m[Kxzl[m[K: ===> done onDrawFrame: <168327151> 
W/GLSurfaceView( 2409): <168327152>  --- [01;31m[Kxzl[m[K --- AFTER GLSurfaceView DrawFrame
W/GLSurfaceView( 2409): <168327154>  --- [01;31m[Kxzl[m[K --- BEFORE GLSurfaceView swap frame
D/SurfaceTextureClient( 2409): <168327152.00> [01;31m[Kxzl[m[K SurfaceTextureClient::queueBuffer
D/SurfaceFlinger(  117): <168327152.00>  --- [01;31m[Kxzl[m[K Layer::onFrameQueued
W/GLSurfaceView( 2409): <168327156>  --- [01;31m[Kxzl[m[K --- AFTER GLSurfaceView swap frame
W/GLSurfaceView( 2409): <168327158>  --- [01;31m[Kxzl[m[K --- BEFORE GLSurfaceView DrawFrame
W/APP     ( 2409): [01;31m[Kxzl[m[K: ===> ev hits user code: <168327160>  {168327154} since event: 6 ms
D/InputDispatcher(  190): <168327168.00> ########### [01;31m[Kxzl[m[K finishDispatchCycle: 7.32ms since event, 6.77ms since dispatch
D/SurfaceFlinger(  117): <168327168.00>  ----- [01;31m[Kxzl[m[K SurfaceFlinger::composeSurfaces compose done, prepare to swap fb ------
W/APP     ( 2409): [01;31m[Kxzl[m[K: ===> ev hits user code: <168327167>  {168327164} since event: 3 ms
D/InputDispatcher(  190): <168327168.00> ########### [01;31m[Kxzl[m[K finishDispatchCycle: 4.12ms since event, 3.57ms since dispatch
W/APP     ( 2409): [01;31m[Kxzl[m[K: ===> entering onDrawFrame: <168327168> 
W/APP     ( 2409): [01;31m[Kxzl[m[K: ===> done onDrawFrame: <168327168> 
W/GLSurfaceView( 2409): <168327170>  --- [01;31m[Kxzl[m[K --- AFTER GLSurfaceView DrawFrame
W/GLSurfaceView( 2409): <168327170>  --- [01;31m[Kxzl[m[K --- BEFORE GLSurfaceView swap frame
D/SurfaceTextureClient( 2409): <168327168.00> [01;31m[Kxzl[m[K SurfaceTextureClient::queueBuffer
D/SurfaceFlinger(  117): <168327168.00>  --- [01;31m[Kxzl[m[K Layer::onFrameQueued
W/APP     ( 2409): [01;31m[Kxzl[m[K: ===> ev hits user code: <168327177>  {168327174} since event: 3 ms
D/SurfaceFlinger(  117): <168327184.00>  ----- [01;31m[Kxzl[m[K SurfaceFlinger::composeSurfaces() swap fb done  ------
D/InputDispatcher(  190): <168327184.00> ########### [01;31m[Kxzl[m[K finishDispatchCycle: 4.98ms since event, 4.33ms since dispatch
W/GLSurfaceView( 2409): <168327179>  --- [01;31m[Kxzl[m[K --- AFTER GLSurfaceView swap frame
W/GLSurfaceView( 2409): <168327179>  --- [01;31m[Kxzl[m[K --- BEFORE GLSurfaceView DrawFrame
D/SurfaceFlinger(  117): <168327184.00>  ----- [01;31m[Kxzl[m[K SurfaceFlinger::composeSurfaces compose done, prepare to swap fb ------
W/APP     ( 2409): [01;31m[Kxzl[m[K: ===> ev hits user code: <168327188>  {168327183} since event: 5 ms
D/InputDispatcher(  190): <168327184.00> ########### [01;31m[Kxzl[m[K finishDispatchCycle: 5.62ms since event, 5.04ms since dispatch
W/APP     ( 2409): [01;31m[Kxzl[m[K: ===> entering onDrawFrame: <168327190> 
W/APP     ( 2409): [01;31m[Kxzl[m[K: ===> done onDrawFrame: <168327190> 
W/GLSurfaceView( 2409): <168327191>  --- [01;31m[Kxzl[m[K --- AFTER GLSurfaceView DrawFrame
W/GLSurfaceView( 2409): <168327191>  --- [01;31m[Kxzl[m[K --- BEFORE GLSurfaceView swap frame
D/SurfaceTextureClient( 2409): <168327200.00> [01;31m[Kxzl[m[K SurfaceTextureClient::queueBuffer
D/SurfaceFlinger(  117): <168327200.00>  --- [01;31m[Kxzl[m[K Layer::onFrameQueued
D/SurfaceFlinger(  117): <168327200.00>  ----- [01;31m[Kxzl[m[K SurfaceFlinger::composeSurfaces() swap fb done  ------
W/GLSurfaceView( 2409): <168327196>  --- [01;31m[Kxzl[m[K --- AFTER GLSurfaceView swap frame
W/GLSurfaceView( 2409): <168327196>  --- [01;31m[Kxzl[m[K --- BEFORE GLSurfaceView DrawFrame
W/APP     ( 2409): [01;31m[Kxzl[m[K: ===> ev hits user code: <168327196>  {168327193} since event: 3 ms
D/InputDispatcher(  190): <168327200.00> ########### [01;31m[Kxzl[m[K finishDispatchCycle: 4.09ms since event, 3.48ms since dispatch
D/SurfaceFlinger(  117): <168327200.00>  ----- [01;31m[Kxzl[m[K SurfaceFlinger::composeSurfaces compose done, prepare to swap fb ------
W/APP     ( 2409): [01;31m[Kxzl[m[K: ===> ev hits user code: <168327205>  {168327203} since event: 2 ms
D/InputDispatcher(  190): <168327200.00> ########### [01;31m[Kxzl[m[K finishDispatchCycle: 3.05ms since event, 2.44ms since dispatch
W/APP     ( 2409): [01;31m[Kxzl[m[K: ===> entering onDrawFrame: <168327206> 
W/APP     ( 2409): [01;31m[Kxzl[m[K: ===> done onDrawFrame: <168327206> 
W/GLSurfaceView( 2409): <168327207>  --- [01;31m[Kxzl[m[K --- AFTER GLSurfaceView DrawFrame
W/GLSurfaceView( 2409): <168327207>  --- [01;31m[Kxzl[m[K --- BEFORE GLSurfaceView swap frame
D/SurfaceTextureClient( 2409): <168327200.00> [01;31m[Kxzl[m[K SurfaceTextureClient::queueBuffer
D/SurfaceFlinger(  117): <168327200.00>  --- [01;31m[Kxzl[m[K Layer::onFrameQueued
D/SurfaceFlinger(  117): <168327216.00>  ----- [01;31m[Kxzl[m[K SurfaceFlinger::composeSurfaces() swap fb done  ------
W/GLSurfaceView( 2409): <168327213>  --- [01;31m[Kxzl[m[K --- AFTER GLSurfaceView swap frame
W/GLSurfaceView( 2409): <168327213>  --- [01;31m[Kxzl[m[K --- BEFORE GLSurfaceView DrawFrame
W/APP     ( 2409): [01;31m[Kxzl[m[K: ===> ev hits user code: <168327215>  {168327213} since event: 2 ms
D/InputDispatcher(  190): <168327216.00> ########### [01;31m[Kxzl[m[K finishDispatchCycle: 3.27ms since event, 2.72ms since dispatch
D/SurfaceFlinger(  117): <168327216.00>  ----- [01;31m[Kxzl[m[K SurfaceFlinger::composeSurfaces compose done, prepare to swap fb ------
W/APP     ( 2409): [01;31m[Kxzl[m[K: ===> entering onDrawFrame: <168327224> 
W/APP     ( 2409): [01;31m[Kxzl[m[K: ===> done onDrawFrame: <168327224> 
W/GLSurfaceView( 2409): <168327224>  --- [01;31m[Kxzl[m[K --- AFTER GLSurfaceView DrawFrame
W/GLSurfaceView( 2409): <168327225>  --- [01;31m[Kxzl[m[K --- BEFORE GLSurfaceView swap frame
D/SurfaceTextureClient( 2409): <168327216.00> [01;31m[Kxzl[m[K SurfaceTextureClient::queueBuffer
D/SurfaceFlinger(  117): <168327216.00>  --- [01;31m[Kxzl[m[K Layer::onFrameQueued
W/APP     ( 2409): [01;31m[Kxzl[m[K: ===> ev hits user code: <168327227>  {168327222} since event: 5 ms
D/InputDispatcher(  190): <168327232.00> ########### [01;31m[Kxzl[m[K finishDispatchCycle: 4.97ms since event, 4.39ms since dispatch
D/SurfaceFlinger(  117): <168327232.00>  ----- [01;31m[Kxzl[m[K SurfaceFlinger::composeSurfaces() swap fb done  ------
W/GLSurfaceView( 2409): <168327229>  --- [01;31m[Kxzl[m[K --- AFTER GLSurfaceView swap frame
W/GLSurfaceView( 2409): <168327230>  --- [01;31m[Kxzl[m[K --- BEFORE GLSurfaceView DrawFrame
W/APP     ( 2409): [01;31m[Kxzl[m[K: ===> ev hits user code: <168327235>  {168327232} since event: 3 ms
D/InputDispatcher(  190): <168327232.00> ########### [01;31m[Kxzl[m[K finishDispatchCycle: 3.36ms since event, 2.81ms since dispatch
D/SurfaceFlinger(  117): <168327232.00>  ----- [01;31m[Kxzl[m[K SurfaceFlinger::composeSurfaces compose done, prepare to swap fb ------
W/APP     ( 2409): [01;31m[Kxzl[m[K: ===> entering onDrawFrame: <168327240> 
W/APP     ( 2409): [01;31m[Kxzl[m[K: ===> done onDrawFrame: <168327240> 
W/GLSurfaceView( 2409): <168327241>  --- [01;31m[Kxzl[m[K --- AFTER GLSurfaceView DrawFrame
W/GLSurfaceView( 2409): <168327241>  --- [01;31m[Kxzl[m[K --- BEFORE GLSurfaceView swap frame
D/SurfaceTextureClient( 2409): <168327232.00> [01;31m[Kxzl[m[K SurfaceTextureClient::queueBuffer
D/SurfaceFlinger(  117): <168327232.00>  --- [01;31m[Kxzl[m[K Layer::onFrameQueued
W/APP     ( 2409): [01;31m[Kxzl[m[K: ===> ev hits user code: <168327245>  {168327242} since event: 3 ms
D/InputDispatcher(  190): <168327248.00> ########### [01;31m[Kxzl[m[K finishDispatchCycle: 4.06ms since event, 3.51ms since dispatch
D/SurfaceFlinger(  117): <168327248.00>  ----- [01;31m[Kxzl[m[K SurfaceFlinger::composeSurfaces() swap fb done  ------
W/GLSurfaceView( 2409): <168327246>  --- [01;31m[Kxzl[m[K --- AFTER GLSurfaceView swap frame
W/GLSurfaceView( 2409): <168327247>  --- [01;31m[Kxzl[m[K --- BEFORE GLSurfaceView DrawFrame
W/APP     ( 2409): [01;31m[Kxzl[m[K: ===> ev hits user code: <168327254>  {168327251} since event: 3 ms
D/InputDispatcher(  190): <168327248.00> ########### [01;31m[Kxzl[m[K finishDispatchCycle: 4.21ms since event, 3.66ms since dispatch
D/SurfaceFlinger(  117): <168327248.00>  ----- [01;31m[Kxzl[m[K SurfaceFlinger::composeSurfaces compose done, prepare to swap fb ------
W/APP     ( 2409): [01;31m[Kxzl[m[K: ===> entering onDrawFrame: <168327257> 
W/APP     ( 2409): [01;31m[Kxzl[m[K: ===> done onDrawFrame: <168327257> 
W/GLSurfaceView( 2409): <168327259>  --- [01;31m[Kxzl[m[K --- AFTER GLSurfaceView DrawFrame
W/GLSurfaceView( 2409): <168327260>  --- [01;31m[Kxzl[m[K --- BEFORE GLSurfaceView swap frame
D/SurfaceTextureClient( 2409): <168327264.00> [01;31m[Kxzl[m[K SurfaceTextureClient::queueBuffer
D/SurfaceFlinger(  117): <168327264.00>  --- [01;31m[Kxzl[m[K Layer::onFrameQueued
D/SurfaceFlinger(  117): <168327264.00>  ----- [01;31m[Kxzl[m[K SurfaceFlinger::composeSurfaces() swap fb done  ------
W/APP     ( 2409): [01;31m[Kxzl[m[K: ===> ev hits user code: <168327263>  {168327260} since event: 3 ms
D/InputDispatcher(  190): <168327264.00> ########### [01;31m[Kxzl[m[K finishDispatchCycle: 3.78ms since event, 3.23ms since dispatch
W/GLSurfaceView( 2409): <168327264>  --- [01;31m[Kxzl[m[K --- AFTER GLSurfaceView swap frame
W/GLSurfaceView( 2409): <168327265>  --- [01;31m[Kxzl[m[K --- BEFORE GLSurfaceView DrawFrame
D/SurfaceFlinger(  117): <168327264.00>  ----- [01;31m[Kxzl[m[K SurfaceFlinger::composeSurfaces compose done, prepare to swap fb ------
W/APP     ( 2409): [01;31m[Kxzl[m[K: ===> entering onDrawFrame: <168327276> 
W/APP     ( 2409): [01;31m[Kxzl[m[K: ===> done onDrawFrame: <168327276> 
W/GLSurfaceView( 2409): <168327277>  --- [01;31m[Kxzl[m[K --- AFTER GLSurfaceView DrawFrame
W/GLSurfaceView( 2409): <168327278>  --- [01;31m[Kxzl[m[K --- BEFORE GLSurfaceView swap frame
D/SurfaceTextureClient( 2409): <168327280.00> [01;31m[Kxzl[m[K SurfaceTextureClient::queueBuffer
D/SurfaceFlinger(  117): <168327280.00>  --- [01;31m[Kxzl[m[K Layer::onFrameQueued
D/SurfaceFlinger(  117): <168327280.00>  ----- [01;31m[Kxzl[m[K SurfaceFlinger::composeSurfaces() swap fb done  ------
W/GLSurfaceView( 2409): <168327280>  --- [01;31m[Kxzl[m[K --- AFTER GLSurfaceView swap frame
D/SurfaceFlinger(  117): <168327280.00>  ----- [01;31m[Kxzl[m[K SurfaceFlinger::composeSurfaces compose done, prepare to swap fb ------
D/SurfaceFlinger(  117): <168327296.00>  ----- [01;31m[Kxzl[m[K SurfaceFlinger::composeSurfaces() swap fb done  ------
I/SurfaceFlinger(  117): ------- [01;31m[Kxzl[m[K SurfaceFlinger::repaintEverything()
D/SurfaceFlinger(  117): <168327552.00>  ----- [01;31m[Kxzl[m[K SurfaceFlinger::composeSurfaces compose done, prepare to swap fb ------
D/SurfaceFlinger(  117): <168327552.00>  ----- [01;31m[Kxzl[m[K SurfaceFlinger::composeSurfaces() swap fb done  ------
